Stopping services and wiping volumes...

  cache:    DISABLED
  consumer: SLOW (0.05s/event)
  saga:     fast
  stream:   redis-stream :6379  (no memory limit)

Starting services...
time="2026-04-26T03:57:58+05:30" level=warning msg="/Users/akankshawattamwar/Desktop/CS315/CQRS/docker-compose.yml: the attribute `version` is obsolete, it will be ignored, please remove it to avoid potential confusion"
#1 [internal] load local bake definitions
#1 reading from stdin 1.05kB done
#1 DONE 0.0s

#2 [saga internal] load build definition from Dockerfile
#2 transferring dockerfile: 365B done
#2 DONE 0.0s

#3 [consumer internal] load build definition from Dockerfile
#3 transferring dockerfile: 186B done
#3 DONE 0.0s

#4 [consumer internal] load metadata for docker.io/library/python:3.12-slim
#4 DONE 1.3s

#5 [consumer internal] load .dockerignore
#5 transferring context: 2B done
#5 DONE 0.0s

#6 [saga internal] load .dockerignore
#6 transferring context: 2B done
#6 DONE 0.0s

#7 [consumer internal] load build context
#7 transferring context: 308B done
#7 DONE 0.0s

#8 [consumer 1/5] FROM docker.io/library/python:3.12-slim@sha256:46cb7cc2877e60fbd5e21a9ae6115c30ace7a077b9f8772da879e4590c18c2e3
#8 resolve docker.io/library/python:3.12-slim@sha256:46cb7cc2877e60fbd5e21a9ae6115c30ace7a077b9f8772da879e4590c18c2e3 0.0s done
#8 DONE 0.0s

#9 [saga 2/7] WORKDIR /service
#9 CACHED

#10 [consumer 2/5] WORKDIR /app
#10 CACHED

#11 [saga internal] load build context
#11 transferring context: 386B done
#11 DONE 0.0s

#12 [consumer 3/5] COPY requirements.txt .
#12 DONE 0.0s

#13 [saga 3/7] COPY saga/requirements.txt saga/
#13 DONE 0.0s

#14 [saga 4/7] RUN pip install --no-cache-dir -r saga/requirements.txt
#14 1.171 Collecting pymongo==4.7.2 (from -r saga/requirements.txt (line 1))
#14 1.261   Downloading pymongo-4.7.2-cp312-cp312-manylinux_2_17_aarch64.manylinux2014_aarch64.whl.metadata (22 kB)
#14 1.318 Collecting redis==5.0.5 (from -r saga/requirements.txt (line 2))
#14 1.336   Downloading redis-5.0.5-py3-none-any.whl.metadata (9.3 kB)
#14 1.389 Collecting psycopg2-binary==2.9.9 (from -r saga/requirements.txt (line 3))
#14 1.412   Downloading psycopg2_binary-2.9.9-cp312-cp312-manylinux_2_17_aarch64.manylinux2014_aarch64.whl.metadata (4.4 kB)
#14 1.436 Collecting dnspython<3.0.0,>=1.16.0 (from pymongo==4.7.2->-r saga/requirements.txt (line 1))
#14 1.453   Downloading dnspython-2.8.0-py3-none-any.whl.metadata (5.7 kB)
#14 1.475 Downloading pymongo-4.7.2-cp312-cp312-manylinux_2_17_aarch64.manylinux2014_aarch64.whl (688 kB)
#14 1.763    ━━━━━━━━━━━━━━━━━━━━━━━━━━━━━━━━━━━━━━━━ 689.0/689.0 kB 2.4 MB/s eta 0:00:00
#14 1.793 Downloading redis-5.0.5-py3-none-any.whl (251 kB)
#14 1.844 Downloading psycopg2_binary-2.9.9-cp312-cp312-manylinux_2_17_aarch64.manylinux2014_aarch64.whl (2.9 MB)
#14 2.266    ━━━━━━━━━━━━━━━━━━━━━━━━━━━━━━━━━━━━━━━━ 2.9/2.9 MB 6.6 MB/s eta 0:00:00
#14 2.298 Downloading dnspython-2.8.0-py3-none-any.whl (331 kB)
#14 2.361 Installing collected packages: redis, psycopg2-binary, dnspython, pymongo
#14 2.695 Successfully installed dnspython-2.8.0 psycopg2-binary-2.9.9 pymongo-4.7.2 redis-5.0.5
#14 2.696 WARNING: Running pip as the 'root' user can result in broken permissions and conflicting behaviour with the system package manager, possibly rendering your system unusable. It is recommended to use a virtual environment instead: https://pip.pypa.io/warnings/venv. Use the --root-user-action option if you know what you are doing and want to suppress this warning.
#14 2.826 
#14 2.826 [notice] A new release of pip is available: 25.0.1 -> 26.0.1
#14 2.826 [notice] To update, run: pip install --upgrade pip
#14 DONE 2.9s

#15 [saga 5/7] COPY write-api/events.py write-api/
#15 DONE 0.0s

#16 [consumer 4/5] RUN pip install --no-cache-dir -r requirements.txt
#16 1.213 Collecting pymongo==4.7.2 (from -r requirements.txt (line 1))
#16 1.288   Downloading pymongo-4.7.2-cp312-cp312-manylinux_2_17_aarch64.manylinux2014_aarch64.whl.metadata (22 kB)
#16 1.348 Collecting redis==5.0.5 (from -r requirements.txt (line 2))
#16 1.367   Downloading redis-5.0.5-py3-none-any.whl.metadata (9.3 kB)
#16 1.418 Collecting psycopg2-binary==2.9.9 (from -r requirements.txt (line 3))
#16 1.438   Downloading psycopg2_binary-2.9.9-cp312-cp312-manylinux_2_17_aarch64.manylinux2014_aarch64.whl.metadata (4.4 kB)
#16 1.461 Collecting dnspython<3.0.0,>=1.16.0 (from pymongo==4.7.2->-r requirements.txt (line 1))
#16 1.483   Downloading dnspython-2.8.0-py3-none-any.whl.metadata (5.7 kB)
#16 1.515 Downloading pymongo-4.7.2-cp312-cp312-manylinux_2_17_aarch64.manylinux2014_aarch64.whl (688 kB)
#16 1.826    ━━━━━━━━━━━━━━━━━━━━━━━━━━━━━━━━━━━━━━━━ 689.0/689.0 kB 2.5 MB/s eta 0:00:00
#16 1.850 Downloading redis-5.0.5-py3-none-any.whl (251 kB)
#16 1.930 Downloading psycopg2_binary-2.9.9-cp312-cp312-manylinux_2_17_aarch64.manylinux2014_aarch64.whl (2.9 MB)
#16 2.523    ━━━━━━━━━━━━━━━━━━━━━━━━━━━━━━━━━━━━━━━━ 2.9/2.9 MB 4.9 MB/s eta 0:00:00
#16 2.542 Downloading dnspython-2.8.0-py3-none-any.whl (331 kB)
#16 2.597 Installing collected packages: redis, psycopg2-binary, dnspython, pymongo
#16 2.932 Successfully installed dnspython-2.8.0 psycopg2-binary-2.9.9 pymongo-4.7.2 redis-5.0.5
#16 2.932 WARNING: Running pip as the 'root' user can result in broken permissions and conflicting behaviour with the system package manager, possibly rendering your system unusable. It is recommended to use a virtual environment instead: https://pip.pypa.io/warnings/venv. Use the --root-user-action option if you know what you are doing and want to suppress this warning.
#16 ...

#17 [saga 6/7] COPY saga/ saga/
#17 DONE 0.0s

#18 [saga 7/7] WORKDIR /service/saga
#18 DONE 0.0s

#19 [saga] exporting to image
#19 exporting layers
#19 ...

#16 [consumer 4/5] RUN pip install --no-cache-dir -r requirements.txt
#16 3.372 
#16 3.372 [notice] A new release of pip is available: 25.0.1 -> 26.0.1
#16 3.372 [notice] To update, run: pip install --upgrade pip
#16 DONE 3.4s

#20 [consumer 5/5] COPY . .
#20 DONE 0.0s

#19 [saga] exporting to image
#19 exporting layers 0.5s done
#19 exporting manifest sha256:1dab091949e4b5f4df446ef1f6a725281fd910a7d908f9ba4e1feb0587c3ddb8 done
#19 exporting config sha256:cd44ec5c84ddc8a5260ef5b5462e2d06ae3cdeb385821dcc3e3fe8fd2263b144 done
#19 exporting attestation manifest sha256:1eb214c0ab2f0df591be01ae37adff446c79fc15a398ed328880333f8cc3d6f5 done
#19 exporting manifest list sha256:dd88543635ba4b050c13aa807f70b11faf33da005fe44606efd6259a1fa8b323 done
#19 naming to docker.io/library/cqrs-saga:latest done
#19 unpacking to docker.io/library/cqrs-saga:latest 0.1s done
#19 DONE 0.7s

#21 [saga] resolving provenance for metadata file
#21 DONE 0.0s

#22 [consumer] exporting to image
#22 exporting layers 0.6s done
#22 exporting manifest sha256:89f35c9add851d3bda31cff0991c1cd25dec5d8417aff19204021e6a0b99c8c1
#22 exporting manifest sha256:89f35c9add851d3bda31cff0991c1cd25dec5d8417aff19204021e6a0b99c8c1 done
#22 exporting config sha256:4705c9c1c58d76bae813fa8c0c96b7a6a812771254de6f705c449f037c2ac410 done
#22 exporting attestation manifest sha256:520563dd07e1498835d5d954811f795f9a9c02788a32b2f49147161ff8b200a5 done
#22 exporting manifest list sha256:ea12ec0468233537ec3727b1715d31600e6c027be549bb9882710edd6b276df0 done
#22 naming to docker.io/library/cqrs-consumer:latest done
#22 unpacking to docker.io/library/cqrs-consumer:latest 0.1s done
#22 DONE 0.7s

#23 [consumer] resolving provenance for metadata file
#23 DONE 0.0s
 cqrs-consumer  Built
 cqrs-saga  Built
time="2026-04-26T03:58:04+05:30" level=warning msg="/Users/akankshawattamwar/Desktop/CS315/CQRS/docker-compose.yml: the attribute `version` is obsolete, it will be ignored, please remove it to avoid potential confusion"
#1 [internal] load local bake definitions
#1 reading from stdin 2.42kB done
#1 DONE 0.0s

#2 [consumer internal] load build definition from Dockerfile
#2 transferring dockerfile: 186B done
#2 DONE 0.0s

#3 [saga internal] load build definition from Dockerfile
#3 transferring dockerfile: 365B done
#3 DONE 0.0s

#4 [write-api internal] load build definition from Dockerfile
#4 transferring dockerfile: 225B done
#4 DONE 0.0s

#5 [frontend internal] load build definition from Dockerfile
#5 transferring dockerfile: 271B done
#5 DONE 0.0s

#6 [read-api internal] load build definition from Dockerfile
#6 transferring dockerfile: 225B done
#6 DONE 0.0s

#7 [read-api internal] load metadata for docker.io/library/python:3.12-slim
#7 DONE 0.4s

#8 [write-api internal] load .dockerignore
#8 transferring context: 2B done
#8 DONE 0.0s

#9 [saga internal] load .dockerignore
#9 transferring context: 2B done
#9 DONE 0.0s

#10 [read-api internal] load .dockerignore
#10 transferring context: 2B done
#10 DONE 0.0s

#11 [consumer internal] load .dockerignore
#11 transferring context: 2B done
#11 DONE 0.0s

#12 [write-api internal] load build context
#12 transferring context: 341B done
#12 DONE 0.0s

#13 [read-api internal] load build context
#13 transferring context: 258B done
#13 DONE 0.0s

#14 [consumer internal] load build context
#14 transferring context: 308B done
#14 DONE 0.0s

#15 [consumer 1/5] FROM docker.io/library/python:3.12-slim@sha256:46cb7cc2877e60fbd5e21a9ae6115c30ace7a077b9f8772da879e4590c18c2e3
#15 resolve docker.io/library/python:3.12-slim@sha256:46cb7cc2877e60fbd5e21a9ae6115c30ace7a077b9f8772da879e4590c18c2e3 0.0s done
#15 DONE 0.0s

#16 [saga internal] load build context
#16 transferring context: 386B done
#16 DONE 0.0s

#17 [write-api 3/5] COPY requirements.txt .
#17 CACHED

#18 [write-api 4/5] RUN pip install --no-cache-dir -r requirements.txt
#18 CACHED

#19 [write-api 5/5] COPY . .
#19 CACHED

#20 [consumer 3/5] COPY requirements.txt .
#20 CACHED

#21 [consumer 4/5] RUN pip install --no-cache-dir -r requirements.txt
#21 CACHED

#22 [read-api 4/5] RUN pip install --no-cache-dir -r requirements.txt
#22 CACHED

#23 [read-api 3/5] COPY requirements.txt .
#23 CACHED

#24 [read-api 2/5] WORKDIR /app
#24 CACHED

#25 [consumer 5/5] COPY . .
#25 CACHED

#26 [read-api 5/5] COPY . .
#26 CACHED

#27 [write-api] exporting to image
#27 exporting layers done
#27 exporting manifest sha256:92a21a99b40b6531c5801222236f42d6aa7bbf8b65d7634fc566f9392602e764 done
#27 exporting config sha256:be9fb26fa271ebf0c525960e70f2e967c21bf78a1eb2b7a7dc06e6d3ff4d3f55 done
#27 exporting attestation manifest sha256:fbbcf5663887ed6700ab96acbea71fc17d1b3cfadaa383d4a0a859f68701dee7 done
#27 exporting manifest list sha256:d07991be488a31873285055e17f72593d0c724380eb57bfa13387525dbfb8220 done
#27 naming to docker.io/library/cqrs-write-api:latest
#27 naming to docker.io/library/cqrs-write-api:latest done
#27 unpacking to docker.io/library/cqrs-write-api:latest done
#27 DONE 0.0s

#28 [consumer] exporting to image
#28 exporting layers done
#28 exporting manifest sha256:89f35c9add851d3bda31cff0991c1cd25dec5d8417aff19204021e6a0b99c8c1 done
#28 exporting config sha256:4705c9c1c58d76bae813fa8c0c96b7a6a812771254de6f705c449f037c2ac410 done
#28 exporting attestation manifest sha256:8e9b3f20f5e76cb098613001b15a04003efa9e8fa0eeb0038d2b35fc4b4f0d29 0.0s done
#28 exporting manifest list sha256:327b5f784397837bc10d73efce6855bd5e5f952536d77758fa15e7996c0c2389 done
#28 naming to docker.io/library/cqrs-consumer:latest done
#28 unpacking to docker.io/library/cqrs-consumer:latest done
#28 DONE 0.1s

#29 [write-api] resolving provenance for metadata file
#29 DONE 0.0s

#30 [read-api] exporting to image
#30 exporting layers done
#30 exporting manifest sha256:c63ee61fb06e4bd063e843362129b868354c2f94e2566ad3c11bbd0548881470 done
#30 exporting config sha256:46bb870cf8127e2823c379c44ac9a3c0d6ee66fd1b3343341206f22ff23f7f62 done
#30 exporting attestation manifest sha256:2bee22cf3d55eb99dab30400c86b930ea7f7e3598ac60fbfded8222720094ed8 0.0s done
#30 exporting manifest list sha256:b454307e7ebaf6ce3fe3c84f8c6d538f06a843725b2e2e7fe1fa3ff8ba445a0a done
#30 naming to docker.io/library/cqrs-read-api:latest done
#30 unpacking to docker.io/library/cqrs-read-api:latest done
#30 DONE 0.1s

#31 [read-api] resolving provenance for metadata file
#31 DONE 0.0s

#32 [saga 6/7] COPY saga/ saga/
#32 CACHED

#33 [saga 2/7] WORKDIR /service
#33 CACHED

#34 [saga 5/7] COPY write-api/events.py write-api/
#34 CACHED

#35 [saga 4/7] RUN pip install --no-cache-dir -r saga/requirements.txt
#35 CACHED

#36 [saga 3/7] COPY saga/requirements.txt saga/
#36 CACHED

#37 [saga 7/7] WORKDIR /service/saga
#37 CACHED

#38 [consumer] resolving provenance for metadata file
#38 DONE 0.0s

#39 [saga] exporting to image
#39 exporting layers done
#39 exporting manifest sha256:1dab091949e4b5f4df446ef1f6a725281fd910a7d908f9ba4e1feb0587c3ddb8 done
#39 exporting config sha256:cd44ec5c84ddc8a5260ef5b5462e2d06ae3cdeb385821dcc3e3fe8fd2263b144 done
#39 exporting attestation manifest sha256:1fd535b6a36133b9642f6ac3a7d21901219da89dbe0e74862e8180514224ea38 done
#39 exporting manifest list sha256:cadc67890cd05360fa37ba39e354a6e1eb9563dd841d1c631a3308a5ef92f2b8 done
#39 naming to docker.io/library/cqrs-saga:latest done
#39 unpacking to docker.io/library/cqrs-saga:latest done
#39 DONE 0.0s

#40 [saga] resolving provenance for metadata file
#40 DONE 0.0s

#41 [frontend internal] load metadata for docker.io/library/node:20-alpine
#41 ...

#42 [frontend internal] load metadata for docker.io/library/nginx:alpine
#42 DONE 1.3s

#41 [frontend internal] load metadata for docker.io/library/node:20-alpine
#41 DONE 1.6s

#43 [frontend internal] load .dockerignore
#43 transferring context: 2B done
#43 DONE 0.0s

#44 [frontend stage-1 1/3] FROM docker.io/library/nginx:alpine@sha256:5616878291a2eed594aee8db4dade5878cf7edcb475e59193904b198d9b830de
#44 resolve docker.io/library/nginx:alpine@sha256:5616878291a2eed594aee8db4dade5878cf7edcb475e59193904b198d9b830de 0.0s done
#44 DONE 0.0s

#45 [frontend build 1/6] FROM docker.io/library/node:20-alpine@sha256:fb4cd12c85ee03686f6af5362a0b0d56d50c58a04632e6c0fb8363f609372293
#45 resolve docker.io/library/node:20-alpine@sha256:fb4cd12c85ee03686f6af5362a0b0d56d50c58a04632e6c0fb8363f609372293 0.0s done
#45 DONE 0.0s

#46 [frontend internal] load build context
#46 transferring context: 185.58kB 0.1s done
#46 DONE 0.1s

#47 [frontend build 2/6] WORKDIR /app
#47 CACHED

#48 [frontend build 6/6] RUN npm run build
#48 CACHED

#49 [frontend build 3/6] COPY package.json ./
#49 CACHED

#50 [frontend build 4/6] RUN npm install
#50 CACHED

#51 [frontend build 5/6] COPY . .
#51 CACHED

#52 [frontend stage-1 2/3] COPY --from=build /app/dist /usr/share/nginx/html
#52 CACHED

#53 [frontend stage-1 3/3] COPY nginx.conf /etc/nginx/conf.d/default.conf
#53 CACHED

#54 [frontend] exporting to image
#54 exporting layers done
#54 exporting manifest sha256:32782dd8e2053c61118ccbb621867087941de406675097f92803716fedafab00 done
#54 exporting config sha256:64d46ad231b32d64275256ac207db88e0b5dd078678dcdc752d464f80305d609 done
#54 exporting attestation manifest sha256:5206c6b0858200b07541ca4f05529bb8025c961cc3424f5a752b70ec12310816 done
#54 exporting manifest list sha256:013ba19c21e3988435ae8bb70e9fc2152c9a0997a9672a8b4efa5fbcc3b7fb57 done
#54 naming to docker.io/library/cqrs-frontend:latest done
#54 unpacking to docker.io/library/cqrs-frontend:latest done
#54 DONE 0.0s

#55 [frontend] resolving provenance for metadata file
#55 DONE 0.0s
 cqrs-consumer  Built
 cqrs-saga  Built
 cqrs-write-api  Built
 cqrs-read-api  Built
 cqrs-frontend  Built
 Network cqrs_default  Creating
 Network cqrs_default  Created
 Volume "cqrs_mongo_data"  Creating
 Volume "cqrs_mongo_data"  Created
 Volume "cqrs_postgres_data"  Creating
 Volume "cqrs_postgres_data"  Created
 Container cqrs-postgres-1  Creating
 Container cqrs-redis-stream-1  Creating
 Container cqrs-mongodb-1  Creating
 Container cqrs-redis-cache-1  Creating
 Container cqrs-mongodb-1  Created
 Container cqrs-redis-stream-1  Created
 Container cqrs-redis-cache-1  Created
 Container cqrs-write-api-1  Creating
 Container cqrs-postgres-1  Created
 Container cqrs-saga-1  Creating
 Container cqrs-read-api-1  Creating
 Container cqrs-consumer-1  Creating
 Container cqrs-read-api-1  Created
 Container cqrs-frontend-1  Creating
 Container cqrs-write-api-1  Created
 Container cqrs-consumer-1  Created
 Container cqrs-saga-1  Created
 Container cqrs-frontend-1  Created
 Container cqrs-redis-stream-1  Starting
 Container cqrs-redis-cache-1  Starting
 Container cqrs-postgres-1  Starting
 Container cqrs-mongodb-1  Starting
 Container cqrs-redis-stream-1  Started
 Container cqrs-mongodb-1  Started
 Container cqrs-redis-cache-1  Started
 Container cqrs-redis-cache-1  Waiting
 Container cqrs-mongodb-1  Waiting
 Container cqrs-redis-stream-1  Waiting
 Container cqrs-postgres-1  Started
 Container cqrs-postgres-1  Waiting
 Container cqrs-mongodb-1  Waiting
 Container cqrs-redis-stream-1  Waiting
 Container cqrs-redis-cache-1  Waiting
 Container cqrs-postgres-1  Waiting
 Container cqrs-postgres-1  Waiting
 Container cqrs-mongodb-1  Waiting
 Container cqrs-redis-stream-1  Waiting
 Container cqrs-redis-stream-1  Healthy
 Container cqrs-redis-stream-1  Healthy
 Container cqrs-redis-stream-1  Healthy
 Container cqrs-redis-cache-1  Healthy
 Container cqrs-postgres-1  Healthy
 Container cqrs-redis-cache-1  Healthy
 Container cqrs-postgres-1  Healthy
 Container cqrs-postgres-1  Healthy
 Container cqrs-read-api-1  Starting
 Container cqrs-read-api-1  Started
 Container cqrs-frontend-1  Starting
 Container cqrs-frontend-1  Started
 Container cqrs-mongodb-1  Healthy
 Container cqrs-write-api-1  Starting
 Container cqrs-mongodb-1  Healthy
 Container cqrs-mongodb-1  Healthy
 Container cqrs-consumer-1  Starting
 Container cqrs-saga-1  Starting
 Container cqrs-write-api-1  Started
 Container cqrs-consumer-1  Started
 Container cqrs-saga-1  Started
Waiting for APIs to be ready...
Clearing MongoDB events and sagas...
time="2026-04-26T03:58:19+05:30" level=warning msg="/Users/akankshawattamwar/Desktop/CS315/CQRS/docker-compose.yml: the attribute `version` is obsolete, it will be ignored, please remove it to avoid potential confusion"
MongoDB cleared
All services up.
Logs: docker compose logs -f [write-api|read-api|consumer|saga]

[1m=======================================================[0m
[1m  EVENTUAL CONSISTENCY DEMO — 200 orders[0m
[1m=======================================================[0m

  Write path:  Write API → MongoDB → Redis Stream
  Read path:   Consumer → PostgreSQL ← Read API
  Cache:       DISABLED (DISABLE_CACHE set)

[96mOrder 1/200:[0m
  [     11ms]  [91mstale[0m    (poll #1)  order=a242e8ff
  [     69ms]  [92mVISIBLE[0m  (poll #2, X-Cache: MISS)  order=a242e8ff

[96mOrder 2/200:[0m
  [      3ms]  [91mstale[0m    (poll #1)  order=5a49dcd5
  [     63ms]  [91mstale[0m    (poll #2)  order=5a49dcd5
  [    125ms]  [91mstale[0m    (poll #3)  order=5a49dcd5
  [    189ms]  [91mstale[0m    (poll #4)  order=5a49dcd5
  [    260ms]  [92mVISIBLE[0m  (poll #5, X-Cache: MISS)  order=5a49dcd5

[96mOrder 3/200:[0m
  [      8ms]  [91mstale[0m    (poll #1)  order=a4942706
  [     71ms]  [91mstale[0m    (poll #2)  order=a4942706
  [    134ms]  [91mstale[0m    (poll #3)  order=a4942706
  [    200ms]  [92mVISIBLE[0m  (poll #4, X-Cache: MISS)  order=a4942706

[96mOrder 4/200:[0m
  [      8ms]  [91mstale[0m    (poll #1)  order=3a87f0e4
  [     73ms]  [91mstale[0m    (poll #2)  order=3a87f0e4
  [    139ms]  [91mstale[0m    (poll #3)  order=3a87f0e4
  [    199ms]  [91mstale[0m    (poll #4)  order=3a87f0e4
  [    258ms]  [92mVISIBLE[0m  (poll #5, X-Cache: MISS)  order=3a87f0e4

[96mOrder 5/200:[0m
  [      5ms]  [91mstale[0m    (poll #1)  order=542f746d
  [     67ms]  [91mstale[0m    (poll #2)  order=542f746d
  [    127ms]  [91mstale[0m    (poll #3)  order=542f746d
  [    194ms]  [91mstale[0m    (poll #4)  order=542f746d
  [    263ms]  [92mVISIBLE[0m  (poll #5, X-Cache: MISS)  order=542f746d

[96mOrder 6/200:[0m
  [      7ms]  [91mstale[0m    (poll #1)  order=71733261
  [     70ms]  [91mstale[0m    (poll #2)  order=71733261
  [    130ms]  [91mstale[0m    (poll #3)  order=71733261
  [    197ms]  [91mstale[0m    (poll #4)  order=71733261
  [    264ms]  [92mVISIBLE[0m  (poll #5, X-Cache: MISS)  order=71733261

[96mOrder 7/200:[0m
  [      7ms]  [91mstale[0m    (poll #1)  order=b1aae0aa
  [     69ms]  [91mstale[0m    (poll #2)  order=b1aae0aa
  [    133ms]  [91mstale[0m    (poll #3)  order=b1aae0aa
  [    203ms]  [91mstale[0m    (poll #4)  order=b1aae0aa
  [    276ms]  [92mVISIBLE[0m  (poll #5, X-Cache: MISS)  order=b1aae0aa

[96mOrder 8/200:[0m
  [      8ms]  [91mstale[0m    (poll #1)  order=3106c8e6
  [     69ms]  [91mstale[0m    (poll #2)  order=3106c8e6
  [    137ms]  [91mstale[0m    (poll #3)  order=3106c8e6
  [    204ms]  [92mVISIBLE[0m  (poll #4, X-Cache: MISS)  order=3106c8e6

[96mOrder 9/200:[0m
  [      7ms]  [91mstale[0m    (poll #1)  order=f5d87bc0
  [     66ms]  [91mstale[0m    (poll #2)  order=f5d87bc0
  [    132ms]  [91mstale[0m    (poll #3)  order=f5d87bc0
  [    200ms]  [91mstale[0m    (poll #4)  order=f5d87bc0
  [    270ms]  [92mVISIBLE[0m  (poll #5, X-Cache: MISS)  order=f5d87bc0

[96mOrder 10/200:[0m
  [      8ms]  [91mstale[0m    (poll #1)  order=6a7bdeb7
  [     73ms]  [91mstale[0m    (poll #2)  order=6a7bdeb7
  [    140ms]  [91mstale[0m    (poll #3)  order=6a7bdeb7
  [    207ms]  [92mVISIBLE[0m  (poll #4, X-Cache: MISS)  order=6a7bdeb7

[96mOrder 11/200:[0m
  [      8ms]  [91mstale[0m    (poll #1)  order=30deb6f7
  [     72ms]  [91mstale[0m    (poll #2)  order=30deb6f7
  [    136ms]  [91mstale[0m    (poll #3)  order=30deb6f7
  [    200ms]  [91mstale[0m    (poll #4)  order=30deb6f7
  [    270ms]  [92mVISIBLE[0m  (poll #5, X-Cache: MISS)  order=30deb6f7

[96mOrder 12/200:[0m
  [      8ms]  [91mstale[0m    (poll #1)  order=178e31e9
  [     72ms]  [91mstale[0m    (poll #2)  order=178e31e9
  [    134ms]  [91mstale[0m    (poll #3)  order=178e31e9
  [    197ms]  [91mstale[0m    (poll #4)  order=178e31e9
  [    260ms]  [92mVISIBLE[0m  (poll #5, X-Cache: MISS)  order=178e31e9

[96mOrder 13/200:[0m
  [      4ms]  [91mstale[0m    (poll #1)  order=fb4b0443
  [     64ms]  [91mstale[0m    (poll #2)  order=fb4b0443
  [    127ms]  [91mstale[0m    (poll #3)  order=fb4b0443
  [    189ms]  [92mVISIBLE[0m  (poll #4, X-Cache: MISS)  order=fb4b0443

[96mOrder 14/200:[0m
  [      6ms]  [91mstale[0m    (poll #1)  order=c14672cc
  [     68ms]  [91mstale[0m    (poll #2)  order=c14672cc
  [    131ms]  [91mstale[0m    (poll #3)  order=c14672cc
  [    196ms]  [91mstale[0m    (poll #4)  order=c14672cc
  [    269ms]  [92mVISIBLE[0m  (poll #5, X-Cache: MISS)  order=c14672cc

[96mOrder 15/200:[0m
  [      9ms]  [91mstale[0m    (poll #1)  order=e5cf396e
  [     70ms]  [91mstale[0m    (poll #2)  order=e5cf396e
  [    131ms]  [91mstale[0m    (poll #3)  order=e5cf396e
  [    200ms]  [91mstale[0m    (poll #4)  order=e5cf396e
  [    266ms]  [92mVISIBLE[0m  (poll #5, X-Cache: MISS)  order=e5cf396e

[96mOrder 16/200:[0m
  [      7ms]  [91mstale[0m    (poll #1)  order=806c1d70
  [     69ms]  [91mstale[0m    (poll #2)  order=806c1d70
  [    129ms]  [91mstale[0m    (poll #3)  order=806c1d70
  [    196ms]  [92mVISIBLE[0m  (poll #4, X-Cache: MISS)  order=806c1d70

[96mOrder 17/200:[0m
  [      6ms]  [91mstale[0m    (poll #1)  order=78193e2a
  [     69ms]  [91mstale[0m    (poll #2)  order=78193e2a
  [    131ms]  [91mstale[0m    (poll #3)  order=78193e2a
  [    196ms]  [91mstale[0m    (poll #4)  order=78193e2a
  [    261ms]  [92mVISIBLE[0m  (poll #5, X-Cache: MISS)  order=78193e2a

[96mOrder 18/200:[0m
  [      9ms]  [91mstale[0m    (poll #1)  order=3b4b6a40
  [     72ms]  [91mstale[0m    (poll #2)  order=3b4b6a40
  [    138ms]  [91mstale[0m    (poll #3)  order=3b4b6a40
  [    206ms]  [91mstale[0m    (poll #4)  order=3b4b6a40
  [    275ms]  [92mVISIBLE[0m  (poll #5, X-Cache: MISS)  order=3b4b6a40

[96mOrder 19/200:[0m
  [      7ms]  [91mstale[0m    (poll #1)  order=2d788812
  [     69ms]  [91mstale[0m    (poll #2)  order=2d788812
  [    133ms]  [91mstale[0m    (poll #3)  order=2d788812
  [    202ms]  [91mstale[0m    (poll #4)  order=2d788812
  [    269ms]  [92mVISIBLE[0m  (poll #5, X-Cache: MISS)  order=2d788812

[96mOrder 20/200:[0m
  [      7ms]  [91mstale[0m    (poll #1)  order=be900eca
  [     71ms]  [91mstale[0m    (poll #2)  order=be900eca
  [    136ms]  [91mstale[0m    (poll #3)  order=be900eca
  [    205ms]  [92mVISIBLE[0m  (poll #4, X-Cache: MISS)  order=be900eca

[96mOrder 21/200:[0m
  [      8ms]  [91mstale[0m    (poll #1)  order=9cb7a232
  [     72ms]  [91mstale[0m    (poll #2)  order=9cb7a232
  [    136ms]  [91mstale[0m    (poll #3)  order=9cb7a232
  [    204ms]  [91mstale[0m    (poll #4)  order=9cb7a232
  [    274ms]  [92mVISIBLE[0m  (poll #5, X-Cache: MISS)  order=9cb7a232

[96mOrder 22/200:[0m
  [      9ms]  [91mstale[0m    (poll #1)  order=3513eb5e
  [     76ms]  [91mstale[0m    (poll #2)  order=3513eb5e
  [    142ms]  [91mstale[0m    (poll #3)  order=3513eb5e
  [    213ms]  [91mstale[0m    (poll #4)  order=3513eb5e
  [    286ms]  [92mVISIBLE[0m  (poll #5, X-Cache: MISS)  order=3513eb5e

[96mOrder 23/200:[0m
  [      8ms]  [91mstale[0m    (poll #1)  order=c60d8fc8
  [     72ms]  [91mstale[0m    (poll #2)  order=c60d8fc8
  [    134ms]  [92mVISIBLE[0m  (poll #3, X-Cache: MISS)  order=c60d8fc8

[96mOrder 24/200:[0m
  [      6ms]  [91mstale[0m    (poll #1)  order=dd94efac
  [     65ms]  [91mstale[0m    (poll #2)  order=dd94efac
  [    129ms]  [91mstale[0m    (poll #3)  order=dd94efac
  [    196ms]  [92mVISIBLE[0m  (poll #4, X-Cache: MISS)  order=dd94efac

[96mOrder 25/200:[0m
  [      9ms]  [91mstale[0m    (poll #1)  order=17c08b82
  [     75ms]  [91mstale[0m    (poll #2)  order=17c08b82
  [    138ms]  [91mstale[0m    (poll #3)  order=17c08b82
  [    203ms]  [91mstale[0m    (poll #4)  order=17c08b82
  [    273ms]  [92mVISIBLE[0m  (poll #5, X-Cache: MISS)  order=17c08b82

[96mOrder 26/200:[0m
  [      8ms]  [91mstale[0m    (poll #1)  order=6abd9c4c
  [     72ms]  [91mstale[0m    (poll #2)  order=6abd9c4c
  [    133ms]  [91mstale[0m    (poll #3)  order=6abd9c4c
  [    200ms]  [91mstale[0m    (poll #4)  order=6abd9c4c
  [    266ms]  [92mVISIBLE[0m  (poll #5, X-Cache: MISS)  order=6abd9c4c

[96mOrder 27/200:[0m
  [      8ms]  [91mstale[0m    (poll #1)  order=c7cf0509
  [     71ms]  [91mstale[0m    (poll #2)  order=c7cf0509
  [    138ms]  [91mstale[0m    (poll #3)  order=c7cf0509
  [    199ms]  [91mstale[0m    (poll #4)  order=c7cf0509
  [    261ms]  [92mVISIBLE[0m  (poll #5, X-Cache: MISS)  order=c7cf0509

[96mOrder 28/200:[0m
  [      5ms]  [91mstale[0m    (poll #1)  order=c7d0770f
  [     67ms]  [91mstale[0m    (poll #2)  order=c7d0770f
  [    126ms]  [91mstale[0m    (poll #3)  order=c7d0770f
  [    190ms]  [91mstale[0m    (poll #4)  order=c7d0770f
  [    257ms]  [92mVISIBLE[0m  (poll #5, X-Cache: MISS)  order=c7d0770f

[96mOrder 29/200:[0m
  [      9ms]  [91mstale[0m    (poll #1)  order=1faf51b1
  [     70ms]  [91mstale[0m    (poll #2)  order=1faf51b1
  [    138ms]  [91mstale[0m    (poll #3)  order=1faf51b1
  [    202ms]  [91mstale[0m    (poll #4)  order=1faf51b1
  [    267ms]  [92mVISIBLE[0m  (poll #5, X-Cache: MISS)  order=1faf51b1

[96mOrder 30/200:[0m
  [      4ms]  [91mstale[0m    (poll #1)  order=059560b1
  [     64ms]  [91mstale[0m    (poll #2)  order=059560b1
  [    126ms]  [91mstale[0m    (poll #3)  order=059560b1
  [    190ms]  [91mstale[0m    (poll #4)  order=059560b1
  [    257ms]  [92mVISIBLE[0m  (poll #5, X-Cache: MISS)  order=059560b1

[96mOrder 31/200:[0m
  [      7ms]  [91mstale[0m    (poll #1)  order=d6f7269c
  [     70ms]  [91mstale[0m    (poll #2)  order=d6f7269c
  [    135ms]  [91mstale[0m    (poll #3)  order=d6f7269c
  [    202ms]  [91mstale[0m    (poll #4)  order=d6f7269c
  [    272ms]  [92mVISIBLE[0m  (poll #5, X-Cache: MISS)  order=d6f7269c

[96mOrder 32/200:[0m
  [      4ms]  [91mstale[0m    (poll #1)  order=e6502348
  [     62ms]  [91mstale[0m    (poll #2)  order=e6502348
  [    124ms]  [91mstale[0m    (poll #3)  order=e6502348
  [    186ms]  [91mstale[0m    (poll #4)  order=e6502348
  [    265ms]  [92mVISIBLE[0m  (poll #5, X-Cache: MISS)  order=e6502348

[96mOrder 33/200:[0m
  [      4ms]  [91mstale[0m    (poll #1)  order=c79b2326
  [     63ms]  [91mstale[0m    (poll #2)  order=c79b2326
  [    123ms]  [91mstale[0m    (poll #3)  order=c79b2326
  [    185ms]  [91mstale[0m    (poll #4)  order=c79b2326
  [    245ms]  [92mVISIBLE[0m  (poll #5, X-Cache: MISS)  order=c79b2326

[96mOrder 34/200:[0m
  [      4ms]  [91mstale[0m    (poll #1)  order=4e830c96
  [     63ms]  [91mstale[0m    (poll #2)  order=4e830c96
  [    126ms]  [91mstale[0m    (poll #3)  order=4e830c96
  [    190ms]  [91mstale[0m    (poll #4)  order=4e830c96
  [    253ms]  [92mVISIBLE[0m  (poll #5, X-Cache: MISS)  order=4e830c96

[96mOrder 35/200:[0m
  [      6ms]  [91mstale[0m    (poll #1)  order=1d24228e
  [     68ms]  [91mstale[0m    (poll #2)  order=1d24228e
  [    133ms]  [91mstale[0m    (poll #3)  order=1d24228e
  [    201ms]  [92mVISIBLE[0m  (poll #4, X-Cache: MISS)  order=1d24228e

[96mOrder 36/200:[0m
  [      8ms]  [91mstale[0m    (poll #1)  order=5fadcc57
  [     69ms]  [91mstale[0m    (poll #2)  order=5fadcc57
  [    136ms]  [91mstale[0m    (poll #3)  order=5fadcc57
  [    197ms]  [91mstale[0m    (poll #4)  order=5fadcc57
  [    260ms]  [92mVISIBLE[0m  (poll #5, X-Cache: MISS)  order=5fadcc57

[96mOrder 37/200:[0m
  [      6ms]  [91mstale[0m    (poll #1)  order=95c4f20c
  [     68ms]  [91mstale[0m    (poll #2)  order=95c4f20c
  [    131ms]  [91mstale[0m    (poll #3)  order=95c4f20c
  [    200ms]  [91mstale[0m    (poll #4)  order=95c4f20c
  [    267ms]  [92mVISIBLE[0m  (poll #5, X-Cache: MISS)  order=95c4f20c

[96mOrder 38/200:[0m
  [      9ms]  [91mstale[0m    (poll #1)  order=dd70ff1a
  [     72ms]  [91mstale[0m    (poll #2)  order=dd70ff1a
  [    138ms]  [91mstale[0m    (poll #3)  order=dd70ff1a
  [    206ms]  [91mstale[0m    (poll #4)  order=dd70ff1a
  [    271ms]  [92mVISIBLE[0m  (poll #5, X-Cache: MISS)  order=dd70ff1a

[96mOrder 39/200:[0m
  [      5ms]  [91mstale[0m    (poll #1)  order=7fe8a1c4
  [     64ms]  [91mstale[0m    (poll #2)  order=7fe8a1c4
  [    129ms]  [91mstale[0m    (poll #3)  order=7fe8a1c4
  [    200ms]  [91mstale[0m    (poll #4)  order=7fe8a1c4
  [    272ms]  [92mVISIBLE[0m  (poll #5, X-Cache: MISS)  order=7fe8a1c4

[96mOrder 40/200:[0m
  [      9ms]  [91mstale[0m    (poll #1)  order=cba198d6
  [     76ms]  [91mstale[0m    (poll #2)  order=cba198d6
  [    137ms]  [91mstale[0m    (poll #3)  order=cba198d6
  [    206ms]  [92mVISIBLE[0m  (poll #4, X-Cache: MISS)  order=cba198d6

[96mOrder 41/200:[0m
  [      7ms]  [91mstale[0m    (poll #1)  order=a2c327af
  [     71ms]  [91mstale[0m    (poll #2)  order=a2c327af
  [    133ms]  [91mstale[0m    (poll #3)  order=a2c327af
  [    203ms]  [92mVISIBLE[0m  (poll #4, X-Cache: MISS)  order=a2c327af

[96mOrder 42/200:[0m
  [      5ms]  [91mstale[0m    (poll #1)  order=fef74015
  [     66ms]  [91mstale[0m    (poll #2)  order=fef74015
  [    133ms]  [91mstale[0m    (poll #3)  order=fef74015
  [    195ms]  [91mstale[0m    (poll #4)  order=fef74015
  [    260ms]  [92mVISIBLE[0m  (poll #5, X-Cache: MISS)  order=fef74015

[96mOrder 43/200:[0m
  [      3ms]  [91mstale[0m    (poll #1)  order=836eec24
  [     62ms]  [91mstale[0m    (poll #2)  order=836eec24
  [    124ms]  [91mstale[0m    (poll #3)  order=836eec24
  [    189ms]  [91mstale[0m    (poll #4)  order=836eec24
  [    256ms]  [92mVISIBLE[0m  (poll #5, X-Cache: MISS)  order=836eec24

[96mOrder 44/200:[0m
  [      7ms]  [91mstale[0m    (poll #1)  order=72fb6a70
  [     73ms]  [91mstale[0m    (poll #2)  order=72fb6a70
  [    135ms]  [91mstale[0m    (poll #3)  order=72fb6a70
  [    198ms]  [92mVISIBLE[0m  (poll #4, X-Cache: MISS)  order=72fb6a70

[96mOrder 45/200:[0m
  [      6ms]  [91mstale[0m    (poll #1)  order=e9af93b6
  [     68ms]  [91mstale[0m    (poll #2)  order=e9af93b6
  [    131ms]  [91mstale[0m    (poll #3)  order=e9af93b6
  [    197ms]  [91mstale[0m    (poll #4)  order=e9af93b6
  [    266ms]  [92mVISIBLE[0m  (poll #5, X-Cache: MISS)  order=e9af93b6

[96mOrder 46/200:[0m
  [      9ms]  [91mstale[0m    (poll #1)  order=94f34392
  [     75ms]  [91mstale[0m    (poll #2)  order=94f34392
  [    139ms]  [91mstale[0m    (poll #3)  order=94f34392
  [    205ms]  [91mstale[0m    (poll #4)  order=94f34392
  [    271ms]  [92mVISIBLE[0m  (poll #5, X-Cache: MISS)  order=94f34392

[96mOrder 47/200:[0m
  [      9ms]  [91mstale[0m    (poll #1)  order=f8b9a423
  [     73ms]  [91mstale[0m    (poll #2)  order=f8b9a423
  [    138ms]  [91mstale[0m    (poll #3)  order=f8b9a423
  [    203ms]  [91mstale[0m    (poll #4)  order=f8b9a423
  [    269ms]  [92mVISIBLE[0m  (poll #5, X-Cache: MISS)  order=f8b9a423

[96mOrder 48/200:[0m
  [      8ms]  [91mstale[0m    (poll #1)  order=27b23a4b
  [     69ms]  [91mstale[0m    (poll #2)  order=27b23a4b
  [    136ms]  [91mstale[0m    (poll #3)  order=27b23a4b
  [    207ms]  [92mVISIBLE[0m  (poll #4, X-Cache: MISS)  order=27b23a4b

[96mOrder 49/200:[0m
  [      7ms]  [91mstale[0m    (poll #1)  order=5fe25b5b
  [     68ms]  [91mstale[0m    (poll #2)  order=5fe25b5b
  [    132ms]  [92mVISIBLE[0m  (poll #3, X-Cache: MISS)  order=5fe25b5b

[96mOrder 50/200:[0m
  [      6ms]  [91mstale[0m    (poll #1)  order=0e5a73ea
  [     65ms]  [91mstale[0m    (poll #2)  order=0e5a73ea
  [    131ms]  [91mstale[0m    (poll #3)  order=0e5a73ea
  [    200ms]  [92mVISIBLE[0m  (poll #4, X-Cache: MISS)  order=0e5a73ea

[96mOrder 51/200:[0m
  [      8ms]  [91mstale[0m    (poll #1)  order=baeee38c
  [     78ms]  [91mstale[0m    (poll #2)  order=baeee38c
  [    141ms]  [91mstale[0m    (poll #3)  order=baeee38c
  [    211ms]  [91mstale[0m    (poll #4)  order=baeee38c
  [    274ms]  [92mVISIBLE[0m  (poll #5, X-Cache: MISS)  order=baeee38c

[96mOrder 52/200:[0m
  [      4ms]  [91mstale[0m    (poll #1)  order=914ef011
  [     65ms]  [91mstale[0m    (poll #2)  order=914ef011
  [    126ms]  [91mstale[0m    (poll #3)  order=914ef011
  [    190ms]  [91mstale[0m    (poll #4)  order=914ef011
  [    255ms]  [92mVISIBLE[0m  (poll #5, X-Cache: MISS)  order=914ef011

[96mOrder 53/200:[0m
  [      8ms]  [91mstale[0m    (poll #1)  order=5150fb59
  [     73ms]  [91mstale[0m    (poll #2)  order=5150fb59
  [    140ms]  [91mstale[0m    (poll #3)  order=5150fb59
  [    208ms]  [91mstale[0m    (poll #4)  order=5150fb59
  [    277ms]  [92mVISIBLE[0m  (poll #5, X-Cache: MISS)  order=5150fb59

[96mOrder 54/200:[0m
  [      9ms]  [91mstale[0m    (poll #1)  order=bea9e3bb
  [     72ms]  [91mstale[0m    (poll #2)  order=bea9e3bb
  [    139ms]  [91mstale[0m    (poll #3)  order=bea9e3bb
  [    203ms]  [91mstale[0m    (poll #4)  order=bea9e3bb
  [    272ms]  [92mVISIBLE[0m  (poll #5, X-Cache: MISS)  order=bea9e3bb

[96mOrder 55/200:[0m
  [      8ms]  [91mstale[0m    (poll #1)  order=ad8fcfec
  [     72ms]  [91mstale[0m    (poll #2)  order=ad8fcfec
  [    139ms]  [91mstale[0m    (poll #3)  order=ad8fcfec
  [    209ms]  [92mVISIBLE[0m  (poll #4, X-Cache: MISS)  order=ad8fcfec

[96mOrder 56/200:[0m
  [      5ms]  [91mstale[0m    (poll #1)  order=9033a897
  [     66ms]  [91mstale[0m    (poll #2)  order=9033a897
  [    128ms]  [91mstale[0m    (poll #3)  order=9033a897
  [    194ms]  [91mstale[0m    (poll #4)  order=9033a897
  [    265ms]  [92mVISIBLE[0m  (poll #5, X-Cache: MISS)  order=9033a897

[96mOrder 57/200:[0m
  [      8ms]  [91mstale[0m    (poll #1)  order=4a2db034
  [     73ms]  [91mstale[0m    (poll #2)  order=4a2db034
  [    150ms]  [91mstale[0m    (poll #3)  order=4a2db034
  [    211ms]  [91mstale[0m    (poll #4)  order=4a2db034
  [    279ms]  [92mVISIBLE[0m  (poll #5, X-Cache: MISS)  order=4a2db034

[96mOrder 58/200:[0m
  [      8ms]  [91mstale[0m    (poll #1)  order=089dfda4
  [     66ms]  [91mstale[0m    (poll #2)  order=089dfda4
  [    127ms]  [91mstale[0m    (poll #3)  order=089dfda4
  [    194ms]  [91mstale[0m    (poll #4)  order=089dfda4
  [    263ms]  [92mVISIBLE[0m  (poll #5, X-Cache: MISS)  order=089dfda4

[96mOrder 59/200:[0m
  [      8ms]  [91mstale[0m    (poll #1)  order=549b9a07
  [     71ms]  [91mstale[0m    (poll #2)  order=549b9a07
  [    138ms]  [91mstale[0m    (poll #3)  order=549b9a07
  [    206ms]  [92mVISIBLE[0m  (poll #4, X-Cache: MISS)  order=549b9a07

[96mOrder 60/200:[0m
  [      6ms]  [91mstale[0m    (poll #1)  order=ec4315da
  [     70ms]  [91mstale[0m    (poll #2)  order=ec4315da
  [    135ms]  [91mstale[0m    (poll #3)  order=ec4315da
  [    202ms]  [92mVISIBLE[0m  (poll #4, X-Cache: MISS)  order=ec4315da

[96mOrder 61/200:[0m
  [      9ms]  [91mstale[0m    (poll #1)  order=cebcb60d
  [     70ms]  [91mstale[0m    (poll #2)  order=cebcb60d
  [    131ms]  [91mstale[0m    (poll #3)  order=cebcb60d
  [    198ms]  [91mstale[0m    (poll #4)  order=cebcb60d
  [    268ms]  [92mVISIBLE[0m  (poll #5, X-Cache: MISS)  order=cebcb60d

[96mOrder 62/200:[0m
  [      8ms]  [91mstale[0m    (poll #1)  order=93946a75
  [     68ms]  [91mstale[0m    (poll #2)  order=93946a75
  [    129ms]  [91mstale[0m    (poll #3)  order=93946a75
  [    191ms]  [91mstale[0m    (poll #4)  order=93946a75
  [    258ms]  [92mVISIBLE[0m  (poll #5, X-Cache: MISS)  order=93946a75

[96mOrder 63/200:[0m
  [      8ms]  [91mstale[0m    (poll #1)  order=465f49c6
  [     72ms]  [91mstale[0m    (poll #2)  order=465f49c6
  [    138ms]  [91mstale[0m    (poll #3)  order=465f49c6
  [    207ms]  [91mstale[0m    (poll #4)  order=465f49c6
  [    276ms]  [92mVISIBLE[0m  (poll #5, X-Cache: MISS)  order=465f49c6

[96mOrder 64/200:[0m
  [      9ms]  [91mstale[0m    (poll #1)  order=8eb8147e
  [     71ms]  [91mstale[0m    (poll #2)  order=8eb8147e
  [    135ms]  [91mstale[0m    (poll #3)  order=8eb8147e
  [    202ms]  [92mVISIBLE[0m  (poll #4, X-Cache: MISS)  order=8eb8147e

[96mOrder 65/200:[0m
  [      7ms]  [91mstale[0m    (poll #1)  order=405e751c
  [     71ms]  [91mstale[0m    (poll #2)  order=405e751c
  [    138ms]  [91mstale[0m    (poll #3)  order=405e751c
  [    204ms]  [91mstale[0m    (poll #4)  order=405e751c
  [    276ms]  [92mVISIBLE[0m  (poll #5, X-Cache: MISS)  order=405e751c

[96mOrder 66/200:[0m
  [      9ms]  [91mstale[0m    (poll #1)  order=b9137577
  [     70ms]  [91mstale[0m    (poll #2)  order=b9137577
  [    134ms]  [91mstale[0m    (poll #3)  order=b9137577
  [    198ms]  [91mstale[0m    (poll #4)  order=b9137577
  [    266ms]  [92mVISIBLE[0m  (poll #5, X-Cache: MISS)  order=b9137577

[96mOrder 67/200:[0m
  [      9ms]  [91mstale[0m    (poll #1)  order=425d10d5
  [     70ms]  [91mstale[0m    (poll #2)  order=425d10d5
  [    133ms]  [91mstale[0m    (poll #3)  order=425d10d5
  [    200ms]  [91mstale[0m    (poll #4)  order=425d10d5
  [    269ms]  [92mVISIBLE[0m  (poll #5, X-Cache: MISS)  order=425d10d5

[96mOrder 68/200:[0m
  [      8ms]  [91mstale[0m    (poll #1)  order=ade296fa
  [     71ms]  [91mstale[0m    (poll #2)  order=ade296fa
  [    137ms]  [91mstale[0m    (poll #3)  order=ade296fa
  [    204ms]  [92mVISIBLE[0m  (poll #4, X-Cache: MISS)  order=ade296fa

[96mOrder 69/200:[0m
  [     10ms]  [91mstale[0m    (poll #1)  order=bee2ef58
  [     74ms]  [91mstale[0m    (poll #2)  order=bee2ef58
  [    141ms]  [91mstale[0m    (poll #3)  order=bee2ef58
  [    213ms]  [91mstale[0m    (poll #4)  order=bee2ef58
  [    282ms]  [92mVISIBLE[0m  (poll #5, X-Cache: MISS)  order=bee2ef58

[96mOrder 70/200:[0m
  [     11ms]  [91mstale[0m    (poll #1)  order=59635c97
  [     74ms]  [91mstale[0m    (poll #2)  order=59635c97
  [    138ms]  [91mstale[0m    (poll #3)  order=59635c97
  [    202ms]  [91mstale[0m    (poll #4)  order=59635c97
  [    259ms]  [92mVISIBLE[0m  (poll #5, X-Cache: MISS)  order=59635c97

[96mOrder 71/200:[0m
  [      4ms]  [91mstale[0m    (poll #1)  order=b24caafc
  [     63ms]  [91mstale[0m    (poll #2)  order=b24caafc
  [    125ms]  [91mstale[0m    (poll #3)  order=b24caafc
  [    188ms]  [91mstale[0m    (poll #4)  order=b24caafc
  [    248ms]  [92mVISIBLE[0m  (poll #5, X-Cache: MISS)  order=b24caafc

[96mOrder 72/200:[0m
  [      5ms]  [91mstale[0m    (poll #1)  order=a765cad1
  [     65ms]  [91mstale[0m    (poll #2)  order=a765cad1
  [    126ms]  [91mstale[0m    (poll #3)  order=a765cad1
  [    185ms]  [91mstale[0m    (poll #4)  order=a765cad1
  [    243ms]  [92mVISIBLE[0m  (poll #5, X-Cache: MISS)  order=a765cad1

[96mOrder 73/200:[0m
  [      3ms]  [91mstale[0m    (poll #1)  order=37063d58
  [     61ms]  [91mstale[0m    (poll #2)  order=37063d58
  [    123ms]  [91mstale[0m    (poll #3)  order=37063d58
  [    181ms]  [91mstale[0m    (poll #4)  order=37063d58
  [    244ms]  [92mVISIBLE[0m  (poll #5, X-Cache: MISS)  order=37063d58

[96mOrder 74/200:[0m
  [      4ms]  [91mstale[0m    (poll #1)  order=f3a014df
  [     66ms]  [91mstale[0m    (poll #2)  order=f3a014df
  [    130ms]  [91mstale[0m    (poll #3)  order=f3a014df
  [    195ms]  [91mstale[0m    (poll #4)  order=f3a014df
  [    262ms]  [92mVISIBLE[0m  (poll #5, X-Cache: MISS)  order=f3a014df

[96mOrder 75/200:[0m
  [      6ms]  [91mstale[0m    (poll #1)  order=10c0a065
  [     65ms]  [91mstale[0m    (poll #2)  order=10c0a065
  [    128ms]  [91mstale[0m    (poll #3)  order=10c0a065
  [    191ms]  [91mstale[0m    (poll #4)  order=10c0a065
  [    257ms]  [92mVISIBLE[0m  (poll #5, X-Cache: MISS)  order=10c0a065

[96mOrder 76/200:[0m
  [      7ms]  [91mstale[0m    (poll #1)  order=7c20549c
  [     71ms]  [91mstale[0m    (poll #2)  order=7c20549c
  [    136ms]  [91mstale[0m    (poll #3)  order=7c20549c
  [    203ms]  [91mstale[0m    (poll #4)  order=7c20549c
  [    275ms]  [92mVISIBLE[0m  (poll #5, X-Cache: MISS)  order=7c20549c

[96mOrder 77/200:[0m
  [      8ms]  [91mstale[0m    (poll #1)  order=bde09bb2
  [     70ms]  [91mstale[0m    (poll #2)  order=bde09bb2
  [    135ms]  [91mstale[0m    (poll #3)  order=bde09bb2
  [    205ms]  [92mVISIBLE[0m  (poll #4, X-Cache: MISS)  order=bde09bb2

[96mOrder 78/200:[0m
  [      7ms]  [91mstale[0m    (poll #1)  order=7514d2c2
  [     70ms]  [91mstale[0m    (poll #2)  order=7514d2c2
  [    131ms]  [91mstale[0m    (poll #3)  order=7514d2c2
  [    197ms]  [92mVISIBLE[0m  (poll #4, X-Cache: MISS)  order=7514d2c2

[96mOrder 79/200:[0m
  [      4ms]  [91mstale[0m    (poll #1)  order=e1b53ca1
  [     61ms]  [91mstale[0m    (poll #2)  order=e1b53ca1
  [    125ms]  [91mstale[0m    (poll #3)  order=e1b53ca1
  [    193ms]  [91mstale[0m    (poll #4)  order=e1b53ca1
  [    260ms]  [92mVISIBLE[0m  (poll #5, X-Cache: MISS)  order=e1b53ca1

[96mOrder 80/200:[0m
  [      8ms]  [91mstale[0m    (poll #1)  order=59e74aa4
  [     72ms]  [91mstale[0m    (poll #2)  order=59e74aa4
  [    136ms]  [91mstale[0m    (poll #3)  order=59e74aa4
  [    202ms]  [91mstale[0m    (poll #4)  order=59e74aa4
  [    265ms]  [92mVISIBLE[0m  (poll #5, X-Cache: MISS)  order=59e74aa4

[96mOrder 81/200:[0m
  [      4ms]  [91mstale[0m    (poll #1)  order=d865f85f
  [     60ms]  [91mstale[0m    (poll #2)  order=d865f85f
  [    121ms]  [91mstale[0m    (poll #3)  order=d865f85f
  [    181ms]  [91mstale[0m    (poll #4)  order=d865f85f
  [    245ms]  [91mstale[0m    (poll #5)  order=d865f85f
  [    311ms]  [92mVISIBLE[0m  (poll #6, X-Cache: MISS)  order=d865f85f

[96mOrder 82/200:[0m
  [      7ms]  [91mstale[0m    (poll #1)  order=ef4524f2
  [     67ms]  [91mstale[0m    (poll #2)  order=ef4524f2
  [    131ms]  [91mstale[0m    (poll #3)  order=ef4524f2
  [    199ms]  [92mVISIBLE[0m  (poll #4, X-Cache: MISS)  order=ef4524f2

[96mOrder 83/200:[0m
  [      8ms]  [91mstale[0m    (poll #1)  order=4455f25b
  [     74ms]  [91mstale[0m    (poll #2)  order=4455f25b
  [    135ms]  [91mstale[0m    (poll #3)  order=4455f25b
  [    201ms]  [91mstale[0m    (poll #4)  order=4455f25b
  [    267ms]  [92mVISIBLE[0m  (poll #5, X-Cache: MISS)  order=4455f25b

[96mOrder 84/200:[0m
  [      9ms]  [91mstale[0m    (poll #1)  order=bed2a6dd
  [     69ms]  [91mstale[0m    (poll #2)  order=bed2a6dd
  [    133ms]  [91mstale[0m    (poll #3)  order=bed2a6dd
  [    199ms]  [91mstale[0m    (poll #4)  order=bed2a6dd
  [    269ms]  [92mVISIBLE[0m  (poll #5, X-Cache: MISS)  order=bed2a6dd

[96mOrder 85/200:[0m
  [      9ms]  [91mstale[0m    (poll #1)  order=83f2b747
  [     69ms]  [91mstale[0m    (poll #2)  order=83f2b747
  [    135ms]  [91mstale[0m    (poll #3)  order=83f2b747
  [    198ms]  [92mVISIBLE[0m  (poll #4, X-Cache: MISS)  order=83f2b747

[96mOrder 86/200:[0m
  [      7ms]  [91mstale[0m    (poll #1)  order=e25f6600
  [     66ms]  [91mstale[0m    (poll #2)  order=e25f6600
  [    126ms]  [91mstale[0m    (poll #3)  order=e25f6600
  [    188ms]  [92mVISIBLE[0m  (poll #4, X-Cache: MISS)  order=e25f6600

[96mOrder 87/200:[0m
  [      7ms]  [91mstale[0m    (poll #1)  order=e0be168d
  [     71ms]  [91mstale[0m    (poll #2)  order=e0be168d
  [    132ms]  [91mstale[0m    (poll #3)  order=e0be168d
  [    199ms]  [91mstale[0m    (poll #4)  order=e0be168d
  [    272ms]  [92mVISIBLE[0m  (poll #5, X-Cache: MISS)  order=e0be168d

[96mOrder 88/200:[0m
  [      7ms]  [91mstale[0m    (poll #1)  order=e3faa831
  [     66ms]  [91mstale[0m    (poll #2)  order=e3faa831
  [    128ms]  [91mstale[0m    (poll #3)  order=e3faa831
  [    193ms]  [91mstale[0m    (poll #4)  order=e3faa831
  [    263ms]  [92mVISIBLE[0m  (poll #5, X-Cache: MISS)  order=e3faa831

[96mOrder 89/200:[0m
  [     11ms]  [91mstale[0m    (poll #1)  order=c1b5cafe
  [     81ms]  [91mstale[0m    (poll #2)  order=c1b5cafe
  [    141ms]  [91mstale[0m    (poll #3)  order=c1b5cafe
  [    202ms]  [91mstale[0m    (poll #4)  order=c1b5cafe
  [    266ms]  [92mVISIBLE[0m  (poll #5, X-Cache: MISS)  order=c1b5cafe

[96mOrder 90/200:[0m
  [      4ms]  [91mstale[0m    (poll #1)  order=5634d2e8
  [     64ms]  [91mstale[0m    (poll #2)  order=5634d2e8
  [    128ms]  [91mstale[0m    (poll #3)  order=5634d2e8
  [    189ms]  [91mstale[0m    (poll #4)  order=5634d2e8
  [    252ms]  [92mVISIBLE[0m  (poll #5, X-Cache: MISS)  order=5634d2e8

[96mOrder 91/200:[0m
  [      7ms]  [91mstale[0m    (poll #1)  order=d7c344ce
  [     70ms]  [91mstale[0m    (poll #2)  order=d7c344ce
  [    132ms]  [91mstale[0m    (poll #3)  order=d7c344ce
  [    200ms]  [92mVISIBLE[0m  (poll #4, X-Cache: MISS)  order=d7c344ce

[96mOrder 92/200:[0m
  [      6ms]  [91mstale[0m    (poll #1)  order=c7fbe7b9
  [     69ms]  [91mstale[0m    (poll #2)  order=c7fbe7b9
  [    130ms]  [91mstale[0m    (poll #3)  order=c7fbe7b9
  [    198ms]  [91mstale[0m    (poll #4)  order=c7fbe7b9
  [    264ms]  [92mVISIBLE[0m  (poll #5, X-Cache: MISS)  order=c7fbe7b9

[96mOrder 93/200:[0m
  [      7ms]  [91mstale[0m    (poll #1)  order=f7faa1da
  [     68ms]  [91mstale[0m    (poll #2)  order=f7faa1da
  [    130ms]  [91mstale[0m    (poll #3)  order=f7faa1da
  [    199ms]  [91mstale[0m    (poll #4)  order=f7faa1da
  [    271ms]  [92mVISIBLE[0m  (poll #5, X-Cache: MISS)  order=f7faa1da

[96mOrder 94/200:[0m
  [      9ms]  [91mstale[0m    (poll #1)  order=7ffd48e9
  [     70ms]  [91mstale[0m    (poll #2)  order=7ffd48e9
  [    133ms]  [91mstale[0m    (poll #3)  order=7ffd48e9
  [    195ms]  [91mstale[0m    (poll #4)  order=7ffd48e9
  [    263ms]  [92mVISIBLE[0m  (poll #5, X-Cache: MISS)  order=7ffd48e9

[96mOrder 95/200:[0m
  [      7ms]  [91mstale[0m    (poll #1)  order=bd8cd92a
  [     68ms]  [91mstale[0m    (poll #2)  order=bd8cd92a
  [    135ms]  [91mstale[0m    (poll #3)  order=bd8cd92a
  [    203ms]  [91mstale[0m    (poll #4)  order=bd8cd92a
  [    273ms]  [92mVISIBLE[0m  (poll #5, X-Cache: MISS)  order=bd8cd92a

[96mOrder 96/200:[0m
  [      8ms]  [91mstale[0m    (poll #1)  order=88d731bf
  [     70ms]  [91mstale[0m    (poll #2)  order=88d731bf
  [    133ms]  [91mstale[0m    (poll #3)  order=88d731bf
  [    196ms]  [92mVISIBLE[0m  (poll #4, X-Cache: MISS)  order=88d731bf

[96mOrder 97/200:[0m
  [      7ms]  [91mstale[0m    (poll #1)  order=7eafbd6a
  [     66ms]  [91mstale[0m    (poll #2)  order=7eafbd6a
  [    127ms]  [91mstale[0m    (poll #3)  order=7eafbd6a
  [    192ms]  [91mstale[0m    (poll #4)  order=7eafbd6a
  [    259ms]  [92mVISIBLE[0m  (poll #5, X-Cache: MISS)  order=7eafbd6a

[96mOrder 98/200:[0m
  [      8ms]  [91mstale[0m    (poll #1)  order=9514d3ef
  [     70ms]  [91mstale[0m    (poll #2)  order=9514d3ef
  [    133ms]  [91mstale[0m    (poll #3)  order=9514d3ef
  [    200ms]  [91mstale[0m    (poll #4)  order=9514d3ef
  [    272ms]  [92mVISIBLE[0m  (poll #5, X-Cache: MISS)  order=9514d3ef

[96mOrder 99/200:[0m
  [      9ms]  [91mstale[0m    (poll #1)  order=62cceb29
  [     70ms]  [91mstale[0m    (poll #2)  order=62cceb29
  [    134ms]  [91mstale[0m    (poll #3)  order=62cceb29
  [    197ms]  [91mstale[0m    (poll #4)  order=62cceb29
  [    264ms]  [92mVISIBLE[0m  (poll #5, X-Cache: MISS)  order=62cceb29

[96mOrder 100/200:[0m
  [      9ms]  [91mstale[0m    (poll #1)  order=83e8ca17
  [     70ms]  [91mstale[0m    (poll #2)  order=83e8ca17
  [    136ms]  [91mstale[0m    (poll #3)  order=83e8ca17
  [    200ms]  [91mstale[0m    (poll #4)  order=83e8ca17
  [    267ms]  [92mVISIBLE[0m  (poll #5, X-Cache: MISS)  order=83e8ca17

[96mOrder 101/200:[0m
  [      9ms]  [91mstale[0m    (poll #1)  order=3fe25553
  [     67ms]  [91mstale[0m    (poll #2)  order=3fe25553
  [    131ms]  [91mstale[0m    (poll #3)  order=3fe25553
  [    201ms]  [92mVISIBLE[0m  (poll #4, X-Cache: MISS)  order=3fe25553

[96mOrder 102/200:[0m
  [      7ms]  [91mstale[0m    (poll #1)  order=01b22ffa
  [     70ms]  [91mstale[0m    (poll #2)  order=01b22ffa
  [    134ms]  [91mstale[0m    (poll #3)  order=01b22ffa
  [    203ms]  [92mVISIBLE[0m  (poll #4, X-Cache: MISS)  order=01b22ffa

[96mOrder 103/200:[0m
  [      9ms]  [91mstale[0m    (poll #1)  order=8c38aa30
  [     72ms]  [91mstale[0m    (poll #2)  order=8c38aa30
  [    134ms]  [91mstale[0m    (poll #3)  order=8c38aa30
  [    199ms]  [91mstale[0m    (poll #4)  order=8c38aa30
  [    265ms]  [92mVISIBLE[0m  (poll #5, X-Cache: MISS)  order=8c38aa30

[96mOrder 104/200:[0m
  [      8ms]  [91mstale[0m    (poll #1)  order=06426ba9
  [     73ms]  [91mstale[0m    (poll #2)  order=06426ba9
  [    139ms]  [91mstale[0m    (poll #3)  order=06426ba9
  [    208ms]  [92mVISIBLE[0m  (poll #4, X-Cache: MISS)  order=06426ba9

[96mOrder 105/200:[0m
  [      9ms]  [91mstale[0m    (poll #1)  order=993053b8
  [     75ms]  [91mstale[0m    (poll #2)  order=993053b8
  [    140ms]  [91mstale[0m    (poll #3)  order=993053b8
  [    204ms]  [91mstale[0m    (poll #4)  order=993053b8
  [    271ms]  [92mVISIBLE[0m  (poll #5, X-Cache: MISS)  order=993053b8

[96mOrder 106/200:[0m
  [      9ms]  [91mstale[0m    (poll #1)  order=7f56192a
  [     72ms]  [91mstale[0m    (poll #2)  order=7f56192a
  [    133ms]  [91mstale[0m    (poll #3)  order=7f56192a
  [    201ms]  [91mstale[0m    (poll #4)  order=7f56192a
  [    269ms]  [92mVISIBLE[0m  (poll #5, X-Cache: MISS)  order=7f56192a

[96mOrder 107/200:[0m
  [      8ms]  [91mstale[0m    (poll #1)  order=7a35d6da
  [     70ms]  [91mstale[0m    (poll #2)  order=7a35d6da
  [    133ms]  [91mstale[0m    (poll #3)  order=7a35d6da
  [    203ms]  [92mVISIBLE[0m  (poll #4, X-Cache: MISS)  order=7a35d6da

[96mOrder 108/200:[0m
  [      8ms]  [91mstale[0m    (poll #1)  order=66207ece
  [     72ms]  [91mstale[0m    (poll #2)  order=66207ece
  [    137ms]  [91mstale[0m    (poll #3)  order=66207ece
  [    204ms]  [91mstale[0m    (poll #4)  order=66207ece
  [    261ms]  [92mVISIBLE[0m  (poll #5, X-Cache: MISS)  order=66207ece

[96mOrder 109/200:[0m
  [      5ms]  [91mstale[0m    (poll #1)  order=3fcba6a9
  [     72ms]  [91mstale[0m    (poll #2)  order=3fcba6a9
  [    132ms]  [91mstale[0m    (poll #3)  order=3fcba6a9
  [    194ms]  [91mstale[0m    (poll #4)  order=3fcba6a9
  [    257ms]  [92mVISIBLE[0m  (poll #5, X-Cache: MISS)  order=3fcba6a9

[96mOrder 110/200:[0m
  [      5ms]  [91mstale[0m    (poll #1)  order=2f0f4950
  [     65ms]  [91mstale[0m    (poll #2)  order=2f0f4950
  [    129ms]  [91mstale[0m    (poll #3)  order=2f0f4950
  [    191ms]  [91mstale[0m    (poll #4)  order=2f0f4950
  [    259ms]  [92mVISIBLE[0m  (poll #5, X-Cache: MISS)  order=2f0f4950

[96mOrder 111/200:[0m
  [      7ms]  [91mstale[0m    (poll #1)  order=578b454b
  [     70ms]  [91mstale[0m    (poll #2)  order=578b454b
  [    132ms]  [91mstale[0m    (poll #3)  order=578b454b
  [    191ms]  [91mstale[0m    (poll #4)  order=578b454b
  [    253ms]  [92mVISIBLE[0m  (poll #5, X-Cache: MISS)  order=578b454b

[96mOrder 112/200:[0m
  [      4ms]  [91mstale[0m    (poll #1)  order=298e241a
  [     61ms]  [91mstale[0m    (poll #2)  order=298e241a
  [    119ms]  [91mstale[0m    (poll #3)  order=298e241a
  [    180ms]  [92mVISIBLE[0m  (poll #4, X-Cache: MISS)  order=298e241a

[96mOrder 113/200:[0m
  [      5ms]  [91mstale[0m    (poll #1)  order=576d6989
  [     66ms]  [91mstale[0m    (poll #2)  order=576d6989
  [    129ms]  [91mstale[0m    (poll #3)  order=576d6989
  [    189ms]  [91mstale[0m    (poll #4)  order=576d6989
  [    258ms]  [92mVISIBLE[0m  (poll #5, X-Cache: MISS)  order=576d6989

[96mOrder 114/200:[0m
  [      7ms]  [91mstale[0m    (poll #1)  order=4349e57e
  [     70ms]  [91mstale[0m    (poll #2)  order=4349e57e
  [    135ms]  [91mstale[0m    (poll #3)  order=4349e57e
  [    203ms]  [91mstale[0m    (poll #4)  order=4349e57e
  [    273ms]  [92mVISIBLE[0m  (poll #5, X-Cache: MISS)  order=4349e57e

[96mOrder 115/200:[0m
  [      9ms]  [91mstale[0m    (poll #1)  order=bf06fa96
  [     70ms]  [91mstale[0m    (poll #2)  order=bf06fa96
  [    137ms]  [91mstale[0m    (poll #3)  order=bf06fa96
  [    204ms]  [92mVISIBLE[0m  (poll #4, X-Cache: MISS)  order=bf06fa96

[96mOrder 116/200:[0m
  [      7ms]  [91mstale[0m    (poll #1)  order=34f3b5f9
  [     70ms]  [91mstale[0m    (poll #2)  order=34f3b5f9
  [    132ms]  [91mstale[0m    (poll #3)  order=34f3b5f9
  [    198ms]  [92mVISIBLE[0m  (poll #4, X-Cache: MISS)  order=34f3b5f9

[96mOrder 117/200:[0m
  [      7ms]  [91mstale[0m    (poll #1)  order=74e7765d
  [     70ms]  [91mstale[0m    (poll #2)  order=74e7765d
  [    131ms]  [91mstale[0m    (poll #3)  order=74e7765d
  [    191ms]  [92mVISIBLE[0m  (poll #4, X-Cache: MISS)  order=74e7765d

[96mOrder 118/200:[0m
  [      6ms]  [91mstale[0m    (poll #1)  order=fa3b20d7
  [     67ms]  [91mstale[0m    (poll #2)  order=fa3b20d7
  [    131ms]  [91mstale[0m    (poll #3)  order=fa3b20d7
  [    197ms]  [91mstale[0m    (poll #4)  order=fa3b20d7
  [    267ms]  [92mVISIBLE[0m  (poll #5, X-Cache: MISS)  order=fa3b20d7

[96mOrder 119/200:[0m
  [      9ms]  [91mstale[0m    (poll #1)  order=9f26b376
  [     71ms]  [91mstale[0m    (poll #2)  order=9f26b376
  [    134ms]  [91mstale[0m    (poll #3)  order=9f26b376
  [    196ms]  [91mstale[0m    (poll #4)  order=9f26b376
  [    255ms]  [92mVISIBLE[0m  (poll #5, X-Cache: MISS)  order=9f26b376

[96mOrder 120/200:[0m
  [      5ms]  [91mstale[0m    (poll #1)  order=4c543ddc
  [     62ms]  [91mstale[0m    (poll #2)  order=4c543ddc
  [    125ms]  [91mstale[0m    (poll #3)  order=4c543ddc
  [    190ms]  [91mstale[0m    (poll #4)  order=4c543ddc
  [    262ms]  [92mVISIBLE[0m  (poll #5, X-Cache: MISS)  order=4c543ddc

[96mOrder 121/200:[0m
  [      8ms]  [91mstale[0m    (poll #1)  order=4f090067
  [     73ms]  [91mstale[0m    (poll #2)  order=4f090067
  [    138ms]  [91mstale[0m    (poll #3)  order=4f090067
  [    204ms]  [91mstale[0m    (poll #4)  order=4f090067
  [    275ms]  [92mVISIBLE[0m  (poll #5, X-Cache: MISS)  order=4f090067

[96mOrder 122/200:[0m
  [      7ms]  [91mstale[0m    (poll #1)  order=e4f2b027
  [     70ms]  [91mstale[0m    (poll #2)  order=e4f2b027
  [    134ms]  [91mstale[0m    (poll #3)  order=e4f2b027
  [    201ms]  [92mVISIBLE[0m  (poll #4, X-Cache: MISS)  order=e4f2b027

[96mOrder 123/200:[0m
  [      5ms]  [91mstale[0m    (poll #1)  order=02c9be67
  [     64ms]  [91mstale[0m    (poll #2)  order=02c9be67
  [    125ms]  [91mstale[0m    (poll #3)  order=02c9be67
  [    193ms]  [92mVISIBLE[0m  (poll #4, X-Cache: MISS)  order=02c9be67

[96mOrder 124/200:[0m
  [      9ms]  [91mstale[0m    (poll #1)  order=baf7b596
  [     72ms]  [91mstale[0m    (poll #2)  order=baf7b596
  [    135ms]  [91mstale[0m    (poll #3)  order=baf7b596
  [    203ms]  [91mstale[0m    (poll #4)  order=baf7b596
  [    275ms]  [92mVISIBLE[0m  (poll #5, X-Cache: MISS)  order=baf7b596

[96mOrder 125/200:[0m
  [      9ms]  [91mstale[0m    (poll #1)  order=8fe9ded3
  [     71ms]  [91mstale[0m    (poll #2)  order=8fe9ded3
  [    134ms]  [91mstale[0m    (poll #3)  order=8fe9ded3
  [    196ms]  [92mVISIBLE[0m  (poll #4, X-Cache: MISS)  order=8fe9ded3

[96mOrder 126/200:[0m
  [     10ms]  [91mstale[0m    (poll #1)  order=9d8886ad
  [     76ms]  [91mstale[0m    (poll #2)  order=9d8886ad
  [    139ms]  [91mstale[0m    (poll #3)  order=9d8886ad
  [    206ms]  [91mstale[0m    (poll #4)  order=9d8886ad
  [    269ms]  [92mVISIBLE[0m  (poll #5, X-Cache: MISS)  order=9d8886ad

[96mOrder 127/200:[0m
  [     10ms]  [91mstale[0m    (poll #1)  order=9edec90c
  [     72ms]  [91mstale[0m    (poll #2)  order=9edec90c
  [    137ms]  [91mstale[0m    (poll #3)  order=9edec90c
  [    204ms]  [91mstale[0m    (poll #4)  order=9edec90c
  [    277ms]  [92mVISIBLE[0m  (poll #5, X-Cache: MISS)  order=9edec90c

[96mOrder 128/200:[0m
  [      8ms]  [91mstale[0m    (poll #1)  order=1423a4a8
  [     69ms]  [91mstale[0m    (poll #2)  order=1423a4a8
  [    135ms]  [91mstale[0m    (poll #3)  order=1423a4a8
  [    201ms]  [92mVISIBLE[0m  (poll #4, X-Cache: MISS)  order=1423a4a8

[96mOrder 129/200:[0m
  [      4ms]  [91mstale[0m    (poll #1)  order=fa4ea697
  [     61ms]  [91mstale[0m    (poll #2)  order=fa4ea697
  [    123ms]  [91mstale[0m    (poll #3)  order=fa4ea697
  [    187ms]  [91mstale[0m    (poll #4)  order=fa4ea697
  [    247ms]  [92mVISIBLE[0m  (poll #5, X-Cache: MISS)  order=fa4ea697

[96mOrder 130/200:[0m
  [      6ms]  [91mstale[0m    (poll #1)  order=b6114fbf
  [     70ms]  [91mstale[0m    (poll #2)  order=b6114fbf
  [    134ms]  [91mstale[0m    (poll #3)  order=b6114fbf
  [    197ms]  [91mstale[0m    (poll #4)  order=b6114fbf
  [    264ms]  [92mVISIBLE[0m  (poll #5, X-Cache: MISS)  order=b6114fbf

[96mOrder 131/200:[0m
  [      9ms]  [91mstale[0m    (poll #1)  order=e14634dd
  [     73ms]  [91mstale[0m    (poll #2)  order=e14634dd
  [    139ms]  [91mstale[0m    (poll #3)  order=e14634dd
  [    204ms]  [91mstale[0m    (poll #4)  order=e14634dd
  [    273ms]  [92mVISIBLE[0m  (poll #5, X-Cache: MISS)  order=e14634dd

[96mOrder 132/200:[0m
  [      9ms]  [91mstale[0m    (poll #1)  order=5de2744c
  [     73ms]  [91mstale[0m    (poll #2)  order=5de2744c
  [    139ms]  [91mstale[0m    (poll #3)  order=5de2744c
  [    206ms]  [91mstale[0m    (poll #4)  order=5de2744c
  [    273ms]  [92mVISIBLE[0m  (poll #5, X-Cache: MISS)  order=5de2744c

[96mOrder 133/200:[0m
  [      7ms]  [91mstale[0m    (poll #1)  order=b877bf7f
  [     71ms]  [91mstale[0m    (poll #2)  order=b877bf7f
  [    134ms]  [91mstale[0m    (poll #3)  order=b877bf7f
  [    199ms]  [92mVISIBLE[0m  (poll #4, X-Cache: MISS)  order=b877bf7f

[96mOrder 134/200:[0m
  [      6ms]  [91mstale[0m    (poll #1)  order=1e89c92b
  [     70ms]  [91mstale[0m    (poll #2)  order=1e89c92b
  [    134ms]  [91mstale[0m    (poll #3)  order=1e89c92b
  [    201ms]  [91mstale[0m    (poll #4)  order=1e89c92b
  [    268ms]  [92mVISIBLE[0m  (poll #5, X-Cache: MISS)  order=1e89c92b

[96mOrder 135/200:[0m
  [      8ms]  [91mstale[0m    (poll #1)  order=5c101fd9
  [     68ms]  [91mstale[0m    (poll #2)  order=5c101fd9
  [    133ms]  [91mstale[0m    (poll #3)  order=5c101fd9
  [    198ms]  [91mstale[0m    (poll #4)  order=5c101fd9
  [    266ms]  [92mVISIBLE[0m  (poll #5, X-Cache: MISS)  order=5c101fd9

[96mOrder 136/200:[0m
  [      9ms]  [91mstale[0m    (poll #1)  order=79945c9a
  [     72ms]  [91mstale[0m    (poll #2)  order=79945c9a
  [    135ms]  [91mstale[0m    (poll #3)  order=79945c9a
  [    203ms]  [91mstale[0m    (poll #4)  order=79945c9a
  [    273ms]  [92mVISIBLE[0m  (poll #5, X-Cache: MISS)  order=79945c9a

[96mOrder 137/200:[0m
  [      9ms]  [91mstale[0m    (poll #1)  order=f2b35bb9
  [     74ms]  [91mstale[0m    (poll #2)  order=f2b35bb9
  [    137ms]  [91mstale[0m    (poll #3)  order=f2b35bb9
  [    207ms]  [92mVISIBLE[0m  (poll #4, X-Cache: MISS)  order=f2b35bb9

[96mOrder 138/200:[0m
  [      9ms]  [91mstale[0m    (poll #1)  order=1290911e
  [     69ms]  [91mstale[0m    (poll #2)  order=1290911e
  [    134ms]  [91mstale[0m    (poll #3)  order=1290911e
  [    201ms]  [92mVISIBLE[0m  (poll #4, X-Cache: MISS)  order=1290911e

[96mOrder 139/200:[0m
  [      7ms]  [91mstale[0m    (poll #1)  order=9ad0952c
  [     70ms]  [91mstale[0m    (poll #2)  order=9ad0952c
  [    137ms]  [91mstale[0m    (poll #3)  order=9ad0952c
  [    203ms]  [91mstale[0m    (poll #4)  order=9ad0952c
  [    273ms]  [92mVISIBLE[0m  (poll #5, X-Cache: MISS)  order=9ad0952c

[96mOrder 140/200:[0m
  [      5ms]  [91mstale[0m    (poll #1)  order=99947839
  [     68ms]  [91mstale[0m    (poll #2)  order=99947839
  [    134ms]  [91mstale[0m    (poll #3)  order=99947839
  [    202ms]  [91mstale[0m    (poll #4)  order=99947839
  [    270ms]  [92mVISIBLE[0m  (poll #5, X-Cache: MISS)  order=99947839

[96mOrder 141/200:[0m
  [      9ms]  [91mstale[0m    (poll #1)  order=09d28f18
  [     70ms]  [91mstale[0m    (poll #2)  order=09d28f18
  [    137ms]  [91mstale[0m    (poll #3)  order=09d28f18
  [    207ms]  [91mstale[0m    (poll #4)  order=09d28f18
  [    274ms]  [92mVISIBLE[0m  (poll #5, X-Cache: MISS)  order=09d28f18

[96mOrder 142/200:[0m
  [      9ms]  [91mstale[0m    (poll #1)  order=1d536c75
  [     72ms]  [91mstale[0m    (poll #2)  order=1d536c75
  [    137ms]  [91mstale[0m    (poll #3)  order=1d536c75
  [    203ms]  [92mVISIBLE[0m  (poll #4, X-Cache: MISS)  order=1d536c75

[96mOrder 143/200:[0m
  [      7ms]  [91mstale[0m    (poll #1)  order=846e96c8
  [     70ms]  [91mstale[0m    (poll #2)  order=846e96c8
  [    134ms]  [91mstale[0m    (poll #3)  order=846e96c8
  [    199ms]  [92mVISIBLE[0m  (poll #4, X-Cache: MISS)  order=846e96c8

[96mOrder 144/200:[0m
  [      9ms]  [91mstale[0m    (poll #1)  order=46b7c935
  [     69ms]  [91mstale[0m    (poll #2)  order=46b7c935
  [    135ms]  [91mstale[0m    (poll #3)  order=46b7c935
  [    203ms]  [92mVISIBLE[0m  (poll #4, X-Cache: MISS)  order=46b7c935

[96mOrder 145/200:[0m
  [      7ms]  [91mstale[0m    (poll #1)  order=d64c1b7d
  [     70ms]  [91mstale[0m    (poll #2)  order=d64c1b7d
  [    133ms]  [91mstale[0m    (poll #3)  order=d64c1b7d
  [    200ms]  [92mVISIBLE[0m  (poll #4, X-Cache: MISS)  order=d64c1b7d

[96mOrder 146/200:[0m
  [      8ms]  [91mstale[0m    (poll #1)  order=c0fe02f0
  [     72ms]  [91mstale[0m    (poll #2)  order=c0fe02f0
  [    137ms]  [91mstale[0m    (poll #3)  order=c0fe02f0
  [    205ms]  [91mstale[0m    (poll #4)  order=c0fe02f0
  [    274ms]  [92mVISIBLE[0m  (poll #5, X-Cache: MISS)  order=c0fe02f0

[96mOrder 147/200:[0m
  [      5ms]  [91mstale[0m    (poll #1)  order=fc359bcd
  [     69ms]  [91mstale[0m    (poll #2)  order=fc359bcd
  [    133ms]  [91mstale[0m    (poll #3)  order=fc359bcd
  [    200ms]  [91mstale[0m    (poll #4)  order=fc359bcd
  [    259ms]  [92mVISIBLE[0m  (poll #5, X-Cache: MISS)  order=fc359bcd

[96mOrder 148/200:[0m
  [      4ms]  [91mstale[0m    (poll #1)  order=e04562db
  [     65ms]  [91mstale[0m    (poll #2)  order=e04562db
  [    123ms]  [91mstale[0m    (poll #3)  order=e04562db
  [    185ms]  [91mstale[0m    (poll #4)  order=e04562db
  [    248ms]  [92mVISIBLE[0m  (poll #5, X-Cache: MISS)  order=e04562db

[96mOrder 149/200:[0m
  [      4ms]  [91mstale[0m    (poll #1)  order=77ce64c5
  [     64ms]  [91mstale[0m    (poll #2)  order=77ce64c5
  [    124ms]  [91mstale[0m    (poll #3)  order=77ce64c5
  [    187ms]  [91mstale[0m    (poll #4)  order=77ce64c5
  [    251ms]  [92mVISIBLE[0m  (poll #5, X-Cache: MISS)  order=77ce64c5

[96mOrder 150/200:[0m
  [      5ms]  [91mstale[0m    (poll #1)  order=a2d23b07
  [     64ms]  [91mstale[0m    (poll #2)  order=a2d23b07
  [    127ms]  [91mstale[0m    (poll #3)  order=a2d23b07
  [    199ms]  [91mstale[0m    (poll #4)  order=a2d23b07
  [    267ms]  [92mVISIBLE[0m  (poll #5, X-Cache: MISS)  order=a2d23b07

[96mOrder 151/200:[0m
  [      9ms]  [91mstale[0m    (poll #1)  order=3d6c3ec5
  [     73ms]  [91mstale[0m    (poll #2)  order=3d6c3ec5
  [    132ms]  [91mstale[0m    (poll #3)  order=3d6c3ec5
  [    193ms]  [91mstale[0m    (poll #4)  order=3d6c3ec5
  [    252ms]  [92mVISIBLE[0m  (poll #5, X-Cache: MISS)  order=3d6c3ec5

[96mOrder 152/200:[0m
  [      3ms]  [91mstale[0m    (poll #1)  order=855cbff5
  [     61ms]  [91mstale[0m    (poll #2)  order=855cbff5
  [    119ms]  [91mstale[0m    (poll #3)  order=855cbff5
  [    179ms]  [91mstale[0m    (poll #4)  order=855cbff5
  [    242ms]  [92mVISIBLE[0m  (poll #5, X-Cache: MISS)  order=855cbff5

[96mOrder 153/200:[0m
  [      7ms]  [91mstale[0m    (poll #1)  order=4e4df48e
  [     69ms]  [91mstale[0m    (poll #2)  order=4e4df48e
  [    133ms]  [91mstale[0m    (poll #3)  order=4e4df48e
  [    195ms]  [91mstale[0m    (poll #4)  order=4e4df48e
  [    266ms]  [92mVISIBLE[0m  (poll #5, X-Cache: MISS)  order=4e4df48e

[96mOrder 154/200:[0m
  [     10ms]  [91mstale[0m    (poll #1)  order=88c57cee
  [     70ms]  [91mstale[0m    (poll #2)  order=88c57cee
  [    136ms]  [91mstale[0m    (poll #3)  order=88c57cee
  [    203ms]  [91mstale[0m    (poll #4)  order=88c57cee
  [    271ms]  [92mVISIBLE[0m  (poll #5, X-Cache: MISS)  order=88c57cee

[96mOrder 155/200:[0m
  [      4ms]  [91mstale[0m    (poll #1)  order=8fcaba1f
  [     64ms]  [91mstale[0m    (poll #2)  order=8fcaba1f
  [    120ms]  [91mstale[0m    (poll #3)  order=8fcaba1f
  [    182ms]  [91mstale[0m    (poll #4)  order=8fcaba1f
  [    245ms]  [92mVISIBLE[0m  (poll #5, X-Cache: MISS)  order=8fcaba1f

[96mOrder 156/200:[0m
  [      4ms]  [91mstale[0m    (poll #1)  order=3fd43b99
  [     61ms]  [91mstale[0m    (poll #2)  order=3fd43b99
  [    126ms]  [91mstale[0m    (poll #3)  order=3fd43b99
  [    187ms]  [91mstale[0m    (poll #4)  order=3fd43b99
  [    254ms]  [92mVISIBLE[0m  (poll #5, X-Cache: MISS)  order=3fd43b99

[96mOrder 157/200:[0m
  [      6ms]  [91mstale[0m    (poll #1)  order=77c816fd
  [     70ms]  [91mstale[0m    (poll #2)  order=77c816fd
  [    131ms]  [91mstale[0m    (poll #3)  order=77c816fd
  [    199ms]  [91mstale[0m    (poll #4)  order=77c816fd
  [    258ms]  [92mVISIBLE[0m  (poll #5, X-Cache: MISS)  order=77c816fd

[96mOrder 158/200:[0m
  [      3ms]  [91mstale[0m    (poll #1)  order=9a404288
  [     64ms]  [91mstale[0m    (poll #2)  order=9a404288
  [    125ms]  [91mstale[0m    (poll #3)  order=9a404288
  [    184ms]  [92mVISIBLE[0m  (poll #4, X-Cache: MISS)  order=9a404288

[96mOrder 159/200:[0m
  [      5ms]  [91mstale[0m    (poll #1)  order=4ff70993
  [     68ms]  [91mstale[0m    (poll #2)  order=4ff70993
  [    134ms]  [91mstale[0m    (poll #3)  order=4ff70993
  [    203ms]  [91mstale[0m    (poll #4)  order=4ff70993
  [    274ms]  [92mVISIBLE[0m  (poll #5, X-Cache: MISS)  order=4ff70993

[96mOrder 160/200:[0m
  [      9ms]  [91mstale[0m    (poll #1)  order=3045960e
  [     69ms]  [91mstale[0m    (poll #2)  order=3045960e
  [    137ms]  [91mstale[0m    (poll #3)  order=3045960e
  [    201ms]  [92mVISIBLE[0m  (poll #4, X-Cache: MISS)  order=3045960e

[96mOrder 161/200:[0m
  [      7ms]  [91mstale[0m    (poll #1)  order=b2f6ae4a
  [     70ms]  [91mstale[0m    (poll #2)  order=b2f6ae4a
  [    137ms]  [91mstale[0m    (poll #3)  order=b2f6ae4a
  [    202ms]  [91mstale[0m    (poll #4)  order=b2f6ae4a
  [    270ms]  [92mVISIBLE[0m  (poll #5, X-Cache: MISS)  order=b2f6ae4a

[96mOrder 162/200:[0m
  [     10ms]  [91mstale[0m    (poll #1)  order=046b3f37
  [     75ms]  [91mstale[0m    (poll #2)  order=046b3f37
  [    140ms]  [91mstale[0m    (poll #3)  order=046b3f37
  [    205ms]  [92mVISIBLE[0m  (poll #4, X-Cache: MISS)  order=046b3f37

[96mOrder 163/200:[0m
  [      6ms]  [91mstale[0m    (poll #1)  order=38bf9912
  [     70ms]  [91mstale[0m    (poll #2)  order=38bf9912
  [    135ms]  [91mstale[0m    (poll #3)  order=38bf9912
  [    200ms]  [91mstale[0m    (poll #4)  order=38bf9912
  [    269ms]  [92mVISIBLE[0m  (poll #5, X-Cache: MISS)  order=38bf9912

[96mOrder 164/200:[0m
  [      9ms]  [91mstale[0m    (poll #1)  order=39055fb1
  [     74ms]  [91mstale[0m    (poll #2)  order=39055fb1
  [    138ms]  [91mstale[0m    (poll #3)  order=39055fb1
  [    202ms]  [91mstale[0m    (poll #4)  order=39055fb1
  [    269ms]  [92mVISIBLE[0m  (poll #5, X-Cache: MISS)  order=39055fb1

[96mOrder 165/200:[0m
  [      9ms]  [91mstale[0m    (poll #1)  order=d3e26d9f
  [     74ms]  [91mstale[0m    (poll #2)  order=d3e26d9f
  [    141ms]  [91mstale[0m    (poll #3)  order=d3e26d9f
  [    210ms]  [92mVISIBLE[0m  (poll #4, X-Cache: MISS)  order=d3e26d9f

[96mOrder 166/200:[0m
  [      7ms]  [91mstale[0m    (poll #1)  order=d04c8348
  [     69ms]  [91mstale[0m    (poll #2)  order=d04c8348
  [    134ms]  [91mstale[0m    (poll #3)  order=d04c8348
  [    200ms]  [92mVISIBLE[0m  (poll #4, X-Cache: MISS)  order=d04c8348

[96mOrder 167/200:[0m
  [      7ms]  [91mstale[0m    (poll #1)  order=50a0ebea
  [     70ms]  [91mstale[0m    (poll #2)  order=50a0ebea
  [    136ms]  [91mstale[0m    (poll #3)  order=50a0ebea
  [    201ms]  [91mstale[0m    (poll #4)  order=50a0ebea
  [    263ms]  [92mVISIBLE[0m  (poll #5, X-Cache: MISS)  order=50a0ebea

[96mOrder 168/200:[0m
  [      4ms]  [91mstale[0m    (poll #1)  order=ab3bbb67
  [     62ms]  [91mstale[0m    (poll #2)  order=ab3bbb67
  [    119ms]  [91mstale[0m    (poll #3)  order=ab3bbb67
  [    180ms]  [92mVISIBLE[0m  (poll #4, X-Cache: MISS)  order=ab3bbb67

[96mOrder 169/200:[0m
  [      5ms]  [91mstale[0m    (poll #1)  order=68a61506
  [     66ms]  [91mstale[0m    (poll #2)  order=68a61506
  [    125ms]  [91mstale[0m    (poll #3)  order=68a61506
  [    191ms]  [91mstale[0m    (poll #4)  order=68a61506
  [    255ms]  [92mVISIBLE[0m  (poll #5, X-Cache: MISS)  order=68a61506

[96mOrder 170/200:[0m
  [      8ms]  [91mstale[0m    (poll #1)  order=9c7e8c9f
  [     71ms]  [91mstale[0m    (poll #2)  order=9c7e8c9f
  [    137ms]  [91mstale[0m    (poll #3)  order=9c7e8c9f
  [    207ms]  [91mstale[0m    (poll #4)  order=9c7e8c9f
  [    276ms]  [92mVISIBLE[0m  (poll #5, X-Cache: MISS)  order=9c7e8c9f

[96mOrder 171/200:[0m
  [      9ms]  [91mstale[0m    (poll #1)  order=41ce7b1a
  [     73ms]  [91mstale[0m    (poll #2)  order=41ce7b1a
  [    139ms]  [91mstale[0m    (poll #3)  order=41ce7b1a
  [    199ms]  [91mstale[0m    (poll #4)  order=41ce7b1a
  [    265ms]  [92mVISIBLE[0m  (poll #5, X-Cache: MISS)  order=41ce7b1a

[96mOrder 172/200:[0m
  [      9ms]  [91mstale[0m    (poll #1)  order=1907cde8
  [     71ms]  [91mstale[0m    (poll #2)  order=1907cde8
  [    137ms]  [91mstale[0m    (poll #3)  order=1907cde8
  [    202ms]  [91mstale[0m    (poll #4)  order=1907cde8
  [    270ms]  [92mVISIBLE[0m  (poll #5, X-Cache: MISS)  order=1907cde8

[96mOrder 173/200:[0m
  [      8ms]  [91mstale[0m    (poll #1)  order=1e581513
  [     67ms]  [91mstale[0m    (poll #2)  order=1e581513
  [    129ms]  [91mstale[0m    (poll #3)  order=1e581513
  [    197ms]  [92mVISIBLE[0m  (poll #4, X-Cache: MISS)  order=1e581513

[96mOrder 174/200:[0m
  [      6ms]  [91mstale[0m    (poll #1)  order=028eeebc
  [     70ms]  [91mstale[0m    (poll #2)  order=028eeebc
  [    133ms]  [91mstale[0m    (poll #3)  order=028eeebc
  [    199ms]  [91mstale[0m    (poll #4)  order=028eeebc
  [    272ms]  [92mVISIBLE[0m  (poll #5, X-Cache: MISS)  order=028eeebc

[96mOrder 175/200:[0m
  [      8ms]  [91mstale[0m    (poll #1)  order=e8916401
  [     73ms]  [91mstale[0m    (poll #2)  order=e8916401
  [    137ms]  [91mstale[0m    (poll #3)  order=e8916401
  [    203ms]  [92mVISIBLE[0m  (poll #4, X-Cache: MISS)  order=e8916401

[96mOrder 176/200:[0m
  [      7ms]  [91mstale[0m    (poll #1)  order=64043204
  [     71ms]  [91mstale[0m    (poll #2)  order=64043204
  [    132ms]  [91mstale[0m    (poll #3)  order=64043204
  [    199ms]  [91mstale[0m    (poll #4)  order=64043204
  [    267ms]  [92mVISIBLE[0m  (poll #5, X-Cache: MISS)  order=64043204

[96mOrder 177/200:[0m
  [      9ms]  [91mstale[0m    (poll #1)  order=738f73c8
  [     72ms]  [91mstale[0m    (poll #2)  order=738f73c8
  [    133ms]  [91mstale[0m    (poll #3)  order=738f73c8
  [    198ms]  [91mstale[0m    (poll #4)  order=738f73c8
  [    265ms]  [92mVISIBLE[0m  (poll #5, X-Cache: MISS)  order=738f73c8

[96mOrder 178/200:[0m
  [      7ms]  [91mstale[0m    (poll #1)  order=75e3bfb2
  [     67ms]  [91mstale[0m    (poll #2)  order=75e3bfb2
  [    131ms]  [91mstale[0m    (poll #3)  order=75e3bfb2
  [    196ms]  [91mstale[0m    (poll #4)  order=75e3bfb2
  [    266ms]  [92mVISIBLE[0m  (poll #5, X-Cache: MISS)  order=75e3bfb2

[96mOrder 179/200:[0m
  [      8ms]  [91mstale[0m    (poll #1)  order=ccffc87c
  [     73ms]  [91mstale[0m    (poll #2)  order=ccffc87c
  [    139ms]  [91mstale[0m    (poll #3)  order=ccffc87c
  [    204ms]  [91mstale[0m    (poll #4)  order=ccffc87c
  [    270ms]  [92mVISIBLE[0m  (poll #5, X-Cache: MISS)  order=ccffc87c

[96mOrder 180/200:[0m
  [      7ms]  [91mstale[0m    (poll #1)  order=06d02288
  [     72ms]  [91mstale[0m    (poll #2)  order=06d02288
  [    138ms]  [91mstale[0m    (poll #3)  order=06d02288
  [    209ms]  [92mVISIBLE[0m  (poll #4, X-Cache: MISS)  order=06d02288

[96mOrder 181/200:[0m
  [      7ms]  [91mstale[0m    (poll #1)  order=b94c55dc
  [     68ms]  [91mstale[0m    (poll #2)  order=b94c55dc
  [    131ms]  [91mstale[0m    (poll #3)  order=b94c55dc
  [    198ms]  [91mstale[0m    (poll #4)  order=b94c55dc
  [    257ms]  [92mVISIBLE[0m  (poll #5, X-Cache: MISS)  order=b94c55dc

[96mOrder 182/200:[0m
  [      4ms]  [91mstale[0m    (poll #1)  order=6b50f6a9
  [     63ms]  [91mstale[0m    (poll #2)  order=6b50f6a9
  [    124ms]  [91mstale[0m    (poll #3)  order=6b50f6a9
  [    182ms]  [91mstale[0m    (poll #4)  order=6b50f6a9
  [    244ms]  [92mVISIBLE[0m  (poll #5, X-Cache: MISS)  order=6b50f6a9

[96mOrder 183/200:[0m
  [      5ms]  [91mstale[0m    (poll #1)  order=04f82631
  [     67ms]  [91mstale[0m    (poll #2)  order=04f82631
  [    131ms]  [91mstale[0m    (poll #3)  order=04f82631
  [    199ms]  [91mstale[0m    (poll #4)  order=04f82631
  [    269ms]  [92mVISIBLE[0m  (poll #5, X-Cache: MISS)  order=04f82631

[96mOrder 184/200:[0m
  [      9ms]  [91mstale[0m    (poll #1)  order=cab0d2d7
  [     73ms]  [91mstale[0m    (poll #2)  order=cab0d2d7
  [    136ms]  [91mstale[0m    (poll #3)  order=cab0d2d7
  [    200ms]  [91mstale[0m    (poll #4)  order=cab0d2d7
  [    259ms]  [92mVISIBLE[0m  (poll #5, X-Cache: MISS)  order=cab0d2d7

[96mOrder 185/200:[0m
  [      6ms]  [91mstale[0m    (poll #1)  order=5ddf311c
  [     64ms]  [91mstale[0m    (poll #2)  order=5ddf311c
  [    128ms]  [91mstale[0m    (poll #3)  order=5ddf311c
  [    197ms]  [91mstale[0m    (poll #4)  order=5ddf311c
  [    266ms]  [92mVISIBLE[0m  (poll #5, X-Cache: MISS)  order=5ddf311c

[96mOrder 186/200:[0m
  [      4ms]  [91mstale[0m    (poll #1)  order=095daca7
  [     61ms]  [91mstale[0m    (poll #2)  order=095daca7
  [    122ms]  [91mstale[0m    (poll #3)  order=095daca7
  [    186ms]  [92mVISIBLE[0m  (poll #4, X-Cache: MISS)  order=095daca7

[96mOrder 187/200:[0m
  [      4ms]  [91mstale[0m    (poll #1)  order=65d1988a
  [     59ms]  [91mstale[0m    (poll #2)  order=65d1988a
  [    121ms]  [91mstale[0m    (poll #3)  order=65d1988a
  [    177ms]  [92mVISIBLE[0m  (poll #4, X-Cache: MISS)  order=65d1988a

[96mOrder 188/200:[0m
  [      4ms]  [91mstale[0m    (poll #1)  order=020035d0
  [     64ms]  [91mstale[0m    (poll #2)  order=020035d0
  [    127ms]  [91mstale[0m    (poll #3)  order=020035d0
  [    194ms]  [91mstale[0m    (poll #4)  order=020035d0
  [    257ms]  [92mVISIBLE[0m  (poll #5, X-Cache: MISS)  order=020035d0

[96mOrder 189/200:[0m
  [      6ms]  [91mstale[0m    (poll #1)  order=b676e379
  [     69ms]  [91mstale[0m    (poll #2)  order=b676e379
  [    131ms]  [91mstale[0m    (poll #3)  order=b676e379
  [    195ms]  [91mstale[0m    (poll #4)  order=b676e379
  [    260ms]  [92mVISIBLE[0m  (poll #5, X-Cache: MISS)  order=b676e379

[96mOrder 190/200:[0m
  [      7ms]  [91mstale[0m    (poll #1)  order=ead8e9eb
  [     70ms]  [91mstale[0m    (poll #2)  order=ead8e9eb
  [    131ms]  [91mstale[0m    (poll #3)  order=ead8e9eb
  [    193ms]  [92mVISIBLE[0m  (poll #4, X-Cache: MISS)  order=ead8e9eb

[96mOrder 191/200:[0m
  [      4ms]  [91mstale[0m    (poll #1)  order=3f60ae4b
  [     65ms]  [91mstale[0m    (poll #2)  order=3f60ae4b
  [    126ms]  [91mstale[0m    (poll #3)  order=3f60ae4b
  [    184ms]  [91mstale[0m    (poll #4)  order=3f60ae4b
  [    246ms]  [92mVISIBLE[0m  (poll #5, X-Cache: MISS)  order=3f60ae4b

[96mOrder 192/200:[0m
  [      3ms]  [91mstale[0m    (poll #1)  order=48e8b962
  [     63ms]  [91mstale[0m    (poll #2)  order=48e8b962
  [    128ms]  [91mstale[0m    (poll #3)  order=48e8b962
  [    190ms]  [91mstale[0m    (poll #4)  order=48e8b962
  [    255ms]  [92mVISIBLE[0m  (poll #5, X-Cache: MISS)  order=48e8b962

[96mOrder 193/200:[0m
  [     10ms]  [91mstale[0m    (poll #1)  order=8f0faa07
  [     70ms]  [91mstale[0m    (poll #2)  order=8f0faa07
  [    163ms]  [91mstale[0m    (poll #3)  order=8f0faa07
  [    224ms]  [91mstale[0m    (poll #4)  order=8f0faa07
  [    287ms]  [92mVISIBLE[0m  (poll #5, X-Cache: MISS)  order=8f0faa07

[96mOrder 194/200:[0m
  [      7ms]  [91mstale[0m    (poll #1)  order=fe8de27b
  [     66ms]  [91mstale[0m    (poll #2)  order=fe8de27b
  [    127ms]  [91mstale[0m    (poll #3)  order=fe8de27b
  [    192ms]  [91mstale[0m    (poll #4)  order=fe8de27b
  [    263ms]  [92mVISIBLE[0m  (poll #5, X-Cache: MISS)  order=fe8de27b

[96mOrder 195/200:[0m
  [      5ms]  [91mstale[0m    (poll #1)  order=3abb0605
  [     66ms]  [91mstale[0m    (poll #2)  order=3abb0605
  [    129ms]  [91mstale[0m    (poll #3)  order=3abb0605
  [    193ms]  [91mstale[0m    (poll #4)  order=3abb0605
  [    260ms]  [92mVISIBLE[0m  (poll #5, X-Cache: MISS)  order=3abb0605

[96mOrder 196/200:[0m
  [      7ms]  [91mstale[0m    (poll #1)  order=26c64517
  [     66ms]  [91mstale[0m    (poll #2)  order=26c64517
  [    127ms]  [91mstale[0m    (poll #3)  order=26c64517
  [    190ms]  [91mstale[0m    (poll #4)  order=26c64517
  [    250ms]  [92mVISIBLE[0m  (poll #5, X-Cache: MISS)  order=26c64517

[96mOrder 197/200:[0m
  [      4ms]  [91mstale[0m    (poll #1)  order=9e723c1f
  [     63ms]  [91mstale[0m    (poll #2)  order=9e723c1f
  [    120ms]  [91mstale[0m    (poll #3)  order=9e723c1f
  [    183ms]  [91mstale[0m    (poll #4)  order=9e723c1f
  [    246ms]  [92mVISIBLE[0m  (poll #5, X-Cache: MISS)  order=9e723c1f

[96mOrder 198/200:[0m
  [      9ms]  [91mstale[0m    (poll #1)  order=36ad0d9a
  [     73ms]  [91mstale[0m    (poll #2)  order=36ad0d9a
  [    133ms]  [91mstale[0m    (poll #3)  order=36ad0d9a
  [    201ms]  [91mstale[0m    (poll #4)  order=36ad0d9a
  [    270ms]  [92mVISIBLE[0m  (poll #5, X-Cache: MISS)  order=36ad0d9a

[96mOrder 199/200:[0m
  [      8ms]  [91mstale[0m    (poll #1)  order=3236def0
  [     72ms]  [91mstale[0m    (poll #2)  order=3236def0
  [    135ms]  [91mstale[0m    (poll #3)  order=3236def0
  [    203ms]  [91mstale[0m    (poll #4)  order=3236def0
  [    273ms]  [92mVISIBLE[0m  (poll #5, X-Cache: MISS)  order=3236def0

[96mOrder 200/200:[0m
  [      8ms]  [91mstale[0m    (poll #1)  order=fc9f937f
  [     71ms]  [91mstale[0m    (poll #2)  order=fc9f937f
  [    138ms]  [91mstale[0m    (poll #3)  order=fc9f937f
  [    200ms]  [91mstale[0m    (poll #4)  order=fc9f937f
  [    270ms]  [92mVISIBLE[0m  (poll #5, X-Cache: MISS)  order=fc9f937f

[1m=======================================================[0m
[1m  RESULTS  (N=200)[0m
[1m=======================================================[0m

  metric                    value
  --------------------------------
  consistency lag ms  
    p50                    259.9
    p95                    275.8
    p99                    287.2
    min                     69.1
    max                    311.2
  avg polls/read             4.7

  [93mWhat this means:[0m
  A user who placed an order and immediately refreshed
  would have seen no order for up to 311ms.
  During this window the read side is STALE — MongoDB has
  the event, but PostgreSQL has not projected it yet.

  [92mThe RYW cache fixes this:[0m
    bash restart.sh --delay 2   # same consumer lag, cache ON
    python scripts/consistency_demo.py
  → Every read returns in ~1ms (cache HIT, no PG needed).

