Stopping services and wiping volumes...

  cache:    DISABLED
  consumer: SLOW (0.01s/event)
  saga:     fast
  stream:   redis-stream :6379  (no memory limit)

Starting services...
time="2026-04-26T03:55:05+05:30" level=warning msg="/Users/akankshawattamwar/Desktop/CS315/CQRS/docker-compose.yml: the attribute `version` is obsolete, it will be ignored, please remove it to avoid potential confusion"
#1 [internal] load local bake definitions
#1 reading from stdin 1.05kB done
#1 DONE 0.0s

#2 [consumer internal] load build definition from Dockerfile
#2 transferring dockerfile: 186B done
#2 DONE 0.0s

#3 [saga internal] load build definition from Dockerfile
#3 transferring dockerfile: 365B done
#3 DONE 0.0s

#4 [consumer internal] load metadata for docker.io/library/python:3.12-slim
#4 DONE 1.0s

#5 [consumer internal] load .dockerignore
#5 transferring context: 2B done
#5 DONE 0.0s

#6 [saga internal] load .dockerignore
#6 transferring context: 2B done
#6 DONE 0.0s

#7 [consumer internal] load build context
#7 transferring context: 308B done
#7 DONE 0.0s

#8 [consumer 1/5] FROM docker.io/library/python:3.12-slim@sha256:46cb7cc2877e60fbd5e21a9ae6115c30ace7a077b9f8772da879e4590c18c2e3
#8 resolve docker.io/library/python:3.12-slim@sha256:46cb7cc2877e60fbd5e21a9ae6115c30ace7a077b9f8772da879e4590c18c2e3 done
#8 DONE 0.0s

#9 [consumer 2/5] WORKDIR /app
#9 CACHED

#10 [saga 2/7] WORKDIR /service
#10 CACHED

#11 [saga internal] load build context
#11 transferring context: 386B done
#11 DONE 0.0s

#12 [consumer 3/5] COPY requirements.txt .
#12 DONE 0.0s

#13 [saga 3/7] COPY saga/requirements.txt saga/
#13 DONE 0.0s

#14 [saga 4/7] RUN pip install --no-cache-dir -r saga/requirements.txt
#14 1.349 Collecting pymongo==4.7.2 (from -r saga/requirements.txt (line 1))
#14 1.431   Downloading pymongo-4.7.2-cp312-cp312-manylinux_2_17_aarch64.manylinux2014_aarch64.whl.metadata (22 kB)
#14 1.515 Collecting redis==5.0.5 (from -r saga/requirements.txt (line 2))
#14 1.535   Downloading redis-5.0.5-py3-none-any.whl.metadata (9.3 kB)
#14 1.686 Collecting psycopg2-binary==2.9.9 (from -r saga/requirements.txt (line 3))
#14 1.716   Downloading psycopg2_binary-2.9.9-cp312-cp312-manylinux_2_17_aarch64.manylinux2014_aarch64.whl.metadata (4.4 kB)
#14 1.750 Collecting dnspython<3.0.0,>=1.16.0 (from pymongo==4.7.2->-r saga/requirements.txt (line 1))
#14 1.775   Downloading dnspython-2.8.0-py3-none-any.whl.metadata (5.7 kB)
#14 1.823 Downloading pymongo-4.7.2-cp312-cp312-manylinux_2_17_aarch64.manylinux2014_aarch64.whl (688 kB)
#14 2.494    ━━━━━━━━━━━━━━━━━━━━━━━━━━━━━━━━━━━━━━━━ 689.0/689.0 kB 1.9 MB/s eta 0:00:00
#14 2.516 Downloading redis-5.0.5-py3-none-any.whl (251 kB)
#14 2.757 Downloading psycopg2_binary-2.9.9-cp312-cp312-manylinux_2_17_aarch64.manylinux2014_aarch64.whl (2.9 MB)
#14 3.462    ━━━━━━━━━━━━━━━━━━━━━━━━━━━━━━━━━━━━━━━━ 2.9/2.9 MB 4.2 MB/s eta 0:00:00
#14 3.487 Downloading dnspython-2.8.0-py3-none-any.whl (331 kB)
#14 3.622 Installing collected packages: redis, psycopg2-binary, dnspython, pymongo
#14 3.952 Successfully installed dnspython-2.8.0 psycopg2-binary-2.9.9 pymongo-4.7.2 redis-5.0.5
#14 3.952 WARNING: Running pip as the 'root' user can result in broken permissions and conflicting behaviour with the system package manager, possibly rendering your system unusable. It is recommended to use a virtual environment instead: https://pip.pypa.io/warnings/venv. Use the --root-user-action option if you know what you are doing and want to suppress this warning.
#14 4.068 
#14 4.068 [notice] A new release of pip is available: 25.0.1 -> 26.0.1
#14 4.068 [notice] To update, run: pip install --upgrade pip
#14 DONE 4.2s

#15 [saga 5/7] COPY write-api/events.py write-api/
#15 DONE 0.0s

#16 [saga 6/7] COPY saga/ saga/
#16 DONE 0.0s

#17 [saga 7/7] WORKDIR /service/saga
#17 DONE 0.0s

#18 [saga] exporting to image
#18 exporting layers
#18 ...

#19 [consumer 4/5] RUN pip install --no-cache-dir -r requirements.txt
#19 1.358 Collecting pymongo==4.7.2 (from -r requirements.txt (line 1))
#19 1.444   Downloading pymongo-4.7.2-cp312-cp312-manylinux_2_17_aarch64.manylinux2014_aarch64.whl.metadata (22 kB)
#19 1.526 Collecting redis==5.0.5 (from -r requirements.txt (line 2))
#19 1.543   Downloading redis-5.0.5-py3-none-any.whl.metadata (9.3 kB)
#19 1.696 Collecting psycopg2-binary==2.9.9 (from -r requirements.txt (line 3))
#19 1.727   Downloading psycopg2_binary-2.9.9-cp312-cp312-manylinux_2_17_aarch64.manylinux2014_aarch64.whl.metadata (4.4 kB)
#19 1.761 Collecting dnspython<3.0.0,>=1.16.0 (from pymongo==4.7.2->-r requirements.txt (line 1))
#19 1.790   Downloading dnspython-2.8.0-py3-none-any.whl.metadata (5.7 kB)
#19 1.836 Downloading pymongo-4.7.2-cp312-cp312-manylinux_2_17_aarch64.manylinux2014_aarch64.whl (688 kB)
#19 2.721    ━━━━━━━━━━━━━━━━━━━━━━━━━━━━━━━━━━━━━━━━ 689.0/689.0 kB 1.1 MB/s eta 0:00:00
#19 2.747 Downloading redis-5.0.5-py3-none-any.whl (251 kB)
#19 2.895 Downloading psycopg2_binary-2.9.9-cp312-cp312-manylinux_2_17_aarch64.manylinux2014_aarch64.whl (2.9 MB)
#19 3.742    ━━━━━━━━━━━━━━━━━━━━━━━━━━━━━━━━━━━━━━━━ 2.9/2.9 MB 3.4 MB/s eta 0:00:00
#19 3.762 Downloading dnspython-2.8.0-py3-none-any.whl (331 kB)
#19 3.817 Installing collected packages: redis, psycopg2-binary, dnspython, pymongo
#19 4.180 Successfully installed dnspython-2.8.0 psycopg2-binary-2.9.9 pymongo-4.7.2 redis-5.0.5
#19 4.181 WARNING: Running pip as the 'root' user can result in broken permissions and conflicting behaviour with the system package manager, possibly rendering your system unusable. It is recommended to use a virtual environment instead: https://pip.pypa.io/warnings/venv. Use the --root-user-action option if you know what you are doing and want to suppress this warning.
#19 4.311 
#19 4.311 [notice] A new release of pip is available: 25.0.1 -> 26.0.1
#19 4.311 [notice] To update, run: pip install --upgrade pip
#19 DONE 4.4s

#20 [consumer 5/5] COPY . .
#20 DONE 0.0s

#21 [consumer] exporting to image
#21 ...

#18 [saga] exporting to image
#18 exporting layers 0.5s done
#18 exporting manifest sha256:96aa45f9b30b1d9154356b7549b3bc8efee555ba101bce4b268e31bc42123489 done
#18 exporting config sha256:178001d26dc432feb291d19c4f3a69fc92dbbe5e0befb015589dcf6c8c156961 done
#18 exporting attestation manifest sha256:2176327a037749d3b9348deb39c49fbea537af4286c424e809701075aac01da0 done
#18 exporting manifest list sha256:59d6e6e6471f1b5376fe9873a8d97095e35a93685335300f29c054b09e44606f done
#18 naming to docker.io/library/cqrs-saga:latest done
#18 unpacking to docker.io/library/cqrs-saga:latest 0.1s done
#18 DONE 0.7s

#21 [consumer] exporting to image
#21 exporting layers 0.6s done
#21 exporting manifest sha256:0f53ad1444491d0c31fb019a7689dbc837c173f1a68fa4769f21e031aa0a0fa1 0.0s done
#21 exporting config sha256:de95ce58017ec9c940506687ac30f1bed4cf1582022d7e0dfe28ee015fac7972 done
#21 exporting attestation manifest sha256:e77e749887803e05350e30d748d2e023aad58a3e39aae7bc9d0837112cd898d8 done
#21 exporting manifest list sha256:f4036f0a68276b437af2439ea49f8ed8d6d9b616efa5ed186045cde12af57ccc done
#21 naming to docker.io/library/cqrs-consumer:latest done
#21 unpacking to docker.io/library/cqrs-consumer:latest
#21 unpacking to docker.io/library/cqrs-consumer:latest 0.1s done
#21 DONE 0.7s

#22 [saga] resolving provenance for metadata file
#22 DONE 0.0s

#23 [consumer] resolving provenance for metadata file
#23 DONE 0.0s
 cqrs-saga  Built
 cqrs-consumer  Built
time="2026-04-26T03:55:12+05:30" level=warning msg="/Users/akankshawattamwar/Desktop/CS315/CQRS/docker-compose.yml: the attribute `version` is obsolete, it will be ignored, please remove it to avoid potential confusion"
#1 [internal] load local bake definitions
#1 reading from stdin 2.42kB done
#1 DONE 0.0s

#2 [write-api internal] load build definition from Dockerfile
#2 transferring dockerfile: 225B done
#2 DONE 0.0s

#3 [frontend internal] load build definition from Dockerfile
#3 transferring dockerfile: 271B done
#3 DONE 0.0s

#4 [consumer internal] load build definition from Dockerfile
#4 transferring dockerfile: 186B done
#4 DONE 0.0s

#5 [saga internal] load build definition from Dockerfile
#5 transferring dockerfile: 365B done
#5 DONE 0.0s

#6 [read-api internal] load build definition from Dockerfile
#6 transferring dockerfile: 225B done
#6 DONE 0.0s

#7 [consumer internal] load metadata for docker.io/library/python:3.12-slim
#7 DONE 0.4s

#8 [read-api internal] load .dockerignore
#8 transferring context: 2B done
#8 DONE 0.0s

#9 [consumer internal] load .dockerignore
#9 transferring context: 2B done
#9 DONE 0.0s

#10 [saga internal] load .dockerignore
#10 transferring context: 2B done
#10 DONE 0.0s

#11 [write-api internal] load .dockerignore
#11 transferring context: 2B done
#11 DONE 0.0s

#12 [consumer internal] load build context
#12 transferring context: 308B done
#12 DONE 0.0s

#13 [read-api internal] load build context
#13 transferring context: 258B done
#13 DONE 0.0s

#14 [write-api internal] load build context
#14 transferring context: 341B done
#14 DONE 0.0s

#15 [write-api 1/5] FROM docker.io/library/python:3.12-slim@sha256:46cb7cc2877e60fbd5e21a9ae6115c30ace7a077b9f8772da879e4590c18c2e3
#15 resolve docker.io/library/python:3.12-slim@sha256:46cb7cc2877e60fbd5e21a9ae6115c30ace7a077b9f8772da879e4590c18c2e3 0.0s done
#15 DONE 0.0s

#16 [saga internal] load build context
#16 transferring context: 386B done
#16 DONE 0.0s

#17 [read-api 2/5] WORKDIR /app
#17 CACHED

#18 [read-api 3/5] COPY requirements.txt .
#18 CACHED

#19 [read-api 4/5] RUN pip install --no-cache-dir -r requirements.txt
#19 CACHED

#20 [read-api 5/5] COPY . .
#20 CACHED

#21 [consumer 4/5] RUN pip install --no-cache-dir -r requirements.txt
#21 CACHED

#22 [consumer 3/5] COPY requirements.txt .
#22 CACHED

#23 [consumer 5/5] COPY . .
#23 CACHED

#24 [write-api 4/5] RUN pip install --no-cache-dir -r requirements.txt
#24 CACHED

#17 [consumer 2/5] WORKDIR /app
#17 CACHED

#25 [write-api 3/5] COPY requirements.txt .
#25 CACHED

#26 [write-api 5/5] COPY . .
#26 CACHED

#27 [read-api] exporting to image
#27 exporting layers done
#27 exporting manifest sha256:c63ee61fb06e4bd063e843362129b868354c2f94e2566ad3c11bbd0548881470 done
#27 exporting config sha256:46bb870cf8127e2823c379c44ac9a3c0d6ee66fd1b3343341206f22ff23f7f62 done
#27 exporting attestation manifest sha256:82eb1ce7a78c4c163c044471c585e5825a1a445526f886bef67b42d8a062c99a done
#27 exporting manifest list sha256:2eb4004c03487e196660055eee16660ca02cc0605bfc0f61ad5689f97ed962ff done
#27 naming to docker.io/library/cqrs-read-api:latest done
#27 unpacking to docker.io/library/cqrs-read-api:latest done
#27 DONE 0.0s

#28 [consumer] exporting to image
#28 exporting layers done
#28 exporting manifest sha256:0f53ad1444491d0c31fb019a7689dbc837c173f1a68fa4769f21e031aa0a0fa1 done
#28 exporting config sha256:de95ce58017ec9c940506687ac30f1bed4cf1582022d7e0dfe28ee015fac7972 done
#28 exporting attestation manifest sha256:d8bd37f730435b42f06228ae7a13467144bbfc9592394a46ef507a9bcffb7152 0.0s done
#28 exporting manifest list sha256:5eb5615ed7c23d047acabd2125c135f316b0bf26c8f731a38c72033048c389e7 done
#28 naming to docker.io/library/cqrs-consumer:latest done
#28 unpacking to docker.io/library/cqrs-consumer:latest done
#28 DONE 0.1s

#29 [write-api] exporting to image
#29 exporting layers done
#29 exporting manifest sha256:92a21a99b40b6531c5801222236f42d6aa7bbf8b65d7634fc566f9392602e764 done
#29 exporting config sha256:be9fb26fa271ebf0c525960e70f2e967c21bf78a1eb2b7a7dc06e6d3ff4d3f55 done
#29 exporting attestation manifest sha256:41fef2f02c72118457fd3b99a590af402076ffc181becb08e8e9188275d1dae1 0.0s done
#29 exporting manifest list sha256:ab6ab8119355115012b1bab5d1294573b75309ba280a51d248db91e23f6b87bf done
#29 naming to docker.io/library/cqrs-write-api:latest done
#29 unpacking to docker.io/library/cqrs-write-api:latest done
#29 DONE 0.1s

#30 [read-api] resolving provenance for metadata file
#30 DONE 0.0s

#31 [saga 4/7] RUN pip install --no-cache-dir -r saga/requirements.txt
#31 CACHED

#32 [saga 6/7] COPY saga/ saga/
#32 CACHED

#33 [saga 2/7] WORKDIR /service
#33 CACHED

#34 [saga 5/7] COPY write-api/events.py write-api/
#34 CACHED

#35 [saga 3/7] COPY saga/requirements.txt saga/
#35 CACHED

#36 [saga 7/7] WORKDIR /service/saga
#36 CACHED

#37 [saga] exporting to image
#37 exporting layers done
#37 exporting manifest sha256:96aa45f9b30b1d9154356b7549b3bc8efee555ba101bce4b268e31bc42123489 done
#37 exporting config sha256:178001d26dc432feb291d19c4f3a69fc92dbbe5e0befb015589dcf6c8c156961 done
#37 exporting attestation manifest sha256:ff7e69d56cc2e139de3e0f075cfba4d5205ad87549ac0ee964502a34f87f393a done
#37 exporting manifest list sha256:ff91c55d5790d453a859bcc4b01d7fd09d7e448ce3ac40c605f4dadfef3f1e6c done
#37 naming to docker.io/library/cqrs-saga:latest done
#37 unpacking to docker.io/library/cqrs-saga:latest done
#37 DONE 0.0s

#38 [write-api] resolving provenance for metadata file
#38 DONE 0.0s

#39 [consumer] resolving provenance for metadata file
#39 DONE 0.0s

#40 [saga] resolving provenance for metadata file
#40 DONE 0.0s

#41 [frontend internal] load metadata for docker.io/library/node:20-alpine
#41 DONE 0.9s

#42 [frontend internal] load metadata for docker.io/library/nginx:alpine
#42 DONE 0.9s

#43 [frontend internal] load .dockerignore
#43 transferring context: 2B done
#43 DONE 0.0s

#44 [frontend stage-1 1/3] FROM docker.io/library/nginx:alpine@sha256:5616878291a2eed594aee8db4dade5878cf7edcb475e59193904b198d9b830de
#44 resolve docker.io/library/nginx:alpine@sha256:5616878291a2eed594aee8db4dade5878cf7edcb475e59193904b198d9b830de done
#44 DONE 0.0s

#45 [frontend build 1/6] FROM docker.io/library/node:20-alpine@sha256:fb4cd12c85ee03686f6af5362a0b0d56d50c58a04632e6c0fb8363f609372293
#45 resolve docker.io/library/node:20-alpine@sha256:fb4cd12c85ee03686f6af5362a0b0d56d50c58a04632e6c0fb8363f609372293 done
#45 DONE 0.0s

#46 [frontend internal] load build context
#46 transferring context: 185.58kB 0.1s done
#46 DONE 0.1s

#47 [frontend build 6/6] RUN npm run build
#47 CACHED

#48 [frontend stage-1 2/3] COPY --from=build /app/dist /usr/share/nginx/html
#48 CACHED

#49 [frontend build 3/6] COPY package.json ./
#49 CACHED

#50 [frontend build 5/6] COPY . .
#50 CACHED

#51 [frontend build 4/6] RUN npm install
#51 CACHED

#52 [frontend build 2/6] WORKDIR /app
#52 CACHED

#53 [frontend stage-1 3/3] COPY nginx.conf /etc/nginx/conf.d/default.conf
#53 CACHED

#54 [frontend] exporting to image
#54 exporting layers done
#54 exporting manifest sha256:32782dd8e2053c61118ccbb621867087941de406675097f92803716fedafab00 done
#54 exporting config sha256:64d46ad231b32d64275256ac207db88e0b5dd078678dcdc752d464f80305d609 done
#54 exporting attestation manifest sha256:490c5de6abf2dca265d47de9423409d9bf5ecb00af6c85448b7bdd75793c9008 done
#54 exporting manifest list sha256:b1fae82a43d537a2eba4146c061cd2d1138d8e1be602fec765dec60808e32850 done
#54 naming to docker.io/library/cqrs-frontend:latest done
#54 unpacking to docker.io/library/cqrs-frontend:latest done
#54 DONE 0.1s

#55 [frontend] resolving provenance for metadata file
#55 DONE 0.0s
 cqrs-consumer  Built
 cqrs-read-api  Built
 cqrs-frontend  Built
 cqrs-write-api  Built
 cqrs-saga  Built
 Network cqrs_default  Creating
 Network cqrs_default  Created
 Volume "cqrs_postgres_data"  Creating
 Volume "cqrs_postgres_data"  Created
 Volume "cqrs_mongo_data"  Creating
 Volume "cqrs_mongo_data"  Created
 Container cqrs-mongodb-1  Creating
 Container cqrs-redis-stream-1  Creating
 Container cqrs-postgres-1  Creating
 Container cqrs-redis-cache-1  Creating
 Container cqrs-mongodb-1  Created
 Container cqrs-redis-cache-1  Created
 Container cqrs-postgres-1  Created
 Container cqrs-read-api-1  Creating
 Container cqrs-redis-stream-1  Created
 Container cqrs-consumer-1  Creating
 Container cqrs-saga-1  Creating
 Container cqrs-write-api-1  Creating
 Container cqrs-read-api-1  Created
 Container cqrs-frontend-1  Creating
 Container cqrs-write-api-1  Created
 Container cqrs-saga-1  Created
 Container cqrs-consumer-1  Created
 Container cqrs-frontend-1  Created
 Container cqrs-mongodb-1  Starting
 Container cqrs-redis-cache-1  Starting
 Container cqrs-redis-stream-1  Starting
 Container cqrs-postgres-1  Starting
 Container cqrs-redis-stream-1  Started
 Container cqrs-postgres-1  Started
 Container cqrs-mongodb-1  Started
 Container cqrs-postgres-1  Waiting
 Container cqrs-mongodb-1  Waiting
 Container cqrs-redis-stream-1  Waiting
 Container cqrs-redis-stream-1  Waiting
 Container cqrs-postgres-1  Waiting
 Container cqrs-mongodb-1  Waiting
 Container cqrs-redis-cache-1  Started
 Container cqrs-redis-stream-1  Waiting
 Container cqrs-redis-cache-1  Waiting
 Container cqrs-mongodb-1  Waiting
 Container cqrs-postgres-1  Waiting
 Container cqrs-redis-cache-1  Waiting
 Container cqrs-redis-stream-1  Healthy
 Container cqrs-redis-stream-1  Healthy
 Container cqrs-postgres-1  Healthy
 Container cqrs-postgres-1  Healthy
 Container cqrs-redis-stream-1  Healthy
 Container cqrs-postgres-1  Healthy
 Container cqrs-redis-cache-1  Healthy
 Container cqrs-redis-cache-1  Healthy
 Container cqrs-read-api-1  Starting
 Container cqrs-read-api-1  Started
 Container cqrs-frontend-1  Starting
 Container cqrs-frontend-1  Started
 Container cqrs-mongodb-1  Healthy
 Container cqrs-mongodb-1  Healthy
 Container cqrs-consumer-1  Starting
 Container cqrs-saga-1  Starting
 Container cqrs-mongodb-1  Healthy
 Container cqrs-write-api-1  Starting
 Container cqrs-consumer-1  Started
 Container cqrs-saga-1  Started
 Container cqrs-write-api-1  Started
Waiting for APIs to be ready...
Clearing MongoDB events and sagas...
time="2026-04-26T03:55:26+05:30" level=warning msg="/Users/akankshawattamwar/Desktop/CS315/CQRS/docker-compose.yml: the attribute `version` is obsolete, it will be ignored, please remove it to avoid potential confusion"
MongoDB cleared
All services up.
Logs: docker compose logs -f [write-api|read-api|consumer|saga]

[1m=======================================================[0m
[1m  EVENTUAL CONSISTENCY DEMO — 100 orders[0m
[1m=======================================================[0m

  Write path:  Write API → MongoDB → Redis Stream
  Read path:   Consumer → PostgreSQL ← Read API
  Cache:       DISABLED (DISABLE_CACHE set)

[96mOrder 1/100:[0m
  [     13ms]  [91mstale[0m    (poll #1)  order=9c51fc2e
  [     74ms]  [92mVISIBLE[0m  (poll #2, X-Cache: MISS)  order=9c51fc2e

[96mOrder 2/100:[0m
  [      3ms]  [91mstale[0m    (poll #1)  order=cc850c7e
  [     59ms]  [92mVISIBLE[0m  (poll #2, X-Cache: MISS)  order=cc850c7e

[96mOrder 3/100:[0m
  [      3ms]  [91mstale[0m    (poll #1)  order=a93ad699
  [     60ms]  [92mVISIBLE[0m  (poll #2, X-Cache: MISS)  order=a93ad699

[96mOrder 4/100:[0m
  [      4ms]  [91mstale[0m    (poll #1)  order=8f53221f
  [     64ms]  [92mVISIBLE[0m  (poll #2, X-Cache: MISS)  order=8f53221f

[96mOrder 5/100:[0m
  [      5ms]  [91mstale[0m    (poll #1)  order=1711b259
  [     64ms]  [92mVISIBLE[0m  (poll #2, X-Cache: MISS)  order=1711b259

[96mOrder 6/100:[0m
  [      4ms]  [91mstale[0m    (poll #1)  order=1d78fefe
  [     64ms]  [92mVISIBLE[0m  (poll #2, X-Cache: MISS)  order=1d78fefe

[96mOrder 7/100:[0m
  [      4ms]  [91mstale[0m    (poll #1)  order=f01b04b8
  [     64ms]  [92mVISIBLE[0m  (poll #2, X-Cache: MISS)  order=f01b04b8

[96mOrder 8/100:[0m
  [      4ms]  [91mstale[0m    (poll #1)  order=38435b85
  [     64ms]  [92mVISIBLE[0m  (poll #2, X-Cache: MISS)  order=38435b85

[96mOrder 9/100:[0m
  [      5ms]  [91mstale[0m    (poll #1)  order=3f0aa46f
  [     70ms]  [92mVISIBLE[0m  (poll #2, X-Cache: MISS)  order=3f0aa46f

[96mOrder 10/100:[0m
  [      3ms]  [91mstale[0m    (poll #1)  order=2e30a17f
  [     61ms]  [92mVISIBLE[0m  (poll #2, X-Cache: MISS)  order=2e30a17f

[96mOrder 11/100:[0m
  [      4ms]  [91mstale[0m    (poll #1)  order=d5dfd0bb
  [     60ms]  [92mVISIBLE[0m  (poll #2, X-Cache: MISS)  order=d5dfd0bb

[96mOrder 12/100:[0m
  [      4ms]  [91mstale[0m    (poll #1)  order=b0fff882
  [     64ms]  [92mVISIBLE[0m  (poll #2, X-Cache: MISS)  order=b0fff882

[96mOrder 13/100:[0m
  [      3ms]  [91mstale[0m    (poll #1)  order=b00656c3
  [     59ms]  [92mVISIBLE[0m  (poll #2, X-Cache: MISS)  order=b00656c3

[96mOrder 14/100:[0m
  [      4ms]  [91mstale[0m    (poll #1)  order=a88230c3
  [     65ms]  [92mVISIBLE[0m  (poll #2, X-Cache: MISS)  order=a88230c3

[96mOrder 15/100:[0m
  [      4ms]  [91mstale[0m    (poll #1)  order=ae397b6a
  [     66ms]  [92mVISIBLE[0m  (poll #2, X-Cache: MISS)  order=ae397b6a

[96mOrder 16/100:[0m
  [      4ms]  [91mstale[0m    (poll #1)  order=93cbed9c
  [     64ms]  [92mVISIBLE[0m  (poll #2, X-Cache: MISS)  order=93cbed9c

[96mOrder 17/100:[0m
  [      4ms]  [91mstale[0m    (poll #1)  order=fd917bc5
  [     62ms]  [92mVISIBLE[0m  (poll #2, X-Cache: MISS)  order=fd917bc5

[96mOrder 18/100:[0m
  [      4ms]  [91mstale[0m    (poll #1)  order=38c33e26
  [     64ms]  [92mVISIBLE[0m  (poll #2, X-Cache: MISS)  order=38c33e26

[96mOrder 19/100:[0m
  [      3ms]  [91mstale[0m    (poll #1)  order=3a8fef29
  [     64ms]  [92mVISIBLE[0m  (poll #2, X-Cache: MISS)  order=3a8fef29

[96mOrder 20/100:[0m
  [      3ms]  [91mstale[0m    (poll #1)  order=43977281
  [     64ms]  [92mVISIBLE[0m  (poll #2, X-Cache: MISS)  order=43977281

[96mOrder 21/100:[0m
  [      3ms]  [91mstale[0m    (poll #1)  order=017a5b1c
  [     64ms]  [92mVISIBLE[0m  (poll #2, X-Cache: MISS)  order=017a5b1c

[96mOrder 22/100:[0m
  [      3ms]  [91mstale[0m    (poll #1)  order=1f69d610
  [     60ms]  [92mVISIBLE[0m  (poll #2, X-Cache: MISS)  order=1f69d610

[96mOrder 23/100:[0m
  [      4ms]  [91mstale[0m    (poll #1)  order=edd20012
  [     64ms]  [92mVISIBLE[0m  (poll #2, X-Cache: MISS)  order=edd20012

[96mOrder 24/100:[0m
  [      4ms]  [91mstale[0m    (poll #1)  order=f7d48700
  [     65ms]  [92mVISIBLE[0m  (poll #2, X-Cache: MISS)  order=f7d48700

[96mOrder 25/100:[0m
  [      4ms]  [91mstale[0m    (poll #1)  order=ad7ca3fe
  [     64ms]  [92mVISIBLE[0m  (poll #2, X-Cache: MISS)  order=ad7ca3fe

[96mOrder 26/100:[0m
  [      4ms]  [91mstale[0m    (poll #1)  order=1234c875
  [     66ms]  [92mVISIBLE[0m  (poll #2, X-Cache: MISS)  order=1234c875

[96mOrder 27/100:[0m
  [      4ms]  [91mstale[0m    (poll #1)  order=b3517757
  [     65ms]  [92mVISIBLE[0m  (poll #2, X-Cache: MISS)  order=b3517757

[96mOrder 28/100:[0m
  [      4ms]  [91mstale[0m    (poll #1)  order=98f21eae
  [     65ms]  [92mVISIBLE[0m  (poll #2, X-Cache: MISS)  order=98f21eae

[96mOrder 29/100:[0m
  [      4ms]  [91mstale[0m    (poll #1)  order=bbf79206
  [     65ms]  [92mVISIBLE[0m  (poll #2, X-Cache: MISS)  order=bbf79206

[96mOrder 30/100:[0m
  [      4ms]  [91mstale[0m    (poll #1)  order=4d9a0ed7
  [     65ms]  [92mVISIBLE[0m  (poll #2, X-Cache: MISS)  order=4d9a0ed7

[96mOrder 31/100:[0m
  [      4ms]  [91mstale[0m    (poll #1)  order=c5b78e88
  [     64ms]  [92mVISIBLE[0m  (poll #2, X-Cache: MISS)  order=c5b78e88

[96mOrder 32/100:[0m
  [      4ms]  [91mstale[0m    (poll #1)  order=e92a7697
  [     65ms]  [92mVISIBLE[0m  (poll #2, X-Cache: MISS)  order=e92a7697

[96mOrder 33/100:[0m
  [      4ms]  [91mstale[0m    (poll #1)  order=1c6bf0de
  [     64ms]  [92mVISIBLE[0m  (poll #2, X-Cache: MISS)  order=1c6bf0de

[96mOrder 34/100:[0m
  [      4ms]  [91mstale[0m    (poll #1)  order=690ea495
  [     62ms]  [92mVISIBLE[0m  (poll #2, X-Cache: MISS)  order=690ea495

[96mOrder 35/100:[0m
  [      3ms]  [91mstale[0m    (poll #1)  order=471703e8
  [     63ms]  [92mVISIBLE[0m  (poll #2, X-Cache: MISS)  order=471703e8

[96mOrder 36/100:[0m
  [      4ms]  [91mstale[0m    (poll #1)  order=47403c75
  [     64ms]  [92mVISIBLE[0m  (poll #2, X-Cache: MISS)  order=47403c75

[96mOrder 37/100:[0m
  [      4ms]  [91mstale[0m    (poll #1)  order=1a1c2f09
  [     64ms]  [92mVISIBLE[0m  (poll #2, X-Cache: MISS)  order=1a1c2f09

[96mOrder 38/100:[0m
  [      4ms]  [91mstale[0m    (poll #1)  order=f29c324b
  [     62ms]  [92mVISIBLE[0m  (poll #2, X-Cache: MISS)  order=f29c324b

[96mOrder 39/100:[0m
  [      4ms]  [91mstale[0m    (poll #1)  order=befbe709
  [     60ms]  [92mVISIBLE[0m  (poll #2, X-Cache: MISS)  order=befbe709

[96mOrder 40/100:[0m
  [      4ms]  [91mstale[0m    (poll #1)  order=8b4d205f
  [     65ms]  [92mVISIBLE[0m  (poll #2, X-Cache: MISS)  order=8b4d205f

[96mOrder 41/100:[0m
  [      4ms]  [91mstale[0m    (poll #1)  order=1b8d6729
  [     64ms]  [92mVISIBLE[0m  (poll #2, X-Cache: MISS)  order=1b8d6729

[96mOrder 42/100:[0m
  [      3ms]  [91mstale[0m    (poll #1)  order=4ed298b4
  [     59ms]  [92mVISIBLE[0m  (poll #2, X-Cache: MISS)  order=4ed298b4

[96mOrder 43/100:[0m
  [      3ms]  [91mstale[0m    (poll #1)  order=33b7670c
  [     59ms]  [92mVISIBLE[0m  (poll #2, X-Cache: MISS)  order=33b7670c

[96mOrder 44/100:[0m
  [      3ms]  [91mstale[0m    (poll #1)  order=35f04f97
  [     61ms]  [92mVISIBLE[0m  (poll #2, X-Cache: MISS)  order=35f04f97

[96mOrder 45/100:[0m
  [      4ms]  [91mstale[0m    (poll #1)  order=7c42fb81
  [     60ms]  [92mVISIBLE[0m  (poll #2, X-Cache: MISS)  order=7c42fb81

[96mOrder 46/100:[0m
  [      4ms]  [91mstale[0m    (poll #1)  order=fc60b5eb
  [     63ms]  [92mVISIBLE[0m  (poll #2, X-Cache: MISS)  order=fc60b5eb

[96mOrder 47/100:[0m
  [      4ms]  [91mstale[0m    (poll #1)  order=d1049db1
  [     64ms]  [92mVISIBLE[0m  (poll #2, X-Cache: MISS)  order=d1049db1

[96mOrder 48/100:[0m
  [      4ms]  [91mstale[0m    (poll #1)  order=1ea5200b
  [     64ms]  [92mVISIBLE[0m  (poll #2, X-Cache: MISS)  order=1ea5200b

[96mOrder 49/100:[0m
  [      4ms]  [91mstale[0m    (poll #1)  order=06b660da
  [     65ms]  [92mVISIBLE[0m  (poll #2, X-Cache: MISS)  order=06b660da

[96mOrder 50/100:[0m
  [      4ms]  [91mstale[0m    (poll #1)  order=9e5e56f2
  [     63ms]  [92mVISIBLE[0m  (poll #2, X-Cache: MISS)  order=9e5e56f2

[96mOrder 51/100:[0m
  [      4ms]  [91mstale[0m    (poll #1)  order=53c8b6ad
  [     61ms]  [92mVISIBLE[0m  (poll #2, X-Cache: MISS)  order=53c8b6ad

[96mOrder 52/100:[0m
  [      3ms]  [91mstale[0m    (poll #1)  order=3429320b
  [     61ms]  [92mVISIBLE[0m  (poll #2, X-Cache: MISS)  order=3429320b

[96mOrder 53/100:[0m
  [      4ms]  [91mstale[0m    (poll #1)  order=66ff97bc
  [     65ms]  [92mVISIBLE[0m  (poll #2, X-Cache: MISS)  order=66ff97bc

[96mOrder 54/100:[0m
  [      5ms]  [91mstale[0m    (poll #1)  order=1153f871
  [     65ms]  [92mVISIBLE[0m  (poll #2, X-Cache: MISS)  order=1153f871

[96mOrder 55/100:[0m
  [      3ms]  [91mstale[0m    (poll #1)  order=adddb20a
  [     64ms]  [92mVISIBLE[0m  (poll #2, X-Cache: MISS)  order=adddb20a

[96mOrder 56/100:[0m
  [      4ms]  [91mstale[0m    (poll #1)  order=7ff887a0
  [     62ms]  [92mVISIBLE[0m  (poll #2, X-Cache: MISS)  order=7ff887a0

[96mOrder 57/100:[0m
  [      4ms]  [91mstale[0m    (poll #1)  order=1114fb0f
  [     65ms]  [92mVISIBLE[0m  (poll #2, X-Cache: MISS)  order=1114fb0f

[96mOrder 58/100:[0m
  [      4ms]  [91mstale[0m    (poll #1)  order=391f8ef1
  [     61ms]  [92mVISIBLE[0m  (poll #2, X-Cache: MISS)  order=391f8ef1

[96mOrder 59/100:[0m
  [      4ms]  [91mstale[0m    (poll #1)  order=1678b033
  [     64ms]  [92mVISIBLE[0m  (poll #2, X-Cache: MISS)  order=1678b033

[96mOrder 60/100:[0m
  [      4ms]  [91mstale[0m    (poll #1)  order=aadf7c87
  [     65ms]  [92mVISIBLE[0m  (poll #2, X-Cache: MISS)  order=aadf7c87

[96mOrder 61/100:[0m
  [      4ms]  [91mstale[0m    (poll #1)  order=63d5bae7
  [     64ms]  [92mVISIBLE[0m  (poll #2, X-Cache: MISS)  order=63d5bae7

[96mOrder 62/100:[0m
  [      4ms]  [91mstale[0m    (poll #1)  order=19063d42
  [     64ms]  [92mVISIBLE[0m  (poll #2, X-Cache: MISS)  order=19063d42

[96mOrder 63/100:[0m
  [      4ms]  [91mstale[0m    (poll #1)  order=854a94d1
  [     60ms]  [92mVISIBLE[0m  (poll #2, X-Cache: MISS)  order=854a94d1

[96mOrder 64/100:[0m
  [      4ms]  [91mstale[0m    (poll #1)  order=4ded51be
  [     60ms]  [92mVISIBLE[0m  (poll #2, X-Cache: MISS)  order=4ded51be

[96mOrder 65/100:[0m
  [      4ms]  [91mstale[0m    (poll #1)  order=e67c1332
  [     62ms]  [92mVISIBLE[0m  (poll #2, X-Cache: MISS)  order=e67c1332

[96mOrder 66/100:[0m
  [      4ms]  [91mstale[0m    (poll #1)  order=1a4f5c8c
  [     62ms]  [92mVISIBLE[0m  (poll #2, X-Cache: MISS)  order=1a4f5c8c

[96mOrder 67/100:[0m
  [      4ms]  [91mstale[0m    (poll #1)  order=6cb92225
  [     64ms]  [92mVISIBLE[0m  (poll #2, X-Cache: MISS)  order=6cb92225

[96mOrder 68/100:[0m
  [      4ms]  [91mstale[0m    (poll #1)  order=8824c5ca
  [     64ms]  [92mVISIBLE[0m  (poll #2, X-Cache: MISS)  order=8824c5ca

[96mOrder 69/100:[0m
  [      4ms]  [91mstale[0m    (poll #1)  order=076b3431
  [     64ms]  [92mVISIBLE[0m  (poll #2, X-Cache: MISS)  order=076b3431

[96mOrder 70/100:[0m
  [      3ms]  [91mstale[0m    (poll #1)  order=384202b8
  [     64ms]  [92mVISIBLE[0m  (poll #2, X-Cache: MISS)  order=384202b8

[96mOrder 71/100:[0m
  [      4ms]  [91mstale[0m    (poll #1)  order=6b9e8522
  [     61ms]  [92mVISIBLE[0m  (poll #2, X-Cache: MISS)  order=6b9e8522

[96mOrder 72/100:[0m
  [      4ms]  [91mstale[0m    (poll #1)  order=1fc5b5fb
  [     64ms]  [92mVISIBLE[0m  (poll #2, X-Cache: MISS)  order=1fc5b5fb

[96mOrder 73/100:[0m
  [      4ms]  [91mstale[0m    (poll #1)  order=a95b31e8
  [     64ms]  [92mVISIBLE[0m  (poll #2, X-Cache: MISS)  order=a95b31e8

[96mOrder 74/100:[0m
  [      4ms]  [91mstale[0m    (poll #1)  order=de229a22
  [     65ms]  [92mVISIBLE[0m  (poll #2, X-Cache: MISS)  order=de229a22

[96mOrder 75/100:[0m
  [      4ms]  [91mstale[0m    (poll #1)  order=011dfbd9
  [     65ms]  [92mVISIBLE[0m  (poll #2, X-Cache: MISS)  order=011dfbd9

[96mOrder 76/100:[0m
  [      4ms]  [91mstale[0m    (poll #1)  order=c37389af
  [     64ms]  [92mVISIBLE[0m  (poll #2, X-Cache: MISS)  order=c37389af

[96mOrder 77/100:[0m
  [      4ms]  [91mstale[0m    (poll #1)  order=37270ebc
  [     62ms]  [92mVISIBLE[0m  (poll #2, X-Cache: MISS)  order=37270ebc

[96mOrder 78/100:[0m
  [      4ms]  [91mstale[0m    (poll #1)  order=ef626819
  [     64ms]  [92mVISIBLE[0m  (poll #2, X-Cache: MISS)  order=ef626819

[96mOrder 79/100:[0m
  [      4ms]  [91mstale[0m    (poll #1)  order=63033f16
  [     64ms]  [92mVISIBLE[0m  (poll #2, X-Cache: MISS)  order=63033f16

[96mOrder 80/100:[0m
  [      4ms]  [91mstale[0m    (poll #1)  order=34289c63
  [     65ms]  [92mVISIBLE[0m  (poll #2, X-Cache: MISS)  order=34289c63

[96mOrder 81/100:[0m
  [      4ms]  [91mstale[0m    (poll #1)  order=2520d869
  [     63ms]  [92mVISIBLE[0m  (poll #2, X-Cache: MISS)  order=2520d869

[96mOrder 82/100:[0m
  [      4ms]  [91mstale[0m    (poll #1)  order=9e019459
  [     64ms]  [92mVISIBLE[0m  (poll #2, X-Cache: MISS)  order=9e019459

[96mOrder 83/100:[0m
  [      4ms]  [91mstale[0m    (poll #1)  order=2e0ac3d4
  [     59ms]  [92mVISIBLE[0m  (poll #2, X-Cache: MISS)  order=2e0ac3d4

[96mOrder 84/100:[0m
  [      4ms]  [91mstale[0m    (poll #1)  order=b7a4511e
  [     62ms]  [92mVISIBLE[0m  (poll #2, X-Cache: MISS)  order=b7a4511e

[96mOrder 85/100:[0m
  [      4ms]  [91mstale[0m    (poll #1)  order=757e035b
  [     65ms]  [92mVISIBLE[0m  (poll #2, X-Cache: MISS)  order=757e035b

[96mOrder 86/100:[0m
  [      4ms]  [91mstale[0m    (poll #1)  order=1784c175
  [     64ms]  [92mVISIBLE[0m  (poll #2, X-Cache: MISS)  order=1784c175

[96mOrder 87/100:[0m
  [      4ms]  [91mstale[0m    (poll #1)  order=e7642db9
  [     64ms]  [92mVISIBLE[0m  (poll #2, X-Cache: MISS)  order=e7642db9

[96mOrder 88/100:[0m
  [      4ms]  [91mstale[0m    (poll #1)  order=82403501
  [     62ms]  [92mVISIBLE[0m  (poll #2, X-Cache: MISS)  order=82403501

[96mOrder 89/100:[0m
  [      4ms]  [91mstale[0m    (poll #1)  order=293c65b5
  [     64ms]  [92mVISIBLE[0m  (poll #2, X-Cache: MISS)  order=293c65b5

[96mOrder 90/100:[0m
  [      4ms]  [91mstale[0m    (poll #1)  order=71046ba2
  [     64ms]  [92mVISIBLE[0m  (poll #2, X-Cache: MISS)  order=71046ba2

[96mOrder 91/100:[0m
  [      4ms]  [91mstale[0m    (poll #1)  order=d1c72c4b
  [     62ms]  [92mVISIBLE[0m  (poll #2, X-Cache: MISS)  order=d1c72c4b

[96mOrder 92/100:[0m
  [      5ms]  [91mstale[0m    (poll #1)  order=64901c74
  [     66ms]  [92mVISIBLE[0m  (poll #2, X-Cache: MISS)  order=64901c74

[96mOrder 93/100:[0m
  [      4ms]  [91mstale[0m    (poll #1)  order=93a8609a
  [     60ms]  [92mVISIBLE[0m  (poll #2, X-Cache: MISS)  order=93a8609a

[96mOrder 94/100:[0m
  [      3ms]  [91mstale[0m    (poll #1)  order=8420ec3a
  [     62ms]  [92mVISIBLE[0m  (poll #2, X-Cache: MISS)  order=8420ec3a

[96mOrder 95/100:[0m
  [      4ms]  [91mstale[0m    (poll #1)  order=91dcc673
  [     64ms]  [92mVISIBLE[0m  (poll #2, X-Cache: MISS)  order=91dcc673

[96mOrder 96/100:[0m
  [      4ms]  [91mstale[0m    (poll #1)  order=54b703f6
  [     61ms]  [92mVISIBLE[0m  (poll #2, X-Cache: MISS)  order=54b703f6

[96mOrder 97/100:[0m
  [      4ms]  [91mstale[0m    (poll #1)  order=aa2ab959
  [     64ms]  [92mVISIBLE[0m  (poll #2, X-Cache: MISS)  order=aa2ab959

[96mOrder 98/100:[0m
  [      4ms]  [91mstale[0m    (poll #1)  order=fc33aa1a
  [     61ms]  [92mVISIBLE[0m  (poll #2, X-Cache: MISS)  order=fc33aa1a

[96mOrder 99/100:[0m
  [      4ms]  [91mstale[0m    (poll #1)  order=147ba9cd
  [     62ms]  [92mVISIBLE[0m  (poll #2, X-Cache: MISS)  order=147ba9cd

[96mOrder 100/100:[0m
  [      4ms]  [91mstale[0m    (poll #1)  order=5bbfb53b
  [     60ms]  [92mVISIBLE[0m  (poll #2, X-Cache: MISS)  order=5bbfb53b

[1m=======================================================[0m
[1m  RESULTS  (N=100)[0m
[1m=======================================================[0m

  metric                    value
  --------------------------------
  consistency lag ms  
    p50                     63.9
    p95                     65.5
    p99                     74.0
    min                     58.7
    max                     74.0
  avg polls/read             2.0

  [93mWhat this means:[0m
  A user who placed an order and immediately refreshed
  would have seen no order for up to 74ms.
  During this window the read side is STALE — MongoDB has
  the event, but PostgreSQL has not projected it yet.

  [92mThe RYW cache fixes this:[0m
    bash restart.sh --delay 2   # same consumer lag, cache ON
    python scripts/consistency_demo.py
  → Every read returns in ~1ms (cache HIT, no PG needed).

