Stopping services and wiping volumes...

  cache:    DISABLED
  consumer: SLOW (0.01s/event)
  saga:     fast
  stream:   redis-stream :6379  (no memory limit)

Starting services...
time="2026-04-26T04:07:38+05:30" level=warning msg="/Users/akankshawattamwar/Desktop/CS315/CQRS/docker-compose.yml: the attribute `version` is obsolete, it will be ignored, please remove it to avoid potential confusion"
#1 [internal] load local bake definitions
#1 reading from stdin 1.05kB done
#1 DONE 0.0s

#2 [saga internal] load build definition from Dockerfile
#2 transferring dockerfile: 365B done
#2 DONE 0.0s

#3 [consumer internal] load build definition from Dockerfile
#3 transferring dockerfile: 186B done
#3 DONE 0.0s

#4 [saga internal] load metadata for docker.io/library/python:3.12-slim
#4 DONE 1.0s

#5 [consumer internal] load .dockerignore
#5 transferring context: 2B done
#5 DONE 0.0s

#6 [saga internal] load .dockerignore
#6 transferring context: 2B done
#6 DONE 0.0s

#7 [consumer internal] load build context
#7 transferring context: 308B done
#7 DONE 0.0s

#8 [saga 1/5] FROM docker.io/library/python:3.12-slim@sha256:46cb7cc2877e60fbd5e21a9ae6115c30ace7a077b9f8772da879e4590c18c2e3
#8 resolve docker.io/library/python:3.12-slim@sha256:46cb7cc2877e60fbd5e21a9ae6115c30ace7a077b9f8772da879e4590c18c2e3 done
#8 DONE 0.0s

#9 [consumer 2/5] WORKDIR /app
#9 CACHED

#10 [saga 2/7] WORKDIR /service
#10 CACHED

#11 [saga internal] load build context
#11 transferring context: 386B done
#11 DONE 0.0s

#12 [consumer 3/5] COPY requirements.txt .
#12 DONE 0.0s

#13 [saga 3/7] COPY saga/requirements.txt saga/
#13 DONE 0.0s

#14 [saga 4/7] RUN pip install --no-cache-dir -r saga/requirements.txt
#14 2.091 Collecting pymongo==4.7.2 (from -r saga/requirements.txt (line 1))
#14 2.166   Downloading pymongo-4.7.2-cp312-cp312-manylinux_2_17_aarch64.manylinux2014_aarch64.whl.metadata (22 kB)
#14 2.237 Collecting redis==5.0.5 (from -r saga/requirements.txt (line 2))
#14 2.262   Downloading redis-5.0.5-py3-none-any.whl.metadata (9.3 kB)
#14 2.367 Collecting psycopg2-binary==2.9.9 (from -r saga/requirements.txt (line 3))
#14 2.387   Downloading psycopg2_binary-2.9.9-cp312-cp312-manylinux_2_17_aarch64.manylinux2014_aarch64.whl.metadata (4.4 kB)
#14 2.416 Collecting dnspython<3.0.0,>=1.16.0 (from pymongo==4.7.2->-r saga/requirements.txt (line 1))
#14 2.435   Downloading dnspython-2.8.0-py3-none-any.whl.metadata (5.7 kB)
#14 2.477 Downloading pymongo-4.7.2-cp312-cp312-manylinux_2_17_aarch64.manylinux2014_aarch64.whl (688 kB)
#14 2.730    ━━━━━━━━━━━━━━━━━━━━━━━━━━━━━━━━━━━━━━━━ 689.0/689.0 kB 2.5 MB/s eta 0:00:00
#14 2.768 Downloading redis-5.0.5-py3-none-any.whl (251 kB)
#14 2.897 Downloading psycopg2_binary-2.9.9-cp312-cp312-manylinux_2_17_aarch64.manylinux2014_aarch64.whl (2.9 MB)
#14 3.837    ━━━━━━━━━━━━━━━━━━━━━━━━━━━━━━━━━━━━━━━━ 2.9/2.9 MB 2.9 MB/s eta 0:00:00
#14 3.907 Downloading dnspython-2.8.0-py3-none-any.whl (331 kB)
#14 4.036 Installing collected packages: redis, psycopg2-binary, dnspython, pymongo
#14 4.369 Successfully installed dnspython-2.8.0 psycopg2-binary-2.9.9 pymongo-4.7.2 redis-5.0.5
#14 4.369 WARNING: Running pip as the 'root' user can result in broken permissions and conflicting behaviour with the system package manager, possibly rendering your system unusable. It is recommended to use a virtual environment instead: https://pip.pypa.io/warnings/venv. Use the --root-user-action option if you know what you are doing and want to suppress this warning.
#14 4.599 
#14 4.599 [notice] A new release of pip is available: 25.0.1 -> 26.0.1
#14 4.599 [notice] To update, run: pip install --upgrade pip
#14 DONE 4.7s

#15 [saga 5/7] COPY write-api/events.py write-api/
#15 DONE 0.0s

#16 [saga 6/7] COPY saga/ saga/
#16 DONE 0.0s

#17 [saga 7/7] WORKDIR /service/saga
#17 DONE 0.0s

#18 [saga] exporting to image
#18 exporting layers
#18 ...

#19 [consumer 4/5] RUN pip install --no-cache-dir -r requirements.txt
#19 2.093 Collecting pymongo==4.7.2 (from -r requirements.txt (line 1))
#19 2.173   Downloading pymongo-4.7.2-cp312-cp312-manylinux_2_17_aarch64.manylinux2014_aarch64.whl.metadata (22 kB)
#19 2.244 Collecting redis==5.0.5 (from -r requirements.txt (line 2))
#19 2.268   Downloading redis-5.0.5-py3-none-any.whl.metadata (9.3 kB)
#19 2.374 Collecting psycopg2-binary==2.9.9 (from -r requirements.txt (line 3))
#19 2.394   Downloading psycopg2_binary-2.9.9-cp312-cp312-manylinux_2_17_aarch64.manylinux2014_aarch64.whl.metadata (4.4 kB)
#19 2.423 Collecting dnspython<3.0.0,>=1.16.0 (from pymongo==4.7.2->-r requirements.txt (line 1))
#19 2.443   Downloading dnspython-2.8.0-py3-none-any.whl.metadata (5.7 kB)
#19 2.482 Downloading pymongo-4.7.2-cp312-cp312-manylinux_2_17_aarch64.manylinux2014_aarch64.whl (688 kB)
#19 2.787    ━━━━━━━━━━━━━━━━━━━━━━━━━━━━━━━━━━━━━━━━ 689.0/689.0 kB 2.7 MB/s eta 0:00:00
#19 2.858 Downloading redis-5.0.5-py3-none-any.whl (251 kB)
#19 2.977 Downloading psycopg2_binary-2.9.9-cp312-cp312-manylinux_2_17_aarch64.manylinux2014_aarch64.whl (2.9 MB)
#19 4.221    ━━━━━━━━━━━━━━━━━━━━━━━━━━━━━━━━━━━━━━━━ 2.9/2.9 MB 2.2 MB/s eta 0:00:00
#19 4.239 Downloading dnspython-2.8.0-py3-none-any.whl (331 kB)
#19 4.303 Installing collected packages: redis, psycopg2-binary, dnspython, pymongo
#19 4.714 Successfully installed dnspython-2.8.0 psycopg2-binary-2.9.9 pymongo-4.7.2 redis-5.0.5
#19 4.715 WARNING: Running pip as the 'root' user can result in broken permissions and conflicting behaviour with the system package manager, possibly rendering your system unusable. It is recommended to use a virtual environment instead: https://pip.pypa.io/warnings/venv. Use the --root-user-action option if you know what you are doing and want to suppress this warning.
#19 4.847 
#19 4.847 [notice] A new release of pip is available: 25.0.1 -> 26.0.1
#19 4.847 [notice] To update, run: pip install --upgrade pip
#19 DONE 4.9s

#20 [consumer 5/5] COPY . .
#20 DONE 0.0s

#21 [consumer] exporting to image
#21 exporting layers 0.6s done
#21 ...

#18 [saga] exporting to image
#18 exporting layers 0.6s done
#18 exporting manifest sha256:efa88eb0ed4523e95ccd1585d3bfd088119e607e644f1ec9971bac6eae8c92d2 done
#18 exporting config sha256:2385cf167363707f85cef8728e17daf19a0592ae2b919b49eb8dccea84de9b11 done
#18 exporting attestation manifest sha256:3a7cf6ae6ea3d9f0aef45fb27a9d1b9767eee252ba12d87e63217c06dd3c1270 done
#18 exporting manifest list sha256:a1c49294602da8df86079251ba59b884ce2d1b23687933214e70378bb9f6cc0f done
#18 naming to docker.io/library/cqrs-saga:latest done
#18 unpacking to docker.io/library/cqrs-saga:latest 0.1s done
#18 DONE 0.7s

#21 [consumer] exporting to image
#21 exporting manifest sha256:dab520c7f82c8c7ceb65affc3d99fb92b80a070e3df58ca88ee1599d6ee84582 done
#21 exporting config sha256:52cb32d8fd8d6344b01edcffc57e44f4f9910c783e2a584bb58289e8fc78c876 done
#21 exporting attestation manifest sha256:3f1cf1b938fa1ab8e9a3756012d2c576496280ba029a4d11f33845bb0bbfb81e 0.0s done
#21 exporting manifest list sha256:e9b44e42231362dc2ef6f2a3a413186c965b58ce62dba7c39b194d61e5255d6d done
#21 naming to docker.io/library/cqrs-consumer:latest done
#21 unpacking to docker.io/library/cqrs-consumer:latest
#21 unpacking to docker.io/library/cqrs-consumer:latest 0.3s done
#21 DONE 0.9s

#22 [saga] resolving provenance for metadata file
#22 DONE 0.0s

#23 [consumer] resolving provenance for metadata file
#23 DONE 0.0s
 cqrs-saga  Built
 cqrs-consumer  Built
time="2026-04-26T04:07:45+05:30" level=warning msg="/Users/akankshawattamwar/Desktop/CS315/CQRS/docker-compose.yml: the attribute `version` is obsolete, it will be ignored, please remove it to avoid potential confusion"
#1 [internal] load local bake definitions
#1 reading from stdin 2.42kB done
#1 DONE 0.0s

#2 [saga internal] load build definition from Dockerfile
#2 transferring dockerfile: 365B done
#2 DONE 0.0s

#3 [frontend internal] load build definition from Dockerfile
#3 transferring dockerfile: 271B done
#3 DONE 0.0s

#4 [consumer internal] load build definition from Dockerfile
#4 transferring dockerfile: 186B done
#4 DONE 0.0s

#5 [read-api internal] load build definition from Dockerfile
#5 transferring dockerfile: 225B done
#5 DONE 0.0s

#6 [write-api internal] load build definition from Dockerfile
#6 transferring dockerfile: 225B done
#6 DONE 0.0s

#7 [write-api internal] load metadata for docker.io/library/python:3.12-slim
#7 DONE 0.4s

#8 [write-api internal] load .dockerignore
#8 transferring context: 2B done
#8 DONE 0.0s

#9 [read-api internal] load .dockerignore
#9 transferring context: 2B done
#9 DONE 0.0s

#10 [consumer internal] load .dockerignore
#10 transferring context: 2B done
#10 DONE 0.0s

#11 [saga internal] load .dockerignore
#11 transferring context: 2B done
#11 DONE 0.0s

#12 [write-api internal] load build context
#12 transferring context: 341B done
#12 DONE 0.0s

#13 [read-api internal] load build context
#13 transferring context: 258B done
#13 DONE 0.0s

#14 [consumer internal] load build context
#14 transferring context: 308B done
#14 DONE 0.0s

#15 [consumer 1/5] FROM docker.io/library/python:3.12-slim@sha256:46cb7cc2877e60fbd5e21a9ae6115c30ace7a077b9f8772da879e4590c18c2e3
#15 resolve docker.io/library/python:3.12-slim@sha256:46cb7cc2877e60fbd5e21a9ae6115c30ace7a077b9f8772da879e4590c18c2e3 0.0s done
#15 DONE 0.0s

#16 [saga internal] load build context
#16 transferring context: 386B done
#16 DONE 0.0s

#17 [write-api 4/5] RUN pip install --no-cache-dir -r requirements.txt
#17 CACHED

#18 [write-api 3/5] COPY requirements.txt .
#18 CACHED

#19 [write-api 5/5] COPY . .
#19 CACHED

#20 [consumer 3/5] COPY requirements.txt .
#20 CACHED

#21 [consumer 4/5] RUN pip install --no-cache-dir -r requirements.txt
#21 CACHED

#22 [read-api 3/5] COPY requirements.txt .
#22 CACHED

#23 [read-api 2/5] WORKDIR /app
#23 CACHED

#24 [read-api 4/5] RUN pip install --no-cache-dir -r requirements.txt
#24 CACHED

#25 [read-api 5/5] COPY . .
#25 CACHED

#26 [write-api] exporting to image
#26 exporting layers
#26 exporting layers done
#26 exporting manifest sha256:92a21a99b40b6531c5801222236f42d6aa7bbf8b65d7634fc566f9392602e764 done
#26 exporting config sha256:be9fb26fa271ebf0c525960e70f2e967c21bf78a1eb2b7a7dc06e6d3ff4d3f55 done
#26 exporting attestation manifest sha256:7a47cf41ccd1dd9e129f1370d72debb45b34488a7a77cb2916a045fa3fbc04dd done
#26 exporting manifest list sha256:d29c84619b8b5fcf3abfd4e098b7517c6b831135de2c76df810ed2adb79de842 done
#26 naming to docker.io/library/cqrs-write-api:latest done
#26 unpacking to docker.io/library/cqrs-write-api:latest done
#26 DONE 0.0s

#27 [consumer 5/5] COPY . .
#27 CACHED

#28 [write-api] resolving provenance for metadata file
#28 DONE 0.0s

#29 [consumer] exporting to image
#29 exporting layers done
#29 exporting manifest sha256:dab520c7f82c8c7ceb65affc3d99fb92b80a070e3df58ca88ee1599d6ee84582 done
#29 exporting config sha256:52cb32d8fd8d6344b01edcffc57e44f4f9910c783e2a584bb58289e8fc78c876 done
#29 exporting attestation manifest sha256:0f0e62f3b5ac2626d6b2957c24940401972c0e2d45d4b1a0b80c38c260940a37 0.0s done
#29 exporting manifest list sha256:500128d049a8018233addad3a7fb91a76c295653352a3b4ea027ff7e5984eee3 0.0s done
#29 naming to docker.io/library/cqrs-consumer:latest done
#29 unpacking to docker.io/library/cqrs-consumer:latest 0.0s done
#29 DONE 0.1s

#30 [read-api] exporting to image
#30 exporting layers done
#30 exporting manifest sha256:c63ee61fb06e4bd063e843362129b868354c2f94e2566ad3c11bbd0548881470 done
#30 exporting config sha256:46bb870cf8127e2823c379c44ac9a3c0d6ee66fd1b3343341206f22ff23f7f62 done
#30 exporting attestation manifest sha256:47456389a0cb8a2289dcf63564bf26ec35d5476255906afd386c4fa21b2988a0 0.0s done
#30 exporting manifest list sha256:2abee539069eabc1ccf578399c8f84d3f87bceeb77dbe9999074012a511788b5 done
#30 naming to docker.io/library/cqrs-read-api:latest done
#30 unpacking to docker.io/library/cqrs-read-api:latest done
#30 DONE 0.1s

#31 [saga 6/7] COPY saga/ saga/
#31 CACHED

#32 [saga 5/7] COPY write-api/events.py write-api/
#32 CACHED

#33 [saga 2/7] WORKDIR /service
#33 CACHED

#34 [saga 3/7] COPY saga/requirements.txt saga/
#34 CACHED

#35 [saga 4/7] RUN pip install --no-cache-dir -r saga/requirements.txt
#35 CACHED

#36 [saga 7/7] WORKDIR /service/saga
#36 CACHED

#37 [read-api] resolving provenance for metadata file
#37 DONE 0.0s

#38 [consumer] resolving provenance for metadata file
#38 DONE 0.0s

#39 [saga] exporting to image
#39 exporting layers done
#39 exporting manifest sha256:efa88eb0ed4523e95ccd1585d3bfd088119e607e644f1ec9971bac6eae8c92d2 done
#39 exporting config sha256:2385cf167363707f85cef8728e17daf19a0592ae2b919b49eb8dccea84de9b11 done
#39 exporting attestation manifest sha256:1b33468950aaca602b52ecec9c420a88703fc81fb7e41a190ab5111ce6d7a4b0 done
#39 exporting manifest list sha256:41fd30a73fe9fcda5fec7bcafbaf2203af280bbd0fdf71a6f7dd2c58e210983e done
#39 naming to docker.io/library/cqrs-saga:latest done
#39 unpacking to docker.io/library/cqrs-saga:latest done
#39 DONE 0.0s

#40 [saga] resolving provenance for metadata file
#40 DONE 0.0s

#41 [frontend internal] load metadata for docker.io/library/node:20-alpine
#41 DONE 0.9s

#42 [frontend internal] load metadata for docker.io/library/nginx:alpine
#42 DONE 0.9s

#43 [frontend internal] load .dockerignore
#43 transferring context: 2B done
#43 DONE 0.0s

#44 [frontend build 1/6] FROM docker.io/library/node:20-alpine@sha256:fb4cd12c85ee03686f6af5362a0b0d56d50c58a04632e6c0fb8363f609372293
#44 resolve docker.io/library/node:20-alpine@sha256:fb4cd12c85ee03686f6af5362a0b0d56d50c58a04632e6c0fb8363f609372293 0.0s done
#44 DONE 0.0s

#45 [frontend stage-1 1/3] FROM docker.io/library/nginx:alpine@sha256:5616878291a2eed594aee8db4dade5878cf7edcb475e59193904b198d9b830de
#45 resolve docker.io/library/nginx:alpine@sha256:5616878291a2eed594aee8db4dade5878cf7edcb475e59193904b198d9b830de 0.0s done
#45 DONE 0.0s

#46 [frontend internal] load build context
#46 transferring context: 185.58kB 0.1s done
#46 DONE 0.1s

#47 [frontend build 4/6] RUN npm install
#47 CACHED

#48 [frontend build 6/6] RUN npm run build
#48 CACHED

#49 [frontend stage-1 2/3] COPY --from=build /app/dist /usr/share/nginx/html
#49 CACHED

#50 [frontend build 2/6] WORKDIR /app
#50 CACHED

#51 [frontend build 5/6] COPY . .
#51 CACHED

#52 [frontend build 3/6] COPY package.json ./
#52 CACHED

#53 [frontend stage-1 3/3] COPY nginx.conf /etc/nginx/conf.d/default.conf
#53 CACHED

#54 [frontend] exporting to image
#54 exporting layers done
#54 exporting manifest sha256:32782dd8e2053c61118ccbb621867087941de406675097f92803716fedafab00 done
#54 exporting config sha256:64d46ad231b32d64275256ac207db88e0b5dd078678dcdc752d464f80305d609 done
#54 exporting attestation manifest sha256:4206425854a014812305c780e58f142c8e73c88b0cfab6b9701e7d39d9912d29 0.0s done
#54 exporting manifest list sha256:b68e55ece264d62e53128cb021c86249d3a88a8005f2bf873533430cea9ce040 done
#54 naming to docker.io/library/cqrs-frontend:latest done
#54 unpacking to docker.io/library/cqrs-frontend:latest done
#54 DONE 0.0s

#55 [frontend] resolving provenance for metadata file
#55 DONE 0.0s
 cqrs-frontend  Built
 cqrs-write-api  Built
 cqrs-saga  Built
 cqrs-consumer  Built
 cqrs-read-api  Built
 Network cqrs_default  Creating
 Network cqrs_default  Created
 Volume "cqrs_mongo_data"  Creating
 Volume "cqrs_mongo_data"  Created
 Volume "cqrs_postgres_data"  Creating
 Volume "cqrs_postgres_data"  Created
 Container cqrs-mongodb-1  Creating
 Container cqrs-postgres-1  Creating
 Container cqrs-redis-cache-1  Creating
 Container cqrs-redis-stream-1  Creating
 Container cqrs-mongodb-1  Created
 Container cqrs-redis-stream-1  Created
 Container cqrs-redis-cache-1  Created
 Container cqrs-write-api-1  Creating
 Container cqrs-postgres-1  Created
 Container cqrs-saga-1  Creating
 Container cqrs-consumer-1  Creating
 Container cqrs-read-api-1  Creating
 Container cqrs-read-api-1  Created
 Container cqrs-frontend-1  Creating
 Container cqrs-write-api-1  Created
 Container cqrs-consumer-1  Created
 Container cqrs-saga-1  Created
 Container cqrs-frontend-1  Created
 Container cqrs-postgres-1  Starting
 Container cqrs-mongodb-1  Starting
 Container cqrs-redis-stream-1  Starting
 Container cqrs-redis-cache-1  Starting
 Container cqrs-redis-stream-1  Started
 Container cqrs-mongodb-1  Started
 Container cqrs-redis-cache-1  Started
 Container cqrs-mongodb-1  Waiting
 Container cqrs-redis-stream-1  Waiting
 Container cqrs-redis-cache-1  Waiting
 Container cqrs-postgres-1  Started
 Container cqrs-redis-cache-1  Waiting
 Container cqrs-postgres-1  Waiting
 Container cqrs-redis-stream-1  Waiting
 Container cqrs-postgres-1  Waiting
 Container cqrs-mongodb-1  Waiting
 Container cqrs-redis-stream-1  Waiting
 Container cqrs-mongodb-1  Waiting
 Container cqrs-postgres-1  Waiting
 Container cqrs-redis-stream-1  Healthy
 Container cqrs-redis-stream-1  Healthy
 Container cqrs-redis-cache-1  Healthy
 Container cqrs-postgres-1  Healthy
 Container cqrs-postgres-1  Healthy
 Container cqrs-redis-stream-1  Healthy
 Container cqrs-redis-cache-1  Healthy
 Container cqrs-read-api-1  Starting
 Container cqrs-postgres-1  Healthy
 Container cqrs-read-api-1  Started
 Container cqrs-frontend-1  Starting
 Container cqrs-frontend-1  Started
 Container cqrs-mongodb-1  Healthy
 Container cqrs-write-api-1  Starting
 Container cqrs-mongodb-1  Healthy
 Container cqrs-saga-1  Starting
 Container cqrs-mongodb-1  Healthy
 Container cqrs-consumer-1  Starting
 Container cqrs-consumer-1  Started
 Container cqrs-write-api-1  Started
 Container cqrs-saga-1  Started
Waiting for APIs to be ready...
Clearing MongoDB events and sagas...
time="2026-04-26T04:07:59+05:30" level=warning msg="/Users/akankshawattamwar/Desktop/CS315/CQRS/docker-compose.yml: the attribute `version` is obsolete, it will be ignored, please remove it to avoid potential confusion"
MongoDB cleared
All services up.
Logs: docker compose logs -f [write-api|read-api|consumer|saga]

[1m=======================================================[0m
[1m  EVENTUAL CONSISTENCY DEMO — 500 orders[0m
[1m=======================================================[0m

  Write path:  Write API → MongoDB → Redis Stream
  Read path:   Consumer → PostgreSQL ← Read API
  Cache:       DISABLED (DISABLE_CACHE set)

[96mOrder 1/500:[0m
  [     10ms]  [91mstale[0m    (poll #1)  order=1a126c3c
  [     69ms]  [92mVISIBLE[0m  (poll #2, X-Cache: MISS)  order=1a126c3c

[96mOrder 2/500:[0m
  [      3ms]  [91mstale[0m    (poll #1)  order=7fca7ab1
  [     62ms]  [92mVISIBLE[0m  (poll #2, X-Cache: MISS)  order=7fca7ab1

[96mOrder 3/500:[0m
  [      5ms]  [91mstale[0m    (poll #1)  order=8faa7027
  [     65ms]  [92mVISIBLE[0m  (poll #2, X-Cache: MISS)  order=8faa7027

[96mOrder 4/500:[0m
  [      4ms]  [91mstale[0m    (poll #1)  order=6f4b93ee
  [     62ms]  [92mVISIBLE[0m  (poll #2, X-Cache: MISS)  order=6f4b93ee

[96mOrder 5/500:[0m
  [      4ms]  [91mstale[0m    (poll #1)  order=289d8ec8
  [     61ms]  [92mVISIBLE[0m  (poll #2, X-Cache: MISS)  order=289d8ec8

[96mOrder 6/500:[0m
  [      4ms]  [91mstale[0m    (poll #1)  order=d8341583
  [     61ms]  [92mVISIBLE[0m  (poll #2, X-Cache: MISS)  order=d8341583

[96mOrder 7/500:[0m
  [      5ms]  [91mstale[0m    (poll #1)  order=2cb549e3
  [     69ms]  [92mVISIBLE[0m  (poll #2, X-Cache: MISS)  order=2cb549e3

[96mOrder 8/500:[0m
  [     10ms]  [91mstale[0m    (poll #1)  order=f270320b
  [     68ms]  [92mVISIBLE[0m  (poll #2, X-Cache: MISS)  order=f270320b

[96mOrder 9/500:[0m
  [      4ms]  [91mstale[0m    (poll #1)  order=b84df7dc
  [     68ms]  [92mVISIBLE[0m  (poll #2, X-Cache: MISS)  order=b84df7dc

[96mOrder 10/500:[0m
  [      4ms]  [91mstale[0m    (poll #1)  order=f84b9b57
  [     64ms]  [92mVISIBLE[0m  (poll #2, X-Cache: MISS)  order=f84b9b57

[96mOrder 11/500:[0m
  [      4ms]  [91mstale[0m    (poll #1)  order=db772ad9
  [     64ms]  [92mVISIBLE[0m  (poll #2, X-Cache: MISS)  order=db772ad9

[96mOrder 12/500:[0m
  [      4ms]  [91mstale[0m    (poll #1)  order=bb545f77
  [     62ms]  [92mVISIBLE[0m  (poll #2, X-Cache: MISS)  order=bb545f77

[96mOrder 13/500:[0m
  [      4ms]  [91mstale[0m    (poll #1)  order=c1613c9a
  [     64ms]  [92mVISIBLE[0m  (poll #2, X-Cache: MISS)  order=c1613c9a

[96mOrder 14/500:[0m
  [      4ms]  [91mstale[0m    (poll #1)  order=540f2b7c
  [     64ms]  [92mVISIBLE[0m  (poll #2, X-Cache: MISS)  order=540f2b7c

[96mOrder 15/500:[0m
  [      4ms]  [91mstale[0m    (poll #1)  order=9061e100
  [     67ms]  [92mVISIBLE[0m  (poll #2, X-Cache: MISS)  order=9061e100

[96mOrder 16/500:[0m
  [      5ms]  [91mstale[0m    (poll #1)  order=48f809e1
  [     65ms]  [92mVISIBLE[0m  (poll #2, X-Cache: MISS)  order=48f809e1

[96mOrder 17/500:[0m
  [      5ms]  [91mstale[0m    (poll #1)  order=34ee3e3f
  [     65ms]  [92mVISIBLE[0m  (poll #2, X-Cache: MISS)  order=34ee3e3f

[96mOrder 18/500:[0m
  [      5ms]  [91mstale[0m    (poll #1)  order=5808904c
  [     66ms]  [92mVISIBLE[0m  (poll #2, X-Cache: MISS)  order=5808904c

[96mOrder 19/500:[0m
  [      5ms]  [91mstale[0m    (poll #1)  order=878e7fbb
  [     61ms]  [92mVISIBLE[0m  (poll #2, X-Cache: MISS)  order=878e7fbb

[96mOrder 20/500:[0m
  [      4ms]  [91mstale[0m    (poll #1)  order=38e96c48
  [     62ms]  [92mVISIBLE[0m  (poll #2, X-Cache: MISS)  order=38e96c48

[96mOrder 21/500:[0m
  [      5ms]  [91mstale[0m    (poll #1)  order=e624f5eb
  [     61ms]  [92mVISIBLE[0m  (poll #2, X-Cache: MISS)  order=e624f5eb

[96mOrder 22/500:[0m
  [      5ms]  [91mstale[0m    (poll #1)  order=14c727e9
  [     65ms]  [92mVISIBLE[0m  (poll #2, X-Cache: MISS)  order=14c727e9

[96mOrder 23/500:[0m
  [      4ms]  [91mstale[0m    (poll #1)  order=e82a269e
  [     65ms]  [92mVISIBLE[0m  (poll #2, X-Cache: MISS)  order=e82a269e

[96mOrder 24/500:[0m
  [      4ms]  [91mstale[0m    (poll #1)  order=49b0b27b
  [     67ms]  [92mVISIBLE[0m  (poll #2, X-Cache: MISS)  order=49b0b27b

[96mOrder 25/500:[0m
  [      4ms]  [91mstale[0m    (poll #1)  order=dd2445bf
  [     63ms]  [92mVISIBLE[0m  (poll #2, X-Cache: MISS)  order=dd2445bf

[96mOrder 26/500:[0m
  [      4ms]  [91mstale[0m    (poll #1)  order=f78d1e7e
  [     64ms]  [92mVISIBLE[0m  (poll #2, X-Cache: MISS)  order=f78d1e7e

[96mOrder 27/500:[0m
  [      5ms]  [91mstale[0m    (poll #1)  order=5218b4be
  [     66ms]  [92mVISIBLE[0m  (poll #2, X-Cache: MISS)  order=5218b4be

[96mOrder 28/500:[0m
  [      5ms]  [91mstale[0m    (poll #1)  order=2ac95b4b
  [     65ms]  [92mVISIBLE[0m  (poll #2, X-Cache: MISS)  order=2ac95b4b

[96mOrder 29/500:[0m
  [      5ms]  [91mstale[0m    (poll #1)  order=3f1bb29d
  [     66ms]  [92mVISIBLE[0m  (poll #2, X-Cache: MISS)  order=3f1bb29d

[96mOrder 30/500:[0m
  [      4ms]  [91mstale[0m    (poll #1)  order=47958f57
  [     64ms]  [92mVISIBLE[0m  (poll #2, X-Cache: MISS)  order=47958f57

[96mOrder 31/500:[0m
  [      5ms]  [91mstale[0m    (poll #1)  order=47be06d4
  [     65ms]  [92mVISIBLE[0m  (poll #2, X-Cache: MISS)  order=47be06d4

[96mOrder 32/500:[0m
  [      7ms]  [91mstale[0m    (poll #1)  order=dac763f6
  [     70ms]  [92mVISIBLE[0m  (poll #2, X-Cache: MISS)  order=dac763f6

[96mOrder 33/500:[0m
  [      5ms]  [91mstale[0m    (poll #1)  order=b1bcf674
  [     67ms]  [92mVISIBLE[0m  (poll #2, X-Cache: MISS)  order=b1bcf674

[96mOrder 34/500:[0m
  [      5ms]  [91mstale[0m    (poll #1)  order=ecc6ae0e
  [     65ms]  [92mVISIBLE[0m  (poll #2, X-Cache: MISS)  order=ecc6ae0e

[96mOrder 35/500:[0m
  [      5ms]  [91mstale[0m    (poll #1)  order=bfca2e8b
  [     66ms]  [92mVISIBLE[0m  (poll #2, X-Cache: MISS)  order=bfca2e8b

[96mOrder 36/500:[0m
  [      5ms]  [91mstale[0m    (poll #1)  order=17135d4e
  [     66ms]  [92mVISIBLE[0m  (poll #2, X-Cache: MISS)  order=17135d4e

[96mOrder 37/500:[0m
  [      5ms]  [91mstale[0m    (poll #1)  order=7f6c5138
  [     65ms]  [92mVISIBLE[0m  (poll #2, X-Cache: MISS)  order=7f6c5138

[96mOrder 38/500:[0m
  [      4ms]  [91mstale[0m    (poll #1)  order=53536ae0
  [     65ms]  [92mVISIBLE[0m  (poll #2, X-Cache: MISS)  order=53536ae0

[96mOrder 39/500:[0m
  [      5ms]  [91mstale[0m    (poll #1)  order=5db52c3c
  [     64ms]  [92mVISIBLE[0m  (poll #2, X-Cache: MISS)  order=5db52c3c

[96mOrder 40/500:[0m
  [      4ms]  [91mstale[0m    (poll #1)  order=5e2c027f
  [     61ms]  [92mVISIBLE[0m  (poll #2, X-Cache: MISS)  order=5e2c027f

[96mOrder 41/500:[0m
  [      4ms]  [91mstale[0m    (poll #1)  order=5b2147ae
  [     61ms]  [92mVISIBLE[0m  (poll #2, X-Cache: MISS)  order=5b2147ae

[96mOrder 42/500:[0m
  [      4ms]  [91mstale[0m    (poll #1)  order=bc6ce9ca
  [     60ms]  [92mVISIBLE[0m  (poll #2, X-Cache: MISS)  order=bc6ce9ca

[96mOrder 43/500:[0m
  [      4ms]  [91mstale[0m    (poll #1)  order=3e8edb95
  [     65ms]  [92mVISIBLE[0m  (poll #2, X-Cache: MISS)  order=3e8edb95

[96mOrder 44/500:[0m
  [      4ms]  [91mstale[0m    (poll #1)  order=6c390892
  [     64ms]  [92mVISIBLE[0m  (poll #2, X-Cache: MISS)  order=6c390892

[96mOrder 45/500:[0m
  [      5ms]  [91mstale[0m    (poll #1)  order=db8e51cd
  [     62ms]  [92mVISIBLE[0m  (poll #2, X-Cache: MISS)  order=db8e51cd

[96mOrder 46/500:[0m
  [      4ms]  [91mstale[0m    (poll #1)  order=2db88b55
  [     62ms]  [92mVISIBLE[0m  (poll #2, X-Cache: MISS)  order=2db88b55

[96mOrder 47/500:[0m
  [      5ms]  [91mstale[0m    (poll #1)  order=dc840e9e
  [     66ms]  [92mVISIBLE[0m  (poll #2, X-Cache: MISS)  order=dc840e9e

[96mOrder 48/500:[0m
  [      5ms]  [91mstale[0m    (poll #1)  order=a77bb06f
  [     64ms]  [92mVISIBLE[0m  (poll #2, X-Cache: MISS)  order=a77bb06f

[96mOrder 49/500:[0m
  [      5ms]  [91mstale[0m    (poll #1)  order=a37a5233
  [     63ms]  [92mVISIBLE[0m  (poll #2, X-Cache: MISS)  order=a37a5233

[96mOrder 50/500:[0m
  [      5ms]  [91mstale[0m    (poll #1)  order=4ea2e9b0
  [     67ms]  [92mVISIBLE[0m  (poll #2, X-Cache: MISS)  order=4ea2e9b0

[96mOrder 51/500:[0m
  [      5ms]  [91mstale[0m    (poll #1)  order=ec972585
  [     66ms]  [92mVISIBLE[0m  (poll #2, X-Cache: MISS)  order=ec972585

[96mOrder 52/500:[0m
  [      5ms]  [91mstale[0m    (poll #1)  order=7d5ae156
  [     66ms]  [92mVISIBLE[0m  (poll #2, X-Cache: MISS)  order=7d5ae156

[96mOrder 53/500:[0m
  [      5ms]  [91mstale[0m    (poll #1)  order=d59f1f8f
  [     65ms]  [92mVISIBLE[0m  (poll #2, X-Cache: MISS)  order=d59f1f8f

[96mOrder 54/500:[0m
  [      4ms]  [91mstale[0m    (poll #1)  order=a55d5c29
  [     64ms]  [92mVISIBLE[0m  (poll #2, X-Cache: MISS)  order=a55d5c29

[96mOrder 55/500:[0m
  [      4ms]  [91mstale[0m    (poll #1)  order=92f905e5
  [     61ms]  [92mVISIBLE[0m  (poll #2, X-Cache: MISS)  order=92f905e5

[96mOrder 56/500:[0m
  [      4ms]  [91mstale[0m    (poll #1)  order=3c030245
  [     67ms]  [92mVISIBLE[0m  (poll #2, X-Cache: MISS)  order=3c030245

[96mOrder 57/500:[0m
  [      5ms]  [91mstale[0m    (poll #1)  order=b82934e1
  [     66ms]  [92mVISIBLE[0m  (poll #2, X-Cache: MISS)  order=b82934e1

[96mOrder 58/500:[0m
  [      6ms]  [92mVISIBLE[0m  (poll #1, X-Cache: MISS)  order=d79de833

[96mOrder 59/500:[0m
  [     24ms]  [91mstale[0m    (poll #1)  order=11054bc7
  [     88ms]  [92mVISIBLE[0m  (poll #2, X-Cache: MISS)  order=11054bc7

[96mOrder 60/500:[0m
  [      3ms]  [91mstale[0m    (poll #1)  order=2ac7cdd7
  [     60ms]  [92mVISIBLE[0m  (poll #2, X-Cache: MISS)  order=2ac7cdd7

[96mOrder 61/500:[0m
  [      4ms]  [91mstale[0m    (poll #1)  order=f028e14e
  [     65ms]  [92mVISIBLE[0m  (poll #2, X-Cache: MISS)  order=f028e14e

[96mOrder 62/500:[0m
  [      4ms]  [91mstale[0m    (poll #1)  order=3758e1e4
  [     66ms]  [92mVISIBLE[0m  (poll #2, X-Cache: MISS)  order=3758e1e4

[96mOrder 63/500:[0m
  [      4ms]  [91mstale[0m    (poll #1)  order=c18615d0
  [     67ms]  [92mVISIBLE[0m  (poll #2, X-Cache: MISS)  order=c18615d0

[96mOrder 64/500:[0m
  [      4ms]  [91mstale[0m    (poll #1)  order=6f0b41c4
  [     65ms]  [92mVISIBLE[0m  (poll #2, X-Cache: MISS)  order=6f0b41c4

[96mOrder 65/500:[0m
  [      5ms]  [91mstale[0m    (poll #1)  order=352c2156
  [     62ms]  [92mVISIBLE[0m  (poll #2, X-Cache: MISS)  order=352c2156

[96mOrder 66/500:[0m
  [      5ms]  [91mstale[0m    (poll #1)  order=21114b84
  [     64ms]  [92mVISIBLE[0m  (poll #2, X-Cache: MISS)  order=21114b84

[96mOrder 67/500:[0m
  [      5ms]  [91mstale[0m    (poll #1)  order=c4af46e3
  [     65ms]  [92mVISIBLE[0m  (poll #2, X-Cache: MISS)  order=c4af46e3

[96mOrder 68/500:[0m
  [      5ms]  [91mstale[0m    (poll #1)  order=63fedaed
  [     62ms]  [92mVISIBLE[0m  (poll #2, X-Cache: MISS)  order=63fedaed

[96mOrder 69/500:[0m
  [      4ms]  [91mstale[0m    (poll #1)  order=f1004ef8
  [     66ms]  [92mVISIBLE[0m  (poll #2, X-Cache: MISS)  order=f1004ef8

[96mOrder 70/500:[0m
  [      4ms]  [91mstale[0m    (poll #1)  order=52142721
  [     61ms]  [92mVISIBLE[0m  (poll #2, X-Cache: MISS)  order=52142721

[96mOrder 71/500:[0m
  [      3ms]  [91mstale[0m    (poll #1)  order=4c80ea0e
  [     62ms]  [92mVISIBLE[0m  (poll #2, X-Cache: MISS)  order=4c80ea0e

[96mOrder 72/500:[0m
  [      4ms]  [91mstale[0m    (poll #1)  order=55b0b6f6
  [     63ms]  [92mVISIBLE[0m  (poll #2, X-Cache: MISS)  order=55b0b6f6

[96mOrder 73/500:[0m
  [      4ms]  [91mstale[0m    (poll #1)  order=d43e347a
  [     61ms]  [92mVISIBLE[0m  (poll #2, X-Cache: MISS)  order=d43e347a

[96mOrder 74/500:[0m
  [      4ms]  [91mstale[0m    (poll #1)  order=ec5c6a0d
  [     61ms]  [92mVISIBLE[0m  (poll #2, X-Cache: MISS)  order=ec5c6a0d

[96mOrder 75/500:[0m
  [      6ms]  [91mstale[0m    (poll #1)  order=efc7e6b3
  [     66ms]  [92mVISIBLE[0m  (poll #2, X-Cache: MISS)  order=efc7e6b3

[96mOrder 76/500:[0m
  [      4ms]  [91mstale[0m    (poll #1)  order=70e7a745
  [     64ms]  [92mVISIBLE[0m  (poll #2, X-Cache: MISS)  order=70e7a745

[96mOrder 77/500:[0m
  [      4ms]  [91mstale[0m    (poll #1)  order=330d1470
  [     64ms]  [92mVISIBLE[0m  (poll #2, X-Cache: MISS)  order=330d1470

[96mOrder 78/500:[0m
  [      4ms]  [91mstale[0m    (poll #1)  order=5009b690
  [     66ms]  [92mVISIBLE[0m  (poll #2, X-Cache: MISS)  order=5009b690

[96mOrder 79/500:[0m
  [      4ms]  [91mstale[0m    (poll #1)  order=e7b11621
  [     62ms]  [92mVISIBLE[0m  (poll #2, X-Cache: MISS)  order=e7b11621

[96mOrder 80/500:[0m
  [      4ms]  [91mstale[0m    (poll #1)  order=d55e0824
  [     65ms]  [92mVISIBLE[0m  (poll #2, X-Cache: MISS)  order=d55e0824

[96mOrder 81/500:[0m
  [      5ms]  [91mstale[0m    (poll #1)  order=2982de53
  [     65ms]  [92mVISIBLE[0m  (poll #2, X-Cache: MISS)  order=2982de53

[96mOrder 82/500:[0m
  [      4ms]  [91mstale[0m    (poll #1)  order=ac5a57de
  [     61ms]  [92mVISIBLE[0m  (poll #2, X-Cache: MISS)  order=ac5a57de

[96mOrder 83/500:[0m
  [      4ms]  [91mstale[0m    (poll #1)  order=de288d4d
  [     65ms]  [92mVISIBLE[0m  (poll #2, X-Cache: MISS)  order=de288d4d

[96mOrder 84/500:[0m
  [      4ms]  [91mstale[0m    (poll #1)  order=aecd52c2
  [     63ms]  [92mVISIBLE[0m  (poll #2, X-Cache: MISS)  order=aecd52c2

[96mOrder 85/500:[0m
  [      4ms]  [91mstale[0m    (poll #1)  order=553e8ed3
  [     62ms]  [92mVISIBLE[0m  (poll #2, X-Cache: MISS)  order=553e8ed3

[96mOrder 86/500:[0m
  [      4ms]  [91mstale[0m    (poll #1)  order=cbed70ed
  [     60ms]  [92mVISIBLE[0m  (poll #2, X-Cache: MISS)  order=cbed70ed

[96mOrder 87/500:[0m
  [      4ms]  [91mstale[0m    (poll #1)  order=f5cdf3d0
  [     66ms]  [92mVISIBLE[0m  (poll #2, X-Cache: MISS)  order=f5cdf3d0

[96mOrder 88/500:[0m
  [      4ms]  [91mstale[0m    (poll #1)  order=ddb1e0ea
  [     65ms]  [92mVISIBLE[0m  (poll #2, X-Cache: MISS)  order=ddb1e0ea

[96mOrder 89/500:[0m
  [      4ms]  [91mstale[0m    (poll #1)  order=8344b68e
  [     61ms]  [92mVISIBLE[0m  (poll #2, X-Cache: MISS)  order=8344b68e

[96mOrder 90/500:[0m
  [      4ms]  [91mstale[0m    (poll #1)  order=dc281cb6
  [     65ms]  [92mVISIBLE[0m  (poll #2, X-Cache: MISS)  order=dc281cb6

[96mOrder 91/500:[0m
  [      4ms]  [91mstale[0m    (poll #1)  order=3eaf51a5
  [     62ms]  [92mVISIBLE[0m  (poll #2, X-Cache: MISS)  order=3eaf51a5

[96mOrder 92/500:[0m
  [      4ms]  [91mstale[0m    (poll #1)  order=fcf2563c
  [     61ms]  [92mVISIBLE[0m  (poll #2, X-Cache: MISS)  order=fcf2563c

[96mOrder 93/500:[0m
  [      5ms]  [91mstale[0m    (poll #1)  order=0617a6a9
  [     65ms]  [92mVISIBLE[0m  (poll #2, X-Cache: MISS)  order=0617a6a9

[96mOrder 94/500:[0m
  [      5ms]  [91mstale[0m    (poll #1)  order=7f856bfa
  [     66ms]  [92mVISIBLE[0m  (poll #2, X-Cache: MISS)  order=7f856bfa

[96mOrder 95/500:[0m
  [      5ms]  [91mstale[0m    (poll #1)  order=7f85f1fe
  [     67ms]  [92mVISIBLE[0m  (poll #2, X-Cache: MISS)  order=7f85f1fe

[96mOrder 96/500:[0m
  [      4ms]  [91mstale[0m    (poll #1)  order=ed144dc6
  [     65ms]  [92mVISIBLE[0m  (poll #2, X-Cache: MISS)  order=ed144dc6

[96mOrder 97/500:[0m
  [      4ms]  [91mstale[0m    (poll #1)  order=c3abaf09
  [     65ms]  [92mVISIBLE[0m  (poll #2, X-Cache: MISS)  order=c3abaf09

[96mOrder 98/500:[0m
  [      4ms]  [91mstale[0m    (poll #1)  order=fb72ebee
  [     66ms]  [92mVISIBLE[0m  (poll #2, X-Cache: MISS)  order=fb72ebee

[96mOrder 99/500:[0m
  [      5ms]  [91mstale[0m    (poll #1)  order=3d15ad52
  [     63ms]  [92mVISIBLE[0m  (poll #2, X-Cache: MISS)  order=3d15ad52

[96mOrder 100/500:[0m
  [      6ms]  [91mstale[0m    (poll #1)  order=b2a1de64
  [     67ms]  [92mVISIBLE[0m  (poll #2, X-Cache: MISS)  order=b2a1de64

[96mOrder 101/500:[0m
  [      4ms]  [91mstale[0m    (poll #1)  order=cb2bda63
  [     64ms]  [92mVISIBLE[0m  (poll #2, X-Cache: MISS)  order=cb2bda63

[96mOrder 102/500:[0m
  [      4ms]  [91mstale[0m    (poll #1)  order=890f3f48
  [     64ms]  [92mVISIBLE[0m  (poll #2, X-Cache: MISS)  order=890f3f48

[96mOrder 103/500:[0m
  [      5ms]  [91mstale[0m    (poll #1)  order=5cc1ca31
  [     62ms]  [92mVISIBLE[0m  (poll #2, X-Cache: MISS)  order=5cc1ca31

[96mOrder 104/500:[0m
  [      4ms]  [91mstale[0m    (poll #1)  order=5fd8f861
  [     64ms]  [92mVISIBLE[0m  (poll #2, X-Cache: MISS)  order=5fd8f861

[96mOrder 105/500:[0m
  [      4ms]  [91mstale[0m    (poll #1)  order=2c22ae7c
  [     64ms]  [92mVISIBLE[0m  (poll #2, X-Cache: MISS)  order=2c22ae7c

[96mOrder 106/500:[0m
  [      4ms]  [91mstale[0m    (poll #1)  order=87e009dd
  [     61ms]  [92mVISIBLE[0m  (poll #2, X-Cache: MISS)  order=87e009dd

[96mOrder 107/500:[0m
  [      4ms]  [91mstale[0m    (poll #1)  order=532b9050
  [     64ms]  [92mVISIBLE[0m  (poll #2, X-Cache: MISS)  order=532b9050

[96mOrder 108/500:[0m
  [      5ms]  [91mstale[0m    (poll #1)  order=dd312085
  [     67ms]  [92mVISIBLE[0m  (poll #2, X-Cache: MISS)  order=dd312085

[96mOrder 109/500:[0m
  [      4ms]  [91mstale[0m    (poll #1)  order=6f163709
  [     64ms]  [92mVISIBLE[0m  (poll #2, X-Cache: MISS)  order=6f163709

[96mOrder 110/500:[0m
  [      5ms]  [91mstale[0m    (poll #1)  order=fddd301b
  [     64ms]  [92mVISIBLE[0m  (poll #2, X-Cache: MISS)  order=fddd301b

[96mOrder 111/500:[0m
  [      7ms]  [91mstale[0m    (poll #1)  order=3982de7d
  [     70ms]  [92mVISIBLE[0m  (poll #2, X-Cache: MISS)  order=3982de7d

[96mOrder 112/500:[0m
  [      9ms]  [91mstale[0m    (poll #1)  order=f2453819
  [     70ms]  [92mVISIBLE[0m  (poll #2, X-Cache: MISS)  order=f2453819

[96mOrder 113/500:[0m
  [      5ms]  [91mstale[0m    (poll #1)  order=ae1effed
  [     66ms]  [92mVISIBLE[0m  (poll #2, X-Cache: MISS)  order=ae1effed

[96mOrder 114/500:[0m
  [      3ms]  [91mstale[0m    (poll #1)  order=601d2a1c
  [     60ms]  [92mVISIBLE[0m  (poll #2, X-Cache: MISS)  order=601d2a1c

[96mOrder 115/500:[0m
  [      4ms]  [91mstale[0m    (poll #1)  order=24f3b3a7
  [     64ms]  [92mVISIBLE[0m  (poll #2, X-Cache: MISS)  order=24f3b3a7

[96mOrder 116/500:[0m
  [      4ms]  [91mstale[0m    (poll #1)  order=30f20451
  [     64ms]  [92mVISIBLE[0m  (poll #2, X-Cache: MISS)  order=30f20451

[96mOrder 117/500:[0m
  [      4ms]  [91mstale[0m    (poll #1)  order=ee225e07
  [     62ms]  [92mVISIBLE[0m  (poll #2, X-Cache: MISS)  order=ee225e07

[96mOrder 118/500:[0m
  [      5ms]  [91mstale[0m    (poll #1)  order=4e5bb3af
  [     66ms]  [92mVISIBLE[0m  (poll #2, X-Cache: MISS)  order=4e5bb3af

[96mOrder 119/500:[0m
  [      4ms]  [91mstale[0m    (poll #1)  order=5593275f
  [     66ms]  [92mVISIBLE[0m  (poll #2, X-Cache: MISS)  order=5593275f

[96mOrder 120/500:[0m
  [      5ms]  [91mstale[0m    (poll #1)  order=a09c7eaf
  [     65ms]  [92mVISIBLE[0m  (poll #2, X-Cache: MISS)  order=a09c7eaf

[96mOrder 121/500:[0m
  [      4ms]  [91mstale[0m    (poll #1)  order=c7c81ec8
  [     64ms]  [92mVISIBLE[0m  (poll #2, X-Cache: MISS)  order=c7c81ec8

[96mOrder 122/500:[0m
  [      4ms]  [91mstale[0m    (poll #1)  order=602bd561
  [     63ms]  [92mVISIBLE[0m  (poll #2, X-Cache: MISS)  order=602bd561

[96mOrder 123/500:[0m
  [      3ms]  [91mstale[0m    (poll #1)  order=d7806ab3
  [     63ms]  [92mVISIBLE[0m  (poll #2, X-Cache: MISS)  order=d7806ab3

[96mOrder 124/500:[0m
  [      4ms]  [91mstale[0m    (poll #1)  order=d202d442
  [     60ms]  [92mVISIBLE[0m  (poll #2, X-Cache: MISS)  order=d202d442

[96mOrder 125/500:[0m
  [      4ms]  [91mstale[0m    (poll #1)  order=d24d1953
  [     64ms]  [92mVISIBLE[0m  (poll #2, X-Cache: MISS)  order=d24d1953

[96mOrder 126/500:[0m
  [      4ms]  [91mstale[0m    (poll #1)  order=77319a48
  [     64ms]  [92mVISIBLE[0m  (poll #2, X-Cache: MISS)  order=77319a48

[96mOrder 127/500:[0m
  [      5ms]  [91mstale[0m    (poll #1)  order=99e081c5
  [     66ms]  [92mVISIBLE[0m  (poll #2, X-Cache: MISS)  order=99e081c5

[96mOrder 128/500:[0m
  [      4ms]  [91mstale[0m    (poll #1)  order=e5078306
  [     64ms]  [92mVISIBLE[0m  (poll #2, X-Cache: MISS)  order=e5078306

[96mOrder 129/500:[0m
  [      4ms]  [91mstale[0m    (poll #1)  order=8aeb71ef
  [     65ms]  [92mVISIBLE[0m  (poll #2, X-Cache: MISS)  order=8aeb71ef

[96mOrder 130/500:[0m
  [      5ms]  [91mstale[0m    (poll #1)  order=58c728e0
  [     65ms]  [92mVISIBLE[0m  (poll #2, X-Cache: MISS)  order=58c728e0

[96mOrder 131/500:[0m
  [      4ms]  [91mstale[0m    (poll #1)  order=e3f82668
  [     66ms]  [92mVISIBLE[0m  (poll #2, X-Cache: MISS)  order=e3f82668

[96mOrder 132/500:[0m
  [      4ms]  [91mstale[0m    (poll #1)  order=0fb7f7e2
  [     63ms]  [92mVISIBLE[0m  (poll #2, X-Cache: MISS)  order=0fb7f7e2

[96mOrder 133/500:[0m
  [      4ms]  [91mstale[0m    (poll #1)  order=d5698349
  [     64ms]  [92mVISIBLE[0m  (poll #2, X-Cache: MISS)  order=d5698349

[96mOrder 134/500:[0m
  [      4ms]  [91mstale[0m    (poll #1)  order=7d34e24f
  [     61ms]  [92mVISIBLE[0m  (poll #2, X-Cache: MISS)  order=7d34e24f

[96mOrder 135/500:[0m
  [      4ms]  [91mstale[0m    (poll #1)  order=94d09de3
  [     60ms]  [92mVISIBLE[0m  (poll #2, X-Cache: MISS)  order=94d09de3

[96mOrder 136/500:[0m
  [      4ms]  [91mstale[0m    (poll #1)  order=b6237d67
  [     63ms]  [92mVISIBLE[0m  (poll #2, X-Cache: MISS)  order=b6237d67

[96mOrder 137/500:[0m
  [      3ms]  [91mstale[0m    (poll #1)  order=8b24bd66
  [     63ms]  [92mVISIBLE[0m  (poll #2, X-Cache: MISS)  order=8b24bd66

[96mOrder 138/500:[0m
  [      4ms]  [91mstale[0m    (poll #1)  order=8e5e0b84
  [     59ms]  [92mVISIBLE[0m  (poll #2, X-Cache: MISS)  order=8e5e0b84

[96mOrder 139/500:[0m
  [      5ms]  [91mstale[0m    (poll #1)  order=3d71cae9
  [     67ms]  [92mVISIBLE[0m  (poll #2, X-Cache: MISS)  order=3d71cae9

[96mOrder 140/500:[0m
  [      4ms]  [91mstale[0m    (poll #1)  order=8316188d
  [     65ms]  [92mVISIBLE[0m  (poll #2, X-Cache: MISS)  order=8316188d

[96mOrder 141/500:[0m
  [      3ms]  [91mstale[0m    (poll #1)  order=b0b94817
  [     64ms]  [92mVISIBLE[0m  (poll #2, X-Cache: MISS)  order=b0b94817

[96mOrder 142/500:[0m
  [      4ms]  [91mstale[0m    (poll #1)  order=50724501
  [     64ms]  [92mVISIBLE[0m  (poll #2, X-Cache: MISS)  order=50724501

[96mOrder 143/500:[0m
  [      4ms]  [91mstale[0m    (poll #1)  order=281626ba
  [     64ms]  [92mVISIBLE[0m  (poll #2, X-Cache: MISS)  order=281626ba

[96mOrder 144/500:[0m
  [      4ms]  [91mstale[0m    (poll #1)  order=39b2eb0f
  [     63ms]  [92mVISIBLE[0m  (poll #2, X-Cache: MISS)  order=39b2eb0f

[96mOrder 145/500:[0m
  [      4ms]  [91mstale[0m    (poll #1)  order=f697d8a5
  [     64ms]  [92mVISIBLE[0m  (poll #2, X-Cache: MISS)  order=f697d8a5

[96mOrder 146/500:[0m
  [      6ms]  [91mstale[0m    (poll #1)  order=eba92c30
  [     67ms]  [92mVISIBLE[0m  (poll #2, X-Cache: MISS)  order=eba92c30

[96mOrder 147/500:[0m
  [      3ms]  [91mstale[0m    (poll #1)  order=a1ff03f5
  [     65ms]  [92mVISIBLE[0m  (poll #2, X-Cache: MISS)  order=a1ff03f5

[96mOrder 148/500:[0m
  [      3ms]  [91mstale[0m    (poll #1)  order=daa6a829
  [     60ms]  [92mVISIBLE[0m  (poll #2, X-Cache: MISS)  order=daa6a829

[96mOrder 149/500:[0m
  [      3ms]  [91mstale[0m    (poll #1)  order=851e8034
  [     59ms]  [92mVISIBLE[0m  (poll #2, X-Cache: MISS)  order=851e8034

[96mOrder 150/500:[0m
  [      3ms]  [91mstale[0m    (poll #1)  order=bbb7c22e
  [     63ms]  [92mVISIBLE[0m  (poll #2, X-Cache: MISS)  order=bbb7c22e

[96mOrder 151/500:[0m
  [      4ms]  [91mstale[0m    (poll #1)  order=2a79797f
  [     65ms]  [92mVISIBLE[0m  (poll #2, X-Cache: MISS)  order=2a79797f

[96mOrder 152/500:[0m
  [      4ms]  [91mstale[0m    (poll #1)  order=c71e77ee
  [     61ms]  [92mVISIBLE[0m  (poll #2, X-Cache: MISS)  order=c71e77ee

[96mOrder 153/500:[0m
  [      4ms]  [91mstale[0m    (poll #1)  order=2d6c6e91
  [     64ms]  [92mVISIBLE[0m  (poll #2, X-Cache: MISS)  order=2d6c6e91

[96mOrder 154/500:[0m
  [      4ms]  [91mstale[0m    (poll #1)  order=beb653a0
  [     64ms]  [92mVISIBLE[0m  (poll #2, X-Cache: MISS)  order=beb653a0

[96mOrder 155/500:[0m
  [      4ms]  [91mstale[0m    (poll #1)  order=e9c0df13
  [     60ms]  [92mVISIBLE[0m  (poll #2, X-Cache: MISS)  order=e9c0df13

[96mOrder 156/500:[0m
  [      4ms]  [91mstale[0m    (poll #1)  order=aab75d89
  [     65ms]  [92mVISIBLE[0m  (poll #2, X-Cache: MISS)  order=aab75d89

[96mOrder 157/500:[0m
  [      4ms]  [91mstale[0m    (poll #1)  order=3859fd3b
  [     65ms]  [92mVISIBLE[0m  (poll #2, X-Cache: MISS)  order=3859fd3b

[96mOrder 158/500:[0m
  [      4ms]  [91mstale[0m    (poll #1)  order=ca7d8ec3
  [     62ms]  [92mVISIBLE[0m  (poll #2, X-Cache: MISS)  order=ca7d8ec3

[96mOrder 159/500:[0m
  [      4ms]  [91mstale[0m    (poll #1)  order=260fae54
  [     64ms]  [92mVISIBLE[0m  (poll #2, X-Cache: MISS)  order=260fae54

[96mOrder 160/500:[0m
  [      4ms]  [91mstale[0m    (poll #1)  order=25a84342
  [     62ms]  [92mVISIBLE[0m  (poll #2, X-Cache: MISS)  order=25a84342

[96mOrder 161/500:[0m
  [      4ms]  [91mstale[0m    (poll #1)  order=bc3862b5
  [     65ms]  [92mVISIBLE[0m  (poll #2, X-Cache: MISS)  order=bc3862b5

[96mOrder 162/500:[0m
  [      4ms]  [91mstale[0m    (poll #1)  order=f2fc3435
  [     62ms]  [92mVISIBLE[0m  (poll #2, X-Cache: MISS)  order=f2fc3435

[96mOrder 163/500:[0m
  [      5ms]  [91mstale[0m    (poll #1)  order=49ee9fb6
  [     66ms]  [92mVISIBLE[0m  (poll #2, X-Cache: MISS)  order=49ee9fb6

[96mOrder 164/500:[0m
  [      4ms]  [91mstale[0m    (poll #1)  order=63b4e9fd
  [     65ms]  [92mVISIBLE[0m  (poll #2, X-Cache: MISS)  order=63b4e9fd

[96mOrder 165/500:[0m
  [      4ms]  [91mstale[0m    (poll #1)  order=17f31195
  [     64ms]  [92mVISIBLE[0m  (poll #2, X-Cache: MISS)  order=17f31195

[96mOrder 166/500:[0m
  [      4ms]  [91mstale[0m    (poll #1)  order=0166713b
  [     60ms]  [92mVISIBLE[0m  (poll #2, X-Cache: MISS)  order=0166713b

[96mOrder 167/500:[0m
  [      4ms]  [91mstale[0m    (poll #1)  order=5cb7fe00
  [     62ms]  [92mVISIBLE[0m  (poll #2, X-Cache: MISS)  order=5cb7fe00

[96mOrder 168/500:[0m
  [      4ms]  [91mstale[0m    (poll #1)  order=16b93129
  [     65ms]  [92mVISIBLE[0m  (poll #2, X-Cache: MISS)  order=16b93129

[96mOrder 169/500:[0m
  [      4ms]  [91mstale[0m    (poll #1)  order=85b767b1
  [     65ms]  [92mVISIBLE[0m  (poll #2, X-Cache: MISS)  order=85b767b1

[96mOrder 170/500:[0m
  [      4ms]  [91mstale[0m    (poll #1)  order=f6b9eeeb
  [     61ms]  [92mVISIBLE[0m  (poll #2, X-Cache: MISS)  order=f6b9eeeb

[96mOrder 171/500:[0m
  [      4ms]  [91mstale[0m    (poll #1)  order=162481ab
  [     62ms]  [92mVISIBLE[0m  (poll #2, X-Cache: MISS)  order=162481ab

[96mOrder 172/500:[0m
  [      3ms]  [91mstale[0m    (poll #1)  order=7a035bc5
  [     59ms]  [92mVISIBLE[0m  (poll #2, X-Cache: MISS)  order=7a035bc5

[96mOrder 173/500:[0m
  [      4ms]  [91mstale[0m    (poll #1)  order=d87d5ec6
  [     64ms]  [92mVISIBLE[0m  (poll #2, X-Cache: MISS)  order=d87d5ec6

[96mOrder 174/500:[0m
  [      4ms]  [91mstale[0m    (poll #1)  order=32710de6
  [     60ms]  [92mVISIBLE[0m  (poll #2, X-Cache: MISS)  order=32710de6

[96mOrder 175/500:[0m
  [      4ms]  [91mstale[0m    (poll #1)  order=c1b0f1f8
  [     64ms]  [92mVISIBLE[0m  (poll #2, X-Cache: MISS)  order=c1b0f1f8

[96mOrder 176/500:[0m
  [      4ms]  [91mstale[0m    (poll #1)  order=ccb7bce1
  [     60ms]  [92mVISIBLE[0m  (poll #2, X-Cache: MISS)  order=ccb7bce1

[96mOrder 177/500:[0m
  [      4ms]  [91mstale[0m    (poll #1)  order=015175ed
  [     64ms]  [92mVISIBLE[0m  (poll #2, X-Cache: MISS)  order=015175ed

[96mOrder 178/500:[0m
  [      5ms]  [91mstale[0m    (poll #1)  order=2284ad61
  [     63ms]  [92mVISIBLE[0m  (poll #2, X-Cache: MISS)  order=2284ad61

[96mOrder 179/500:[0m
  [      3ms]  [91mstale[0m    (poll #1)  order=c3f58b3f
  [     63ms]  [92mVISIBLE[0m  (poll #2, X-Cache: MISS)  order=c3f58b3f

[96mOrder 180/500:[0m
  [      4ms]  [91mstale[0m    (poll #1)  order=1a4152a5
  [     63ms]  [92mVISIBLE[0m  (poll #2, X-Cache: MISS)  order=1a4152a5

[96mOrder 181/500:[0m
  [      4ms]  [91mstale[0m    (poll #1)  order=48c5427b
  [     64ms]  [92mVISIBLE[0m  (poll #2, X-Cache: MISS)  order=48c5427b

[96mOrder 182/500:[0m
  [      5ms]  [91mstale[0m    (poll #1)  order=fe58c0d5
  [     62ms]  [92mVISIBLE[0m  (poll #2, X-Cache: MISS)  order=fe58c0d5

[96mOrder 183/500:[0m
  [      4ms]  [91mstale[0m    (poll #1)  order=2553330d
  [     65ms]  [92mVISIBLE[0m  (poll #2, X-Cache: MISS)  order=2553330d

[96mOrder 184/500:[0m
  [      4ms]  [91mstale[0m    (poll #1)  order=0cefbf69
  [     63ms]  [92mVISIBLE[0m  (poll #2, X-Cache: MISS)  order=0cefbf69

[96mOrder 185/500:[0m
  [      3ms]  [91mstale[0m    (poll #1)  order=5214b092
  [     62ms]  [92mVISIBLE[0m  (poll #2, X-Cache: MISS)  order=5214b092

[96mOrder 186/500:[0m
  [      4ms]  [91mstale[0m    (poll #1)  order=1e8a70b1
  [     64ms]  [92mVISIBLE[0m  (poll #2, X-Cache: MISS)  order=1e8a70b1

[96mOrder 187/500:[0m
  [      4ms]  [91mstale[0m    (poll #1)  order=58ad83dc
  [     62ms]  [92mVISIBLE[0m  (poll #2, X-Cache: MISS)  order=58ad83dc

[96mOrder 188/500:[0m
  [      4ms]  [91mstale[0m    (poll #1)  order=99c23bd9
  [     64ms]  [92mVISIBLE[0m  (poll #2, X-Cache: MISS)  order=99c23bd9

[96mOrder 189/500:[0m
  [      4ms]  [91mstale[0m    (poll #1)  order=309f9fe6
  [     63ms]  [92mVISIBLE[0m  (poll #2, X-Cache: MISS)  order=309f9fe6

[96mOrder 190/500:[0m
  [      4ms]  [91mstale[0m    (poll #1)  order=e85c41d7
  [     60ms]  [92mVISIBLE[0m  (poll #2, X-Cache: MISS)  order=e85c41d7

[96mOrder 191/500:[0m
  [      4ms]  [91mstale[0m    (poll #1)  order=45b2211c
  [     65ms]  [92mVISIBLE[0m  (poll #2, X-Cache: MISS)  order=45b2211c

[96mOrder 192/500:[0m
  [      4ms]  [91mstale[0m    (poll #1)  order=dc300c2a
  [     64ms]  [92mVISIBLE[0m  (poll #2, X-Cache: MISS)  order=dc300c2a

[96mOrder 193/500:[0m
  [      4ms]  [91mstale[0m    (poll #1)  order=925c10b0
  [     64ms]  [92mVISIBLE[0m  (poll #2, X-Cache: MISS)  order=925c10b0

[96mOrder 194/500:[0m
  [      4ms]  [91mstale[0m    (poll #1)  order=ed45a916
  [     62ms]  [92mVISIBLE[0m  (poll #2, X-Cache: MISS)  order=ed45a916

[96mOrder 195/500:[0m
  [      3ms]  [91mstale[0m    (poll #1)  order=31be2e7e
  [     63ms]  [92mVISIBLE[0m  (poll #2, X-Cache: MISS)  order=31be2e7e

[96mOrder 196/500:[0m
  [      3ms]  [91mstale[0m    (poll #1)  order=af3c281f
  [     60ms]  [92mVISIBLE[0m  (poll #2, X-Cache: MISS)  order=af3c281f

[96mOrder 197/500:[0m
  [      4ms]  [91mstale[0m    (poll #1)  order=1f5607d2
  [     64ms]  [92mVISIBLE[0m  (poll #2, X-Cache: MISS)  order=1f5607d2

[96mOrder 198/500:[0m
  [      4ms]  [91mstale[0m    (poll #1)  order=6c9edc35
  [     64ms]  [92mVISIBLE[0m  (poll #2, X-Cache: MISS)  order=6c9edc35

[96mOrder 199/500:[0m
  [      3ms]  [91mstale[0m    (poll #1)  order=9bd3bc8d
  [     63ms]  [92mVISIBLE[0m  (poll #2, X-Cache: MISS)  order=9bd3bc8d

[96mOrder 200/500:[0m
  [      4ms]  [91mstale[0m    (poll #1)  order=0cd69b77
  [     64ms]  [92mVISIBLE[0m  (poll #2, X-Cache: MISS)  order=0cd69b77

[96mOrder 201/500:[0m
  [      4ms]  [91mstale[0m    (poll #1)  order=bead1cd2
  [     61ms]  [92mVISIBLE[0m  (poll #2, X-Cache: MISS)  order=bead1cd2

[96mOrder 202/500:[0m
  [      4ms]  [91mstale[0m    (poll #1)  order=dd8901fe
  [     65ms]  [92mVISIBLE[0m  (poll #2, X-Cache: MISS)  order=dd8901fe

[96mOrder 203/500:[0m
  [      4ms]  [91mstale[0m    (poll #1)  order=7e0c11df
  [     65ms]  [92mVISIBLE[0m  (poll #2, X-Cache: MISS)  order=7e0c11df

[96mOrder 204/500:[0m
  [      5ms]  [91mstale[0m    (poll #1)  order=f871dc45
  [     66ms]  [92mVISIBLE[0m  (poll #2, X-Cache: MISS)  order=f871dc45

[96mOrder 205/500:[0m
  [      4ms]  [91mstale[0m    (poll #1)  order=886ea964
  [     65ms]  [92mVISIBLE[0m  (poll #2, X-Cache: MISS)  order=886ea964

[96mOrder 206/500:[0m
  [      5ms]  [91mstale[0m    (poll #1)  order=039f6a3e
  [     66ms]  [92mVISIBLE[0m  (poll #2, X-Cache: MISS)  order=039f6a3e

[96mOrder 207/500:[0m
  [      4ms]  [91mstale[0m    (poll #1)  order=84b2c6ed
  [     66ms]  [92mVISIBLE[0m  (poll #2, X-Cache: MISS)  order=84b2c6ed

[96mOrder 208/500:[0m
  [      4ms]  [91mstale[0m    (poll #1)  order=6b243185
  [     65ms]  [92mVISIBLE[0m  (poll #2, X-Cache: MISS)  order=6b243185

[96mOrder 209/500:[0m
  [      5ms]  [91mstale[0m    (poll #1)  order=ce7d6d65
  [     66ms]  [92mVISIBLE[0m  (poll #2, X-Cache: MISS)  order=ce7d6d65

[96mOrder 210/500:[0m
  [      5ms]  [91mstale[0m    (poll #1)  order=7985d4d6
  [     65ms]  [92mVISIBLE[0m  (poll #2, X-Cache: MISS)  order=7985d4d6

[96mOrder 211/500:[0m
  [      4ms]  [91mstale[0m    (poll #1)  order=f509668b
  [     64ms]  [92mVISIBLE[0m  (poll #2, X-Cache: MISS)  order=f509668b

[96mOrder 212/500:[0m
  [      4ms]  [91mstale[0m    (poll #1)  order=63a32a39
  [     65ms]  [92mVISIBLE[0m  (poll #2, X-Cache: MISS)  order=63a32a39

[96mOrder 213/500:[0m
  [      4ms]  [91mstale[0m    (poll #1)  order=73a0c8a8
  [     65ms]  [92mVISIBLE[0m  (poll #2, X-Cache: MISS)  order=73a0c8a8

[96mOrder 214/500:[0m
  [      4ms]  [91mstale[0m    (poll #1)  order=fe830851
  [     60ms]  [92mVISIBLE[0m  (poll #2, X-Cache: MISS)  order=fe830851

[96mOrder 215/500:[0m
  [      4ms]  [91mstale[0m    (poll #1)  order=de9c46d8
  [     65ms]  [92mVISIBLE[0m  (poll #2, X-Cache: MISS)  order=de9c46d8

[96mOrder 216/500:[0m
  [      4ms]  [91mstale[0m    (poll #1)  order=5adbc858
  [     64ms]  [92mVISIBLE[0m  (poll #2, X-Cache: MISS)  order=5adbc858

[96mOrder 217/500:[0m
  [      4ms]  [91mstale[0m    (poll #1)  order=62132422
  [     63ms]  [92mVISIBLE[0m  (poll #2, X-Cache: MISS)  order=62132422

[96mOrder 218/500:[0m
  [      4ms]  [91mstale[0m    (poll #1)  order=23fc5424
  [     64ms]  [92mVISIBLE[0m  (poll #2, X-Cache: MISS)  order=23fc5424

[96mOrder 219/500:[0m
  [      4ms]  [91mstale[0m    (poll #1)  order=269d51bc
  [     62ms]  [92mVISIBLE[0m  (poll #2, X-Cache: MISS)  order=269d51bc

[96mOrder 220/500:[0m
  [      4ms]  [91mstale[0m    (poll #1)  order=c4ec22c9
  [     60ms]  [92mVISIBLE[0m  (poll #2, X-Cache: MISS)  order=c4ec22c9

[96mOrder 221/500:[0m
  [      7ms]  [91mstale[0m    (poll #1)  order=7bf8b7ca
  [     73ms]  [92mVISIBLE[0m  (poll #2, X-Cache: MISS)  order=7bf8b7ca

[96mOrder 222/500:[0m
  [      4ms]  [91mstale[0m    (poll #1)  order=fcb8ba76
  [     64ms]  [92mVISIBLE[0m  (poll #2, X-Cache: MISS)  order=fcb8ba76

[96mOrder 223/500:[0m
  [      3ms]  [91mstale[0m    (poll #1)  order=89ae7711
  [     63ms]  [92mVISIBLE[0m  (poll #2, X-Cache: MISS)  order=89ae7711

[96mOrder 224/500:[0m
  [      4ms]  [91mstale[0m    (poll #1)  order=4297784e
  [     63ms]  [92mVISIBLE[0m  (poll #2, X-Cache: MISS)  order=4297784e

[96mOrder 225/500:[0m
  [      4ms]  [91mstale[0m    (poll #1)  order=2159a781
  [     61ms]  [92mVISIBLE[0m  (poll #2, X-Cache: MISS)  order=2159a781

[96mOrder 226/500:[0m
  [      4ms]  [91mstale[0m    (poll #1)  order=d3e4122f
  [     64ms]  [92mVISIBLE[0m  (poll #2, X-Cache: MISS)  order=d3e4122f

[96mOrder 227/500:[0m
  [      5ms]  [91mstale[0m    (poll #1)  order=99e5bd26
  [     63ms]  [92mVISIBLE[0m  (poll #2, X-Cache: MISS)  order=99e5bd26

[96mOrder 228/500:[0m
  [      4ms]  [91mstale[0m    (poll #1)  order=4b37819a
  [     64ms]  [92mVISIBLE[0m  (poll #2, X-Cache: MISS)  order=4b37819a

[96mOrder 229/500:[0m
  [      5ms]  [91mstale[0m    (poll #1)  order=fe0995e5
  [     63ms]  [92mVISIBLE[0m  (poll #2, X-Cache: MISS)  order=fe0995e5

[96mOrder 230/500:[0m
  [      4ms]  [91mstale[0m    (poll #1)  order=eee4be8a
  [     60ms]  [92mVISIBLE[0m  (poll #2, X-Cache: MISS)  order=eee4be8a

[96mOrder 231/500:[0m
  [      5ms]  [91mstale[0m    (poll #1)  order=a8393eac
  [     66ms]  [92mVISIBLE[0m  (poll #2, X-Cache: MISS)  order=a8393eac

[96mOrder 232/500:[0m
  [      5ms]  [91mstale[0m    (poll #1)  order=d3754515
  [     66ms]  [92mVISIBLE[0m  (poll #2, X-Cache: MISS)  order=d3754515

[96mOrder 233/500:[0m
  [      5ms]  [91mstale[0m    (poll #1)  order=aebd8fab
  [     66ms]  [92mVISIBLE[0m  (poll #2, X-Cache: MISS)  order=aebd8fab

[96mOrder 234/500:[0m
  [      4ms]  [91mstale[0m    (poll #1)  order=3a2530c8
  [     61ms]  [92mVISIBLE[0m  (poll #2, X-Cache: MISS)  order=3a2530c8

[96mOrder 235/500:[0m
  [      5ms]  [91mstale[0m    (poll #1)  order=721fe5df
  [     66ms]  [92mVISIBLE[0m  (poll #2, X-Cache: MISS)  order=721fe5df

[96mOrder 236/500:[0m
  [      5ms]  [91mstale[0m    (poll #1)  order=8605fd01
  [     66ms]  [92mVISIBLE[0m  (poll #2, X-Cache: MISS)  order=8605fd01

[96mOrder 237/500:[0m
  [      5ms]  [91mstale[0m    (poll #1)  order=f2f4a31d
  [     66ms]  [92mVISIBLE[0m  (poll #2, X-Cache: MISS)  order=f2f4a31d

[96mOrder 238/500:[0m
  [      6ms]  [91mstale[0m    (poll #1)  order=f0cb7ce0
  [     66ms]  [92mVISIBLE[0m  (poll #2, X-Cache: MISS)  order=f0cb7ce0

[96mOrder 239/500:[0m
  [      4ms]  [91mstale[0m    (poll #1)  order=d226bbc1
  [     65ms]  [92mVISIBLE[0m  (poll #2, X-Cache: MISS)  order=d226bbc1

[96mOrder 240/500:[0m
  [      5ms]  [91mstale[0m    (poll #1)  order=f1f3c516
  [     63ms]  [92mVISIBLE[0m  (poll #2, X-Cache: MISS)  order=f1f3c516

[96mOrder 241/500:[0m
  [      4ms]  [91mstale[0m    (poll #1)  order=981a3f36
  [     64ms]  [92mVISIBLE[0m  (poll #2, X-Cache: MISS)  order=981a3f36

[96mOrder 242/500:[0m
  [      4ms]  [91mstale[0m    (poll #1)  order=9df6c026
  [     61ms]  [92mVISIBLE[0m  (poll #2, X-Cache: MISS)  order=9df6c026

[96mOrder 243/500:[0m
  [      4ms]  [91mstale[0m    (poll #1)  order=49801572
  [     64ms]  [92mVISIBLE[0m  (poll #2, X-Cache: MISS)  order=49801572

[96mOrder 244/500:[0m
  [      4ms]  [91mstale[0m    (poll #1)  order=3058433a
  [     63ms]  [92mVISIBLE[0m  (poll #2, X-Cache: MISS)  order=3058433a

[96mOrder 245/500:[0m
  [      4ms]  [91mstale[0m    (poll #1)  order=e92a3f6e
  [     63ms]  [92mVISIBLE[0m  (poll #2, X-Cache: MISS)  order=e92a3f6e

[96mOrder 246/500:[0m
  [      5ms]  [91mstale[0m    (poll #1)  order=9e2eaf82
  [     62ms]  [92mVISIBLE[0m  (poll #2, X-Cache: MISS)  order=9e2eaf82

[96mOrder 247/500:[0m
  [      4ms]  [91mstale[0m    (poll #1)  order=19e3445d
  [     65ms]  [92mVISIBLE[0m  (poll #2, X-Cache: MISS)  order=19e3445d

[96mOrder 248/500:[0m
  [      4ms]  [91mstale[0m    (poll #1)  order=6b634200
  [     66ms]  [92mVISIBLE[0m  (poll #2, X-Cache: MISS)  order=6b634200

[96mOrder 249/500:[0m
  [      4ms]  [91mstale[0m    (poll #1)  order=4ad5f206
  [     62ms]  [92mVISIBLE[0m  (poll #2, X-Cache: MISS)  order=4ad5f206

[96mOrder 250/500:[0m
  [      5ms]  [91mstale[0m    (poll #1)  order=8f192e45
  [     72ms]  [92mVISIBLE[0m  (poll #2, X-Cache: MISS)  order=8f192e45

[96mOrder 251/500:[0m
  [      4ms]  [91mstale[0m    (poll #1)  order=36fe485f
  [     64ms]  [92mVISIBLE[0m  (poll #2, X-Cache: MISS)  order=36fe485f

[96mOrder 252/500:[0m
  [      7ms]  [91mstale[0m    (poll #1)  order=19ed959b
  [     67ms]  [92mVISIBLE[0m  (poll #2, X-Cache: MISS)  order=19ed959b

[96mOrder 253/500:[0m
  [      4ms]  [91mstale[0m    (poll #1)  order=f2de8d8c
  [     63ms]  [92mVISIBLE[0m  (poll #2, X-Cache: MISS)  order=f2de8d8c

[96mOrder 254/500:[0m
  [      4ms]  [91mstale[0m    (poll #1)  order=4ddddd18
  [     58ms]  [92mVISIBLE[0m  (poll #2, X-Cache: MISS)  order=4ddddd18

[96mOrder 255/500:[0m
  [      4ms]  [91mstale[0m    (poll #1)  order=bce1fd0d
  [     59ms]  [92mVISIBLE[0m  (poll #2, X-Cache: MISS)  order=bce1fd0d

[96mOrder 256/500:[0m
  [      3ms]  [91mstale[0m    (poll #1)  order=596ea247
  [     62ms]  [92mVISIBLE[0m  (poll #2, X-Cache: MISS)  order=596ea247

[96mOrder 257/500:[0m
  [      4ms]  [91mstale[0m    (poll #1)  order=32824ba1
  [     63ms]  [92mVISIBLE[0m  (poll #2, X-Cache: MISS)  order=32824ba1

[96mOrder 258/500:[0m
  [      4ms]  [91mstale[0m    (poll #1)  order=baabafa3
  [     60ms]  [92mVISIBLE[0m  (poll #2, X-Cache: MISS)  order=baabafa3

[96mOrder 259/500:[0m
  [      3ms]  [91mstale[0m    (poll #1)  order=30384a5c
  [     63ms]  [92mVISIBLE[0m  (poll #2, X-Cache: MISS)  order=30384a5c

[96mOrder 260/500:[0m
  [      4ms]  [91mstale[0m    (poll #1)  order=a881015a
  [     64ms]  [92mVISIBLE[0m  (poll #2, X-Cache: MISS)  order=a881015a

[96mOrder 261/500:[0m
  [      4ms]  [91mstale[0m    (poll #1)  order=92e5dbfb
  [     64ms]  [92mVISIBLE[0m  (poll #2, X-Cache: MISS)  order=92e5dbfb

[96mOrder 262/500:[0m
  [      4ms]  [91mstale[0m    (poll #1)  order=d932d974
  [     64ms]  [92mVISIBLE[0m  (poll #2, X-Cache: MISS)  order=d932d974

[96mOrder 263/500:[0m
  [      4ms]  [91mstale[0m    (poll #1)  order=4bc89bf2
  [     62ms]  [92mVISIBLE[0m  (poll #2, X-Cache: MISS)  order=4bc89bf2

[96mOrder 264/500:[0m
  [      5ms]  [91mstale[0m    (poll #1)  order=45fcb3a7
  [     64ms]  [92mVISIBLE[0m  (poll #2, X-Cache: MISS)  order=45fcb3a7

[96mOrder 265/500:[0m
  [      4ms]  [91mstale[0m    (poll #1)  order=9e756408
  [     64ms]  [92mVISIBLE[0m  (poll #2, X-Cache: MISS)  order=9e756408

[96mOrder 266/500:[0m
  [      4ms]  [91mstale[0m    (poll #1)  order=2cce6d7b
  [     65ms]  [92mVISIBLE[0m  (poll #2, X-Cache: MISS)  order=2cce6d7b

[96mOrder 267/500:[0m
  [      4ms]  [91mstale[0m    (poll #1)  order=4713ad82
  [     64ms]  [92mVISIBLE[0m  (poll #2, X-Cache: MISS)  order=4713ad82

[96mOrder 268/500:[0m
  [      5ms]  [91mstale[0m    (poll #1)  order=fdebe61c
  [     62ms]  [92mVISIBLE[0m  (poll #2, X-Cache: MISS)  order=fdebe61c

[96mOrder 269/500:[0m
  [      5ms]  [91mstale[0m    (poll #1)  order=bb712b56
  [     66ms]  [92mVISIBLE[0m  (poll #2, X-Cache: MISS)  order=bb712b56

[96mOrder 270/500:[0m
  [      5ms]  [91mstale[0m    (poll #1)  order=b283c1bb
  [     62ms]  [92mVISIBLE[0m  (poll #2, X-Cache: MISS)  order=b283c1bb

[96mOrder 271/500:[0m
  [      4ms]  [91mstale[0m    (poll #1)  order=da0da80c
  [     65ms]  [92mVISIBLE[0m  (poll #2, X-Cache: MISS)  order=da0da80c

[96mOrder 272/500:[0m
  [      5ms]  [91mstale[0m    (poll #1)  order=c458a733
  [     62ms]  [92mVISIBLE[0m  (poll #2, X-Cache: MISS)  order=c458a733

[96mOrder 273/500:[0m
  [      4ms]  [91mstale[0m    (poll #1)  order=da10e637
  [     63ms]  [92mVISIBLE[0m  (poll #2, X-Cache: MISS)  order=da10e637

[96mOrder 274/500:[0m
  [      4ms]  [91mstale[0m    (poll #1)  order=8b318a81
  [     65ms]  [92mVISIBLE[0m  (poll #2, X-Cache: MISS)  order=8b318a81

[96mOrder 275/500:[0m
  [      5ms]  [91mstale[0m    (poll #1)  order=e399ea18
  [     65ms]  [92mVISIBLE[0m  (poll #2, X-Cache: MISS)  order=e399ea18

[96mOrder 276/500:[0m
  [      5ms]  [91mstale[0m    (poll #1)  order=22a39502
  [     66ms]  [92mVISIBLE[0m  (poll #2, X-Cache: MISS)  order=22a39502

[96mOrder 277/500:[0m
  [      5ms]  [91mstale[0m    (poll #1)  order=0315cf41
  [     61ms]  [92mVISIBLE[0m  (poll #2, X-Cache: MISS)  order=0315cf41

[96mOrder 278/500:[0m
  [      4ms]  [91mstale[0m    (poll #1)  order=2c558052
  [     61ms]  [92mVISIBLE[0m  (poll #2, X-Cache: MISS)  order=2c558052

[96mOrder 279/500:[0m
  [      5ms]  [91mstale[0m    (poll #1)  order=28e13929
  [     66ms]  [92mVISIBLE[0m  (poll #2, X-Cache: MISS)  order=28e13929

[96mOrder 280/500:[0m
  [      5ms]  [91mstale[0m    (poll #1)  order=c2110d9d
  [     65ms]  [92mVISIBLE[0m  (poll #2, X-Cache: MISS)  order=c2110d9d

[96mOrder 281/500:[0m
  [      5ms]  [91mstale[0m    (poll #1)  order=3756a6c8
  [     66ms]  [92mVISIBLE[0m  (poll #2, X-Cache: MISS)  order=3756a6c8

[96mOrder 282/500:[0m
  [      6ms]  [91mstale[0m    (poll #1)  order=dd343c6a
  [     67ms]  [92mVISIBLE[0m  (poll #2, X-Cache: MISS)  order=dd343c6a

[96mOrder 283/500:[0m
  [      5ms]  [91mstale[0m    (poll #1)  order=78c6167d
  [     65ms]  [92mVISIBLE[0m  (poll #2, X-Cache: MISS)  order=78c6167d

[96mOrder 284/500:[0m
  [      4ms]  [91mstale[0m    (poll #1)  order=434d5b82
  [     65ms]  [92mVISIBLE[0m  (poll #2, X-Cache: MISS)  order=434d5b82

[96mOrder 285/500:[0m
  [      4ms]  [91mstale[0m    (poll #1)  order=ea5adc24
  [     61ms]  [92mVISIBLE[0m  (poll #2, X-Cache: MISS)  order=ea5adc24

[96mOrder 286/500:[0m
  [      5ms]  [91mstale[0m    (poll #1)  order=c35113b2
  [     65ms]  [92mVISIBLE[0m  (poll #2, X-Cache: MISS)  order=c35113b2

[96mOrder 287/500:[0m
  [      4ms]  [91mstale[0m    (poll #1)  order=2c11ab1c
  [     64ms]  [92mVISIBLE[0m  (poll #2, X-Cache: MISS)  order=2c11ab1c

[96mOrder 288/500:[0m
  [      5ms]  [91mstale[0m    (poll #1)  order=430a8925
  [     65ms]  [92mVISIBLE[0m  (poll #2, X-Cache: MISS)  order=430a8925

[96mOrder 289/500:[0m
  [      5ms]  [91mstale[0m    (poll #1)  order=7a7774b1
  [     66ms]  [92mVISIBLE[0m  (poll #2, X-Cache: MISS)  order=7a7774b1

[96mOrder 290/500:[0m
  [      4ms]  [91mstale[0m    (poll #1)  order=86446f9a
  [     64ms]  [92mVISIBLE[0m  (poll #2, X-Cache: MISS)  order=86446f9a

[96mOrder 291/500:[0m
  [      5ms]  [91mstale[0m    (poll #1)  order=95b287cf
  [     65ms]  [92mVISIBLE[0m  (poll #2, X-Cache: MISS)  order=95b287cf

[96mOrder 292/500:[0m
  [      5ms]  [91mstale[0m    (poll #1)  order=5aab2e95
  [     66ms]  [92mVISIBLE[0m  (poll #2, X-Cache: MISS)  order=5aab2e95

[96mOrder 293/500:[0m
  [      5ms]  [91mstale[0m    (poll #1)  order=5ae29fa7
  [     65ms]  [92mVISIBLE[0m  (poll #2, X-Cache: MISS)  order=5ae29fa7

[96mOrder 294/500:[0m
  [      4ms]  [91mstale[0m    (poll #1)  order=99545dfb
  [     60ms]  [92mVISIBLE[0m  (poll #2, X-Cache: MISS)  order=99545dfb

[96mOrder 295/500:[0m
  [      4ms]  [91mstale[0m    (poll #1)  order=9132d4e5
  [     62ms]  [92mVISIBLE[0m  (poll #2, X-Cache: MISS)  order=9132d4e5

[96mOrder 296/500:[0m
  [      4ms]  [91mstale[0m    (poll #1)  order=43ebede9
  [     62ms]  [92mVISIBLE[0m  (poll #2, X-Cache: MISS)  order=43ebede9

[96mOrder 297/500:[0m
  [      4ms]  [91mstale[0m    (poll #1)  order=76b77504
  [     65ms]  [92mVISIBLE[0m  (poll #2, X-Cache: MISS)  order=76b77504

[96mOrder 298/500:[0m
  [      4ms]  [91mstale[0m    (poll #1)  order=017b7282
  [     62ms]  [92mVISIBLE[0m  (poll #2, X-Cache: MISS)  order=017b7282

[96mOrder 299/500:[0m
  [      5ms]  [91mstale[0m    (poll #1)  order=6f9ba57f
  [     64ms]  [92mVISIBLE[0m  (poll #2, X-Cache: MISS)  order=6f9ba57f

[96mOrder 300/500:[0m
  [      5ms]  [91mstale[0m    (poll #1)  order=ac14d6ae
  [     65ms]  [92mVISIBLE[0m  (poll #2, X-Cache: MISS)  order=ac14d6ae

[96mOrder 301/500:[0m
  [      4ms]  [91mstale[0m    (poll #1)  order=7af5474c
  [     65ms]  [92mVISIBLE[0m  (poll #2, X-Cache: MISS)  order=7af5474c

[96mOrder 302/500:[0m
  [      4ms]  [91mstale[0m    (poll #1)  order=f4dedeb0
  [     65ms]  [92mVISIBLE[0m  (poll #2, X-Cache: MISS)  order=f4dedeb0

[96mOrder 303/500:[0m
  [      5ms]  [91mstale[0m    (poll #1)  order=ca33f395
  [     66ms]  [92mVISIBLE[0m  (poll #2, X-Cache: MISS)  order=ca33f395

[96mOrder 304/500:[0m
  [      4ms]  [91mstale[0m    (poll #1)  order=0cc9f2fc
  [     63ms]  [92mVISIBLE[0m  (poll #2, X-Cache: MISS)  order=0cc9f2fc

[96mOrder 305/500:[0m
  [      4ms]  [91mstale[0m    (poll #1)  order=eeb9e128
  [     67ms]  [92mVISIBLE[0m  (poll #2, X-Cache: MISS)  order=eeb9e128

[96mOrder 306/500:[0m
  [      5ms]  [91mstale[0m    (poll #1)  order=b37dbe27
  [     67ms]  [92mVISIBLE[0m  (poll #2, X-Cache: MISS)  order=b37dbe27

[96mOrder 307/500:[0m
  [      4ms]  [91mstale[0m    (poll #1)  order=271a1f73
  [     65ms]  [92mVISIBLE[0m  (poll #2, X-Cache: MISS)  order=271a1f73

[96mOrder 308/500:[0m
  [      4ms]  [91mstale[0m    (poll #1)  order=c6f03688
  [     63ms]  [92mVISIBLE[0m  (poll #2, X-Cache: MISS)  order=c6f03688

[96mOrder 309/500:[0m
  [      4ms]  [91mstale[0m    (poll #1)  order=1795cd6f
  [     60ms]  [92mVISIBLE[0m  (poll #2, X-Cache: MISS)  order=1795cd6f

[96mOrder 310/500:[0m
  [      4ms]  [91mstale[0m    (poll #1)  order=74ff66dd
  [     62ms]  [92mVISIBLE[0m  (poll #2, X-Cache: MISS)  order=74ff66dd

[96mOrder 311/500:[0m
  [      5ms]  [91mstale[0m    (poll #1)  order=f1122ba3
  [     65ms]  [92mVISIBLE[0m  (poll #2, X-Cache: MISS)  order=f1122ba3

[96mOrder 312/500:[0m
  [      4ms]  [91mstale[0m    (poll #1)  order=563d73b0
  [     64ms]  [92mVISIBLE[0m  (poll #2, X-Cache: MISS)  order=563d73b0

[96mOrder 313/500:[0m
  [      4ms]  [91mstale[0m    (poll #1)  order=2664c659
  [     64ms]  [92mVISIBLE[0m  (poll #2, X-Cache: MISS)  order=2664c659

[96mOrder 314/500:[0m
  [      4ms]  [91mstale[0m    (poll #1)  order=d59afc26
  [     60ms]  [92mVISIBLE[0m  (poll #2, X-Cache: MISS)  order=d59afc26

[96mOrder 315/500:[0m
  [      5ms]  [91mstale[0m    (poll #1)  order=7cb5aa73
  [     65ms]  [92mVISIBLE[0m  (poll #2, X-Cache: MISS)  order=7cb5aa73

[96mOrder 316/500:[0m
  [      4ms]  [91mstale[0m    (poll #1)  order=72ae545b
  [     64ms]  [92mVISIBLE[0m  (poll #2, X-Cache: MISS)  order=72ae545b

[96mOrder 317/500:[0m
  [      4ms]  [91mstale[0m    (poll #1)  order=7e33bf7f
  [     65ms]  [92mVISIBLE[0m  (poll #2, X-Cache: MISS)  order=7e33bf7f

[96mOrder 318/500:[0m
  [      3ms]  [91mstale[0m    (poll #1)  order=143612a7
  [     62ms]  [92mVISIBLE[0m  (poll #2, X-Cache: MISS)  order=143612a7

[96mOrder 319/500:[0m
  [      3ms]  [91mstale[0m    (poll #1)  order=9e697abb
  [     59ms]  [92mVISIBLE[0m  (poll #2, X-Cache: MISS)  order=9e697abb

[96mOrder 320/500:[0m
  [      4ms]  [91mstale[0m    (poll #1)  order=94d79d44
  [     64ms]  [92mVISIBLE[0m  (poll #2, X-Cache: MISS)  order=94d79d44

[96mOrder 321/500:[0m
  [      4ms]  [91mstale[0m    (poll #1)  order=dddbf0fa
  [     64ms]  [92mVISIBLE[0m  (poll #2, X-Cache: MISS)  order=dddbf0fa

[96mOrder 322/500:[0m
  [      4ms]  [91mstale[0m    (poll #1)  order=b22ebe74
  [     64ms]  [92mVISIBLE[0m  (poll #2, X-Cache: MISS)  order=b22ebe74

[96mOrder 323/500:[0m
  [      4ms]  [91mstale[0m    (poll #1)  order=82b5be5b
  [     64ms]  [92mVISIBLE[0m  (poll #2, X-Cache: MISS)  order=82b5be5b

[96mOrder 324/500:[0m
  [      4ms]  [91mstale[0m    (poll #1)  order=9ed1ea70
  [     64ms]  [92mVISIBLE[0m  (poll #2, X-Cache: MISS)  order=9ed1ea70

[96mOrder 325/500:[0m
  [      4ms]  [91mstale[0m    (poll #1)  order=c6000bc5
  [     64ms]  [92mVISIBLE[0m  (poll #2, X-Cache: MISS)  order=c6000bc5

[96mOrder 326/500:[0m
  [      4ms]  [91mstale[0m    (poll #1)  order=f8a1c766
  [     63ms]  [92mVISIBLE[0m  (poll #2, X-Cache: MISS)  order=f8a1c766

[96mOrder 327/500:[0m
  [      4ms]  [91mstale[0m    (poll #1)  order=d4ff4899
  [     60ms]  [92mVISIBLE[0m  (poll #2, X-Cache: MISS)  order=d4ff4899

[96mOrder 328/500:[0m
  [      4ms]  [91mstale[0m    (poll #1)  order=d2f0699a
  [     64ms]  [92mVISIBLE[0m  (poll #2, X-Cache: MISS)  order=d2f0699a

[96mOrder 329/500:[0m
  [      4ms]  [91mstale[0m    (poll #1)  order=ca6ddc91
  [     63ms]  [92mVISIBLE[0m  (poll #2, X-Cache: MISS)  order=ca6ddc91

[96mOrder 330/500:[0m
  [      4ms]  [91mstale[0m    (poll #1)  order=fd14470d
  [     64ms]  [92mVISIBLE[0m  (poll #2, X-Cache: MISS)  order=fd14470d

[96mOrder 331/500:[0m
  [      4ms]  [91mstale[0m    (poll #1)  order=1bacf6ed
  [     60ms]  [92mVISIBLE[0m  (poll #2, X-Cache: MISS)  order=1bacf6ed

[96mOrder 332/500:[0m
  [      4ms]  [91mstale[0m    (poll #1)  order=0fd514cb
  [     59ms]  [92mVISIBLE[0m  (poll #2, X-Cache: MISS)  order=0fd514cb

[96mOrder 333/500:[0m
  [      4ms]  [91mstale[0m    (poll #1)  order=7bf4e820
  [     64ms]  [92mVISIBLE[0m  (poll #2, X-Cache: MISS)  order=7bf4e820

[96mOrder 334/500:[0m
  [      4ms]  [91mstale[0m    (poll #1)  order=8f6638e9
  [     65ms]  [92mVISIBLE[0m  (poll #2, X-Cache: MISS)  order=8f6638e9

[96mOrder 335/500:[0m
  [      4ms]  [91mstale[0m    (poll #1)  order=bb3dfdc6
  [     59ms]  [92mVISIBLE[0m  (poll #2, X-Cache: MISS)  order=bb3dfdc6

[96mOrder 336/500:[0m
  [      4ms]  [91mstale[0m    (poll #1)  order=f29957c8
  [     59ms]  [92mVISIBLE[0m  (poll #2, X-Cache: MISS)  order=f29957c8

[96mOrder 337/500:[0m
  [      4ms]  [91mstale[0m    (poll #1)  order=4f6249df
  [     64ms]  [92mVISIBLE[0m  (poll #2, X-Cache: MISS)  order=4f6249df

[96mOrder 338/500:[0m
  [      5ms]  [91mstale[0m    (poll #1)  order=fb81be3e
  [     65ms]  [92mVISIBLE[0m  (poll #2, X-Cache: MISS)  order=fb81be3e

[96mOrder 339/500:[0m
  [      5ms]  [91mstale[0m    (poll #1)  order=32717e9c
  [     63ms]  [92mVISIBLE[0m  (poll #2, X-Cache: MISS)  order=32717e9c

[96mOrder 340/500:[0m
  [      5ms]  [91mstale[0m    (poll #1)  order=f28b01af
  [     62ms]  [92mVISIBLE[0m  (poll #2, X-Cache: MISS)  order=f28b01af

[96mOrder 341/500:[0m
  [      4ms]  [91mstale[0m    (poll #1)  order=d0ae91aa
  [     65ms]  [92mVISIBLE[0m  (poll #2, X-Cache: MISS)  order=d0ae91aa

[96mOrder 342/500:[0m
  [      4ms]  [91mstale[0m    (poll #1)  order=90ff897a
  [     64ms]  [92mVISIBLE[0m  (poll #2, X-Cache: MISS)  order=90ff897a

[96mOrder 343/500:[0m
  [      5ms]  [91mstale[0m    (poll #1)  order=4c561514
  [     61ms]  [92mVISIBLE[0m  (poll #2, X-Cache: MISS)  order=4c561514

[96mOrder 344/500:[0m
  [      5ms]  [91mstale[0m    (poll #1)  order=c148e11f
  [     63ms]  [92mVISIBLE[0m  (poll #2, X-Cache: MISS)  order=c148e11f

[96mOrder 345/500:[0m
  [      5ms]  [91mstale[0m    (poll #1)  order=966b4771
  [     66ms]  [92mVISIBLE[0m  (poll #2, X-Cache: MISS)  order=966b4771

[96mOrder 346/500:[0m
  [      5ms]  [91mstale[0m    (poll #1)  order=c2fa6316
  [     66ms]  [92mVISIBLE[0m  (poll #2, X-Cache: MISS)  order=c2fa6316

[96mOrder 347/500:[0m
  [      5ms]  [91mstale[0m    (poll #1)  order=9b35c131
  [     64ms]  [92mVISIBLE[0m  (poll #2, X-Cache: MISS)  order=9b35c131

[96mOrder 348/500:[0m
  [      5ms]  [91mstale[0m    (poll #1)  order=8c7e4cbc
  [     64ms]  [92mVISIBLE[0m  (poll #2, X-Cache: MISS)  order=8c7e4cbc

[96mOrder 349/500:[0m
  [      4ms]  [91mstale[0m    (poll #1)  order=3c52a2f1
  [     64ms]  [92mVISIBLE[0m  (poll #2, X-Cache: MISS)  order=3c52a2f1

[96mOrder 350/500:[0m
  [      4ms]  [91mstale[0m    (poll #1)  order=c3ad3b5f
  [     64ms]  [92mVISIBLE[0m  (poll #2, X-Cache: MISS)  order=c3ad3b5f

[96mOrder 351/500:[0m
  [      4ms]  [91mstale[0m    (poll #1)  order=f8ccd664
  [     63ms]  [92mVISIBLE[0m  (poll #2, X-Cache: MISS)  order=f8ccd664

[96mOrder 352/500:[0m
  [      4ms]  [91mstale[0m    (poll #1)  order=69220341
  [     63ms]  [92mVISIBLE[0m  (poll #2, X-Cache: MISS)  order=69220341

[96mOrder 353/500:[0m
  [      4ms]  [91mstale[0m    (poll #1)  order=de3dcdcd
  [     63ms]  [92mVISIBLE[0m  (poll #2, X-Cache: MISS)  order=de3dcdcd

[96mOrder 354/500:[0m
  [      4ms]  [91mstale[0m    (poll #1)  order=50055854
  [     62ms]  [92mVISIBLE[0m  (poll #2, X-Cache: MISS)  order=50055854

[96mOrder 355/500:[0m
  [      4ms]  [91mstale[0m    (poll #1)  order=750304bd
  [     62ms]  [92mVISIBLE[0m  (poll #2, X-Cache: MISS)  order=750304bd

[96mOrder 356/500:[0m
  [      4ms]  [91mstale[0m    (poll #1)  order=ff9e1c38
  [     65ms]  [92mVISIBLE[0m  (poll #2, X-Cache: MISS)  order=ff9e1c38

[96mOrder 357/500:[0m
  [      8ms]  [91mstale[0m    (poll #1)  order=fb1cc652
  [     65ms]  [92mVISIBLE[0m  (poll #2, X-Cache: MISS)  order=fb1cc652

[96mOrder 358/500:[0m
  [      4ms]  [91mstale[0m    (poll #1)  order=e6248633
  [     65ms]  [92mVISIBLE[0m  (poll #2, X-Cache: MISS)  order=e6248633

[96mOrder 359/500:[0m
  [      4ms]  [91mstale[0m    (poll #1)  order=0397bab4
  [     62ms]  [92mVISIBLE[0m  (poll #2, X-Cache: MISS)  order=0397bab4

[96mOrder 360/500:[0m
  [      5ms]  [91mstale[0m    (poll #1)  order=38e763fb
  [     66ms]  [92mVISIBLE[0m  (poll #2, X-Cache: MISS)  order=38e763fb

[96mOrder 361/500:[0m
  [      5ms]  [91mstale[0m    (poll #1)  order=17690c04
  [     66ms]  [92mVISIBLE[0m  (poll #2, X-Cache: MISS)  order=17690c04

[96mOrder 362/500:[0m
  [      5ms]  [91mstale[0m    (poll #1)  order=53cdf65a
  [     65ms]  [92mVISIBLE[0m  (poll #2, X-Cache: MISS)  order=53cdf65a

[96mOrder 363/500:[0m
  [      5ms]  [91mstale[0m    (poll #1)  order=61fe1729
  [     65ms]  [92mVISIBLE[0m  (poll #2, X-Cache: MISS)  order=61fe1729

[96mOrder 364/500:[0m
  [      5ms]  [91mstale[0m    (poll #1)  order=98277a92
  [     65ms]  [92mVISIBLE[0m  (poll #2, X-Cache: MISS)  order=98277a92

[96mOrder 365/500:[0m
  [      4ms]  [91mstale[0m    (poll #1)  order=6f83e7b5
  [     62ms]  [92mVISIBLE[0m  (poll #2, X-Cache: MISS)  order=6f83e7b5

[96mOrder 366/500:[0m
  [      4ms]  [91mstale[0m    (poll #1)  order=56350c93
  [     63ms]  [92mVISIBLE[0m  (poll #2, X-Cache: MISS)  order=56350c93

[96mOrder 367/500:[0m
  [      4ms]  [91mstale[0m    (poll #1)  order=78eed6f6
  [     60ms]  [92mVISIBLE[0m  (poll #2, X-Cache: MISS)  order=78eed6f6

[96mOrder 368/500:[0m
  [      4ms]  [91mstale[0m    (poll #1)  order=31f1798f
  [     64ms]  [92mVISIBLE[0m  (poll #2, X-Cache: MISS)  order=31f1798f

[96mOrder 369/500:[0m
  [      4ms]  [91mstale[0m    (poll #1)  order=20366738
  [     64ms]  [92mVISIBLE[0m  (poll #2, X-Cache: MISS)  order=20366738

[96mOrder 370/500:[0m
  [      5ms]  [91mstale[0m    (poll #1)  order=73cdd084
  [     62ms]  [92mVISIBLE[0m  (poll #2, X-Cache: MISS)  order=73cdd084

[96mOrder 371/500:[0m
  [      5ms]  [91mstale[0m    (poll #1)  order=ac9f4bc7
  [     65ms]  [92mVISIBLE[0m  (poll #2, X-Cache: MISS)  order=ac9f4bc7

[96mOrder 372/500:[0m
  [      5ms]  [91mstale[0m    (poll #1)  order=6c2d4f71
  [     65ms]  [92mVISIBLE[0m  (poll #2, X-Cache: MISS)  order=6c2d4f71

[96mOrder 373/500:[0m
  [      4ms]  [91mstale[0m    (poll #1)  order=8c775caa
  [     60ms]  [92mVISIBLE[0m  (poll #2, X-Cache: MISS)  order=8c775caa

[96mOrder 374/500:[0m
  [      4ms]  [91mstale[0m    (poll #1)  order=98e34dba
  [     64ms]  [92mVISIBLE[0m  (poll #2, X-Cache: MISS)  order=98e34dba

[96mOrder 375/500:[0m
  [      4ms]  [91mstale[0m    (poll #1)  order=f634e21b
  [     60ms]  [92mVISIBLE[0m  (poll #2, X-Cache: MISS)  order=f634e21b

[96mOrder 376/500:[0m
  [      5ms]  [91mstale[0m    (poll #1)  order=ebda92f4
  [     62ms]  [92mVISIBLE[0m  (poll #2, X-Cache: MISS)  order=ebda92f4

[96mOrder 377/500:[0m
  [      4ms]  [91mstale[0m    (poll #1)  order=093fd44c
  [     63ms]  [92mVISIBLE[0m  (poll #2, X-Cache: MISS)  order=093fd44c

[96mOrder 378/500:[0m
  [      5ms]  [91mstale[0m    (poll #1)  order=013c3d35
  [     66ms]  [92mVISIBLE[0m  (poll #2, X-Cache: MISS)  order=013c3d35

[96mOrder 379/500:[0m
  [      4ms]  [91mstale[0m    (poll #1)  order=b3148a57
  [     61ms]  [92mVISIBLE[0m  (poll #2, X-Cache: MISS)  order=b3148a57

[96mOrder 380/500:[0m
  [      4ms]  [91mstale[0m    (poll #1)  order=dac46e67
  [     60ms]  [92mVISIBLE[0m  (poll #2, X-Cache: MISS)  order=dac46e67

[96mOrder 381/500:[0m
  [      4ms]  [91mstale[0m    (poll #1)  order=54e2fd01
  [     65ms]  [92mVISIBLE[0m  (poll #2, X-Cache: MISS)  order=54e2fd01

[96mOrder 382/500:[0m
  [      5ms]  [91mstale[0m    (poll #1)  order=db643852
  [     66ms]  [92mVISIBLE[0m  (poll #2, X-Cache: MISS)  order=db643852

[96mOrder 383/500:[0m
  [      4ms]  [91mstale[0m    (poll #1)  order=4cb83b7f
  [     64ms]  [92mVISIBLE[0m  (poll #2, X-Cache: MISS)  order=4cb83b7f

[96mOrder 384/500:[0m
  [      4ms]  [91mstale[0m    (poll #1)  order=520bb803
  [     64ms]  [92mVISIBLE[0m  (poll #2, X-Cache: MISS)  order=520bb803

[96mOrder 385/500:[0m
  [      4ms]  [91mstale[0m    (poll #1)  order=d4ad66e0
  [     64ms]  [92mVISIBLE[0m  (poll #2, X-Cache: MISS)  order=d4ad66e0

[96mOrder 386/500:[0m
  [      4ms]  [91mstale[0m    (poll #1)  order=7f737f53
  [     61ms]  [92mVISIBLE[0m  (poll #2, X-Cache: MISS)  order=7f737f53

[96mOrder 387/500:[0m
  [      5ms]  [91mstale[0m    (poll #1)  order=dade9163
  [     67ms]  [92mVISIBLE[0m  (poll #2, X-Cache: MISS)  order=dade9163

[96mOrder 388/500:[0m
  [      5ms]  [91mstale[0m    (poll #1)  order=9b0c36da
  [     68ms]  [92mVISIBLE[0m  (poll #2, X-Cache: MISS)  order=9b0c36da

[96mOrder 389/500:[0m
  [      4ms]  [91mstale[0m    (poll #1)  order=dae38d1d
  [     64ms]  [92mVISIBLE[0m  (poll #2, X-Cache: MISS)  order=dae38d1d

[96mOrder 390/500:[0m
  [      4ms]  [91mstale[0m    (poll #1)  order=fb0027a3
  [     64ms]  [92mVISIBLE[0m  (poll #2, X-Cache: MISS)  order=fb0027a3

[96mOrder 391/500:[0m
  [      4ms]  [91mstale[0m    (poll #1)  order=31487f48
  [     63ms]  [92mVISIBLE[0m  (poll #2, X-Cache: MISS)  order=31487f48

[96mOrder 392/500:[0m
  [      4ms]  [91mstale[0m    (poll #1)  order=c5c9491b
  [     63ms]  [92mVISIBLE[0m  (poll #2, X-Cache: MISS)  order=c5c9491b

[96mOrder 393/500:[0m
  [      4ms]  [91mstale[0m    (poll #1)  order=b4cb1d67
  [     59ms]  [92mVISIBLE[0m  (poll #2, X-Cache: MISS)  order=b4cb1d67

[96mOrder 394/500:[0m
  [      4ms]  [91mstale[0m    (poll #1)  order=81d0095e
  [     64ms]  [92mVISIBLE[0m  (poll #2, X-Cache: MISS)  order=81d0095e

[96mOrder 395/500:[0m
  [      4ms]  [91mstale[0m    (poll #1)  order=dccae587
  [     66ms]  [92mVISIBLE[0m  (poll #2, X-Cache: MISS)  order=dccae587

[96mOrder 396/500:[0m
  [      4ms]  [91mstale[0m    (poll #1)  order=f86327da
  [     64ms]  [92mVISIBLE[0m  (poll #2, X-Cache: MISS)  order=f86327da

[96mOrder 397/500:[0m
  [      4ms]  [91mstale[0m    (poll #1)  order=df779c4c
  [     62ms]  [92mVISIBLE[0m  (poll #2, X-Cache: MISS)  order=df779c4c

[96mOrder 398/500:[0m
  [      4ms]  [91mstale[0m    (poll #1)  order=b370c695
  [     65ms]  [92mVISIBLE[0m  (poll #2, X-Cache: MISS)  order=b370c695

[96mOrder 399/500:[0m
  [      4ms]  [91mstale[0m    (poll #1)  order=c117d7f0
  [     63ms]  [92mVISIBLE[0m  (poll #2, X-Cache: MISS)  order=c117d7f0

[96mOrder 400/500:[0m
  [      3ms]  [91mstale[0m    (poll #1)  order=17051ae6
  [     59ms]  [92mVISIBLE[0m  (poll #2, X-Cache: MISS)  order=17051ae6

[96mOrder 401/500:[0m
  [      4ms]  [91mstale[0m    (poll #1)  order=219bf55e
  [     61ms]  [92mVISIBLE[0m  (poll #2, X-Cache: MISS)  order=219bf55e

[96mOrder 402/500:[0m
  [      4ms]  [91mstale[0m    (poll #1)  order=ae5673d4
  [     59ms]  [92mVISIBLE[0m  (poll #2, X-Cache: MISS)  order=ae5673d4

[96mOrder 403/500:[0m
  [      4ms]  [91mstale[0m    (poll #1)  order=ca50f534
  [     61ms]  [92mVISIBLE[0m  (poll #2, X-Cache: MISS)  order=ca50f534

[96mOrder 404/500:[0m
  [      4ms]  [91mstale[0m    (poll #1)  order=06e6f4ee
  [     70ms]  [92mVISIBLE[0m  (poll #2, X-Cache: MISS)  order=06e6f4ee

[96mOrder 405/500:[0m
  [      4ms]  [91mstale[0m    (poll #1)  order=682e7f91
  [     62ms]  [92mVISIBLE[0m  (poll #2, X-Cache: MISS)  order=682e7f91

[96mOrder 406/500:[0m
  [      4ms]  [91mstale[0m    (poll #1)  order=e55ecd7d
  [     64ms]  [92mVISIBLE[0m  (poll #2, X-Cache: MISS)  order=e55ecd7d

[96mOrder 407/500:[0m
  [      4ms]  [91mstale[0m    (poll #1)  order=900296fa
  [     64ms]  [92mVISIBLE[0m  (poll #2, X-Cache: MISS)  order=900296fa

[96mOrder 408/500:[0m
  [      4ms]  [91mstale[0m    (poll #1)  order=1f91049f
  [     64ms]  [92mVISIBLE[0m  (poll #2, X-Cache: MISS)  order=1f91049f

[96mOrder 409/500:[0m
  [      5ms]  [91mstale[0m    (poll #1)  order=9c8d4dd4
  [     66ms]  [92mVISIBLE[0m  (poll #2, X-Cache: MISS)  order=9c8d4dd4

[96mOrder 410/500:[0m
  [      5ms]  [91mstale[0m    (poll #1)  order=8f4ed75f
  [     67ms]  [92mVISIBLE[0m  (poll #2, X-Cache: MISS)  order=8f4ed75f

[96mOrder 411/500:[0m
  [      5ms]  [91mstale[0m    (poll #1)  order=3b9e8ec7
  [     65ms]  [92mVISIBLE[0m  (poll #2, X-Cache: MISS)  order=3b9e8ec7

[96mOrder 412/500:[0m
  [      5ms]  [91mstale[0m    (poll #1)  order=ba500ad9
  [     64ms]  [92mVISIBLE[0m  (poll #2, X-Cache: MISS)  order=ba500ad9

[96mOrder 413/500:[0m
  [      4ms]  [91mstale[0m    (poll #1)  order=31bcccf6
  [     65ms]  [92mVISIBLE[0m  (poll #2, X-Cache: MISS)  order=31bcccf6

[96mOrder 414/500:[0m
  [      5ms]  [91mstale[0m    (poll #1)  order=8d6ce9e1
  [     66ms]  [92mVISIBLE[0m  (poll #2, X-Cache: MISS)  order=8d6ce9e1

[96mOrder 415/500:[0m
  [      5ms]  [91mstale[0m    (poll #1)  order=8935a852
  [     61ms]  [92mVISIBLE[0m  (poll #2, X-Cache: MISS)  order=8935a852

[96mOrder 416/500:[0m
  [      4ms]  [91mstale[0m    (poll #1)  order=631d5c2a
  [     61ms]  [92mVISIBLE[0m  (poll #2, X-Cache: MISS)  order=631d5c2a

[96mOrder 417/500:[0m
  [      5ms]  [91mstale[0m    (poll #1)  order=0fbec14f
  [     65ms]  [92mVISIBLE[0m  (poll #2, X-Cache: MISS)  order=0fbec14f

[96mOrder 418/500:[0m
  [      4ms]  [91mstale[0m    (poll #1)  order=feeae58e
  [     64ms]  [92mVISIBLE[0m  (poll #2, X-Cache: MISS)  order=feeae58e

[96mOrder 419/500:[0m
  [      4ms]  [91mstale[0m    (poll #1)  order=e75a0f9d
  [     65ms]  [92mVISIBLE[0m  (poll #2, X-Cache: MISS)  order=e75a0f9d

[96mOrder 420/500:[0m
  [      5ms]  [91mstale[0m    (poll #1)  order=ca803d27
  [     65ms]  [92mVISIBLE[0m  (poll #2, X-Cache: MISS)  order=ca803d27

[96mOrder 421/500:[0m
  [      5ms]  [91mstale[0m    (poll #1)  order=127f2a64
  [     66ms]  [92mVISIBLE[0m  (poll #2, X-Cache: MISS)  order=127f2a64

[96mOrder 422/500:[0m
  [      4ms]  [91mstale[0m    (poll #1)  order=7e9bab8f
  [     60ms]  [92mVISIBLE[0m  (poll #2, X-Cache: MISS)  order=7e9bab8f

[96mOrder 423/500:[0m
  [      4ms]  [91mstale[0m    (poll #1)  order=b0d921e0
  [     65ms]  [92mVISIBLE[0m  (poll #2, X-Cache: MISS)  order=b0d921e0

[96mOrder 424/500:[0m
  [      4ms]  [91mstale[0m    (poll #1)  order=a1a216f5
  [     60ms]  [92mVISIBLE[0m  (poll #2, X-Cache: MISS)  order=a1a216f5

[96mOrder 425/500:[0m
  [      5ms]  [91mstale[0m    (poll #1)  order=e1d95157
  [     64ms]  [92mVISIBLE[0m  (poll #2, X-Cache: MISS)  order=e1d95157

[96mOrder 426/500:[0m
  [      5ms]  [91mstale[0m    (poll #1)  order=33771758
  [     65ms]  [92mVISIBLE[0m  (poll #2, X-Cache: MISS)  order=33771758

[96mOrder 427/500:[0m
  [      4ms]  [91mstale[0m    (poll #1)  order=ac27b3ac
  [     61ms]  [92mVISIBLE[0m  (poll #2, X-Cache: MISS)  order=ac27b3ac

[96mOrder 428/500:[0m
  [      4ms]  [91mstale[0m    (poll #1)  order=4517009c
  [     59ms]  [92mVISIBLE[0m  (poll #2, X-Cache: MISS)  order=4517009c

[96mOrder 429/500:[0m
  [      4ms]  [91mstale[0m    (poll #1)  order=fd85599e
  [     61ms]  [92mVISIBLE[0m  (poll #2, X-Cache: MISS)  order=fd85599e

[96mOrder 430/500:[0m
  [      4ms]  [91mstale[0m    (poll #1)  order=99eba59d
  [     64ms]  [92mVISIBLE[0m  (poll #2, X-Cache: MISS)  order=99eba59d

[96mOrder 431/500:[0m
  [      4ms]  [91mstale[0m    (poll #1)  order=b9802549
  [     65ms]  [92mVISIBLE[0m  (poll #2, X-Cache: MISS)  order=b9802549

[96mOrder 432/500:[0m
  [      4ms]  [91mstale[0m    (poll #1)  order=5cdcd105
  [     67ms]  [92mVISIBLE[0m  (poll #2, X-Cache: MISS)  order=5cdcd105

[96mOrder 433/500:[0m
  [      4ms]  [91mstale[0m    (poll #1)  order=8e600f86
  [     65ms]  [92mVISIBLE[0m  (poll #2, X-Cache: MISS)  order=8e600f86

[96mOrder 434/500:[0m
  [      5ms]  [91mstale[0m    (poll #1)  order=11878c3f
  [     65ms]  [92mVISIBLE[0m  (poll #2, X-Cache: MISS)  order=11878c3f

[96mOrder 435/500:[0m
  [      5ms]  [91mstale[0m    (poll #1)  order=5546c2be
  [     65ms]  [92mVISIBLE[0m  (poll #2, X-Cache: MISS)  order=5546c2be

[96mOrder 436/500:[0m
  [      5ms]  [91mstale[0m    (poll #1)  order=0edd4483
  [     66ms]  [92mVISIBLE[0m  (poll #2, X-Cache: MISS)  order=0edd4483

[96mOrder 437/500:[0m
  [      4ms]  [91mstale[0m    (poll #1)  order=534e9688
  [     65ms]  [92mVISIBLE[0m  (poll #2, X-Cache: MISS)  order=534e9688

[96mOrder 438/500:[0m
  [      4ms]  [91mstale[0m    (poll #1)  order=fa353459
  [     64ms]  [92mVISIBLE[0m  (poll #2, X-Cache: MISS)  order=fa353459

[96mOrder 439/500:[0m
  [      4ms]  [91mstale[0m    (poll #1)  order=ce9daba7
  [     59ms]  [92mVISIBLE[0m  (poll #2, X-Cache: MISS)  order=ce9daba7

[96mOrder 440/500:[0m
  [      5ms]  [91mstale[0m    (poll #1)  order=c5fb78e9
  [     61ms]  [92mVISIBLE[0m  (poll #2, X-Cache: MISS)  order=c5fb78e9

[96mOrder 441/500:[0m
  [      4ms]  [91mstale[0m    (poll #1)  order=563d7748
  [     64ms]  [92mVISIBLE[0m  (poll #2, X-Cache: MISS)  order=563d7748

[96mOrder 442/500:[0m
  [      5ms]  [91mstale[0m    (poll #1)  order=2b1a5bfe
  [     65ms]  [92mVISIBLE[0m  (poll #2, X-Cache: MISS)  order=2b1a5bfe

[96mOrder 443/500:[0m
  [      5ms]  [91mstale[0m    (poll #1)  order=881aad75
  [     65ms]  [92mVISIBLE[0m  (poll #2, X-Cache: MISS)  order=881aad75

[96mOrder 444/500:[0m
  [      5ms]  [91mstale[0m    (poll #1)  order=23d19461
  [     66ms]  [92mVISIBLE[0m  (poll #2, X-Cache: MISS)  order=23d19461

[96mOrder 445/500:[0m
  [      5ms]  [91mstale[0m    (poll #1)  order=39d81799
  [     65ms]  [92mVISIBLE[0m  (poll #2, X-Cache: MISS)  order=39d81799

[96mOrder 446/500:[0m
  [      4ms]  [91mstale[0m    (poll #1)  order=b6a3f139
  [     59ms]  [92mVISIBLE[0m  (poll #2, X-Cache: MISS)  order=b6a3f139

[96mOrder 447/500:[0m
  [      4ms]  [91mstale[0m    (poll #1)  order=0087ef91
  [     61ms]  [92mVISIBLE[0m  (poll #2, X-Cache: MISS)  order=0087ef91

[96mOrder 448/500:[0m
  [      4ms]  [91mstale[0m    (poll #1)  order=3889aee4
  [     64ms]  [92mVISIBLE[0m  (poll #2, X-Cache: MISS)  order=3889aee4

[96mOrder 449/500:[0m
  [      3ms]  [91mstale[0m    (poll #1)  order=56be5cab
  [     64ms]  [92mVISIBLE[0m  (poll #2, X-Cache: MISS)  order=56be5cab

[96mOrder 450/500:[0m
  [      4ms]  [91mstale[0m    (poll #1)  order=b875b5f5
  [     63ms]  [92mVISIBLE[0m  (poll #2, X-Cache: MISS)  order=b875b5f5

[96mOrder 451/500:[0m
  [      4ms]  [91mstale[0m    (poll #1)  order=c3ffa837
  [     63ms]  [92mVISIBLE[0m  (poll #2, X-Cache: MISS)  order=c3ffa837

[96mOrder 452/500:[0m
  [      4ms]  [91mstale[0m    (poll #1)  order=793e248f
  [     65ms]  [92mVISIBLE[0m  (poll #2, X-Cache: MISS)  order=793e248f

[96mOrder 453/500:[0m
  [      5ms]  [91mstale[0m    (poll #1)  order=66a0ff00
  [     65ms]  [92mVISIBLE[0m  (poll #2, X-Cache: MISS)  order=66a0ff00

[96mOrder 454/500:[0m
  [      4ms]  [91mstale[0m    (poll #1)  order=a5153261
  [     65ms]  [92mVISIBLE[0m  (poll #2, X-Cache: MISS)  order=a5153261

[96mOrder 455/500:[0m
  [      4ms]  [91mstale[0m    (poll #1)  order=dfaf342b
  [     60ms]  [92mVISIBLE[0m  (poll #2, X-Cache: MISS)  order=dfaf342b

[96mOrder 456/500:[0m
  [      4ms]  [91mstale[0m    (poll #1)  order=6c8ac62f
  [     64ms]  [92mVISIBLE[0m  (poll #2, X-Cache: MISS)  order=6c8ac62f

[96mOrder 457/500:[0m
  [      4ms]  [91mstale[0m    (poll #1)  order=bbdc891f
  [     63ms]  [92mVISIBLE[0m  (poll #2, X-Cache: MISS)  order=bbdc891f

[96mOrder 458/500:[0m
  [      4ms]  [91mstale[0m    (poll #1)  order=2f7aec52
  [     59ms]  [92mVISIBLE[0m  (poll #2, X-Cache: MISS)  order=2f7aec52

[96mOrder 459/500:[0m
  [      4ms]  [91mstale[0m    (poll #1)  order=bb68ce4d
  [     63ms]  [92mVISIBLE[0m  (poll #2, X-Cache: MISS)  order=bb68ce4d

[96mOrder 460/500:[0m
  [      5ms]  [91mstale[0m    (poll #1)  order=6b60b033
  [     64ms]  [92mVISIBLE[0m  (poll #2, X-Cache: MISS)  order=6b60b033

[96mOrder 461/500:[0m
  [      4ms]  [91mstale[0m    (poll #1)  order=c389e39f
  [     64ms]  [92mVISIBLE[0m  (poll #2, X-Cache: MISS)  order=c389e39f

[96mOrder 462/500:[0m
  [      4ms]  [91mstale[0m    (poll #1)  order=08da2614
  [     65ms]  [92mVISIBLE[0m  (poll #2, X-Cache: MISS)  order=08da2614

[96mOrder 463/500:[0m
  [      4ms]  [91mstale[0m    (poll #1)  order=afd27f9b
  [     62ms]  [92mVISIBLE[0m  (poll #2, X-Cache: MISS)  order=afd27f9b

[96mOrder 464/500:[0m
  [      4ms]  [91mstale[0m    (poll #1)  order=88b029a1
  [     66ms]  [92mVISIBLE[0m  (poll #2, X-Cache: MISS)  order=88b029a1

[96mOrder 465/500:[0m
  [      4ms]  [91mstale[0m    (poll #1)  order=97e0ac38
  [     64ms]  [92mVISIBLE[0m  (poll #2, X-Cache: MISS)  order=97e0ac38

[96mOrder 466/500:[0m
  [      3ms]  [91mstale[0m    (poll #1)  order=969bd2ab
  [     63ms]  [92mVISIBLE[0m  (poll #2, X-Cache: MISS)  order=969bd2ab

[96mOrder 467/500:[0m
  [      4ms]  [91mstale[0m    (poll #1)  order=feade997
  [     64ms]  [92mVISIBLE[0m  (poll #2, X-Cache: MISS)  order=feade997

[96mOrder 468/500:[0m
  [      4ms]  [91mstale[0m    (poll #1)  order=5b3abc67
  [     61ms]  [92mVISIBLE[0m  (poll #2, X-Cache: MISS)  order=5b3abc67

[96mOrder 469/500:[0m
  [      4ms]  [91mstale[0m    (poll #1)  order=c856fab0
  [     63ms]  [92mVISIBLE[0m  (poll #2, X-Cache: MISS)  order=c856fab0

[96mOrder 470/500:[0m
  [      5ms]  [91mstale[0m    (poll #1)  order=f2a0a021
  [     64ms]  [92mVISIBLE[0m  (poll #2, X-Cache: MISS)  order=f2a0a021

[96mOrder 471/500:[0m
  [      5ms]  [91mstale[0m    (poll #1)  order=9353cdeb
  [     65ms]  [92mVISIBLE[0m  (poll #2, X-Cache: MISS)  order=9353cdeb

[96mOrder 472/500:[0m
  [      4ms]  [91mstale[0m    (poll #1)  order=87b223ed
  [     61ms]  [92mVISIBLE[0m  (poll #2, X-Cache: MISS)  order=87b223ed

[96mOrder 473/500:[0m
  [      4ms]  [91mstale[0m    (poll #1)  order=1c0b65a0
  [     59ms]  [92mVISIBLE[0m  (poll #2, X-Cache: MISS)  order=1c0b65a0

[96mOrder 474/500:[0m
  [      4ms]  [91mstale[0m    (poll #1)  order=9d4f5aff
  [     60ms]  [92mVISIBLE[0m  (poll #2, X-Cache: MISS)  order=9d4f5aff

[96mOrder 475/500:[0m
  [      4ms]  [91mstale[0m    (poll #1)  order=8288f5dd
  [     64ms]  [92mVISIBLE[0m  (poll #2, X-Cache: MISS)  order=8288f5dd

[96mOrder 476/500:[0m
  [      4ms]  [91mstale[0m    (poll #1)  order=f4e78ac6
  [     63ms]  [92mVISIBLE[0m  (poll #2, X-Cache: MISS)  order=f4e78ac6

[96mOrder 477/500:[0m
  [      4ms]  [91mstale[0m    (poll #1)  order=1735f77a
  [     62ms]  [92mVISIBLE[0m  (poll #2, X-Cache: MISS)  order=1735f77a

[96mOrder 478/500:[0m
  [      4ms]  [91mstale[0m    (poll #1)  order=c59b3556
  [     64ms]  [92mVISIBLE[0m  (poll #2, X-Cache: MISS)  order=c59b3556

[96mOrder 479/500:[0m
  [      5ms]  [91mstale[0m    (poll #1)  order=fd1f5969
  [     64ms]  [92mVISIBLE[0m  (poll #2, X-Cache: MISS)  order=fd1f5969

[96mOrder 480/500:[0m
  [      4ms]  [91mstale[0m    (poll #1)  order=c5a0e16a
  [     64ms]  [92mVISIBLE[0m  (poll #2, X-Cache: MISS)  order=c5a0e16a

[96mOrder 481/500:[0m
  [      5ms]  [91mstale[0m    (poll #1)  order=35a4eb7f
  [     62ms]  [92mVISIBLE[0m  (poll #2, X-Cache: MISS)  order=35a4eb7f

[96mOrder 482/500:[0m
  [      4ms]  [91mstale[0m    (poll #1)  order=56930841
  [     64ms]  [92mVISIBLE[0m  (poll #2, X-Cache: MISS)  order=56930841

[96mOrder 483/500:[0m
  [      4ms]  [91mstale[0m    (poll #1)  order=92c2e32c
  [     65ms]  [92mVISIBLE[0m  (poll #2, X-Cache: MISS)  order=92c2e32c

[96mOrder 484/500:[0m
  [      4ms]  [91mstale[0m    (poll #1)  order=721015be
  [     65ms]  [92mVISIBLE[0m  (poll #2, X-Cache: MISS)  order=721015be

[96mOrder 485/500:[0m
  [      5ms]  [91mstale[0m    (poll #1)  order=0e8c61d9
  [     61ms]  [92mVISIBLE[0m  (poll #2, X-Cache: MISS)  order=0e8c61d9

[96mOrder 486/500:[0m
  [      4ms]  [91mstale[0m    (poll #1)  order=0d6e2ea6
  [     65ms]  [92mVISIBLE[0m  (poll #2, X-Cache: MISS)  order=0d6e2ea6

[96mOrder 487/500:[0m
  [      4ms]  [91mstale[0m    (poll #1)  order=2a3e05fb
  [     64ms]  [92mVISIBLE[0m  (poll #2, X-Cache: MISS)  order=2a3e05fb

[96mOrder 488/500:[0m
  [      5ms]  [91mstale[0m    (poll #1)  order=33deadab
  [     60ms]  [92mVISIBLE[0m  (poll #2, X-Cache: MISS)  order=33deadab

[96mOrder 489/500:[0m
  [      4ms]  [91mstale[0m    (poll #1)  order=c60c52a1
  [     64ms]  [92mVISIBLE[0m  (poll #2, X-Cache: MISS)  order=c60c52a1

[96mOrder 490/500:[0m
  [      4ms]  [91mstale[0m    (poll #1)  order=bec7c938
  [     65ms]  [92mVISIBLE[0m  (poll #2, X-Cache: MISS)  order=bec7c938

[96mOrder 491/500:[0m
  [      4ms]  [91mstale[0m    (poll #1)  order=41583a8b
  [     64ms]  [92mVISIBLE[0m  (poll #2, X-Cache: MISS)  order=41583a8b

[96mOrder 492/500:[0m
  [      4ms]  [91mstale[0m    (poll #1)  order=358d712b
  [     64ms]  [92mVISIBLE[0m  (poll #2, X-Cache: MISS)  order=358d712b

[96mOrder 493/500:[0m
  [      4ms]  [91mstale[0m    (poll #1)  order=520e7964
  [     63ms]  [92mVISIBLE[0m  (poll #2, X-Cache: MISS)  order=520e7964

[96mOrder 494/500:[0m
  [      4ms]  [91mstale[0m    (poll #1)  order=afc0e765
  [     62ms]  [92mVISIBLE[0m  (poll #2, X-Cache: MISS)  order=afc0e765

[96mOrder 495/500:[0m
  [      4ms]  [91mstale[0m    (poll #1)  order=5d218afe
  [     62ms]  [92mVISIBLE[0m  (poll #2, X-Cache: MISS)  order=5d218afe

[96mOrder 496/500:[0m
  [      4ms]  [91mstale[0m    (poll #1)  order=f5100fa3
  [     64ms]  [92mVISIBLE[0m  (poll #2, X-Cache: MISS)  order=f5100fa3

[96mOrder 497/500:[0m
  [      4ms]  [91mstale[0m    (poll #1)  order=7978ca06
  [     61ms]  [92mVISIBLE[0m  (poll #2, X-Cache: MISS)  order=7978ca06

[96mOrder 498/500:[0m
  [      4ms]  [91mstale[0m    (poll #1)  order=622459ef
  [     64ms]  [92mVISIBLE[0m  (poll #2, X-Cache: MISS)  order=622459ef

[96mOrder 499/500:[0m
  [      4ms]  [91mstale[0m    (poll #1)  order=472cc5df
  [     63ms]  [92mVISIBLE[0m  (poll #2, X-Cache: MISS)  order=472cc5df

[96mOrder 500/500:[0m
  [      4ms]  [91mstale[0m    (poll #1)  order=e108b6ec
  [     65ms]  [92mVISIBLE[0m  (poll #2, X-Cache: MISS)  order=e108b6ec

[1m=======================================================[0m
[1m  RESULTS  (N=500)[0m
[1m=======================================================[0m

  metric                    value
  --------------------------------
  consistency lag ms  
    p50                     64.0
    p95                     66.6
    p99                     70.2
    min                      5.8
    max                     88.0
  avg polls/read             2.0

  [93mWhat this means:[0m
  A user who placed an order and immediately refreshed
  would have seen no order for up to 88ms.
  During this window the read side is STALE — MongoDB has
  the event, but PostgreSQL has not projected it yet.

  [92mThe RYW cache fixes this:[0m
    bash restart.sh --delay 2   # same consumer lag, cache ON
    python scripts/consistency_demo.py
  → Every read returns in ~1ms (cache HIT, no PG needed).

