Stopping services and wiping volumes...

  cache:    DISABLED
  consumer: SLOW (0.05s/event)
  saga:     fast
  stream:   redis-stream :6379  (no memory limit)

Starting services...
time="2026-04-26T03:54:08+05:30" level=warning msg="/Users/akankshawattamwar/Desktop/CS315/CQRS/docker-compose.yml: the attribute `version` is obsolete, it will be ignored, please remove it to avoid potential confusion"
#1 [internal] load local bake definitions
#1 reading from stdin 1.05kB done
#1 DONE 0.0s

#2 [saga internal] load build definition from Dockerfile
#2 transferring dockerfile: 365B done
#2 DONE 0.0s

#3 [consumer internal] load build definition from Dockerfile
#3 transferring dockerfile: 186B done
#3 DONE 0.0s

#4 [consumer internal] load metadata for docker.io/library/python:3.12-slim
#4 DONE 1.1s

#5 [consumer internal] load .dockerignore
#5 transferring context: 2B done
#5 DONE 0.0s

#6 [saga internal] load .dockerignore
#6 transferring context: 2B done
#6 DONE 0.0s

#7 [consumer internal] load build context
#7 transferring context: 308B done
#7 DONE 0.0s

#8 [consumer 1/5] FROM docker.io/library/python:3.12-slim@sha256:46cb7cc2877e60fbd5e21a9ae6115c30ace7a077b9f8772da879e4590c18c2e3
#8 resolve docker.io/library/python:3.12-slim@sha256:46cb7cc2877e60fbd5e21a9ae6115c30ace7a077b9f8772da879e4590c18c2e3 0.0s done
#8 DONE 0.0s

#9 [saga 2/7] WORKDIR /service
#9 CACHED

#10 [consumer 2/5] WORKDIR /app
#10 CACHED

#11 [saga internal] load build context
#11 transferring context: 386B done
#11 DONE 0.0s

#12 [consumer 3/5] COPY requirements.txt .
#12 DONE 0.0s

#13 [saga 3/7] COPY saga/requirements.txt saga/
#13 DONE 0.0s

#14 [saga 4/7] RUN pip install --no-cache-dir -r saga/requirements.txt
#14 1.171 Collecting pymongo==4.7.2 (from -r saga/requirements.txt (line 1))
#14 1.257   Downloading pymongo-4.7.2-cp312-cp312-manylinux_2_17_aarch64.manylinux2014_aarch64.whl.metadata (22 kB)
#14 1.323 Collecting redis==5.0.5 (from -r saga/requirements.txt (line 2))
#14 1.342   Downloading redis-5.0.5-py3-none-any.whl.metadata (9.3 kB)
#14 1.407 Collecting psycopg2-binary==2.9.9 (from -r saga/requirements.txt (line 3))
#14 1.431   Downloading psycopg2_binary-2.9.9-cp312-cp312-manylinux_2_17_aarch64.manylinux2014_aarch64.whl.metadata (4.4 kB)
#14 1.687 Collecting dnspython<3.0.0,>=1.16.0 (from pymongo==4.7.2->-r saga/requirements.txt (line 1))
#14 1.710   Downloading dnspython-2.8.0-py3-none-any.whl.metadata (5.7 kB)
#14 1.764 Downloading pymongo-4.7.2-cp312-cp312-manylinux_2_17_aarch64.manylinux2014_aarch64.whl (688 kB)
#14 2.036    ━━━━━━━━━━━━━━━━━━━━━━━━━━━━━━━━━━━━━━━━ 689.0/689.0 kB 3.7 MB/s eta 0:00:00
#14 2.088 Downloading redis-5.0.5-py3-none-any.whl (251 kB)
#14 2.161 Downloading psycopg2_binary-2.9.9-cp312-cp312-manylinux_2_17_aarch64.manylinux2014_aarch64.whl (2.9 MB)
#14 2.748    ━━━━━━━━━━━━━━━━━━━━━━━━━━━━━━━━━━━━━━━━ 2.9/2.9 MB 4.8 MB/s eta 0:00:00
#14 2.771 Downloading dnspython-2.8.0-py3-none-any.whl (331 kB)
#14 2.835 Installing collected packages: redis, psycopg2-binary, dnspython, pymongo
#14 ...

#15 [consumer 4/5] RUN pip install --no-cache-dir -r requirements.txt
#15 1.151 Collecting pymongo==4.7.2 (from -r requirements.txt (line 1))
#15 1.221   Downloading pymongo-4.7.2-cp312-cp312-manylinux_2_17_aarch64.manylinux2014_aarch64.whl.metadata (22 kB)
#15 1.289 Collecting redis==5.0.5 (from -r requirements.txt (line 2))
#15 1.312   Downloading redis-5.0.5-py3-none-any.whl.metadata (9.3 kB)
#15 1.369 Collecting psycopg2-binary==2.9.9 (from -r requirements.txt (line 3))
#15 1.387   Downloading psycopg2_binary-2.9.9-cp312-cp312-manylinux_2_17_aarch64.manylinux2014_aarch64.whl.metadata (4.4 kB)
#15 1.416 Collecting dnspython<3.0.0,>=1.16.0 (from pymongo==4.7.2->-r requirements.txt (line 1))
#15 1.439   Downloading dnspython-2.8.0-py3-none-any.whl.metadata (5.7 kB)
#15 1.461 Downloading pymongo-4.7.2-cp312-cp312-manylinux_2_17_aarch64.manylinux2014_aarch64.whl (688 kB)
#15 1.632    ━━━━━━━━━━━━━━━━━━━━━━━━━━━━━━━━━━━━━━━━ 689.0/689.0 kB 4.5 MB/s eta 0:00:00
#15 1.656 Downloading redis-5.0.5-py3-none-any.whl (251 kB)
#15 1.714 Downloading psycopg2_binary-2.9.9-cp312-cp312-manylinux_2_17_aarch64.manylinux2014_aarch64.whl (2.9 MB)
#15 2.099    ━━━━━━━━━━━━━━━━━━━━━━━━━━━━━━━━━━━━━━━━ 2.9/2.9 MB 7.2 MB/s eta 0:00:00
#15 2.141 Downloading dnspython-2.8.0-py3-none-any.whl (331 kB)
#15 2.187 Installing collected packages: redis, psycopg2-binary, dnspython, pymongo
#15 2.510 Successfully installed dnspython-2.8.0 psycopg2-binary-2.9.9 pymongo-4.7.2 redis-5.0.5
#15 2.510 WARNING: Running pip as the 'root' user can result in broken permissions and conflicting behaviour with the system package manager, possibly rendering your system unusable. It is recommended to use a virtual environment instead: https://pip.pypa.io/warnings/venv. Use the --root-user-action option if you know what you are doing and want to suppress this warning.
#15 2.737 
#15 2.737 [notice] A new release of pip is available: 25.0.1 -> 26.0.1
#15 2.737 [notice] To update, run: pip install --upgrade pip
#15 DONE 2.9s

#16 [consumer 5/5] COPY . .
#16 DONE 0.0s

#14 [saga 4/7] RUN pip install --no-cache-dir -r saga/requirements.txt
#14 3.147 Successfully installed dnspython-2.8.0 psycopg2-binary-2.9.9 pymongo-4.7.2 redis-5.0.5
#14 3.147 WARNING: Running pip as the 'root' user can result in broken permissions and conflicting behaviour with the system package manager, possibly rendering your system unusable. It is recommended to use a virtual environment instead: https://pip.pypa.io/warnings/venv. Use the --root-user-action option if you know what you are doing and want to suppress this warning.
#14 3.273 
#14 3.273 [notice] A new release of pip is available: 25.0.1 -> 26.0.1
#14 3.273 [notice] To update, run: pip install --upgrade pip
#14 DONE 3.4s

#17 [saga 5/7] COPY write-api/events.py write-api/
#17 DONE 0.0s

#18 [consumer] exporting to image
#18 exporting layers
#18 ...

#19 [saga 6/7] COPY saga/ saga/
#19 DONE 0.0s

#20 [saga 7/7] WORKDIR /service/saga
#20 DONE 0.0s

#18 [consumer] exporting to image
#18 exporting layers 0.5s done
#18 exporting manifest sha256:b4a389715f563c4a5eaf26486f78ebaae3e51fe616077409ff13bbcaa00b50ac done
#18 exporting config sha256:70a0406da4ec8bdaca4923f3064e32cc014bcd4580e7c542c69c0232e099c26a done
#18 exporting attestation manifest sha256:cd343caacc8d77c81613a15bbb77508ab03ea6c79407f7eb220eae3d2869b1a1 0.0s done
#18 exporting manifest list sha256:d5dbb942c8ea3ec43db741fe955f6ea5361edd68ee7e4fea05c46b9b639d2ff7 done
#18 naming to docker.io/library/cqrs-consumer:latest done
#18 unpacking to docker.io/library/cqrs-consumer:latest 0.1s done
#18 DONE 0.7s

#21 [consumer] resolving provenance for metadata file
#21 DONE 0.0s

#22 [saga] exporting to image
#22 exporting layers 0.6s done
#22 exporting manifest sha256:a53a32fd76cba13779d55080dbcc2754b1cd04d33a96e9bca92e115606043427
#22 exporting manifest sha256:a53a32fd76cba13779d55080dbcc2754b1cd04d33a96e9bca92e115606043427 done
#22 exporting config sha256:62cab25514ff9094d83bf5ab26aae92feed05cf7dbf0d2f9ffb0123ae0894f80 done
#22 exporting attestation manifest sha256:363e6c7d955094404a0ab314f2c00e37443016ffc9b275279b78622bfc97a08e done
#22 exporting manifest list sha256:8872e3fc32858cb62bd7bf47d29fab2e23c2ff00df993c8c0f23ca047b74fd6c done
#22 naming to docker.io/library/cqrs-saga:latest done
#22 unpacking to docker.io/library/cqrs-saga:latest 0.1s done
#22 DONE 0.8s

#23 [saga] resolving provenance for metadata file
#23 DONE 0.0s
 cqrs-saga  Built
 cqrs-consumer  Built
time="2026-04-26T03:54:14+05:30" level=warning msg="/Users/akankshawattamwar/Desktop/CS315/CQRS/docker-compose.yml: the attribute `version` is obsolete, it will be ignored, please remove it to avoid potential confusion"
#1 [internal] load local bake definitions
#1 reading from stdin 2.42kB done
#1 DONE 0.0s

#2 [frontend internal] load build definition from Dockerfile
#2 transferring dockerfile: 271B done
#2 DONE 0.0s

#3 [write-api internal] load build definition from Dockerfile
#3 transferring dockerfile: 225B done
#3 DONE 0.0s

#4 [saga internal] load build definition from Dockerfile
#4 transferring dockerfile: 365B done
#4 DONE 0.0s

#5 [read-api internal] load build definition from Dockerfile
#5 transferring dockerfile: 225B done
#5 DONE 0.0s

#6 [consumer internal] load build definition from Dockerfile
#6 transferring dockerfile: 186B done
#6 DONE 0.0s

#7 [consumer internal] load metadata for docker.io/library/python:3.12-slim
#7 DONE 0.4s

#8 [consumer internal] load .dockerignore
#8 transferring context: 2B done
#8 DONE 0.0s

#9 [saga internal] load .dockerignore
#9 transferring context: 2B done
#9 DONE 0.0s

#10 [write-api internal] load .dockerignore
#10 transferring context: 2B done
#10 DONE 0.0s

#11 [read-api internal] load .dockerignore
#11 transferring context: 2B done
#11 DONE 0.0s

#12 [consumer internal] load build context
#12 transferring context: 308B done
#12 DONE 0.0s

#13 [write-api internal] load build context
#13 transferring context: 341B done
#13 DONE 0.0s

#14 [read-api internal] load build context
#14 transferring context: 258B done
#14 DONE 0.0s

#15 [saga 1/5] FROM docker.io/library/python:3.12-slim@sha256:46cb7cc2877e60fbd5e21a9ae6115c30ace7a077b9f8772da879e4590c18c2e3
#15 resolve docker.io/library/python:3.12-slim@sha256:46cb7cc2877e60fbd5e21a9ae6115c30ace7a077b9f8772da879e4590c18c2e3 done
#15 DONE 0.0s

#16 [saga internal] load build context
#16 transferring context: 386B done
#16 DONE 0.0s

#17 [read-api 3/5] COPY requirements.txt .
#17 CACHED

#18 [read-api 4/5] RUN pip install --no-cache-dir -r requirements.txt
#18 CACHED

#19 [write-api 3/5] COPY requirements.txt .
#19 CACHED

#20 [write-api 4/5] RUN pip install --no-cache-dir -r requirements.txt
#20 CACHED

#21 [write-api 5/5] COPY . .
#21 CACHED

#22 [consumer 4/5] RUN pip install --no-cache-dir -r requirements.txt
#22 CACHED

#23 [write-api 2/5] WORKDIR /app
#23 CACHED

#24 [consumer 3/5] COPY requirements.txt .
#24 CACHED

#25 [read-api 5/5] COPY . .
#25 CACHED

#26 [consumer 5/5] COPY . .
#26 CACHED

#27 [read-api] exporting to image
#27 exporting layers done
#27 exporting manifest sha256:c63ee61fb06e4bd063e843362129b868354c2f94e2566ad3c11bbd0548881470 done
#27 exporting config sha256:46bb870cf8127e2823c379c44ac9a3c0d6ee66fd1b3343341206f22ff23f7f62 done
#27 exporting attestation manifest sha256:5a6356f364802c53d82c8e4b0074f2d1f95f86c9fb82c39a9652f0f21ac0890e 0.0s done
#27 exporting manifest list sha256:b84d4879a17f38d828ec2428fe9181f610c55183b39b1ef32d1223cd321a1158 done
#27 naming to docker.io/library/cqrs-read-api:latest done
#27 unpacking to docker.io/library/cqrs-read-api:latest done
#27 DONE 0.1s

#28 [consumer] exporting to image
#28 exporting layers done
#28 exporting manifest sha256:b4a389715f563c4a5eaf26486f78ebaae3e51fe616077409ff13bbcaa00b50ac done
#28 exporting config sha256:70a0406da4ec8bdaca4923f3064e32cc014bcd4580e7c542c69c0232e099c26a done
#28 exporting attestation manifest sha256:a23fb35a4d5ce1c14038a9a5d39ed3e625e020160bfd9a098eadb378cee4a333 0.0s done
#28 exporting manifest list sha256:3336351542dd2b1af22acfd86258102bfdd9d69fe3580584f987971d778b9c84 done
#28 naming to docker.io/library/cqrs-consumer:latest done
#28 unpacking to docker.io/library/cqrs-consumer:latest done
#28 DONE 0.1s

#29 [write-api] exporting to image
#29 exporting layers done
#29 exporting manifest sha256:92a21a99b40b6531c5801222236f42d6aa7bbf8b65d7634fc566f9392602e764 done
#29 exporting config sha256:be9fb26fa271ebf0c525960e70f2e967c21bf78a1eb2b7a7dc06e6d3ff4d3f55 done
#29 exporting attestation manifest sha256:e472afab15400cbf93663fc57e7933f2a4edb1f90c97f8f0d05520eca0293359 0.0s done
#29 exporting manifest list sha256:4ba2a4c9557974a5d949faf57fa3cf8c2df5f9377ec7a0051c8f78c5ce4d7062 done
#29 naming to docker.io/library/cqrs-write-api:latest done
#29 unpacking to docker.io/library/cqrs-write-api:latest done
#29 DONE 0.1s

#30 [saga 2/7] WORKDIR /service
#30 CACHED

#31 [saga 6/7] COPY saga/ saga/
#31 CACHED

#32 [saga 3/7] COPY saga/requirements.txt saga/
#32 CACHED

#33 [saga 4/7] RUN pip install --no-cache-dir -r saga/requirements.txt
#33 CACHED

#34 [saga 5/7] COPY write-api/events.py write-api/
#34 CACHED

#35 [saga 7/7] WORKDIR /service/saga
#35 CACHED

#36 [saga] exporting to image
#36 exporting layers done
#36 exporting manifest sha256:a53a32fd76cba13779d55080dbcc2754b1cd04d33a96e9bca92e115606043427 done
#36 exporting config sha256:62cab25514ff9094d83bf5ab26aae92feed05cf7dbf0d2f9ffb0123ae0894f80 done
#36 exporting attestation manifest sha256:86fc67226cb5f15f0f2ab5d88aa33c8cb068333fc8e390976b48c619d7f7548f 0.0s done
#36 exporting manifest list sha256:852e51fd9687a71c535fe7533e738f267732003a5f9c8d8b248e0af6afe87969 done
#36 naming to docker.io/library/cqrs-saga:latest done
#36 unpacking to docker.io/library/cqrs-saga:latest done
#36 DONE 0.1s

#37 [read-api] resolving provenance for metadata file
#37 DONE 0.0s

#38 [consumer] resolving provenance for metadata file
#38 DONE 0.0s

#39 [write-api] resolving provenance for metadata file
#39 DONE 0.0s

#40 [saga] resolving provenance for metadata file
#40 DONE 0.0s

#41 [frontend internal] load metadata for docker.io/library/node:20-alpine
#41 ...

#42 [frontend internal] load metadata for docker.io/library/nginx:alpine
#42 DONE 1.1s

#41 [frontend internal] load metadata for docker.io/library/node:20-alpine
#41 DONE 1.1s

#43 [frontend internal] load .dockerignore
#43 transferring context: 2B done
#43 DONE 0.0s

#44 [frontend stage-1 1/3] FROM docker.io/library/nginx:alpine@sha256:5616878291a2eed594aee8db4dade5878cf7edcb475e59193904b198d9b830de
#44 resolve docker.io/library/nginx:alpine@sha256:5616878291a2eed594aee8db4dade5878cf7edcb475e59193904b198d9b830de done
#44 DONE 0.0s

#45 [frontend build 1/6] FROM docker.io/library/node:20-alpine@sha256:fb4cd12c85ee03686f6af5362a0b0d56d50c58a04632e6c0fb8363f609372293
#45 resolve docker.io/library/node:20-alpine@sha256:fb4cd12c85ee03686f6af5362a0b0d56d50c58a04632e6c0fb8363f609372293 0.0s done
#45 DONE 0.0s

#46 [frontend internal] load build context
#46 transferring context: 185.58kB 0.1s done
#46 DONE 0.1s

#47 [frontend build 4/6] RUN npm install
#47 CACHED

#48 [frontend build 2/6] WORKDIR /app
#48 CACHED

#49 [frontend build 6/6] RUN npm run build
#49 CACHED

#50 [frontend stage-1 2/3] COPY --from=build /app/dist /usr/share/nginx/html
#50 CACHED

#51 [frontend build 3/6] COPY package.json ./
#51 CACHED

#52 [frontend build 5/6] COPY . .
#52 CACHED

#53 [frontend stage-1 3/3] COPY nginx.conf /etc/nginx/conf.d/default.conf
#53 CACHED

#54 [frontend] exporting to image
#54 exporting layers done
#54 exporting manifest sha256:32782dd8e2053c61118ccbb621867087941de406675097f92803716fedafab00 done
#54 exporting config sha256:64d46ad231b32d64275256ac207db88e0b5dd078678dcdc752d464f80305d609 done
#54 exporting attestation manifest sha256:42d4bc747e4085b31eeace14a28a49654a522234edd13eaf12ee578d389b2365 done
#54 exporting manifest list sha256:9ab8ba3bd55f9226706b0d45d3ce30662c5af208cddaa9dca344cad35bda0613 done
#54 naming to docker.io/library/cqrs-frontend:latest done
#54 unpacking to docker.io/library/cqrs-frontend:latest done
#54 DONE 0.0s

#55 [frontend] resolving provenance for metadata file
#55 DONE 0.0s
 cqrs-saga  Built
 cqrs-write-api  Built
 cqrs-consumer  Built
 cqrs-read-api  Built
 cqrs-frontend  Built
 Network cqrs_default  Creating
 Network cqrs_default  Created
 Volume "cqrs_postgres_data"  Creating
 Volume "cqrs_postgres_data"  Created
 Volume "cqrs_mongo_data"  Creating
 Volume "cqrs_mongo_data"  Created
 Container cqrs-postgres-1  Creating
 Container cqrs-mongodb-1  Creating
 Container cqrs-redis-stream-1  Creating
 Container cqrs-redis-cache-1  Creating
 Container cqrs-mongodb-1  Created
 Container cqrs-postgres-1  Created
 Container cqrs-redis-stream-1  Created
 Container cqrs-consumer-1  Creating
 Container cqrs-saga-1  Creating
 Container cqrs-redis-cache-1  Created
 Container cqrs-write-api-1  Creating
 Container cqrs-read-api-1  Creating
 Container cqrs-write-api-1  Created
 Container cqrs-consumer-1  Created
 Container cqrs-read-api-1  Created
 Container cqrs-frontend-1  Creating
 Container cqrs-saga-1  Created
 Container cqrs-frontend-1  Created
 Container cqrs-redis-stream-1  Starting
 Container cqrs-mongodb-1  Starting
 Container cqrs-redis-cache-1  Starting
 Container cqrs-postgres-1  Starting
 Container cqrs-redis-stream-1  Started
 Container cqrs-mongodb-1  Started
 Container cqrs-redis-cache-1  Started
 Container cqrs-mongodb-1  Waiting
 Container cqrs-redis-stream-1  Waiting
 Container cqrs-redis-cache-1  Waiting
 Container cqrs-postgres-1  Started
 Container cqrs-postgres-1  Waiting
 Container cqrs-mongodb-1  Waiting
 Container cqrs-redis-cache-1  Waiting
 Container cqrs-postgres-1  Waiting
 Container cqrs-postgres-1  Waiting
 Container cqrs-redis-stream-1  Waiting
 Container cqrs-mongodb-1  Waiting
 Container cqrs-redis-stream-1  Waiting
 Container cqrs-redis-stream-1  Healthy
 Container cqrs-redis-stream-1  Healthy
 Container cqrs-redis-stream-1  Healthy
 Container cqrs-redis-cache-1  Healthy
 Container cqrs-redis-cache-1  Healthy
 Container cqrs-postgres-1  Healthy
 Container cqrs-postgres-1  Healthy
 Container cqrs-postgres-1  Healthy
 Container cqrs-read-api-1  Starting
 Container cqrs-read-api-1  Started
 Container cqrs-frontend-1  Starting
 Container cqrs-frontend-1  Started
 Container cqrs-mongodb-1  Healthy
 Container cqrs-write-api-1  Starting
 Container cqrs-mongodb-1  Healthy
 Container cqrs-consumer-1  Starting
 Container cqrs-mongodb-1  Healthy
 Container cqrs-saga-1  Starting
 Container cqrs-write-api-1  Started
 Container cqrs-consumer-1  Started
 Container cqrs-saga-1  Started
Waiting for APIs to be ready...
Clearing MongoDB events and sagas...
time="2026-04-26T03:54:28+05:30" level=warning msg="/Users/akankshawattamwar/Desktop/CS315/CQRS/docker-compose.yml: the attribute `version` is obsolete, it will be ignored, please remove it to avoid potential confusion"
MongoDB cleared
All services up.
Logs: docker compose logs -f [write-api|read-api|consumer|saga]

[1m=======================================================[0m
[1m  EVENTUAL CONSISTENCY DEMO — 100 orders[0m
[1m=======================================================[0m

  Write path:  Write API → MongoDB → Redis Stream
  Read path:   Consumer → PostgreSQL ← Read API
  Cache:       DISABLED (DISABLE_CACHE set)

[96mOrder 1/100:[0m
  [     11ms]  [91mstale[0m    (poll #1)  order=a45c56e3
  [     70ms]  [92mVISIBLE[0m  (poll #2, X-Cache: MISS)  order=a45c56e3

[96mOrder 2/100:[0m
  [      3ms]  [91mstale[0m    (poll #1)  order=45094a0c
  [     59ms]  [91mstale[0m    (poll #2)  order=45094a0c
  [    121ms]  [91mstale[0m    (poll #3)  order=45094a0c
  [    185ms]  [91mstale[0m    (poll #4)  order=45094a0c
  [    255ms]  [92mVISIBLE[0m  (poll #5, X-Cache: MISS)  order=45094a0c

[96mOrder 3/100:[0m
  [      8ms]  [91mstale[0m    (poll #1)  order=7d1aaa36
  [     73ms]  [91mstale[0m    (poll #2)  order=7d1aaa36
  [    134ms]  [91mstale[0m    (poll #3)  order=7d1aaa36
  [    200ms]  [91mstale[0m    (poll #4)  order=7d1aaa36
  [    276ms]  [92mVISIBLE[0m  (poll #5, X-Cache: MISS)  order=7d1aaa36

[96mOrder 4/100:[0m
  [      4ms]  [91mstale[0m    (poll #1)  order=be688925
  [     63ms]  [91mstale[0m    (poll #2)  order=be688925
  [    125ms]  [91mstale[0m    (poll #3)  order=be688925
  [    188ms]  [91mstale[0m    (poll #4)  order=be688925
  [    249ms]  [92mVISIBLE[0m  (poll #5, X-Cache: MISS)  order=be688925

[96mOrder 5/100:[0m
  [      4ms]  [91mstale[0m    (poll #1)  order=e03914fe
  [     65ms]  [91mstale[0m    (poll #2)  order=e03914fe
  [    129ms]  [91mstale[0m    (poll #3)  order=e03914fe
  [    197ms]  [91mstale[0m    (poll #4)  order=e03914fe
  [    267ms]  [92mVISIBLE[0m  (poll #5, X-Cache: MISS)  order=e03914fe

[96mOrder 6/100:[0m
  [      9ms]  [91mstale[0m    (poll #1)  order=55cd457e
  [     78ms]  [91mstale[0m    (poll #2)  order=55cd457e
  [    142ms]  [91mstale[0m    (poll #3)  order=55cd457e
  [    211ms]  [91mstale[0m    (poll #4)  order=55cd457e
  [    279ms]  [92mVISIBLE[0m  (poll #5, X-Cache: MISS)  order=55cd457e

[96mOrder 7/100:[0m
  [     10ms]  [91mstale[0m    (poll #1)  order=220eb26c
  [     72ms]  [91mstale[0m    (poll #2)  order=220eb26c
  [    139ms]  [91mstale[0m    (poll #3)  order=220eb26c
  [    208ms]  [92mVISIBLE[0m  (poll #4, X-Cache: MISS)  order=220eb26c

[96mOrder 8/100:[0m
  [      7ms]  [91mstale[0m    (poll #1)  order=49303a65
  [     69ms]  [91mstale[0m    (poll #2)  order=49303a65
  [    133ms]  [91mstale[0m    (poll #3)  order=49303a65
  [    203ms]  [91mstale[0m    (poll #4)  order=49303a65
  [    273ms]  [92mVISIBLE[0m  (poll #5, X-Cache: MISS)  order=49303a65

[96mOrder 9/100:[0m
  [      9ms]  [91mstale[0m    (poll #1)  order=289b26ba
  [     70ms]  [91mstale[0m    (poll #2)  order=289b26ba
  [    133ms]  [91mstale[0m    (poll #3)  order=289b26ba
  [    201ms]  [91mstale[0m    (poll #4)  order=289b26ba
  [    269ms]  [92mVISIBLE[0m  (poll #5, X-Cache: MISS)  order=289b26ba

[96mOrder 10/100:[0m
  [      8ms]  [91mstale[0m    (poll #1)  order=d180f16b
  [     73ms]  [91mstale[0m    (poll #2)  order=d180f16b
  [    136ms]  [91mstale[0m    (poll #3)  order=d180f16b
  [    205ms]  [92mVISIBLE[0m  (poll #4, X-Cache: MISS)  order=d180f16b

[96mOrder 11/100:[0m
  [      9ms]  [91mstale[0m    (poll #1)  order=c032f37d
  [     71ms]  [91mstale[0m    (poll #2)  order=c032f37d
  [    137ms]  [91mstale[0m    (poll #3)  order=c032f37d
  [    201ms]  [91mstale[0m    (poll #4)  order=c032f37d
  [    269ms]  [92mVISIBLE[0m  (poll #5, X-Cache: MISS)  order=c032f37d

[96mOrder 12/100:[0m
  [      5ms]  [91mstale[0m    (poll #1)  order=5dc00dc3
  [     63ms]  [91mstale[0m    (poll #2)  order=5dc00dc3
  [    129ms]  [91mstale[0m    (poll #3)  order=5dc00dc3
  [    199ms]  [91mstale[0m    (poll #4)  order=5dc00dc3
  [    259ms]  [92mVISIBLE[0m  (poll #5, X-Cache: MISS)  order=5dc00dc3

[96mOrder 13/100:[0m
  [      5ms]  [91mstale[0m    (poll #1)  order=929c373e
  [     66ms]  [91mstale[0m    (poll #2)  order=929c373e
  [    131ms]  [91mstale[0m    (poll #3)  order=929c373e
  [    196ms]  [92mVISIBLE[0m  (poll #4, X-Cache: MISS)  order=929c373e

[96mOrder 14/100:[0m
  [      7ms]  [91mstale[0m    (poll #1)  order=d6a092a6
  [     69ms]  [91mstale[0m    (poll #2)  order=d6a092a6
  [    134ms]  [91mstale[0m    (poll #3)  order=d6a092a6
  [    202ms]  [91mstale[0m    (poll #4)  order=d6a092a6
  [    275ms]  [92mVISIBLE[0m  (poll #5, X-Cache: MISS)  order=d6a092a6

[96mOrder 15/100:[0m
  [      8ms]  [91mstale[0m    (poll #1)  order=63dca344
  [     71ms]  [91mstale[0m    (poll #2)  order=63dca344
  [    138ms]  [91mstale[0m    (poll #3)  order=63dca344
  [    210ms]  [92mVISIBLE[0m  (poll #4, X-Cache: MISS)  order=63dca344

[96mOrder 16/100:[0m
  [      7ms]  [91mstale[0m    (poll #1)  order=ac8680d1
  [     66ms]  [91mstale[0m    (poll #2)  order=ac8680d1
  [    129ms]  [91mstale[0m    (poll #3)  order=ac8680d1
  [    197ms]  [92mVISIBLE[0m  (poll #4, X-Cache: MISS)  order=ac8680d1

[96mOrder 17/100:[0m
  [      7ms]  [91mstale[0m    (poll #1)  order=d9ec77c8
  [     67ms]  [91mstale[0m    (poll #2)  order=d9ec77c8
  [    131ms]  [91mstale[0m    (poll #3)  order=d9ec77c8
  [    200ms]  [91mstale[0m    (poll #4)  order=d9ec77c8
  [    270ms]  [92mVISIBLE[0m  (poll #5, X-Cache: MISS)  order=d9ec77c8

[96mOrder 18/100:[0m
  [      8ms]  [91mstale[0m    (poll #1)  order=9bc2f4d0
  [     73ms]  [91mstale[0m    (poll #2)  order=9bc2f4d0
  [    140ms]  [91mstale[0m    (poll #3)  order=9bc2f4d0
  [    206ms]  [92mVISIBLE[0m  (poll #4, X-Cache: MISS)  order=9bc2f4d0

[96mOrder 19/100:[0m
  [      8ms]  [91mstale[0m    (poll #1)  order=483a7c12
  [     68ms]  [91mstale[0m    (poll #2)  order=483a7c12
  [    137ms]  [91mstale[0m    (poll #3)  order=483a7c12
  [    203ms]  [91mstale[0m    (poll #4)  order=483a7c12
  [    272ms]  [92mVISIBLE[0m  (poll #5, X-Cache: MISS)  order=483a7c12

[96mOrder 20/100:[0m
  [     10ms]  [91mstale[0m    (poll #1)  order=e6925d90
  [     73ms]  [91mstale[0m    (poll #2)  order=e6925d90
  [    140ms]  [91mstale[0m    (poll #3)  order=e6925d90
  [    208ms]  [91mstale[0m    (poll #4)  order=e6925d90
  [    276ms]  [92mVISIBLE[0m  (poll #5, X-Cache: MISS)  order=e6925d90

[96mOrder 21/100:[0m
  [      7ms]  [91mstale[0m    (poll #1)  order=0b628a80
  [     71ms]  [91mstale[0m    (poll #2)  order=0b628a80
  [    134ms]  [91mstale[0m    (poll #3)  order=0b628a80
  [    199ms]  [92mVISIBLE[0m  (poll #4, X-Cache: MISS)  order=0b628a80

[96mOrder 22/100:[0m
  [      9ms]  [91mstale[0m    (poll #1)  order=906cc687
  [     72ms]  [91mstale[0m    (poll #2)  order=906cc687
  [    135ms]  [91mstale[0m    (poll #3)  order=906cc687
  [    202ms]  [91mstale[0m    (poll #4)  order=906cc687
  [    271ms]  [92mVISIBLE[0m  (poll #5, X-Cache: MISS)  order=906cc687

[96mOrder 23/100:[0m
  [      8ms]  [91mstale[0m    (poll #1)  order=5a8c87b8
  [     74ms]  [91mstale[0m    (poll #2)  order=5a8c87b8
  [    137ms]  [91mstale[0m    (poll #3)  order=5a8c87b8
  [    203ms]  [91mstale[0m    (poll #4)  order=5a8c87b8
  [    275ms]  [92mVISIBLE[0m  (poll #5, X-Cache: MISS)  order=5a8c87b8

[96mOrder 24/100:[0m
  [      9ms]  [91mstale[0m    (poll #1)  order=755a6d84
  [     73ms]  [91mstale[0m    (poll #2)  order=755a6d84
  [    138ms]  [91mstale[0m    (poll #3)  order=755a6d84
  [    205ms]  [92mVISIBLE[0m  (poll #4, X-Cache: MISS)  order=755a6d84

[96mOrder 25/100:[0m
  [      7ms]  [91mstale[0m    (poll #1)  order=4ebfd05c
  [     67ms]  [91mstale[0m    (poll #2)  order=4ebfd05c
  [    132ms]  [91mstale[0m    (poll #3)  order=4ebfd05c
  [    196ms]  [91mstale[0m    (poll #4)  order=4ebfd05c
  [    263ms]  [92mVISIBLE[0m  (poll #5, X-Cache: MISS)  order=4ebfd05c

[96mOrder 26/100:[0m
  [      9ms]  [91mstale[0m    (poll #1)  order=efc4d0a5
  [     73ms]  [91mstale[0m    (poll #2)  order=efc4d0a5
  [    139ms]  [91mstale[0m    (poll #3)  order=efc4d0a5
  [    206ms]  [91mstale[0m    (poll #4)  order=efc4d0a5
  [    274ms]  [92mVISIBLE[0m  (poll #5, X-Cache: MISS)  order=efc4d0a5

[96mOrder 27/100:[0m
  [      8ms]  [91mstale[0m    (poll #1)  order=a0a1c39c
  [     72ms]  [91mstale[0m    (poll #2)  order=a0a1c39c
  [    139ms]  [91mstale[0m    (poll #3)  order=a0a1c39c
  [    203ms]  [92mVISIBLE[0m  (poll #4, X-Cache: MISS)  order=a0a1c39c

[96mOrder 28/100:[0m
  [      6ms]  [91mstale[0m    (poll #1)  order=8b447835
  [     70ms]  [91mstale[0m    (poll #2)  order=8b447835
  [    133ms]  [91mstale[0m    (poll #3)  order=8b447835
  [    201ms]  [91mstale[0m    (poll #4)  order=8b447835
  [    273ms]  [92mVISIBLE[0m  (poll #5, X-Cache: MISS)  order=8b447835

[96mOrder 29/100:[0m
  [      8ms]  [91mstale[0m    (poll #1)  order=084d9b69
  [     72ms]  [91mstale[0m    (poll #2)  order=084d9b69
  [    137ms]  [91mstale[0m    (poll #3)  order=084d9b69
  [    204ms]  [92mVISIBLE[0m  (poll #4, X-Cache: MISS)  order=084d9b69

[96mOrder 30/100:[0m
  [     12ms]  [91mstale[0m    (poll #1)  order=ee27ce62
  [     77ms]  [91mstale[0m    (poll #2)  order=ee27ce62
  [    140ms]  [91mstale[0m    (poll #3)  order=ee27ce62
  [    202ms]  [91mstale[0m    (poll #4)  order=ee27ce62
  [    269ms]  [92mVISIBLE[0m  (poll #5, X-Cache: MISS)  order=ee27ce62

[96mOrder 31/100:[0m
  [      8ms]  [91mstale[0m    (poll #1)  order=541bc3b8
  [     68ms]  [91mstale[0m    (poll #2)  order=541bc3b8
  [    133ms]  [91mstale[0m    (poll #3)  order=541bc3b8
  [    190ms]  [91mstale[0m    (poll #4)  order=541bc3b8
  [    251ms]  [92mVISIBLE[0m  (poll #5, X-Cache: MISS)  order=541bc3b8

[96mOrder 32/100:[0m
  [      4ms]  [91mstale[0m    (poll #1)  order=a3f6221c
  [     66ms]  [91mstale[0m    (poll #2)  order=a3f6221c
  [    131ms]  [91mstale[0m    (poll #3)  order=a3f6221c
  [    192ms]  [91mstale[0m    (poll #4)  order=a3f6221c
  [    251ms]  [92mVISIBLE[0m  (poll #5, X-Cache: MISS)  order=a3f6221c

[96mOrder 33/100:[0m
  [      3ms]  [91mstale[0m    (poll #1)  order=d0743c9c
  [     64ms]  [91mstale[0m    (poll #2)  order=d0743c9c
  [    125ms]  [91mstale[0m    (poll #3)  order=d0743c9c
  [    186ms]  [92mVISIBLE[0m  (poll #4, X-Cache: MISS)  order=d0743c9c

[96mOrder 34/100:[0m
  [      5ms]  [91mstale[0m    (poll #1)  order=bfa91c95
  [     66ms]  [91mstale[0m    (poll #2)  order=bfa91c95
  [    127ms]  [91mstale[0m    (poll #3)  order=bfa91c95
  [    189ms]  [91mstale[0m    (poll #4)  order=bfa91c95
  [    257ms]  [92mVISIBLE[0m  (poll #5, X-Cache: MISS)  order=bfa91c95

[96mOrder 35/100:[0m
  [      7ms]  [91mstale[0m    (poll #1)  order=844048e3
  [     70ms]  [91mstale[0m    (poll #2)  order=844048e3
  [    133ms]  [91mstale[0m    (poll #3)  order=844048e3
  [    196ms]  [91mstale[0m    (poll #4)  order=844048e3
  [    256ms]  [92mVISIBLE[0m  (poll #5, X-Cache: MISS)  order=844048e3

[96mOrder 36/100:[0m
  [      4ms]  [91mstale[0m    (poll #1)  order=14efcc47
  [     65ms]  [91mstale[0m    (poll #2)  order=14efcc47
  [    129ms]  [91mstale[0m    (poll #3)  order=14efcc47
  [    191ms]  [91mstale[0m    (poll #4)  order=14efcc47
  [    261ms]  [92mVISIBLE[0m  (poll #5, X-Cache: MISS)  order=14efcc47

[96mOrder 37/100:[0m
  [      7ms]  [91mstale[0m    (poll #1)  order=ad444c58
  [     68ms]  [91mstale[0m    (poll #2)  order=ad444c58
  [    135ms]  [91mstale[0m    (poll #3)  order=ad444c58
  [    203ms]  [91mstale[0m    (poll #4)  order=ad444c58
  [    272ms]  [92mVISIBLE[0m  (poll #5, X-Cache: MISS)  order=ad444c58

[96mOrder 38/100:[0m
  [      9ms]  [91mstale[0m    (poll #1)  order=1c0d425e
  [     72ms]  [91mstale[0m    (poll #2)  order=1c0d425e
  [    136ms]  [91mstale[0m    (poll #3)  order=1c0d425e
  [    205ms]  [92mVISIBLE[0m  (poll #4, X-Cache: MISS)  order=1c0d425e

[96mOrder 39/100:[0m
  [      9ms]  [91mstale[0m    (poll #1)  order=b35bedd2
  [     74ms]  [91mstale[0m    (poll #2)  order=b35bedd2
  [    133ms]  [91mstale[0m    (poll #3)  order=b35bedd2
  [    196ms]  [92mVISIBLE[0m  (poll #4, X-Cache: MISS)  order=b35bedd2

[96mOrder 40/100:[0m
  [      6ms]  [91mstale[0m    (poll #1)  order=545a9daa
  [     70ms]  [91mstale[0m    (poll #2)  order=545a9daa
  [    133ms]  [91mstale[0m    (poll #3)  order=545a9daa
  [    196ms]  [91mstale[0m    (poll #4)  order=545a9daa
  [    263ms]  [92mVISIBLE[0m  (poll #5, X-Cache: MISS)  order=545a9daa

[96mOrder 41/100:[0m
  [      6ms]  [91mstale[0m    (poll #1)  order=c55472b1
  [     68ms]  [91mstale[0m    (poll #2)  order=c55472b1
  [    132ms]  [91mstale[0m    (poll #3)  order=c55472b1
  [    201ms]  [91mstale[0m    (poll #4)  order=c55472b1
  [    271ms]  [92mVISIBLE[0m  (poll #5, X-Cache: MISS)  order=c55472b1

[96mOrder 42/100:[0m
  [      5ms]  [91mstale[0m    (poll #1)  order=76fc67bc
  [     61ms]  [91mstale[0m    (poll #2)  order=76fc67bc
  [    123ms]  [91mstale[0m    (poll #3)  order=76fc67bc
  [    185ms]  [91mstale[0m    (poll #4)  order=76fc67bc
  [    249ms]  [92mVISIBLE[0m  (poll #5, X-Cache: MISS)  order=76fc67bc

[96mOrder 43/100:[0m
  [      5ms]  [91mstale[0m    (poll #1)  order=1adac4cd
  [     64ms]  [91mstale[0m    (poll #2)  order=1adac4cd
  [    126ms]  [91mstale[0m    (poll #3)  order=1adac4cd
  [    187ms]  [91mstale[0m    (poll #4)  order=1adac4cd
  [    253ms]  [92mVISIBLE[0m  (poll #5, X-Cache: MISS)  order=1adac4cd

[96mOrder 44/100:[0m
  [      8ms]  [91mstale[0m    (poll #1)  order=735cf25e
  [     71ms]  [91mstale[0m    (poll #2)  order=735cf25e
  [    135ms]  [91mstale[0m    (poll #3)  order=735cf25e
  [    198ms]  [91mstale[0m    (poll #4)  order=735cf25e
  [    265ms]  [92mVISIBLE[0m  (poll #5, X-Cache: MISS)  order=735cf25e

[96mOrder 45/100:[0m
  [      8ms]  [91mstale[0m    (poll #1)  order=0ed67cdd
  [     72ms]  [91mstale[0m    (poll #2)  order=0ed67cdd
  [    139ms]  [91mstale[0m    (poll #3)  order=0ed67cdd
  [    203ms]  [91mstale[0m    (poll #4)  order=0ed67cdd
  [    273ms]  [92mVISIBLE[0m  (poll #5, X-Cache: MISS)  order=0ed67cdd

[96mOrder 46/100:[0m
  [      8ms]  [91mstale[0m    (poll #1)  order=c790adbf
  [     69ms]  [91mstale[0m    (poll #2)  order=c790adbf
  [    133ms]  [91mstale[0m    (poll #3)  order=c790adbf
  [    204ms]  [91mstale[0m    (poll #4)  order=c790adbf
  [    272ms]  [92mVISIBLE[0m  (poll #5, X-Cache: MISS)  order=c790adbf

[96mOrder 47/100:[0m
  [      9ms]  [91mstale[0m    (poll #1)  order=3fb0cfb8
  [     70ms]  [91mstale[0m    (poll #2)  order=3fb0cfb8
  [    137ms]  [91mstale[0m    (poll #3)  order=3fb0cfb8
  [    204ms]  [92mVISIBLE[0m  (poll #4, X-Cache: MISS)  order=3fb0cfb8

[96mOrder 48/100:[0m
  [      5ms]  [91mstale[0m    (poll #1)  order=5608d4f9
  [     64ms]  [91mstale[0m    (poll #2)  order=5608d4f9
  [    131ms]  [91mstale[0m    (poll #3)  order=5608d4f9
  [    199ms]  [92mVISIBLE[0m  (poll #4, X-Cache: MISS)  order=5608d4f9

[96mOrder 49/100:[0m
  [      7ms]  [91mstale[0m    (poll #1)  order=6f97f2ae
  [     71ms]  [91mstale[0m    (poll #2)  order=6f97f2ae
  [    137ms]  [91mstale[0m    (poll #3)  order=6f97f2ae
  [    203ms]  [91mstale[0m    (poll #4)  order=6f97f2ae
  [    270ms]  [92mVISIBLE[0m  (poll #5, X-Cache: MISS)  order=6f97f2ae

[96mOrder 50/100:[0m
  [      9ms]  [91mstale[0m    (poll #1)  order=1524ed71
  [     73ms]  [91mstale[0m    (poll #2)  order=1524ed71
  [    131ms]  [91mstale[0m    (poll #3)  order=1524ed71
  [    197ms]  [91mstale[0m    (poll #4)  order=1524ed71
  [    266ms]  [92mVISIBLE[0m  (poll #5, X-Cache: MISS)  order=1524ed71

[96mOrder 51/100:[0m
  [      4ms]  [91mstale[0m    (poll #1)  order=0a8abd6a
  [     64ms]  [91mstale[0m    (poll #2)  order=0a8abd6a
  [    125ms]  [91mstale[0m    (poll #3)  order=0a8abd6a
  [    186ms]  [91mstale[0m    (poll #4)  order=0a8abd6a
  [    253ms]  [92mVISIBLE[0m  (poll #5, X-Cache: MISS)  order=0a8abd6a

[96mOrder 52/100:[0m
  [      5ms]  [91mstale[0m    (poll #1)  order=45d783e7
  [     64ms]  [91mstale[0m    (poll #2)  order=45d783e7
  [    127ms]  [91mstale[0m    (poll #3)  order=45d783e7
  [    194ms]  [91mstale[0m    (poll #4)  order=45d783e7
  [    261ms]  [92mVISIBLE[0m  (poll #5, X-Cache: MISS)  order=45d783e7

[96mOrder 53/100:[0m
  [      9ms]  [91mstale[0m    (poll #1)  order=822ef09a
  [     74ms]  [91mstale[0m    (poll #2)  order=822ef09a
  [    139ms]  [91mstale[0m    (poll #3)  order=822ef09a
  [    206ms]  [91mstale[0m    (poll #4)  order=822ef09a
  [    276ms]  [92mVISIBLE[0m  (poll #5, X-Cache: MISS)  order=822ef09a

[96mOrder 54/100:[0m
  [      6ms]  [91mstale[0m    (poll #1)  order=4cb67df1
  [     64ms]  [91mstale[0m    (poll #2)  order=4cb67df1
  [    130ms]  [91mstale[0m    (poll #3)  order=4cb67df1
  [    201ms]  [91mstale[0m    (poll #4)  order=4cb67df1
  [    267ms]  [92mVISIBLE[0m  (poll #5, X-Cache: MISS)  order=4cb67df1

[96mOrder 55/100:[0m
  [      9ms]  [91mstale[0m    (poll #1)  order=dfae0afd
  [     73ms]  [91mstale[0m    (poll #2)  order=dfae0afd
  [    135ms]  [91mstale[0m    (poll #3)  order=dfae0afd
  [    201ms]  [91mstale[0m    (poll #4)  order=dfae0afd
  [    269ms]  [92mVISIBLE[0m  (poll #5, X-Cache: MISS)  order=dfae0afd

[96mOrder 56/100:[0m
  [      8ms]  [91mstale[0m    (poll #1)  order=66a2942a
  [     72ms]  [91mstale[0m    (poll #2)  order=66a2942a
  [    137ms]  [92mVISIBLE[0m  (poll #3, X-Cache: MISS)  order=66a2942a

[96mOrder 57/100:[0m
  [      6ms]  [91mstale[0m    (poll #1)  order=df3b565f
  [     66ms]  [91mstale[0m    (poll #2)  order=df3b565f
  [    131ms]  [91mstale[0m    (poll #3)  order=df3b565f
  [    200ms]  [91mstale[0m    (poll #4)  order=df3b565f
  [    265ms]  [92mVISIBLE[0m  (poll #5, X-Cache: MISS)  order=df3b565f

[96mOrder 58/100:[0m
  [      8ms]  [91mstale[0m    (poll #1)  order=ca4ddcf0
  [     72ms]  [91mstale[0m    (poll #2)  order=ca4ddcf0
  [    136ms]  [91mstale[0m    (poll #3)  order=ca4ddcf0
  [    203ms]  [92mVISIBLE[0m  (poll #4, X-Cache: MISS)  order=ca4ddcf0

[96mOrder 59/100:[0m
  [      8ms]  [91mstale[0m    (poll #1)  order=7c8db7bc
  [     72ms]  [91mstale[0m    (poll #2)  order=7c8db7bc
  [    137ms]  [91mstale[0m    (poll #3)  order=7c8db7bc
  [    203ms]  [91mstale[0m    (poll #4)  order=7c8db7bc
  [    274ms]  [92mVISIBLE[0m  (poll #5, X-Cache: MISS)  order=7c8db7bc

[96mOrder 60/100:[0m
  [      9ms]  [91mstale[0m    (poll #1)  order=41d5aef7
  [     68ms]  [91mstale[0m    (poll #2)  order=41d5aef7
  [    130ms]  [91mstale[0m    (poll #3)  order=41d5aef7
  [    196ms]  [92mVISIBLE[0m  (poll #4, X-Cache: MISS)  order=41d5aef7

[96mOrder 61/100:[0m
  [      8ms]  [91mstale[0m    (poll #1)  order=7daf842b
  [     69ms]  [91mstale[0m    (poll #2)  order=7daf842b
  [    133ms]  [91mstale[0m    (poll #3)  order=7daf842b
  [    197ms]  [92mVISIBLE[0m  (poll #4, X-Cache: MISS)  order=7daf842b

[96mOrder 62/100:[0m
  [      9ms]  [91mstale[0m    (poll #1)  order=bc8e1c3e
  [     73ms]  [91mstale[0m    (poll #2)  order=bc8e1c3e
  [    136ms]  [91mstale[0m    (poll #3)  order=bc8e1c3e
  [    204ms]  [91mstale[0m    (poll #4)  order=bc8e1c3e
  [    270ms]  [92mVISIBLE[0m  (poll #5, X-Cache: MISS)  order=bc8e1c3e

[96mOrder 63/100:[0m
  [      7ms]  [91mstale[0m    (poll #1)  order=7dab3941
  [     70ms]  [91mstale[0m    (poll #2)  order=7dab3941
  [    136ms]  [91mstale[0m    (poll #3)  order=7dab3941
  [    201ms]  [91mstale[0m    (poll #4)  order=7dab3941
  [    269ms]  [92mVISIBLE[0m  (poll #5, X-Cache: MISS)  order=7dab3941

[96mOrder 64/100:[0m
  [      8ms]  [91mstale[0m    (poll #1)  order=5c17e076
  [     73ms]  [91mstale[0m    (poll #2)  order=5c17e076
  [    137ms]  [91mstale[0m    (poll #3)  order=5c17e076
  [    204ms]  [91mstale[0m    (poll #4)  order=5c17e076
  [    274ms]  [92mVISIBLE[0m  (poll #5, X-Cache: MISS)  order=5c17e076

[96mOrder 65/100:[0m
  [      8ms]  [91mstale[0m    (poll #1)  order=4efa2b2c
  [     74ms]  [91mstale[0m    (poll #2)  order=4efa2b2c
  [    136ms]  [91mstale[0m    (poll #3)  order=4efa2b2c
  [    201ms]  [92mVISIBLE[0m  (poll #4, X-Cache: MISS)  order=4efa2b2c

[96mOrder 66/100:[0m
  [      8ms]  [91mstale[0m    (poll #1)  order=efffb083
  [     69ms]  [91mstale[0m    (poll #2)  order=efffb083
  [    132ms]  [91mstale[0m    (poll #3)  order=efffb083
  [    198ms]  [91mstale[0m    (poll #4)  order=efffb083
  [    272ms]  [92mVISIBLE[0m  (poll #5, X-Cache: MISS)  order=efffb083

[96mOrder 67/100:[0m
  [      4ms]  [91mstale[0m    (poll #1)  order=fd4d7292
  [     65ms]  [91mstale[0m    (poll #2)  order=fd4d7292
  [    125ms]  [91mstale[0m    (poll #3)  order=fd4d7292
  [    187ms]  [91mstale[0m    (poll #4)  order=fd4d7292
  [    250ms]  [92mVISIBLE[0m  (poll #5, X-Cache: MISS)  order=fd4d7292

[96mOrder 68/100:[0m
  [      4ms]  [91mstale[0m    (poll #1)  order=07e0673b
  [     65ms]  [91mstale[0m    (poll #2)  order=07e0673b
  [    127ms]  [91mstale[0m    (poll #3)  order=07e0673b
  [    194ms]  [91mstale[0m    (poll #4)  order=07e0673b
  [    265ms]  [92mVISIBLE[0m  (poll #5, X-Cache: MISS)  order=07e0673b

[96mOrder 69/100:[0m
  [      6ms]  [91mstale[0m    (poll #1)  order=64e136e3
  [     69ms]  [91mstale[0m    (poll #2)  order=64e136e3
  [    133ms]  [91mstale[0m    (poll #3)  order=64e136e3
  [    198ms]  [91mstale[0m    (poll #4)  order=64e136e3
  [    264ms]  [92mVISIBLE[0m  (poll #5, X-Cache: MISS)  order=64e136e3

[96mOrder 70/100:[0m
  [     10ms]  [91mstale[0m    (poll #1)  order=c3edb43d
  [     73ms]  [91mstale[0m    (poll #2)  order=c3edb43d
  [    135ms]  [91mstale[0m    (poll #3)  order=c3edb43d
  [    209ms]  [91mstale[0m    (poll #4)  order=c3edb43d
  [    277ms]  [92mVISIBLE[0m  (poll #5, X-Cache: MISS)  order=c3edb43d

[96mOrder 71/100:[0m
  [      5ms]  [91mstale[0m    (poll #1)  order=78e7e457
  [     65ms]  [91mstale[0m    (poll #2)  order=78e7e457
  [    129ms]  [91mstale[0m    (poll #3)  order=78e7e457
  [    196ms]  [92mVISIBLE[0m  (poll #4, X-Cache: MISS)  order=78e7e457

[96mOrder 72/100:[0m
  [      5ms]  [91mstale[0m    (poll #1)  order=c36e4736
  [     66ms]  [91mstale[0m    (poll #2)  order=c36e4736
  [    123ms]  [91mstale[0m    (poll #3)  order=c36e4736
  [    185ms]  [91mstale[0m    (poll #4)  order=c36e4736
  [    247ms]  [92mVISIBLE[0m  (poll #5, X-Cache: MISS)  order=c36e4736

[96mOrder 73/100:[0m
  [      4ms]  [91mstale[0m    (poll #1)  order=1b20da58
  [     63ms]  [91mstale[0m    (poll #2)  order=1b20da58
  [    126ms]  [91mstale[0m    (poll #3)  order=1b20da58
  [    190ms]  [91mstale[0m    (poll #4)  order=1b20da58
  [    257ms]  [92mVISIBLE[0m  (poll #5, X-Cache: MISS)  order=1b20da58

[96mOrder 74/100:[0m
  [      7ms]  [91mstale[0m    (poll #1)  order=a3fe9121
  [     69ms]  [91mstale[0m    (poll #2)  order=a3fe9121
  [    132ms]  [91mstale[0m    (poll #3)  order=a3fe9121
  [    197ms]  [92mVISIBLE[0m  (poll #4, X-Cache: MISS)  order=a3fe9121

[96mOrder 75/100:[0m
  [      9ms]  [91mstale[0m    (poll #1)  order=a9fa0bc9
  [     71ms]  [91mstale[0m    (poll #2)  order=a9fa0bc9
  [    131ms]  [91mstale[0m    (poll #3)  order=a9fa0bc9
  [    196ms]  [92mVISIBLE[0m  (poll #4, X-Cache: MISS)  order=a9fa0bc9

[96mOrder 76/100:[0m
  [      9ms]  [91mstale[0m    (poll #1)  order=ca518765
  [     72ms]  [91mstale[0m    (poll #2)  order=ca518765
  [    139ms]  [91mstale[0m    (poll #3)  order=ca518765
  [    208ms]  [91mstale[0m    (poll #4)  order=ca518765
  [    277ms]  [92mVISIBLE[0m  (poll #5, X-Cache: MISS)  order=ca518765

[96mOrder 77/100:[0m
  [      8ms]  [91mstale[0m    (poll #1)  order=064c3360
  [     69ms]  [91mstale[0m    (poll #2)  order=064c3360
  [    134ms]  [91mstale[0m    (poll #3)  order=064c3360
  [    200ms]  [91mstale[0m    (poll #4)  order=064c3360
  [    270ms]  [92mVISIBLE[0m  (poll #5, X-Cache: MISS)  order=064c3360

[96mOrder 78/100:[0m
  [      8ms]  [91mstale[0m    (poll #1)  order=6733661e
  [     72ms]  [91mstale[0m    (poll #2)  order=6733661e
  [    137ms]  [91mstale[0m    (poll #3)  order=6733661e
  [    207ms]  [91mstale[0m    (poll #4)  order=6733661e
  [    283ms]  [92mVISIBLE[0m  (poll #5, X-Cache: MISS)  order=6733661e

[96mOrder 79/100:[0m
  [      5ms]  [91mstale[0m    (poll #1)  order=f74d107b
  [     67ms]  [91mstale[0m    (poll #2)  order=f74d107b
  [    131ms]  [91mstale[0m    (poll #3)  order=f74d107b
  [    198ms]  [92mVISIBLE[0m  (poll #4, X-Cache: MISS)  order=f74d107b

[96mOrder 80/100:[0m
  [      9ms]  [91mstale[0m    (poll #1)  order=b2330bd9
  [     74ms]  [91mstale[0m    (poll #2)  order=b2330bd9
  [    137ms]  [91mstale[0m    (poll #3)  order=b2330bd9
  [    204ms]  [92mVISIBLE[0m  (poll #4, X-Cache: MISS)  order=b2330bd9

[96mOrder 81/100:[0m
  [     10ms]  [91mstale[0m    (poll #1)  order=14eb77bf
  [     75ms]  [91mstale[0m    (poll #2)  order=14eb77bf
  [    133ms]  [91mstale[0m    (poll #3)  order=14eb77bf
  [    194ms]  [91mstale[0m    (poll #4)  order=14eb77bf
  [    257ms]  [92mVISIBLE[0m  (poll #5, X-Cache: MISS)  order=14eb77bf

[96mOrder 82/100:[0m
  [      5ms]  [91mstale[0m    (poll #1)  order=24c0777b
  [     66ms]  [91mstale[0m    (poll #2)  order=24c0777b
  [    128ms]  [91mstale[0m    (poll #3)  order=24c0777b
  [    194ms]  [91mstale[0m    (poll #4)  order=24c0777b
  [    266ms]  [92mVISIBLE[0m  (poll #5, X-Cache: MISS)  order=24c0777b

[96mOrder 83/100:[0m
  [      7ms]  [91mstale[0m    (poll #1)  order=c336a6c0
  [     67ms]  [91mstale[0m    (poll #2)  order=c336a6c0
  [    133ms]  [91mstale[0m    (poll #3)  order=c336a6c0
  [    199ms]  [91mstale[0m    (poll #4)  order=c336a6c0
  [    268ms]  [92mVISIBLE[0m  (poll #5, X-Cache: MISS)  order=c336a6c0

[96mOrder 84/100:[0m
  [     10ms]  [91mstale[0m    (poll #1)  order=bafb39b7
  [     71ms]  [91mstale[0m    (poll #2)  order=bafb39b7
  [    137ms]  [91mstale[0m    (poll #3)  order=bafb39b7
  [    206ms]  [91mstale[0m    (poll #4)  order=bafb39b7
  [    277ms]  [92mVISIBLE[0m  (poll #5, X-Cache: MISS)  order=bafb39b7

[96mOrder 85/100:[0m
  [      8ms]  [91mstale[0m    (poll #1)  order=c68343e4
  [     71ms]  [91mstale[0m    (poll #2)  order=c68343e4
  [    137ms]  [92mVISIBLE[0m  (poll #3, X-Cache: MISS)  order=c68343e4

[96mOrder 86/100:[0m
  [      7ms]  [91mstale[0m    (poll #1)  order=419da407
  [     68ms]  [91mstale[0m    (poll #2)  order=419da407
  [    130ms]  [91mstale[0m    (poll #3)  order=419da407
  [    195ms]  [91mstale[0m    (poll #4)  order=419da407
  [    265ms]  [92mVISIBLE[0m  (poll #5, X-Cache: MISS)  order=419da407

[96mOrder 87/100:[0m
  [      5ms]  [91mstale[0m    (poll #1)  order=5e0cb467
  [     66ms]  [91mstale[0m    (poll #2)  order=5e0cb467
  [    131ms]  [91mstale[0m    (poll #3)  order=5e0cb467
  [    197ms]  [91mstale[0m    (poll #4)  order=5e0cb467
  [    267ms]  [92mVISIBLE[0m  (poll #5, X-Cache: MISS)  order=5e0cb467

[96mOrder 88/100:[0m
  [      9ms]  [91mstale[0m    (poll #1)  order=58d851d4
  [     76ms]  [91mstale[0m    (poll #2)  order=58d851d4
  [    137ms]  [91mstale[0m    (poll #3)  order=58d851d4
  [    204ms]  [91mstale[0m    (poll #4)  order=58d851d4
  [    276ms]  [92mVISIBLE[0m  (poll #5, X-Cache: MISS)  order=58d851d4

[96mOrder 89/100:[0m
  [      9ms]  [91mstale[0m    (poll #1)  order=cc90e1e2
  [     70ms]  [91mstale[0m    (poll #2)  order=cc90e1e2
  [    131ms]  [91mstale[0m    (poll #3)  order=cc90e1e2
  [    193ms]  [91mstale[0m    (poll #4)  order=cc90e1e2
  [    256ms]  [92mVISIBLE[0m  (poll #5, X-Cache: MISS)  order=cc90e1e2

[96mOrder 90/100:[0m
  [      5ms]  [91mstale[0m    (poll #1)  order=e8b1c8a4
  [     67ms]  [91mstale[0m    (poll #2)  order=e8b1c8a4
  [    130ms]  [91mstale[0m    (poll #3)  order=e8b1c8a4
  [    195ms]  [91mstale[0m    (poll #4)  order=e8b1c8a4
  [    263ms]  [92mVISIBLE[0m  (poll #5, X-Cache: MISS)  order=e8b1c8a4

[96mOrder 91/100:[0m
  [      8ms]  [91mstale[0m    (poll #1)  order=8619ff20
  [     68ms]  [91mstale[0m    (poll #2)  order=8619ff20
  [    130ms]  [91mstale[0m    (poll #3)  order=8619ff20
  [    200ms]  [92mVISIBLE[0m  (poll #4, X-Cache: MISS)  order=8619ff20

[96mOrder 92/100:[0m
  [      9ms]  [91mstale[0m    (poll #1)  order=573592fe
  [     70ms]  [91mstale[0m    (poll #2)  order=573592fe
  [    135ms]  [91mstale[0m    (poll #3)  order=573592fe
  [    204ms]  [91mstale[0m    (poll #4)  order=573592fe
  [    276ms]  [92mVISIBLE[0m  (poll #5, X-Cache: MISS)  order=573592fe

[96mOrder 93/100:[0m
  [      8ms]  [91mstale[0m    (poll #1)  order=1fd7439a
  [     71ms]  [91mstale[0m    (poll #2)  order=1fd7439a
  [    133ms]  [91mstale[0m    (poll #3)  order=1fd7439a
  [    200ms]  [91mstale[0m    (poll #4)  order=1fd7439a
  [    271ms]  [92mVISIBLE[0m  (poll #5, X-Cache: MISS)  order=1fd7439a

[96mOrder 94/100:[0m
  [      7ms]  [91mstale[0m    (poll #1)  order=f7bc552d
  [     72ms]  [91mstale[0m    (poll #2)  order=f7bc552d
  [    140ms]  [91mstale[0m    (poll #3)  order=f7bc552d
  [    203ms]  [92mVISIBLE[0m  (poll #4, X-Cache: MISS)  order=f7bc552d

[96mOrder 95/100:[0m
  [      5ms]  [91mstale[0m    (poll #1)  order=bf7ebc9b
  [     63ms]  [91mstale[0m    (poll #2)  order=bf7ebc9b
  [    125ms]  [91mstale[0m    (poll #3)  order=bf7ebc9b
  [    190ms]  [91mstale[0m    (poll #4)  order=bf7ebc9b
  [    260ms]  [92mVISIBLE[0m  (poll #5, X-Cache: MISS)  order=bf7ebc9b

[96mOrder 96/100:[0m
  [      8ms]  [91mstale[0m    (poll #1)  order=1076fdf3
  [     68ms]  [91mstale[0m    (poll #2)  order=1076fdf3
  [    139ms]  [91mstale[0m    (poll #3)  order=1076fdf3
  [    201ms]  [91mstale[0m    (poll #4)  order=1076fdf3
  [    273ms]  [92mVISIBLE[0m  (poll #5, X-Cache: MISS)  order=1076fdf3

[96mOrder 97/100:[0m
  [      9ms]  [91mstale[0m    (poll #1)  order=d58602a1
  [     71ms]  [91mstale[0m    (poll #2)  order=d58602a1
  [    134ms]  [91mstale[0m    (poll #3)  order=d58602a1
  [    200ms]  [91mstale[0m    (poll #4)  order=d58602a1
  [    272ms]  [92mVISIBLE[0m  (poll #5, X-Cache: MISS)  order=d58602a1

[96mOrder 98/100:[0m
  [      8ms]  [91mstale[0m    (poll #1)  order=db7febe4
  [     72ms]  [91mstale[0m    (poll #2)  order=db7febe4
  [    137ms]  [91mstale[0m    (poll #3)  order=db7febe4
  [    209ms]  [92mVISIBLE[0m  (poll #4, X-Cache: MISS)  order=db7febe4

[96mOrder 99/100:[0m
  [      8ms]  [91mstale[0m    (poll #1)  order=5f891d3d
  [     73ms]  [91mstale[0m    (poll #2)  order=5f891d3d
  [    139ms]  [91mstale[0m    (poll #3)  order=5f891d3d
  [    206ms]  [91mstale[0m    (poll #4)  order=5f891d3d
  [    277ms]  [92mVISIBLE[0m  (poll #5, X-Cache: MISS)  order=5f891d3d

[96mOrder 100/100:[0m
  [      9ms]  [91mstale[0m    (poll #1)  order=43561609
  [     71ms]  [91mstale[0m    (poll #2)  order=43561609
  [    138ms]  [91mstale[0m    (poll #3)  order=43561609
  [    200ms]  [91mstale[0m    (poll #4)  order=43561609
  [    269ms]  [92mVISIBLE[0m  (poll #5, X-Cache: MISS)  order=43561609

[1m=======================================================[0m
[1m  RESULTS  (N=100)[0m
[1m=======================================================[0m

  metric                    value
  --------------------------------
  consistency lag ms  
    p50                    262.9
    p95                    277.0
    p99                    282.8
    min                     69.6
    max                    282.8
  avg polls/read             4.7

  [93mWhat this means:[0m
  A user who placed an order and immediately refreshed
  would have seen no order for up to 283ms.
  During this window the read side is STALE — MongoDB has
  the event, but PostgreSQL has not projected it yet.

  [92mThe RYW cache fixes this:[0m
    bash restart.sh --delay 2   # same consumer lag, cache ON
    python scripts/consistency_demo.py
  → Every read returns in ~1ms (cache HIT, no PG needed).

