
=======================================================

[1mPHASE 1 of 2 — NO CACHE + SLOW CONSUMER (baseline)[0m
  Restarting with --delay 0.01 --no-cache ...
Stopping services and wiping volumes...

  cache:    DISABLED
  consumer: SLOW (0.01s/event)
  saga:     fast
  stream:   redis-stream :6379  (no memory limit)

Starting services...
time="2026-04-26T03:27:26+05:30" level=warning msg="/Users/akankshawattamwar/Desktop/CS315/CQRS/docker-compose.yml: the attribute `version` is obsolete, it will be ignored, please remove it to avoid potential confusion"
#1 [internal] load local bake definitions
#1 reading from stdin 1.05kB done
#1 DONE 0.0s

#2 [saga internal] load build definition from Dockerfile
#2 transferring dockerfile: 365B done
#2 DONE 0.0s

#3 [consumer internal] load build definition from Dockerfile
#3 transferring dockerfile: 186B done
#3 DONE 0.0s

#4 [consumer internal] load metadata for docker.io/library/python:3.12-slim
#4 DONE 1.3s

#5 [consumer internal] load .dockerignore
#5 transferring context: 2B done
#5 DONE 0.0s

#6 [saga internal] load .dockerignore
#6 transferring context: 2B done
#6 DONE 0.0s

#7 [consumer internal] load build context
#7 transferring context: 308B done
#7 DONE 0.0s

#8 [saga 1/5] FROM docker.io/library/python:3.12-slim@sha256:46cb7cc2877e60fbd5e21a9ae6115c30ace7a077b9f8772da879e4590c18c2e3
#8 resolve docker.io/library/python:3.12-slim@sha256:46cb7cc2877e60fbd5e21a9ae6115c30ace7a077b9f8772da879e4590c18c2e3 done
#8 DONE 0.0s

#9 [consumer 2/5] WORKDIR /app
#9 CACHED

#10 [saga 2/7] WORKDIR /service
#10 CACHED

#11 [saga internal] load build context
#11 transferring context: 386B done
#11 DONE 0.0s

#12 [consumer 3/5] COPY requirements.txt .
#12 DONE 0.0s

#13 [saga 3/7] COPY saga/requirements.txt saga/
#13 DONE 0.0s

#14 [saga 4/7] RUN pip install --no-cache-dir -r saga/requirements.txt
#14 2.533 Collecting pymongo==4.7.2 (from -r saga/requirements.txt (line 1))
#14 3.173   Downloading pymongo-4.7.2-cp312-cp312-manylinux_2_17_aarch64.manylinux2014_aarch64.whl.metadata (22 kB)
#14 4.077 Collecting redis==5.0.5 (from -r saga/requirements.txt (line 2))
#14 4.265   Downloading redis-5.0.5-py3-none-any.whl.metadata (9.3 kB)
#14 4.668 Collecting psycopg2-binary==2.9.9 (from -r saga/requirements.txt (line 3))
#14 4.990   Downloading psycopg2_binary-2.9.9-cp312-cp312-manylinux_2_17_aarch64.manylinux2014_aarch64.whl.metadata (4.4 kB)
#14 5.504 Collecting dnspython<3.0.0,>=1.16.0 (from pymongo==4.7.2->-r saga/requirements.txt (line 1))
#14 5.563   Downloading dnspython-2.8.0-py3-none-any.whl.metadata (5.7 kB)
#14 5.777 Downloading pymongo-4.7.2-cp312-cp312-manylinux_2_17_aarch64.manylinux2014_aarch64.whl (688 kB)
#14 6.726    ━━━━━━━━━━━━━━━━━━━━━━━━━━━━━━━━━━━━━━━━ 689.0/689.0 kB 1.1 MB/s eta 0:00:00
#14 6.827 Downloading redis-5.0.5-py3-none-any.whl (251 kB)
#14 7.025 Downloading psycopg2_binary-2.9.9-cp312-cp312-manylinux_2_17_aarch64.manylinux2014_aarch64.whl (2.9 MB)
#14 ...

#15 [consumer 4/5] RUN pip install --no-cache-dir -r requirements.txt
#15 2.211 Collecting pymongo==4.7.2 (from -r requirements.txt (line 1))
#15 2.514   Downloading pymongo-4.7.2-cp312-cp312-manylinux_2_17_aarch64.manylinux2014_aarch64.whl.metadata (22 kB)
#15 3.185 Collecting redis==5.0.5 (from -r requirements.txt (line 2))
#15 3.332   Downloading redis-5.0.5-py3-none-any.whl.metadata (9.3 kB)
#15 4.242 Collecting psycopg2-binary==2.9.9 (from -r requirements.txt (line 3))
#15 4.447   Downloading psycopg2_binary-2.9.9-cp312-cp312-manylinux_2_17_aarch64.manylinux2014_aarch64.whl.metadata (4.4 kB)
#15 4.646 Collecting dnspython<3.0.0,>=1.16.0 (from pymongo==4.7.2->-r requirements.txt (line 1))
#15 4.995   Downloading dnspython-2.8.0-py3-none-any.whl.metadata (5.7 kB)
#15 5.477 Downloading pymongo-4.7.2-cp312-cp312-manylinux_2_17_aarch64.manylinux2014_aarch64.whl (688 kB)
#15 6.491    ━━━━━━━━━━━━━━━━━━━━━━━━━━━━━━━━━━━━━━━ 689.0/689.0 kB 945.5 kB/s eta 0:00:00
#15 6.619 Downloading redis-5.0.5-py3-none-any.whl (251 kB)
#15 7.030 Downloading psycopg2_binary-2.9.9-cp312-cp312-manylinux_2_17_aarch64.manylinux2014_aarch64.whl (2.9 MB)
#15 ...

#14 [saga 4/7] RUN pip install --no-cache-dir -r saga/requirements.txt
#14 10.66    ━━━━━━━━━━━━━━━━━━━━━━━━━━━━━━━━━━━━━━━━ 2.9/2.9 MB 739.7 kB/s eta 0:00:00
#14 10.83 Downloading dnspython-2.8.0-py3-none-any.whl (331 kB)
#14 10.95 Installing collected packages: redis, psycopg2-binary, dnspython, pymongo
#14 11.27 Successfully installed dnspython-2.8.0 psycopg2-binary-2.9.9 pymongo-4.7.2 redis-5.0.5
#14 11.27 WARNING: Running pip as the 'root' user can result in broken permissions and conflicting behaviour with the system package manager, possibly rendering your system unusable. It is recommended to use a virtual environment instead: https://pip.pypa.io/warnings/venv. Use the --root-user-action option if you know what you are doing and want to suppress this warning.
#14 12.89 
#14 12.89 [notice] A new release of pip is available: 25.0.1 -> 26.0.1
#14 12.89 [notice] To update, run: pip install --upgrade pip
#14 DONE 13.0s

#15 [consumer 4/5] RUN pip install --no-cache-dir -r requirements.txt
#15 11.81    ━━━━━━━━━━━━━━━━━━━━━━━━━━━━━━━━━━━━━━━━ 2.9/2.9 MB 584.4 kB/s eta 0:00:00
#15 11.86 Downloading dnspython-2.8.0-py3-none-any.whl (331 kB)
#15 12.91 Installing collected packages: redis, psycopg2-binary, dnspython, pymongo
#15 ...

#16 [saga 5/7] COPY write-api/events.py write-api/
#16 DONE 0.0s

#17 [saga 6/7] COPY saga/ saga/
#17 DONE 0.0s

#18 [saga 7/7] WORKDIR /service/saga
#18 DONE 0.0s

#15 [consumer 4/5] RUN pip install --no-cache-dir -r requirements.txt
#15 13.26 Successfully installed dnspython-2.8.0 psycopg2-binary-2.9.9 pymongo-4.7.2 redis-5.0.5
#15 13.26 WARNING: Running pip as the 'root' user can result in broken permissions and conflicting behaviour with the system package manager, possibly rendering your system unusable. It is recommended to use a virtual environment instead: https://pip.pypa.io/warnings/venv. Use the --root-user-action option if you know what you are doing and want to suppress this warning.
#15 ...

#19 [saga] exporting to image
#19 exporting layers 0.5s done
#19 exporting manifest sha256:efc9d570ef7960a38ea5491f9dda9b3a98d8b266bb58559f528f33408fb20d02 done
#19 exporting config sha256:f509c438a7926f5653f02a40ad6d5c1dfb9038e2b9e4126ca6f714e13456ddc5 done
#19 exporting attestation manifest sha256:17828ddb3ca90cfd0d6fd96e18b1838d7566cb7ac7116ab0b4c9fa37a2ed67cc done
#19 exporting manifest list sha256:349098f2dddad7a051b6689ddd87bfd27a312e8d94777e34a95df30102d518c3 done
#19 naming to docker.io/library/cqrs-saga:latest done
#19 unpacking to docker.io/library/cqrs-saga:latest 0.1s done
#19 DONE 0.7s

#20 [saga] resolving provenance for metadata file
#20 DONE 0.0s

#15 [consumer 4/5] RUN pip install --no-cache-dir -r requirements.txt
#15 14.73 
#15 14.73 [notice] A new release of pip is available: 25.0.1 -> 26.0.1
#15 14.73 [notice] To update, run: pip install --upgrade pip
#15 DONE 14.8s

#21 [consumer 5/5] COPY . .
#21 DONE 0.0s

#22 [consumer] exporting to image
#22 exporting layers 0.6s done
#22 exporting manifest sha256:2771343cfb33aa4a2f71823f7c5cb9f86f040ba0af2c6bc7c7c1bec4027064da done
#22 exporting config sha256:361e39cbaf1f64df5b5991d5b2444bbc7f46de17f6d2d6dda377b7c1beca019f done
#22 exporting attestation manifest sha256:441de72690d4ce1399f0dea60b325f4885b9c9fee3cbb7451f5605314e0d6ab1 done
#22 exporting manifest list sha256:6b83cd420896070f58dc551f85cc0b13266b8be3e53a4029d6436705f91bf09a done
#22 naming to docker.io/library/cqrs-consumer:latest done
#22 unpacking to docker.io/library/cqrs-consumer:latest 0.1s done
#22 DONE 0.7s

#23 [consumer] resolving provenance for metadata file
#23 DONE 0.0s
 cqrs-saga  Built
 cqrs-consumer  Built
time="2026-04-26T03:27:43+05:30" level=warning msg="/Users/akankshawattamwar/Desktop/CS315/CQRS/docker-compose.yml: the attribute `version` is obsolete, it will be ignored, please remove it to avoid potential confusion"
#1 [internal] load local bake definitions
#1 reading from stdin 2.42kB done
#1 DONE 0.0s

#2 [frontend internal] load build definition from Dockerfile
#2 transferring dockerfile: 271B done
#2 DONE 0.0s

#3 [write-api internal] load build definition from Dockerfile
#3 transferring dockerfile: 225B done
#3 DONE 0.0s

#4 [read-api internal] load build definition from Dockerfile
#4 transferring dockerfile: 225B done
#4 DONE 0.0s

#5 [consumer internal] load build definition from Dockerfile
#5 transferring dockerfile: 186B done
#5 DONE 0.0s

#6 [saga internal] load build definition from Dockerfile
#6 transferring dockerfile: 365B done
#6 DONE 0.0s

#7 [saga internal] load metadata for docker.io/library/python:3.12-slim
#7 DONE 0.6s

#8 [write-api internal] load .dockerignore
#8 transferring context: 2B done
#8 DONE 0.0s

#9 [saga internal] load .dockerignore
#9 transferring context: 2B done
#9 DONE 0.0s

#10 [consumer internal] load .dockerignore
#10 transferring context: 2B done
#10 DONE 0.0s

#11 [read-api internal] load .dockerignore
#11 transferring context: 2B done
#11 DONE 0.0s

#12 [write-api internal] load build context
#12 transferring context: 341B done
#12 DONE 0.0s

#13 [consumer internal] load build context
#13 transferring context: 308B done
#13 DONE 0.0s

#14 [read-api internal] load build context
#14 transferring context: 258B done
#14 DONE 0.0s

#15 [consumer 1/5] FROM docker.io/library/python:3.12-slim@sha256:46cb7cc2877e60fbd5e21a9ae6115c30ace7a077b9f8772da879e4590c18c2e3
#15 resolve docker.io/library/python:3.12-slim@sha256:46cb7cc2877e60fbd5e21a9ae6115c30ace7a077b9f8772da879e4590c18c2e3 done
#15 DONE 0.0s

#16 [saga internal] load build context
#16 transferring context: 386B done
#16 DONE 0.0s

#17 [consumer 3/5] COPY requirements.txt .
#17 CACHED

#18 [consumer 4/5] RUN pip install --no-cache-dir -r requirements.txt
#18 CACHED

#19 [read-api 4/5] RUN pip install --no-cache-dir -r requirements.txt
#19 CACHED

#20 [read-api 3/5] COPY requirements.txt .
#20 CACHED

#21 [write-api 3/5] COPY requirements.txt .
#21 CACHED

#22 [write-api 4/5] RUN pip install --no-cache-dir -r requirements.txt
#22 CACHED

#23 [write-api 2/5] WORKDIR /app
#23 CACHED

#24 [read-api 5/5] COPY . .
#24 CACHED

#25 [consumer 5/5] COPY . .
#25 CACHED

#26 [write-api 5/5] COPY . .
#26 CACHED

#27 [write-api] exporting to image
#27 exporting layers done
#27 exporting manifest sha256:92a21a99b40b6531c5801222236f42d6aa7bbf8b65d7634fc566f9392602e764 done
#27 exporting config sha256:be9fb26fa271ebf0c525960e70f2e967c21bf78a1eb2b7a7dc06e6d3ff4d3f55 done
#27 exporting attestation manifest sha256:1fb0b48b55ab9ef4d867877be70751babc08b9c87a38376ae1516532d8daf926 0.0s done
#27 exporting manifest list sha256:25cd78784de83b987bbdacfdd2ad91264a70ab03a8c6f1e97f39f55c9b831016
#27 exporting manifest list sha256:25cd78784de83b987bbdacfdd2ad91264a70ab03a8c6f1e97f39f55c9b831016 done
#27 naming to docker.io/library/cqrs-write-api:latest done
#27 unpacking to docker.io/library/cqrs-write-api:latest done
#27 DONE 0.1s

#28 [consumer] exporting to image
#28 exporting layers done
#28 exporting manifest sha256:2771343cfb33aa4a2f71823f7c5cb9f86f040ba0af2c6bc7c7c1bec4027064da done
#28 exporting config sha256:361e39cbaf1f64df5b5991d5b2444bbc7f46de17f6d2d6dda377b7c1beca019f done
#28 exporting attestation manifest sha256:92af4d6610d997c341e1d3c359ac29bc922d7b6be7a36430cd6fc3f9ce345ec8 0.0s done
#28 exporting manifest list sha256:9b6c50ea02387fb98eb1ff8c408aad850e606170a6952fa164b2febe6cdd8d31 done
#28 naming to docker.io/library/cqrs-consumer:latest done
#28 unpacking to docker.io/library/cqrs-consumer:latest done
#28 DONE 0.1s

#29 [saga 4/7] RUN pip install --no-cache-dir -r saga/requirements.txt
#29 CACHED

#30 [saga 3/7] COPY saga/requirements.txt saga/
#30 CACHED

#31 [saga 2/7] WORKDIR /service
#31 CACHED

#32 [saga 6/7] COPY saga/ saga/
#32 CACHED

#33 [saga 5/7] COPY write-api/events.py write-api/
#33 CACHED

#34 [saga 7/7] WORKDIR /service/saga
#34 CACHED

#35 [read-api] exporting to image
#35 exporting layers done
#35 exporting manifest sha256:c63ee61fb06e4bd063e843362129b868354c2f94e2566ad3c11bbd0548881470 done
#35 exporting config sha256:46bb870cf8127e2823c379c44ac9a3c0d6ee66fd1b3343341206f22ff23f7f62 done
#35 exporting attestation manifest sha256:6ea4b4ed17d3baadc50d7de8530a1d85b387a4a8d33804cae70053cdf15b1798 0.0s done
#35 exporting manifest list sha256:7b8175b376c3c5c9721f39b443a3faa4b74eccfcf8a4e05d4b5b9e377098f471 done
#35 naming to docker.io/library/cqrs-read-api:latest done
#35 unpacking to docker.io/library/cqrs-read-api:latest done
#35 DONE 0.1s

#36 [saga] exporting to image
#36 exporting layers done
#36 exporting manifest sha256:efc9d570ef7960a38ea5491f9dda9b3a98d8b266bb58559f528f33408fb20d02 done
#36 exporting config sha256:f509c438a7926f5653f02a40ad6d5c1dfb9038e2b9e4126ca6f714e13456ddc5 done
#36 exporting attestation manifest sha256:933f8a96a9b087449d8b67e096e689a49fc8cf20ce6f70708e2b93b98f36eb22 0.0s done
#36 exporting manifest list sha256:b2e794e72ec37c421c5f1a21634e45e6e30dccfdc6d30330f10bc0acb4a8a7f0
#36 exporting manifest list sha256:b2e794e72ec37c421c5f1a21634e45e6e30dccfdc6d30330f10bc0acb4a8a7f0 done
#36 naming to docker.io/library/cqrs-saga:latest done
#36 unpacking to docker.io/library/cqrs-saga:latest done
#36 DONE 0.1s

#37 [consumer] resolving provenance for metadata file
#37 DONE 0.0s

#38 [write-api] resolving provenance for metadata file
#38 DONE 0.0s

#39 [read-api] resolving provenance for metadata file
#39 DONE 0.0s

#40 [saga] resolving provenance for metadata file
#40 DONE 0.0s

#41 [frontend internal] load metadata for docker.io/library/node:20-alpine
#41 DONE 1.4s

#42 [frontend internal] load metadata for docker.io/library/nginx:alpine
#42 DONE 1.4s

#43 [frontend internal] load .dockerignore
#43 transferring context: 2B done
#43 DONE 0.0s

#44 [frontend stage-1 1/3] FROM docker.io/library/nginx:alpine@sha256:5616878291a2eed594aee8db4dade5878cf7edcb475e59193904b198d9b830de
#44 resolve docker.io/library/nginx:alpine@sha256:5616878291a2eed594aee8db4dade5878cf7edcb475e59193904b198d9b830de done
#44 DONE 0.0s

#45 [frontend build 1/6] FROM docker.io/library/node:20-alpine@sha256:fb4cd12c85ee03686f6af5362a0b0d56d50c58a04632e6c0fb8363f609372293
#45 resolve docker.io/library/node:20-alpine@sha256:fb4cd12c85ee03686f6af5362a0b0d56d50c58a04632e6c0fb8363f609372293 done
#45 DONE 0.0s

#46 [frontend internal] load build context
#46 transferring context: 185.58kB 0.1s done
#46 DONE 0.1s

#47 [frontend build 6/6] RUN npm run build
#47 CACHED

#48 [frontend build 2/6] WORKDIR /app
#48 CACHED

#49 [frontend stage-1 2/3] COPY --from=build /app/dist /usr/share/nginx/html
#49 CACHED

#50 [frontend build 3/6] COPY package.json ./
#50 CACHED

#51 [frontend build 5/6] COPY . .
#51 CACHED

#52 [frontend build 4/6] RUN npm install
#52 CACHED

#53 [frontend stage-1 3/3] COPY nginx.conf /etc/nginx/conf.d/default.conf
#53 CACHED

#54 [frontend] exporting to image
#54 exporting layers done
#54 exporting manifest sha256:32782dd8e2053c61118ccbb621867087941de406675097f92803716fedafab00 done
#54 exporting config sha256:64d46ad231b32d64275256ac207db88e0b5dd078678dcdc752d464f80305d609 done
#54 exporting attestation manifest sha256:e0e5700589354d5e05d27dd8f4b64165a3f90d594c6552ccee6b39a8f1e0648f done
#54 exporting manifest list sha256:be25b29ec3a0962600efe843f4000d76567a4cfefa768c15be99fb7a3e0c220d done
#54 naming to docker.io/library/cqrs-frontend:latest done
#54 unpacking to docker.io/library/cqrs-frontend:latest done
#54 DONE 0.0s

#55 [frontend] resolving provenance for metadata file
#55 DONE 0.0s
 cqrs-write-api  Built
 cqrs-consumer  Built
 cqrs-frontend  Built
 cqrs-read-api  Built
 cqrs-saga  Built
 Network cqrs_default  Creating
 Network cqrs_default  Created
 Volume "cqrs_mongo_data"  Creating
 Volume "cqrs_mongo_data"  Created
 Volume "cqrs_postgres_data"  Creating
 Volume "cqrs_postgres_data"  Created
 Container cqrs-mongodb-1  Creating
 Container cqrs-postgres-1  Creating
 Container cqrs-redis-cache-1  Creating
 Container cqrs-redis-stream-1  Creating
 Container cqrs-mongodb-1  Created
 Container cqrs-redis-stream-1  Created
 Container cqrs-redis-cache-1  Created
 Container cqrs-write-api-1  Creating
 Container cqrs-postgres-1  Created
 Container cqrs-saga-1  Creating
 Container cqrs-consumer-1  Creating
 Container cqrs-read-api-1  Creating
 Container cqrs-read-api-1  Created
 Container cqrs-frontend-1  Creating
 Container cqrs-write-api-1  Created
 Container cqrs-saga-1  Created
 Container cqrs-consumer-1  Created
 Container cqrs-frontend-1  Created
 Container cqrs-mongodb-1  Starting
 Container cqrs-postgres-1  Starting
 Container cqrs-redis-cache-1  Starting
 Container cqrs-redis-stream-1  Starting
 Container cqrs-mongodb-1  Started
 Container cqrs-redis-stream-1  Started
 Container cqrs-redis-cache-1  Started
 Container cqrs-redis-stream-1  Waiting
 Container cqrs-redis-cache-1  Waiting
 Container cqrs-mongodb-1  Waiting
 Container cqrs-postgres-1  Started
 Container cqrs-postgres-1  Waiting
 Container cqrs-redis-cache-1  Waiting
 Container cqrs-redis-stream-1  Waiting
 Container cqrs-redis-stream-1  Waiting
 Container cqrs-postgres-1  Waiting
 Container cqrs-postgres-1  Waiting
 Container cqrs-mongodb-1  Waiting
 Container cqrs-mongodb-1  Waiting
 Container cqrs-redis-cache-1  Healthy
 Container cqrs-redis-stream-1  Healthy
 Container cqrs-postgres-1  Healthy
 Container cqrs-postgres-1  Healthy
 Container cqrs-redis-stream-1  Healthy
 Container cqrs-redis-cache-1  Healthy
 Container cqrs-redis-stream-1  Healthy
 Container cqrs-postgres-1  Healthy
 Container cqrs-read-api-1  Starting
 Container cqrs-read-api-1  Started
 Container cqrs-frontend-1  Starting
 Container cqrs-frontend-1  Started
 Container cqrs-mongodb-1  Healthy
 Container cqrs-write-api-1  Starting
 Container cqrs-mongodb-1  Healthy
 Container cqrs-saga-1  Starting
 Container cqrs-mongodb-1  Healthy
 Container cqrs-consumer-1  Starting
 Container cqrs-write-api-1  Started
 Container cqrs-saga-1  Started
 Container cqrs-consumer-1  Started
Waiting for APIs to be ready...
Clearing MongoDB events and sagas...
time="2026-04-26T03:27:57+05:30" level=warning msg="/Users/akankshawattamwar/Desktop/CS315/CQRS/docker-compose.yml: the attribute `version` is obsolete, it will be ignored, please remove it to avoid potential confusion"
MongoDB cleared
All services up.
Logs: docker compose logs -f [write-api|read-api|consumer|saga]

=======================================================

[34mRunning benchmark (N=1500, consumer delay=0.01s/event) — no cache...[0m
