
=======================================================

[1mPHASE 1 of 2 — NO CACHE + SLOW CONSUMER (baseline)[0m
  Restarting with --delay 0.10 --no-cache ...
Stopping services and wiping volumes...

  cache:    DISABLED
  consumer: SLOW (0.10s/event)
  saga:     fast
  stream:   redis-stream :6379  (no memory limit)

Starting services...
time="2026-04-26T02:45:20+05:30" level=warning msg="/Users/akankshawattamwar/Desktop/CS315/CQRS/docker-compose.yml: the attribute `version` is obsolete, it will be ignored, please remove it to avoid potential confusion"
#1 [internal] load local bake definitions
#1 reading from stdin 1.05kB done
#1 DONE 0.0s

#2 [saga internal] load build definition from Dockerfile
#2 transferring dockerfile: 365B done
#2 DONE 0.0s

#3 [consumer internal] load build definition from Dockerfile
#3 transferring dockerfile: 186B done
#3 DONE 0.0s

#4 [saga internal] load metadata for docker.io/library/python:3.12-slim
#4 DONE 0.4s

#5 [saga internal] load .dockerignore
#5 transferring context: 2B done
#5 DONE 0.0s

#6 [consumer internal] load .dockerignore
#6 transferring context: 2B done
#6 DONE 0.0s

#7 [consumer internal] load build context
#7 transferring context: 308B done
#7 DONE 0.0s

#8 [saga 1/5] FROM docker.io/library/python:3.12-slim@sha256:46cb7cc2877e60fbd5e21a9ae6115c30ace7a077b9f8772da879e4590c18c2e3
#8 resolve docker.io/library/python:3.12-slim@sha256:46cb7cc2877e60fbd5e21a9ae6115c30ace7a077b9f8772da879e4590c18c2e3 done
#8 DONE 0.0s

#9 [saga 2/7] WORKDIR /service
#9 CACHED

#10 [consumer 2/5] WORKDIR /app
#10 CACHED

#11 [saga internal] load build context
#11 transferring context: 386B done
#11 DONE 0.0s

#12 [consumer 3/5] COPY requirements.txt .
#12 DONE 0.0s

#13 [saga 3/7] COPY saga/requirements.txt saga/
#13 DONE 0.0s

#14 [saga 4/7] RUN pip install --no-cache-dir -r saga/requirements.txt
#14 1.383 Collecting pymongo==4.7.2 (from -r saga/requirements.txt (line 1))
#14 1.490   Downloading pymongo-4.7.2-cp312-cp312-manylinux_2_17_aarch64.manylinux2014_aarch64.whl.metadata (22 kB)
#14 1.560 Collecting redis==5.0.5 (from -r saga/requirements.txt (line 2))
#14 1.579   Downloading redis-5.0.5-py3-none-any.whl.metadata (9.3 kB)
#14 1.690 Collecting psycopg2-binary==2.9.9 (from -r saga/requirements.txt (line 3))
#14 1.708   Downloading psycopg2_binary-2.9.9-cp312-cp312-manylinux_2_17_aarch64.manylinux2014_aarch64.whl.metadata (4.4 kB)
#14 1.737 Collecting dnspython<3.0.0,>=1.16.0 (from pymongo==4.7.2->-r saga/requirements.txt (line 1))
#14 1.761   Downloading dnspython-2.8.0-py3-none-any.whl.metadata (5.7 kB)
#14 1.788 Downloading pymongo-4.7.2-cp312-cp312-manylinux_2_17_aarch64.manylinux2014_aarch64.whl (688 kB)
#14 2.095    ━━━━━━━━━━━━━━━━━━━━━━━━━━━━━━━━━━━━━━━━ 689.0/689.0 kB 2.1 MB/s eta 0:00:00
#14 2.157 Downloading redis-5.0.5-py3-none-any.whl (251 kB)
#14 2.380 Downloading psycopg2_binary-2.9.9-cp312-cp312-manylinux_2_17_aarch64.manylinux2014_aarch64.whl (2.9 MB)
#14 4.028    ━━━━━━━━━━━━━━━━━━━━━━━━━━━━━━━━━━━━━━━━ 2.9/2.9 MB 1.8 MB/s eta 0:00:00
#14 4.050 Downloading dnspython-2.8.0-py3-none-any.whl (331 kB)
#14 4.123 Installing collected packages: redis, psycopg2-binary, dnspython, pymongo
#14 ...

#15 [consumer 4/5] RUN pip install --no-cache-dir -r requirements.txt
#15 1.390 Collecting pymongo==4.7.2 (from -r requirements.txt (line 1))
#15 1.498   Downloading pymongo-4.7.2-cp312-cp312-manylinux_2_17_aarch64.manylinux2014_aarch64.whl.metadata (22 kB)
#15 1.565 Collecting redis==5.0.5 (from -r requirements.txt (line 2))
#15 1.585   Downloading redis-5.0.5-py3-none-any.whl.metadata (9.3 kB)
#15 1.696 Collecting psycopg2-binary==2.9.9 (from -r requirements.txt (line 3))
#15 1.717   Downloading psycopg2_binary-2.9.9-cp312-cp312-manylinux_2_17_aarch64.manylinux2014_aarch64.whl.metadata (4.4 kB)
#15 1.743 Collecting dnspython<3.0.0,>=1.16.0 (from pymongo==4.7.2->-r requirements.txt (line 1))
#15 1.767   Downloading dnspython-2.8.0-py3-none-any.whl.metadata (5.7 kB)
#15 1.794 Downloading pymongo-4.7.2-cp312-cp312-manylinux_2_17_aarch64.manylinux2014_aarch64.whl (688 kB)
#15 2.066    ━━━━━━━━━━━━━━━━━━━━━━━━━━━━━━━━━━━━━━━━ 689.0/689.0 kB 2.7 MB/s eta 0:00:00
#15 2.095 Downloading redis-5.0.5-py3-none-any.whl (251 kB)
#15 2.166 Downloading psycopg2_binary-2.9.9-cp312-cp312-manylinux_2_17_aarch64.manylinux2014_aarch64.whl (2.9 MB)
#15 3.592    ━━━━━━━━━━━━━━━━━━━━━━━━━━━━━━━━━━━━━━━━ 2.9/2.9 MB 1.9 MB/s eta 0:00:00
#15 3.784 Downloading dnspython-2.8.0-py3-none-any.whl (331 kB)
#15 3.946 Installing collected packages: redis, psycopg2-binary, dnspython, pymongo
#15 4.257 Successfully installed dnspython-2.8.0 psycopg2-binary-2.9.9 pymongo-4.7.2 redis-5.0.5
#15 4.257 WARNING: Running pip as the 'root' user can result in broken permissions and conflicting behaviour with the system package manager, possibly rendering your system unusable. It is recommended to use a virtual environment instead: https://pip.pypa.io/warnings/venv. Use the --root-user-action option if you know what you are doing and want to suppress this warning.
#15 4.386 
#15 4.386 [notice] A new release of pip is available: 25.0.1 -> 26.0.1
#15 4.386 [notice] To update, run: pip install --upgrade pip
#15 DONE 4.5s

#16 [consumer 5/5] COPY . .
#16 DONE 0.0s

#14 [saga 4/7] RUN pip install --no-cache-dir -r saga/requirements.txt
#14 4.471 Successfully installed dnspython-2.8.0 psycopg2-binary-2.9.9 pymongo-4.7.2 redis-5.0.5
#14 4.471 WARNING: Running pip as the 'root' user can result in broken permissions and conflicting behaviour with the system package manager, possibly rendering your system unusable. It is recommended to use a virtual environment instead: https://pip.pypa.io/warnings/venv. Use the --root-user-action option if you know what you are doing and want to suppress this warning.
#14 4.970 
#14 4.970 [notice] A new release of pip is available: 25.0.1 -> 26.0.1
#14 4.970 [notice] To update, run: pip install --upgrade pip
#14 DONE 5.0s

#17 [saga 5/7] COPY write-api/events.py write-api/
#17 DONE 0.0s

#18 [saga 6/7] COPY saga/ saga/
#18 DONE 0.0s

#19 [saga 7/7] WORKDIR /service/saga
#19 DONE 0.0s

#20 [consumer] exporting to image
#20 exporting layers 0.5s done
#20 exporting manifest sha256:78441e3be9ad96cb04dfe263a4c8252d89c3ae79682a1b2505ecf01da2d6edaa done
#20 exporting config sha256:53037146f19a1fdadc0a711d5f3c6fdacbd47f04661101a26c9621d84756754e done
#20 exporting attestation manifest sha256:66c85ca69f4c6a8af698221e426e9e08ca4842c3e1dd62c66c4a7b6737c7a23e 0.0s done
#20 exporting manifest list sha256:5c994ad1d33ea004e5381735e1400cbac237ed33aae462e2882682b0d49d6752 done
#20 naming to docker.io/library/cqrs-consumer:latest done
#20 unpacking to docker.io/library/cqrs-consumer:latest
#20 unpacking to docker.io/library/cqrs-consumer:latest 0.1s done
#20 DONE 0.7s

#21 [saga] exporting to image
#21 ...

#22 [consumer] resolving provenance for metadata file
#22 DONE 0.0s

#21 [saga] exporting to image
#21 exporting layers 0.6s done
#21 exporting manifest sha256:124fb91311a809775c69bb0e33212f2d0a7a257b4877795badfa337f4db83abe
#21 exporting manifest sha256:124fb91311a809775c69bb0e33212f2d0a7a257b4877795badfa337f4db83abe done
#21 exporting config sha256:4d2e116d03ddbdcdb913dc520155449bdf6cb00fc0fb25e60d75e7dd293e8fe6 done
#21 exporting attestation manifest sha256:79af9b72e4f375c0998c35dc0f04cfcab42e7c912ead2d48b637ba55fd746f8a done
#21 exporting manifest list sha256:1a4514508a4ba35e14f8ea3a7904726f8fff1664e843cd43b6cb3e36dd27e6e9 done
#21 naming to docker.io/library/cqrs-saga:latest done
#21 unpacking to docker.io/library/cqrs-saga:latest 0.1s done
#21 DONE 0.8s

#23 [saga] resolving provenance for metadata file
#23 DONE 0.0s
 cqrs-saga  Built
 cqrs-consumer  Built
time="2026-04-26T02:45:27+05:30" level=warning msg="/Users/akankshawattamwar/Desktop/CS315/CQRS/docker-compose.yml: the attribute `version` is obsolete, it will be ignored, please remove it to avoid potential confusion"
#1 [internal] load local bake definitions
#1 reading from stdin 2.42kB done
#1 DONE 0.0s

#2 [consumer internal] load build definition from Dockerfile
#2 transferring dockerfile: 186B done
#2 DONE 0.0s

#3 [saga internal] load build definition from Dockerfile
#3 transferring dockerfile: 365B done
#3 DONE 0.0s

#4 [frontend internal] load build definition from Dockerfile
#4 transferring dockerfile: 271B done
#4 DONE 0.0s

#5 [write-api internal] load build definition from Dockerfile
#5 transferring dockerfile: 225B done
#5 DONE 0.0s

#6 [read-api internal] load build definition from Dockerfile
#6 transferring dockerfile: 225B done
#6 DONE 0.0s

#7 [write-api internal] load metadata for docker.io/library/python:3.12-slim
#7 DONE 0.4s

#8 [consumer internal] load .dockerignore
#8 transferring context: 2B done
#8 DONE 0.0s

#9 [read-api internal] load .dockerignore
#9 transferring context: 2B done
#9 DONE 0.0s

#10 [saga internal] load .dockerignore
#10 transferring context: 2B done
#10 DONE 0.0s

#11 [write-api internal] load .dockerignore
#11 transferring context: 2B done
#11 DONE 0.0s

#12 [consumer internal] load build context
#12 transferring context: 308B done
#12 DONE 0.0s

#13 [read-api internal] load build context
#13 transferring context: 258B done
#13 DONE 0.0s

#14 [write-api internal] load build context
#14 transferring context: 341B done
#14 DONE 0.0s

#15 [read-api 1/5] FROM docker.io/library/python:3.12-slim@sha256:46cb7cc2877e60fbd5e21a9ae6115c30ace7a077b9f8772da879e4590c18c2e3
#15 resolve docker.io/library/python:3.12-slim@sha256:46cb7cc2877e60fbd5e21a9ae6115c30ace7a077b9f8772da879e4590c18c2e3 0.0s done
#15 DONE 0.0s

#16 [saga internal] load build context
#16 transferring context: 386B done
#16 DONE 0.0s

#17 [write-api 4/5] RUN pip install --no-cache-dir -r requirements.txt
#17 CACHED

#18 [write-api 3/5] COPY requirements.txt .
#18 CACHED

#19 [read-api 4/5] RUN pip install --no-cache-dir -r requirements.txt
#19 CACHED

#20 [read-api 3/5] COPY requirements.txt .
#20 CACHED

#21 [read-api 2/5] WORKDIR /app
#21 CACHED

#22 [consumer 4/5] RUN pip install --no-cache-dir -r requirements.txt
#22 CACHED

#23 [consumer 3/5] COPY requirements.txt .
#23 CACHED

#24 [write-api 5/5] COPY . .
#24 CACHED

#25 [read-api 5/5] COPY . .
#25 CACHED

#26 [consumer 5/5] COPY . .
#26 CACHED

#27 [write-api] exporting to image
#27 exporting layers done
#27 exporting manifest sha256:92a21a99b40b6531c5801222236f42d6aa7bbf8b65d7634fc566f9392602e764 done
#27 exporting config sha256:be9fb26fa271ebf0c525960e70f2e967c21bf78a1eb2b7a7dc06e6d3ff4d3f55 done
#27 exporting attestation manifest sha256:6b4c423daf49e4325618642e0a0f82f7a1f9402c28b0fd2e98bf8bc18bd7135d 0.0s done
#27 exporting manifest list sha256:d76bf1cdd11d841fb2237780ea7e50da9291fc4860db80e7ff2017048533f1fd done
#27 naming to docker.io/library/cqrs-write-api:latest done
#27 unpacking to docker.io/library/cqrs-write-api:latest
#27 unpacking to docker.io/library/cqrs-write-api:latest done
#27 DONE 0.1s

#28 [saga 2/7] WORKDIR /service
#28 CACHED

#29 [saga 3/7] COPY saga/requirements.txt saga/
#29 CACHED

#30 [saga 5/7] COPY write-api/events.py write-api/
#30 CACHED

#31 [saga 6/7] COPY saga/ saga/
#31 CACHED

#32 [saga 4/7] RUN pip install --no-cache-dir -r saga/requirements.txt
#32 CACHED

#33 [saga 7/7] WORKDIR /service/saga
#33 CACHED

#34 [read-api] exporting to image
#34 exporting layers done
#34 exporting manifest sha256:c63ee61fb06e4bd063e843362129b868354c2f94e2566ad3c11bbd0548881470 done
#34 exporting config sha256:46bb870cf8127e2823c379c44ac9a3c0d6ee66fd1b3343341206f22ff23f7f62 done
#34 exporting attestation manifest sha256:05f06e0a55ed68d3b6e093db2c3d3b8c864630422d147908a4f11de97bcea084 0.0s done
#34 exporting manifest list sha256:b80bb7c64c99ccb8a5bae5080c900025077de5180afdaa8a7f05527fb6c4b888 done
#34 naming to docker.io/library/cqrs-read-api:latest done
#34 unpacking to docker.io/library/cqrs-read-api:latest done
#34 DONE 0.1s

#35 [consumer] exporting to image
#35 exporting layers done
#35 exporting manifest sha256:78441e3be9ad96cb04dfe263a4c8252d89c3ae79682a1b2505ecf01da2d6edaa done
#35 exporting config sha256:53037146f19a1fdadc0a711d5f3c6fdacbd47f04661101a26c9621d84756754e done
#35 exporting attestation manifest sha256:bf380932f537dcf9a2d6396f01266a7dbe002cec8c7224da177719daf13c725e 0.0s done
#35 exporting manifest list sha256:e9cb95c07116c51b11abd32095cdbd6d118b995e0680d1942c65beefdb092e9c done
#35 naming to docker.io/library/cqrs-consumer:latest done
#35 unpacking to docker.io/library/cqrs-consumer:latest done
#35 DONE 0.1s

#36 [saga] exporting to image
#36 exporting layers done
#36 exporting manifest sha256:124fb91311a809775c69bb0e33212f2d0a7a257b4877795badfa337f4db83abe done
#36 exporting config sha256:4d2e116d03ddbdcdb913dc520155449bdf6cb00fc0fb25e60d75e7dd293e8fe6 done
#36 exporting attestation manifest sha256:86564541b328bcc41f0e54757c0b901c134594f0517d17f9d002a6ea7dea2c07 done
#36 exporting manifest list sha256:a857ac7e8e1f685c8e86fa45ad579a726df39ce6a17740f4df021f6ea09d6125 done
#36 naming to docker.io/library/cqrs-saga:latest done
#36 unpacking to docker.io/library/cqrs-saga:latest 0.0s done
#36 DONE 0.1s

#37 [consumer] resolving provenance for metadata file
#37 DONE 0.0s

#38 [write-api] resolving provenance for metadata file
#38 DONE 0.0s

#39 [read-api] resolving provenance for metadata file
#39 DONE 0.0s

#40 [saga] resolving provenance for metadata file
#40 DONE 0.0s

#41 [frontend internal] load metadata for docker.io/library/node:20-alpine
#41 ...

#42 [frontend internal] load metadata for docker.io/library/nginx:alpine
#42 DONE 0.9s

#41 [frontend internal] load metadata for docker.io/library/node:20-alpine
#41 DONE 0.9s

#43 [frontend internal] load .dockerignore
#43 transferring context: 2B done
#43 DONE 0.0s

#44 [frontend stage-1 1/3] FROM docker.io/library/nginx:alpine@sha256:5616878291a2eed594aee8db4dade5878cf7edcb475e59193904b198d9b830de
#44 resolve docker.io/library/nginx:alpine@sha256:5616878291a2eed594aee8db4dade5878cf7edcb475e59193904b198d9b830de 0.0s done
#44 DONE 0.0s

#45 [frontend build 1/6] FROM docker.io/library/node:20-alpine@sha256:fb4cd12c85ee03686f6af5362a0b0d56d50c58a04632e6c0fb8363f609372293
#45 resolve docker.io/library/node:20-alpine@sha256:fb4cd12c85ee03686f6af5362a0b0d56d50c58a04632e6c0fb8363f609372293 0.0s done
#45 DONE 0.0s

#46 [frontend internal] load build context
#46 transferring context: 185.58kB 0.1s done
#46 DONE 0.1s

#47 [frontend build 6/6] RUN npm run build
#47 CACHED

#48 [frontend build 2/6] WORKDIR /app
#48 CACHED

#49 [frontend build 4/6] RUN npm install
#49 CACHED

#50 [frontend build 3/6] COPY package.json ./
#50 CACHED

#51 [frontend build 5/6] COPY . .
#51 CACHED

#52 [frontend stage-1 2/3] COPY --from=build /app/dist /usr/share/nginx/html
#52 CACHED

#53 [frontend stage-1 3/3] COPY nginx.conf /etc/nginx/conf.d/default.conf
#53 CACHED

#54 [frontend] exporting to image
#54 exporting layers done
#54 exporting manifest sha256:32782dd8e2053c61118ccbb621867087941de406675097f92803716fedafab00 done
#54 exporting config sha256:64d46ad231b32d64275256ac207db88e0b5dd078678dcdc752d464f80305d609 done
#54 exporting attestation manifest sha256:77cf7c18db9513ee73abed836c6966072eb76e24221010c151190185c7eeabd1 done
#54 exporting manifest list sha256:2e9073d70c8eabc8710b40d1490c3f69ace66b89fb2df70467562cae57fece9f done
#54 naming to docker.io/library/cqrs-frontend:latest done
#54 unpacking to docker.io/library/cqrs-frontend:latest done
#54 DONE 0.0s

#55 [frontend] resolving provenance for metadata file
#55 DONE 0.0s
 cqrs-write-api  Built
 cqrs-read-api  Built
 cqrs-saga  Built
 cqrs-frontend  Built
 cqrs-consumer  Built
 Network cqrs_default  Creating
 Network cqrs_default  Created
 Volume "cqrs_mongo_data"  Creating
 Volume "cqrs_mongo_data"  Created
 Volume "cqrs_postgres_data"  Creating
 Volume "cqrs_postgres_data"  Created
 Container cqrs-mongodb-1  Creating
 Container cqrs-redis-cache-1  Creating
 Container cqrs-redis-stream-1  Creating
 Container cqrs-postgres-1  Creating
 Container cqrs-mongodb-1  Created
 Container cqrs-redis-cache-1  Created
 Container cqrs-postgres-1  Created
 Container cqrs-read-api-1  Creating
 Container cqrs-redis-stream-1  Created
 Container cqrs-saga-1  Creating
 Container cqrs-consumer-1  Creating
 Container cqrs-write-api-1  Creating
 Container cqrs-consumer-1  Created
 Container cqrs-write-api-1  Created
 Container cqrs-saga-1  Created
 Container cqrs-read-api-1  Created
 Container cqrs-frontend-1  Creating
 Container cqrs-frontend-1  Created
 Container cqrs-redis-cache-1  Starting
 Container cqrs-postgres-1  Starting
 Container cqrs-mongodb-1  Starting
 Container cqrs-redis-stream-1  Starting
 Container cqrs-mongodb-1  Started
 Container cqrs-postgres-1  Started
 Container cqrs-redis-cache-1  Started
 Container cqrs-redis-cache-1  Waiting
 Container cqrs-postgres-1  Waiting
 Container cqrs-redis-stream-1  Started
 Container cqrs-redis-cache-1  Waiting
 Container cqrs-redis-stream-1  Waiting
 Container cqrs-mongodb-1  Waiting
 Container cqrs-redis-stream-1  Waiting
 Container cqrs-postgres-1  Waiting
 Container cqrs-mongodb-1  Waiting
 Container cqrs-mongodb-1  Waiting
 Container cqrs-redis-stream-1  Waiting
 Container cqrs-postgres-1  Waiting
 Container cqrs-redis-cache-1  Healthy
 Container cqrs-postgres-1  Healthy
 Container cqrs-read-api-1  Starting
 Container cqrs-postgres-1  Healthy
 Container cqrs-redis-stream-1  Healthy
 Container cqrs-postgres-1  Healthy
 Container cqrs-redis-stream-1  Healthy
 Container cqrs-redis-cache-1  Healthy
 Container cqrs-redis-stream-1  Healthy
 Container cqrs-read-api-1  Started
 Container cqrs-frontend-1  Starting
 Container cqrs-frontend-1  Started
 Container cqrs-mongodb-1  Healthy
 Container cqrs-mongodb-1  Healthy
 Container cqrs-consumer-1  Starting
 Container cqrs-write-api-1  Starting
 Container cqrs-mongodb-1  Healthy
 Container cqrs-saga-1  Starting
 Container cqrs-write-api-1  Started
 Container cqrs-saga-1  Started
 Container cqrs-consumer-1  Started
Waiting for APIs to be ready...
Clearing MongoDB events and sagas...
time="2026-04-26T02:45:41+05:30" level=warning msg="/Users/akankshawattamwar/Desktop/CS315/CQRS/docker-compose.yml: the attribute `version` is obsolete, it will be ignored, please remove it to avoid potential confusion"
MongoDB cleared
All services up.
Logs: docker compose logs -f [write-api|read-api|consumer|saga]

=======================================================

[34mRunning benchmark (N=200, consumer delay=0.10s/event) — no cache...[0m

[1m[94m=======================================================[0m
[1m[94m  READER BENCHMARK — Read-Your-Writes Lag (baseline)[0m
[1m[94m=======================================================[0m
  [93m→[0m  Placing 200 orders sequentially and measuring GET-after-POST lag
  [93m→[0m  Poll interval: 2ms (so floor resolution ≈ 2ms)
    ...10/200 orders placed & read
    ...20/200 orders placed & read
    ...30/200 orders placed & read
    ...40/200 orders placed & read
    ...50/200 orders placed & read
    ...60/200 orders placed & read
    ...70/200 orders placed & read
    ...80/200 orders placed & read
    ...90/200 orders placed & read
    ...100/200 orders placed & read
    ...110/200 orders placed & read
    ...120/200 orders placed & read
    ...130/200 orders placed & read
    ...140/200 orders placed & read
    ...150/200 orders placed & read
    ...160/200 orders placed & read
    ...170/200 orders placed & read
    ...180/200 orders placed & read
    ...190/200 orders placed & read
    ...200/200 orders placed & read

  [1mResults  (N=200, failures=0, wall=99.0s)[0m
  metric             p50       p95       p99       max      mean
  POST ms            3.2       4.9      11.6      22.5       3.5
  RYW lag ms       506.9     515.0     525.6     529.7     491.3
  polls               69        73        75        75      67.2

  [1mRYW lag distribution[0m
  [    0 –     5 ms]     0  
  [    5 –    10 ms]     0  
  [   10 –    20 ms]     0  
  [   20 –    50 ms]     0  
  [   50 –   100 ms]     0  
  [  100 –   250 ms]     1  
  [  250 –   500 ms]    34  ██████
  [  500 –  1000 ms]   165  ██████████████████████████████
  [ 1000 – 10000 ms]     0  
  [92m✓[0m  Raw samples written to /tmp/reader_baseline.csv
  [93m→[0m  After implementing the cache, rerun the same command and diff the RYW lag.

=======================================================

[1mPHASE 2 of 2 — CACHE ENABLED + SLOW CONSUMER[0m
  Restarting with --delay 0.10 (cache on) ...
Stopping services and wiping volumes...

  cache:    enabled  (redis-cache :6380, 2MB allkeys-lru)
  consumer: SLOW (0.10s/event)
  saga:     fast
  stream:   redis-stream :6379  (no memory limit)

Starting services...
time="2026-04-26T02:47:31+05:30" level=warning msg="/Users/akankshawattamwar/Desktop/CS315/CQRS/docker-compose.yml: the attribute `version` is obsolete, it will be ignored, please remove it to avoid potential confusion"
#1 [internal] load local bake definitions
#1 reading from stdin 1.05kB done
#1 DONE 0.0s

#2 [saga internal] load build definition from Dockerfile
#2 transferring dockerfile: 365B done
#2 DONE 0.0s

#3 [consumer internal] load build definition from Dockerfile
#3 transferring dockerfile: 186B done
#3 DONE 0.0s

#4 [consumer internal] load metadata for docker.io/library/python:3.12-slim
#4 DONE 1.0s

#5 [consumer internal] load .dockerignore
#5 transferring context: 2B done
#5 DONE 0.0s

#6 [saga internal] load .dockerignore
#6 transferring context: 2B done
#6 DONE 0.0s

#7 [consumer internal] load build context
#7 transferring context: 308B done
#7 DONE 0.0s

#8 [consumer 1/5] FROM docker.io/library/python:3.12-slim@sha256:46cb7cc2877e60fbd5e21a9ae6115c30ace7a077b9f8772da879e4590c18c2e3
#8 resolve docker.io/library/python:3.12-slim@sha256:46cb7cc2877e60fbd5e21a9ae6115c30ace7a077b9f8772da879e4590c18c2e3 0.0s done
#8 DONE 0.0s

#9 [consumer 2/5] WORKDIR /app
#9 CACHED

#10 [saga 2/7] WORKDIR /service
#10 CACHED

#11 [saga internal] load build context
#11 transferring context: 386B done
#11 DONE 0.0s

#12 [consumer 3/5] COPY requirements.txt .
#12 DONE 0.0s

#13 [saga 3/7] COPY saga/requirements.txt saga/
#13 DONE 0.0s

#14 [saga 4/7] RUN pip install --no-cache-dir -r saga/requirements.txt
#14 1.290 Collecting pymongo==4.7.2 (from -r saga/requirements.txt (line 1))
#14 1.394   Downloading pymongo-4.7.2-cp312-cp312-manylinux_2_17_aarch64.manylinux2014_aarch64.whl.metadata (22 kB)
#14 1.474 Collecting redis==5.0.5 (from -r saga/requirements.txt (line 2))
#14 1.495   Downloading redis-5.0.5-py3-none-any.whl.metadata (9.3 kB)
#14 1.583 Collecting psycopg2-binary==2.9.9 (from -r saga/requirements.txt (line 3))
#14 1.604   Downloading psycopg2_binary-2.9.9-cp312-cp312-manylinux_2_17_aarch64.manylinux2014_aarch64.whl.metadata (4.4 kB)
#14 1.639 Collecting dnspython<3.0.0,>=1.16.0 (from pymongo==4.7.2->-r saga/requirements.txt (line 1))
#14 1.659   Downloading dnspython-2.8.0-py3-none-any.whl.metadata (5.7 kB)
#14 1.686 Downloading pymongo-4.7.2-cp312-cp312-manylinux_2_17_aarch64.manylinux2014_aarch64.whl (688 kB)
#14 2.185    ━━━━━━━━━━━━━━━━━━━━━━━━━━━━━━━━━━━━━━━━ 689.0/689.0 kB 1.9 MB/s eta 0:00:00
#14 2.281 Downloading redis-5.0.5-py3-none-any.whl (251 kB)
#14 2.445 Downloading psycopg2_binary-2.9.9-cp312-cp312-manylinux_2_17_aarch64.manylinux2014_aarch64.whl (2.9 MB)
#14 3.745    ━━━━━━━━━━━━━━━━━━━━━━━━━━━━━━━━━━━━━━━━ 2.9/2.9 MB 2.2 MB/s eta 0:00:00
#14 3.767 Downloading dnspython-2.8.0-py3-none-any.whl (331 kB)
#14 3.827 Installing collected packages: redis, psycopg2-binary, dnspython, pymongo
#14 4.141 Successfully installed dnspython-2.8.0 psycopg2-binary-2.9.9 pymongo-4.7.2 redis-5.0.5
#14 ...

#15 [consumer 4/5] RUN pip install --no-cache-dir -r requirements.txt
#15 1.295 Collecting pymongo==4.7.2 (from -r requirements.txt (line 1))
#15 1.401   Downloading pymongo-4.7.2-cp312-cp312-manylinux_2_17_aarch64.manylinux2014_aarch64.whl.metadata (22 kB)
#15 1.483 Collecting redis==5.0.5 (from -r requirements.txt (line 2))
#15 1.504   Downloading redis-5.0.5-py3-none-any.whl.metadata (9.3 kB)
#15 1.592 Collecting psycopg2-binary==2.9.9 (from -r requirements.txt (line 3))
#15 1.613   Downloading psycopg2_binary-2.9.9-cp312-cp312-manylinux_2_17_aarch64.manylinux2014_aarch64.whl.metadata (4.4 kB)
#15 1.647 Collecting dnspython<3.0.0,>=1.16.0 (from pymongo==4.7.2->-r requirements.txt (line 1))
#15 1.666   Downloading dnspython-2.8.0-py3-none-any.whl.metadata (5.7 kB)
#15 1.691 Downloading pymongo-4.7.2-cp312-cp312-manylinux_2_17_aarch64.manylinux2014_aarch64.whl (688 kB)
#15 2.128    ━━━━━━━━━━━━━━━━━━━━━━━━━━━━━━━━━━━━━━━━ 689.0/689.0 kB 1.4 MB/s eta 0:00:00
#15 2.192 Downloading redis-5.0.5-py3-none-any.whl (251 kB)
#15 2.363 Downloading psycopg2_binary-2.9.9-cp312-cp312-manylinux_2_17_aarch64.manylinux2014_aarch64.whl (2.9 MB)
#15 3.512    ━━━━━━━━━━━━━━━━━━━━━━━━━━━━━━━━━━━━━━━━ 2.9/2.9 MB 2.5 MB/s eta 0:00:00
#15 3.569 Downloading dnspython-2.8.0-py3-none-any.whl (331 kB)
#15 3.709 Installing collected packages: redis, psycopg2-binary, dnspython, pymongo
#15 4.032 Successfully installed dnspython-2.8.0 psycopg2-binary-2.9.9 pymongo-4.7.2 redis-5.0.5
#15 4.032 WARNING: Running pip as the 'root' user can result in broken permissions and conflicting behaviour with the system package manager, possibly rendering your system unusable. It is recommended to use a virtual environment instead: https://pip.pypa.io/warnings/venv. Use the --root-user-action option if you know what you are doing and want to suppress this warning.
#15 4.151 
#15 4.151 [notice] A new release of pip is available: 25.0.1 -> 26.0.1
#15 4.151 [notice] To update, run: pip install --upgrade pip
#15 DONE 4.2s

#16 [consumer 5/5] COPY . .
#16 DONE 0.0s

#14 [saga 4/7] RUN pip install --no-cache-dir -r saga/requirements.txt
#14 4.141 WARNING: Running pip as the 'root' user can result in broken permissions and conflicting behaviour with the system package manager, possibly rendering your system unusable. It is recommended to use a virtual environment instead: https://pip.pypa.io/warnings/venv. Use the --root-user-action option if you know what you are doing and want to suppress this warning.
#14 4.269 
#14 4.269 [notice] A new release of pip is available: 25.0.1 -> 26.0.1
#14 4.269 [notice] To update, run: pip install --upgrade pip
#14 DONE 4.3s

#17 [saga 5/7] COPY write-api/events.py write-api/
#17 DONE 0.0s

#18 [saga 6/7] COPY saga/ saga/
#18 DONE 0.0s

#19 [consumer] exporting to image
#19 exporting layers
#19 ...

#20 [saga 7/7] WORKDIR /service/saga
#20 DONE 0.0s

#21 [saga] exporting to image
#21 ...

#19 [consumer] exporting to image
#19 exporting layers 0.6s done
#19 exporting manifest sha256:7333f44f2be8a70eb77267bce8093034838835e32c332625b9acadbfa4186240 done
#19 exporting config sha256:4a3a8a189abf02b7bffd591440623dda7d9a414dac73693bccaad326e36c08ea done
#19 exporting attestation manifest sha256:208881f7336cce66f9e4798ca0f34303b71e9b077b07e3e0b640274da4a4045a done
#19 exporting manifest list sha256:a9b16d9055b6b104e3911c2a9001051af8595b38529200d07f559ca6f77fbc4d done
#19 naming to docker.io/library/cqrs-consumer:latest done
#19 unpacking to docker.io/library/cqrs-consumer:latest 0.1s done
#19 DONE 0.7s

#22 [consumer] resolving provenance for metadata file
#22 DONE 0.0s

#21 [saga] exporting to image
#21 exporting layers 0.6s done
#21 exporting manifest sha256:d97e9aeb7f141da5d67a496d0d082e7f466fc1141709f75c59feab8327d0e2fe done
#21 exporting config sha256:783dd8d519d8e3d2dd12d4453cbdd90999e0466ff18e5f627c5888e853e7eb0f done
#21 exporting attestation manifest sha256:b8e63d5573aa5c38f28309a3b8c2a4bd157b81054f3d05800c2170af71615926 0.0s done
#21 exporting manifest list sha256:c3fad2ed13d84b5f5be6a4a7dda446ef2e0e5352a3374b5193ff313f32114a8d done
#21 naming to docker.io/library/cqrs-saga:latest done
#21 unpacking to docker.io/library/cqrs-saga:latest 0.1s done
#21 DONE 0.7s

#23 [saga] resolving provenance for metadata file
#23 DONE 0.0s
 cqrs-saga  Built
 cqrs-consumer  Built
time="2026-04-26T02:47:38+05:30" level=warning msg="/Users/akankshawattamwar/Desktop/CS315/CQRS/docker-compose.yml: the attribute `version` is obsolete, it will be ignored, please remove it to avoid potential confusion"
#1 [internal] load local bake definitions
#1 reading from stdin 2.42kB done
#1 DONE 0.0s

#2 [saga internal] load build definition from Dockerfile
#2 transferring dockerfile: 365B done
#2 DONE 0.0s

#3 [consumer internal] load build definition from Dockerfile
#3 transferring dockerfile: 186B done
#3 DONE 0.0s

#4 [read-api internal] load build definition from Dockerfile
#4 transferring dockerfile: 225B done
#4 DONE 0.0s

#5 [frontend internal] load build definition from Dockerfile
#5 transferring dockerfile: 271B done
#5 DONE 0.0s

#6 [write-api internal] load build definition from Dockerfile
#6 transferring dockerfile: 225B done
#6 DONE 0.0s

#7 [write-api internal] load metadata for docker.io/library/python:3.12-slim
#7 DONE 0.4s

#8 [read-api internal] load .dockerignore
#8 transferring context: 2B done
#8 DONE 0.0s

#9 [write-api internal] load .dockerignore
#9 transferring context: 2B done
#9 DONE 0.0s

#10 [saga internal] load .dockerignore
#10 transferring context: 2B done
#10 DONE 0.0s

#11 [consumer internal] load .dockerignore
#11 transferring context: 2B done
#11 DONE 0.0s

#12 [read-api internal] load build context
#12 transferring context: 258B done
#12 DONE 0.0s

#13 [write-api internal] load build context
#13 transferring context: 341B done
#13 DONE 0.0s

#14 [consumer internal] load build context
#14 transferring context: 308B done
#14 DONE 0.0s

#15 [write-api 1/5] FROM docker.io/library/python:3.12-slim@sha256:46cb7cc2877e60fbd5e21a9ae6115c30ace7a077b9f8772da879e4590c18c2e3
#15 resolve docker.io/library/python:3.12-slim@sha256:46cb7cc2877e60fbd5e21a9ae6115c30ace7a077b9f8772da879e4590c18c2e3 0.0s done
#15 DONE 0.0s

#16 [saga internal] load build context
#16 transferring context: 386B done
#16 DONE 0.0s

#17 [read-api 3/5] COPY requirements.txt .
#17 CACHED

#18 [read-api 4/5] RUN pip install --no-cache-dir -r requirements.txt
#18 CACHED

#19 [read-api 5/5] COPY . .
#19 CACHED

#20 [consumer 4/5] RUN pip install --no-cache-dir -r requirements.txt
#20 CACHED

#21 [consumer 3/5] COPY requirements.txt .
#21 CACHED

#22 [consumer 5/5] COPY . .
#22 CACHED

#23 [write-api 4/5] RUN pip install --no-cache-dir -r requirements.txt
#23 CACHED

#24 [write-api 2/5] WORKDIR /app
#24 CACHED

#25 [write-api 3/5] COPY requirements.txt .
#25 CACHED

#26 [write-api 5/5] COPY . .
#26 CACHED

#27 [read-api] exporting to image
#27 exporting layers done
#27 exporting manifest sha256:c63ee61fb06e4bd063e843362129b868354c2f94e2566ad3c11bbd0548881470 done
#27 exporting config sha256:46bb870cf8127e2823c379c44ac9a3c0d6ee66fd1b3343341206f22ff23f7f62 done
#27 exporting attestation manifest sha256:d2e8e5fd50a2a7e46903e7ba097992a3cf8268ab68f44cdd398c889834f0c6db done
#27 exporting manifest list sha256:5056226ad68b143069bdc5d56ede49cd14b202a67adfb37c32e4e54a6ed0f88b done
#27 naming to docker.io/library/cqrs-read-api:latest done
#27 unpacking to docker.io/library/cqrs-read-api:latest done
#27 DONE 0.1s

#28 [saga 4/7] RUN pip install --no-cache-dir -r saga/requirements.txt
#28 CACHED

#29 [saga 6/7] COPY saga/ saga/
#29 CACHED

#30 [saga 2/7] WORKDIR /service
#30 CACHED

#31 [saga 3/7] COPY saga/requirements.txt saga/
#31 CACHED

#32 [saga 5/7] COPY write-api/events.py write-api/
#32 CACHED

#33 [saga 7/7] WORKDIR /service/saga
#33 CACHED

#34 [write-api] exporting to image
#34 exporting layers done
#34 exporting manifest sha256:92a21a99b40b6531c5801222236f42d6aa7bbf8b65d7634fc566f9392602e764 done
#34 exporting config sha256:be9fb26fa271ebf0c525960e70f2e967c21bf78a1eb2b7a7dc06e6d3ff4d3f55 done
#34 exporting attestation manifest sha256:c679b0776cc2e0b1484b44cb92d8e486ac2245a793cf9f5f82edde883bbc1120 done
#34 exporting manifest list sha256:b8a43d6cdcaf03e66ae454693187f7e54e377e58a4932de53c31d4b0a1412ec9 0.0s done
#34 naming to docker.io/library/cqrs-write-api:latest done
#34 unpacking to docker.io/library/cqrs-write-api:latest done
#34 DONE 0.1s

#35 [consumer] exporting to image
#35 exporting layers done
#35 exporting manifest sha256:7333f44f2be8a70eb77267bce8093034838835e32c332625b9acadbfa4186240 done
#35 exporting config sha256:4a3a8a189abf02b7bffd591440623dda7d9a414dac73693bccaad326e36c08ea done
#35 exporting attestation manifest sha256:198ad24ccfb687db35fbf26030af30815a05773c8254f6ca2ae62cb1a7e3d386 0.0s done
#35 exporting manifest list sha256:089b272646009fd379fd0624ff630219a21f51f91f47b98ede9d2516d79390ce done
#35 naming to docker.io/library/cqrs-consumer:latest done
#35 unpacking to docker.io/library/cqrs-consumer:latest done
#35 DONE 0.1s

#36 [saga] exporting to image
#36 exporting layers done
#36 exporting manifest sha256:d97e9aeb7f141da5d67a496d0d082e7f466fc1141709f75c59feab8327d0e2fe done
#36 exporting config sha256:783dd8d519d8e3d2dd12d4453cbdd90999e0466ff18e5f627c5888e853e7eb0f done
#36 exporting attestation manifest sha256:7adebc2a0b0957ec3581bd4b7632bcda8df6142b73768f7b906ac4ac557f9499 done
#36 exporting manifest list sha256:d939a0cc748f2e5092beb05c5406e59d58aceb07bedcd9e1fa90c4fd5d1e2299 done
#36 naming to docker.io/library/cqrs-saga:latest done
#36 unpacking to docker.io/library/cqrs-saga:latest 0.0s done
#36 DONE 0.1s

#37 [read-api] resolving provenance for metadata file
#37 DONE 0.0s

#38 [consumer] resolving provenance for metadata file
#38 DONE 0.0s

#39 [write-api] resolving provenance for metadata file
#39 DONE 0.0s

#40 [saga] resolving provenance for metadata file
#40 DONE 0.0s

#41 [frontend internal] load metadata for docker.io/library/node:20-alpine
#41 ...

#42 [frontend internal] load metadata for docker.io/library/nginx:alpine
#42 DONE 0.9s

#41 [frontend internal] load metadata for docker.io/library/node:20-alpine
#41 DONE 0.9s

#43 [frontend internal] load .dockerignore
#43 transferring context: 2B done
#43 DONE 0.0s

#44 [frontend stage-1 1/3] FROM docker.io/library/nginx:alpine@sha256:5616878291a2eed594aee8db4dade5878cf7edcb475e59193904b198d9b830de
#44 resolve docker.io/library/nginx:alpine@sha256:5616878291a2eed594aee8db4dade5878cf7edcb475e59193904b198d9b830de 0.0s done
#44 DONE 0.0s

#45 [frontend build 1/6] FROM docker.io/library/node:20-alpine@sha256:fb4cd12c85ee03686f6af5362a0b0d56d50c58a04632e6c0fb8363f609372293
#45 resolve docker.io/library/node:20-alpine@sha256:fb4cd12c85ee03686f6af5362a0b0d56d50c58a04632e6c0fb8363f609372293 0.0s done
#45 DONE 0.0s

#46 [frontend internal] load build context
#46 transferring context: 185.58kB 0.1s done
#46 DONE 0.1s

#47 [frontend build 3/6] COPY package.json ./
#47 CACHED

#48 [frontend build 5/6] COPY . .
#48 CACHED

#49 [frontend stage-1 2/3] COPY --from=build /app/dist /usr/share/nginx/html
#49 CACHED

#50 [frontend build 4/6] RUN npm install
#50 CACHED

#51 [frontend build 6/6] RUN npm run build
#51 CACHED

#52 [frontend build 2/6] WORKDIR /app
#52 CACHED

#53 [frontend stage-1 3/3] COPY nginx.conf /etc/nginx/conf.d/default.conf
#53 CACHED

#54 [frontend] exporting to image
#54 exporting layers done
#54 exporting manifest sha256:32782dd8e2053c61118ccbb621867087941de406675097f92803716fedafab00 done
#54 exporting config sha256:64d46ad231b32d64275256ac207db88e0b5dd078678dcdc752d464f80305d609 done
#54 exporting attestation manifest sha256:b27b2f136b648f0ccd389428a9b708a6f107dc53933ca78053f0c2e9f18ed424 done
#54 exporting manifest list sha256:dd9e6318959ddfe6326d49a5d96222a5b13cac21a4c9ec0f6d0088db11d57f8c done
#54 naming to docker.io/library/cqrs-frontend:latest done
#54 unpacking to docker.io/library/cqrs-frontend:latest done
#54 DONE 0.0s

#55 [frontend] resolving provenance for metadata file
#55 DONE 0.0s
 cqrs-consumer  Built
 cqrs-write-api  Built
 cqrs-read-api  Built
 cqrs-frontend  Built
 cqrs-saga  Built
 Network cqrs_default  Creating
 Network cqrs_default  Created
 Volume "cqrs_mongo_data"  Creating
 Volume "cqrs_mongo_data"  Created
 Volume "cqrs_postgres_data"  Creating
 Volume "cqrs_postgres_data"  Created
 Container cqrs-postgres-1  Creating
 Container cqrs-redis-stream-1  Creating
 Container cqrs-redis-cache-1  Creating
 Container cqrs-mongodb-1  Creating
 Container cqrs-mongodb-1  Created
 Container cqrs-redis-stream-1  Created
 Container cqrs-postgres-1  Created
 Container cqrs-consumer-1  Creating
 Container cqrs-saga-1  Creating
 Container cqrs-redis-cache-1  Created
 Container cqrs-write-api-1  Creating
 Container cqrs-read-api-1  Creating
 Container cqrs-consumer-1  Created
 Container cqrs-write-api-1  Created
 Container cqrs-read-api-1  Created
 Container cqrs-saga-1  Created
 Container cqrs-frontend-1  Creating
 Container cqrs-frontend-1  Created
 Container cqrs-mongodb-1  Starting
 Container cqrs-postgres-1  Starting
 Container cqrs-redis-stream-1  Starting
 Container cqrs-redis-cache-1  Starting
 Container cqrs-mongodb-1  Started
 Container cqrs-redis-cache-1  Started
 Container cqrs-postgres-1  Started
 Container cqrs-postgres-1  Waiting
 Container cqrs-redis-cache-1  Waiting
 Container cqrs-redis-stream-1  Started
 Container cqrs-redis-stream-1  Waiting
 Container cqrs-redis-cache-1  Waiting
 Container cqrs-postgres-1  Waiting
 Container cqrs-mongodb-1  Waiting
 Container cqrs-mongodb-1  Waiting
 Container cqrs-redis-stream-1  Waiting
 Container cqrs-mongodb-1  Waiting
 Container cqrs-redis-stream-1  Waiting
 Container cqrs-postgres-1  Waiting
 Container cqrs-redis-cache-1  Healthy
 Container cqrs-postgres-1  Healthy
 Container cqrs-redis-cache-1  Healthy
 Container cqrs-read-api-1  Starting
 Container cqrs-postgres-1  Healthy
 Container cqrs-postgres-1  Healthy
 Container cqrs-redis-stream-1  Healthy
 Container cqrs-redis-stream-1  Healthy
 Container cqrs-redis-stream-1  Healthy
 Container cqrs-read-api-1  Started
 Container cqrs-frontend-1  Starting
 Container cqrs-frontend-1  Started
 Container cqrs-mongodb-1  Healthy
 Container cqrs-mongodb-1  Healthy
 Container cqrs-consumer-1  Starting
 Container cqrs-write-api-1  Starting
 Container cqrs-mongodb-1  Healthy
 Container cqrs-saga-1  Starting
 Container cqrs-consumer-1  Started
 Container cqrs-write-api-1  Started
 Container cqrs-saga-1  Started
Waiting for APIs to be ready...
Clearing MongoDB events and sagas...
time="2026-04-26T02:47:52+05:30" level=warning msg="/Users/akankshawattamwar/Desktop/CS315/CQRS/docker-compose.yml: the attribute `version` is obsolete, it will be ignored, please remove it to avoid potential confusion"
MongoDB cleared
All services up.
Logs: docker compose logs -f [write-api|read-api|consumer|saga]

=======================================================

[34mRunning benchmark (N=200, consumer delay=0.10s/event) ...[0m

[1m[94m=======================================================[0m
[1m[94m  READER BENCHMARK — Read-Your-Writes Lag (baseline)[0m
[1m[94m=======================================================[0m
  [93m→[0m  Placing 200 orders sequentially and measuring GET-after-POST lag
  [93m→[0m  Poll interval: 2ms (so floor resolution ≈ 2ms)
    ...10/200 orders placed & read
    ...20/200 orders placed & read
    ...30/200 orders placed & read
    ...40/200 orders placed & read
    ...50/200 orders placed & read
    ...60/200 orders placed & read
    ...70/200 orders placed & read
    ...80/200 orders placed & read
    ...90/200 orders placed & read
    ...100/200 orders placed & read
    ...110/200 orders placed & read
    ...120/200 orders placed & read
    ...130/200 orders placed & read
    ...140/200 orders placed & read
    ...150/200 orders placed & read
    ...160/200 orders placed & read
    ...170/200 orders placed & read
    ...180/200 orders placed & read
    ...190/200 orders placed & read
    ...200/200 orders placed & read

  [1mResults  (N=200, failures=0, wall=0.5s)[0m
  metric             p50       p95       p99       max      mean
  POST ms            1.2       1.7       3.0      14.8       1.4
  RYW lag ms         0.8       1.4       2.6       5.6       0.9
  polls                1         1         1         1       1.0

  [1mRYW lag distribution[0m
  [    0 –     5 ms]   199  ██████████████████████████████
  [    5 –    10 ms]     1  
  [   10 –    20 ms]     0  
  [   20 –    50 ms]     0  
  [   50 –   100 ms]     0  
  [  100 –   250 ms]     0  
  [  250 –   500 ms]     0  
  [  500 –  1000 ms]     0  
  [ 1000 – 10000 ms]     0  
  [92m✓[0m  Raw samples written to /tmp/reader_baseline.csv
  [93m→[0m  After implementing the cache, rerun the same command and diff the RYW lag.

=======================================================

[1mRESULTS COMPARISON (N=200, consumer delay=0.10s/event)[0m

WITHOUT CACHE:
      metric             p50       p95       p99       max      mean
      POST ms            3.2       4.9      11.6      22.5       3.5
      RYW lag ms       506.9     515.0     525.6     529.7     491.3
      polls               69        73        75        75      67.2
    
      RYW lag distribution

WITH CACHE:
      metric             p50       p95       p99       max      mean
      POST ms            1.2       1.7       3.0      14.8       1.4
      RYW lag ms         0.8       1.4       2.6       5.6       0.9
      polls                1         1         1         1       1.0
    
      RYW lag distribution

[1mSpeedup:[0m
    p50        506.9 ms  →     0.8 ms   (633x faster)
    p95        515.0 ms  →     1.4 ms   (367x faster)
    p99        525.6 ms  →     2.6 ms   (202x faster)

[1mCache hit/miss stats (phase 2):[0m
    hits:     200
    misses:   0
    hit rate: 100.0%

[1mCache Redis :6380 — memory & eviction (allkeys-lru, cap=2.00M):[0m
    evicted keys:  0  (this run; lifetime=0)
    used memory:   1.26M / 2.00M
    order:* keys:  200 live in cache now

[32mResults saved to:[0m
  no-cache:  /Users/akankshawattamwar/Desktop/CS315/CQRS/results/nocache_slowconsumer_0.10_200.txt
  cached:    /Users/akankshawattamwar/Desktop/CS315/CQRS/results/cached_slowconsumer_0.10_200.txt

=======================================================

[1mCleaning up — restarting with defaults (fast consumer, cache on)...[0m
Stopping services and wiping volumes...

  cache:    enabled  (redis-cache :6380, 2MB allkeys-lru)
  consumer: fast
  saga:     fast
  stream:   redis-stream :6379  (no memory limit)

Starting services...
time="2026-04-26T02:48:04+05:30" level=warning msg="/Users/akankshawattamwar/Desktop/CS315/CQRS/docker-compose.yml: the attribute `version` is obsolete, it will be ignored, please remove it to avoid potential confusion"
#1 [internal] load local bake definitions
#1 reading from stdin 1.05kB done
#1 DONE 0.0s

#2 [consumer internal] load build definition from Dockerfile
#2 transferring dockerfile: 186B done
#2 DONE 0.0s

#3 [saga internal] load build definition from Dockerfile
#3 transferring dockerfile: 365B done
#3 DONE 0.0s

#4 [saga internal] load metadata for docker.io/library/python:3.12-slim
#4 DONE 0.5s

#5 [saga internal] load .dockerignore
#5 transferring context: 2B done
#5 DONE 0.0s

#6 [consumer internal] load .dockerignore
#6 transferring context: 2B done
#6 DONE 0.0s

#7 [consumer internal] load build context
#7 transferring context: 308B done
#7 DONE 0.0s

#8 [consumer 1/5] FROM docker.io/library/python:3.12-slim@sha256:46cb7cc2877e60fbd5e21a9ae6115c30ace7a077b9f8772da879e4590c18c2e3
#8 resolve docker.io/library/python:3.12-slim@sha256:46cb7cc2877e60fbd5e21a9ae6115c30ace7a077b9f8772da879e4590c18c2e3 done
#8 DONE 0.0s

#9 [consumer 2/5] WORKDIR /app
#9 CACHED

#10 [saga 2/7] WORKDIR /service
#10 CACHED

#11 [saga internal] load build context
#11 transferring context: 386B done
#11 DONE 0.0s

#12 [consumer 3/5] COPY requirements.txt .
#12 DONE 0.0s

#13 [saga 3/7] COPY saga/requirements.txt saga/
#13 DONE 0.0s

#14 [saga 4/7] RUN pip install --no-cache-dir -r saga/requirements.txt
#14 1.653 Collecting pymongo==4.7.2 (from -r saga/requirements.txt (line 1))
#14 1.744   Downloading pymongo-4.7.2-cp312-cp312-manylinux_2_17_aarch64.manylinux2014_aarch64.whl.metadata (22 kB)
#14 1.814 Collecting redis==5.0.5 (from -r saga/requirements.txt (line 2))
#14 1.838   Downloading redis-5.0.5-py3-none-any.whl.metadata (9.3 kB)
#14 1.906 Collecting psycopg2-binary==2.9.9 (from -r saga/requirements.txt (line 3))
#14 1.928   Downloading psycopg2_binary-2.9.9-cp312-cp312-manylinux_2_17_aarch64.manylinux2014_aarch64.whl.metadata (4.4 kB)
#14 1.952 Collecting dnspython<3.0.0,>=1.16.0 (from pymongo==4.7.2->-r saga/requirements.txt (line 1))
#14 1.972   Downloading dnspython-2.8.0-py3-none-any.whl.metadata (5.7 kB)
#14 2.013 Downloading pymongo-4.7.2-cp312-cp312-manylinux_2_17_aarch64.manylinux2014_aarch64.whl (688 kB)
#14 2.278    ━━━━━━━━━━━━━━━━━━━━━━━━━━━━━━━━━━━━━━━━ 689.0/689.0 kB 3.7 MB/s eta 0:00:00
#14 2.328 Downloading redis-5.0.5-py3-none-any.whl (251 kB)
#14 2.410 Downloading psycopg2_binary-2.9.9-cp312-cp312-manylinux_2_17_aarch64.manylinux2014_aarch64.whl (2.9 MB)
#14 6.565    ━━━━━━━━━━━━━━━━━━━━━━━━━━━━━━━━━━━━━━━━ 2.9/2.9 MB 634.4 kB/s eta 0:00:00
#14 6.612 Downloading dnspython-2.8.0-py3-none-any.whl (331 kB)
#14 6.683 Installing collected packages: redis, psycopg2-binary, dnspython, pymongo
#14 6.990 Successfully installed dnspython-2.8.0 psycopg2-binary-2.9.9 pymongo-4.7.2 redis-5.0.5
#14 6.990 WARNING: Running pip as the 'root' user can result in broken permissions and conflicting behaviour with the system package manager, possibly rendering your system unusable. It is recommended to use a virtual environment instead: https://pip.pypa.io/warnings/venv. Use the --root-user-action option if you know what you are doing and want to suppress this warning.
#14 ...

#15 [consumer 4/5] RUN pip install --no-cache-dir -r requirements.txt
#15 1.661 Collecting pymongo==4.7.2 (from -r requirements.txt (line 1))
#15 1.748   Downloading pymongo-4.7.2-cp312-cp312-manylinux_2_17_aarch64.manylinux2014_aarch64.whl.metadata (22 kB)
#15 1.821 Collecting redis==5.0.5 (from -r requirements.txt (line 2))
#15 1.843   Downloading redis-5.0.5-py3-none-any.whl.metadata (9.3 kB)
#15 1.913 Collecting psycopg2-binary==2.9.9 (from -r requirements.txt (line 3))
#15 1.937   Downloading psycopg2_binary-2.9.9-cp312-cp312-manylinux_2_17_aarch64.manylinux2014_aarch64.whl.metadata (4.4 kB)
#15 1.963 Collecting dnspython<3.0.0,>=1.16.0 (from pymongo==4.7.2->-r requirements.txt (line 1))
#15 1.981   Downloading dnspython-2.8.0-py3-none-any.whl.metadata (5.7 kB)
#15 2.019 Downloading pymongo-4.7.2-cp312-cp312-manylinux_2_17_aarch64.manylinux2014_aarch64.whl (688 kB)
#15 2.250    ━━━━━━━━━━━━━━━━━━━━━━━━━━━━━━━━━━━━━━━━ 689.0/689.0 kB 5.1 MB/s eta 0:00:00
#15 2.281 Downloading redis-5.0.5-py3-none-any.whl (251 kB)
#15 2.388 Downloading psycopg2_binary-2.9.9-cp312-cp312-manylinux_2_17_aarch64.manylinux2014_aarch64.whl (2.9 MB)
#15 6.432    ━━━━━━━━━━━━━━━━━━━━━━━━━━━━━━━━━━━━━━━━ 2.9/2.9 MB 649.8 kB/s eta 0:00:00
#15 6.517 Downloading dnspython-2.8.0-py3-none-any.whl (331 kB)
#15 6.649 Installing collected packages: redis, psycopg2-binary, dnspython, pymongo
#15 6.965 Successfully installed dnspython-2.8.0 psycopg2-binary-2.9.9 pymongo-4.7.2 redis-5.0.5
#15 6.965 WARNING: Running pip as the 'root' user can result in broken permissions and conflicting behaviour with the system package manager, possibly rendering your system unusable. It is recommended to use a virtual environment instead: https://pip.pypa.io/warnings/venv. Use the --root-user-action option if you know what you are doing and want to suppress this warning.
#15 7.092 
#15 7.092 [notice] A new release of pip is available: 25.0.1 -> 26.0.1
#15 7.092 [notice] To update, run: pip install --upgrade pip
#15 DONE 7.2s

#16 [consumer 5/5] COPY . .
#16 DONE 0.0s

#14 [saga 4/7] RUN pip install --no-cache-dir -r saga/requirements.txt
#14 7.106 
#14 7.106 [notice] A new release of pip is available: 25.0.1 -> 26.0.1
#14 7.106 [notice] To update, run: pip install --upgrade pip
#14 DONE 7.2s

#17 [saga 5/7] COPY write-api/events.py write-api/
#17 DONE 0.1s

#18 [saga 6/7] COPY saga/ saga/
#18 DONE 0.0s

#19 [saga 7/7] WORKDIR /service/saga
#19 DONE 0.0s

#20 [saga] exporting to image
#20 exporting layers
#20 exporting layers 0.6s done
#20 exporting manifest sha256:e5c0c41edea1ffacf2a0c43a8fe14d3b4818a5ec405b55d929552973d3c86bb4 done
#20 exporting config sha256:f6559027d9d7a3283bc2ef15ce70acec3adcb52f85d1db511ade9854a43cfa7e done
#20 exporting attestation manifest sha256:59c4f99ebecf66135c1881da14144b3379931eaa3342671e711a507b76e234d3 done
#20 exporting manifest list sha256:a8cdaa1422912b7b9279f60503ca7a9487030611353bf3f516a178a836ebe669 done
#20 naming to docker.io/library/cqrs-saga:latest done
#20 unpacking to docker.io/library/cqrs-saga:latest
#20 ...

#21 [consumer] exporting to image
#21 exporting layers 0.6s done
#21 exporting manifest sha256:2ce778a0613f3fb338e041f50b8c8384f788811ada4eaf413c7a7ed5901b0dfb done
#21 exporting config sha256:ec25e798f5c9a04d44e6d1beb0cc23af8c83a580d15ed4df83662969065824b0 done
#21 exporting attestation manifest sha256:590268624a2a26eaacd505635efcca7d2bb268af056f43b655ca83c054095b9a done
#21 exporting manifest list sha256:568fdcb31ad30b9fcb9722ea9622c736155e2e3c1857c47250dc6f49c63b938a done
#21 naming to docker.io/library/cqrs-consumer:latest done
#21 unpacking to docker.io/library/cqrs-consumer:latest 0.1s done
#21 DONE 0.7s

#22 [consumer] resolving provenance for metadata file
#22 DONE 0.0s

#20 [saga] exporting to image
#20 unpacking to docker.io/library/cqrs-saga:latest 0.2s done
#20 DONE 0.8s

#23 [saga] resolving provenance for metadata file
#23 DONE 0.0s
 cqrs-consumer  Built
 cqrs-saga  Built
time="2026-04-26T02:48:13+05:30" level=warning msg="/Users/akankshawattamwar/Desktop/CS315/CQRS/docker-compose.yml: the attribute `version` is obsolete, it will be ignored, please remove it to avoid potential confusion"
#1 [internal] load local bake definitions
#1 reading from stdin 2.42kB done
#1 DONE 0.0s

#2 [consumer internal] load build definition from Dockerfile
#2 transferring dockerfile: 186B done
#2 DONE 0.0s

#3 [write-api internal] load build definition from Dockerfile
#3 transferring dockerfile: 225B done
#3 DONE 0.0s

#4 [saga internal] load build definition from Dockerfile
#4 transferring dockerfile: 365B done
#4 DONE 0.0s

#5 [frontend internal] load build definition from Dockerfile
#5 transferring dockerfile: 271B done
#5 DONE 0.0s

#6 [read-api internal] load build definition from Dockerfile
#6 transferring dockerfile: 225B done
#6 DONE 0.0s

#7 [read-api internal] load metadata for docker.io/library/python:3.12-slim
#7 DONE 0.4s

#8 [read-api internal] load .dockerignore
#8 transferring context: 2B done
#8 DONE 0.0s

#9 [saga internal] load .dockerignore
#9 transferring context: 2B done
#9 DONE 0.0s

#10 [write-api internal] load .dockerignore
#10 transferring context: 2B done
#10 DONE 0.0s

#11 [consumer internal] load .dockerignore
#11 transferring context: 2B done
#11 DONE 0.0s

#12 [read-api internal] load build context
#12 transferring context: 258B done
#12 DONE 0.0s

#13 [write-api internal] load build context
#13 transferring context: 341B done
#13 DONE 0.0s

#14 [consumer internal] load build context
#14 transferring context: 308B done
#14 DONE 0.0s

#15 [consumer 1/5] FROM docker.io/library/python:3.12-slim@sha256:46cb7cc2877e60fbd5e21a9ae6115c30ace7a077b9f8772da879e4590c18c2e3
#15 resolve docker.io/library/python:3.12-slim@sha256:46cb7cc2877e60fbd5e21a9ae6115c30ace7a077b9f8772da879e4590c18c2e3 0.0s done
#15 DONE 0.0s

#16 [saga internal] load build context
#16 transferring context: 386B done
#16 DONE 0.0s

#17 [read-api 3/5] COPY requirements.txt .
#17 CACHED

#18 [read-api 4/5] RUN pip install --no-cache-dir -r requirements.txt
#18 CACHED

#19 [read-api 5/5] COPY . .
#19 CACHED

#20 [write-api 3/5] COPY requirements.txt .
#20 CACHED

#21 [write-api 4/5] RUN pip install --no-cache-dir -r requirements.txt
#21 CACHED

#22 [consumer 4/5] RUN pip install --no-cache-dir -r requirements.txt
#22 CACHED

#23 [consumer 3/5] COPY requirements.txt .
#23 CACHED

#24 [write-api 2/5] WORKDIR /app
#24 CACHED

#25 [write-api 5/5] COPY . .
#25 CACHED

#26 [consumer 5/5] COPY . .
#26 CACHED

#27 [read-api] exporting to image
#27 exporting layers done
#27 exporting manifest sha256:c63ee61fb06e4bd063e843362129b868354c2f94e2566ad3c11bbd0548881470 done
#27 exporting config sha256:46bb870cf8127e2823c379c44ac9a3c0d6ee66fd1b3343341206f22ff23f7f62 done
#27 exporting attestation manifest sha256:c15e3326eeb49ab1946b1af9af1f0dd4f9a9d36f1ed7560cadfc68bdd016dcf9 0.0s done
#27 exporting manifest list sha256:e88e256457dd785cb330a1a302dbe7e5e0744ffe492522e2df039e450d5de758 done
#27 naming to docker.io/library/cqrs-read-api:latest done
#27 unpacking to docker.io/library/cqrs-read-api:latest
#27 unpacking to docker.io/library/cqrs-read-api:latest done
#27 DONE 0.1s

#28 [saga 6/7] COPY saga/ saga/
#28 CACHED

#29 [saga 3/7] COPY saga/requirements.txt saga/
#29 CACHED

#30 [saga 5/7] COPY write-api/events.py write-api/
#30 CACHED

#31 [saga 2/7] WORKDIR /service
#31 CACHED

#32 [saga 4/7] RUN pip install --no-cache-dir -r saga/requirements.txt
#32 CACHED

#33 [saga 7/7] WORKDIR /service/saga
#33 CACHED

#34 [write-api] exporting to image
#34 exporting layers done
#34 exporting manifest sha256:92a21a99b40b6531c5801222236f42d6aa7bbf8b65d7634fc566f9392602e764 done
#34 exporting config sha256:be9fb26fa271ebf0c525960e70f2e967c21bf78a1eb2b7a7dc06e6d3ff4d3f55 done
#34 exporting attestation manifest sha256:b01d9245c759e783272fb489a197fedb96c7f91ae472c3e449cabb62c91d8df4 0.0s done
#34 exporting manifest list sha256:48501e9aa29f10d4c752739b2470272f3a59391bd2cd705f062a6035440eb7ad done
#34 naming to docker.io/library/cqrs-write-api:latest done
#34 unpacking to docker.io/library/cqrs-write-api:latest done
#34 DONE 0.1s

#35 [consumer] exporting to image
#35 exporting layers done
#35 exporting manifest sha256:2ce778a0613f3fb338e041f50b8c8384f788811ada4eaf413c7a7ed5901b0dfb done
#35 exporting config sha256:ec25e798f5c9a04d44e6d1beb0cc23af8c83a580d15ed4df83662969065824b0 done
#35 exporting attestation manifest sha256:44ea46a65226720d06c28e1329c9ee9362546a44c452bb54f12e17b1b2296f1e 0.0s done
#35 exporting manifest list sha256:ca9763abffc4c2d56e1134d4fbc14572b1f015031ea2a17f86a793b98b3a9927 done
#35 naming to docker.io/library/cqrs-consumer:latest done
#35 unpacking to docker.io/library/cqrs-consumer:latest done
#35 DONE 0.1s

#36 [read-api] resolving provenance for metadata file
#36 DONE 0.0s

#37 [saga] exporting to image
#37 exporting layers done
#37 exporting manifest sha256:e5c0c41edea1ffacf2a0c43a8fe14d3b4818a5ec405b55d929552973d3c86bb4 done
#37 exporting config sha256:f6559027d9d7a3283bc2ef15ce70acec3adcb52f85d1db511ade9854a43cfa7e done
#37 exporting attestation manifest sha256:288d9790c6fb51303df29816900f627d01d54b971448cf181dc97e0b35d7beae 0.0s done
#37 exporting manifest list sha256:976df9554bd9fc6e39b0071c8f8058f3178b4e6eaa5610ae8cb074c9d73ceb52 0.0s done
#37 naming to docker.io/library/cqrs-saga:latest done
#37 unpacking to docker.io/library/cqrs-saga:latest
#37 unpacking to docker.io/library/cqrs-saga:latest 0.0s done
#37 DONE 0.1s

#38 [write-api] resolving provenance for metadata file
#38 DONE 0.0s

#39 [consumer] resolving provenance for metadata file
#39 DONE 0.0s

#40 [saga] resolving provenance for metadata file
#40 DONE 0.0s

#41 [frontend internal] load metadata for docker.io/library/node:20-alpine
#41 DONE 1.0s

#42 [frontend internal] load metadata for docker.io/library/nginx:alpine
#42 DONE 1.0s

#43 [frontend internal] load .dockerignore
#43 transferring context: 2B done
#43 DONE 0.0s

#44 [frontend stage-1 1/3] FROM docker.io/library/nginx:alpine@sha256:5616878291a2eed594aee8db4dade5878cf7edcb475e59193904b198d9b830de
#44 resolve docker.io/library/nginx:alpine@sha256:5616878291a2eed594aee8db4dade5878cf7edcb475e59193904b198d9b830de 0.0s done
#44 DONE 0.0s

#45 [frontend build 1/6] FROM docker.io/library/node:20-alpine@sha256:fb4cd12c85ee03686f6af5362a0b0d56d50c58a04632e6c0fb8363f609372293
#45 resolve docker.io/library/node:20-alpine@sha256:fb4cd12c85ee03686f6af5362a0b0d56d50c58a04632e6c0fb8363f609372293 0.0s done
#45 DONE 0.0s

#46 [frontend internal] load build context
#46 transferring context: 185.58kB 0.1s done
#46 DONE 0.1s

#47 [frontend stage-1 2/3] COPY --from=build /app/dist /usr/share/nginx/html
#47 CACHED

#48 [frontend build 2/6] WORKDIR /app
#48 CACHED

#49 [frontend build 4/6] RUN npm install
#49 CACHED

#50 [frontend build 5/6] COPY . .
#50 CACHED

#51 [frontend build 6/6] RUN npm run build
#51 CACHED

#52 [frontend build 3/6] COPY package.json ./
#52 CACHED

#53 [frontend stage-1 3/3] COPY nginx.conf /etc/nginx/conf.d/default.conf
#53 CACHED

#54 [frontend] exporting to image
#54 exporting layers done
#54 exporting manifest sha256:32782dd8e2053c61118ccbb621867087941de406675097f92803716fedafab00 done
#54 exporting config sha256:64d46ad231b32d64275256ac207db88e0b5dd078678dcdc752d464f80305d609 done
#54 exporting attestation manifest sha256:4633925ab7395da9bdb3caea83c13d2752c237f6b744bd43dc4694932c39a6a6 done
#54 exporting manifest list sha256:fdfa579c23e8418beda50a5af4fdf2b609510685ed11c5f13ccebd5883be2164 done
#54 naming to docker.io/library/cqrs-frontend:latest done
#54 unpacking to docker.io/library/cqrs-frontend:latest done
#54 DONE 0.0s

#55 [frontend] resolving provenance for metadata file
#55 DONE 0.0s
 cqrs-frontend  Built
 cqrs-write-api  Built
 cqrs-read-api  Built
 cqrs-consumer  Built
 cqrs-saga  Built
 Network cqrs_default  Creating
 Network cqrs_default  Created
 Volume "cqrs_postgres_data"  Creating
 Volume "cqrs_postgres_data"  Created
 Volume "cqrs_mongo_data"  Creating
 Volume "cqrs_mongo_data"  Created
 Container cqrs-mongodb-1  Creating
 Container cqrs-postgres-1  Creating
 Container cqrs-redis-stream-1  Creating
 Container cqrs-redis-cache-1  Creating
 Container cqrs-mongodb-1  Created
 Container cqrs-redis-stream-1  Created
 Container cqrs-postgres-1  Created
 Container cqrs-saga-1  Creating
 Container cqrs-consumer-1  Creating
 Container cqrs-redis-cache-1  Created
 Container cqrs-write-api-1  Creating
 Container cqrs-read-api-1  Creating
 Container cqrs-read-api-1  Created
 Container cqrs-frontend-1  Creating
 Container cqrs-saga-1  Created
 Container cqrs-write-api-1  Created
 Container cqrs-consumer-1  Created
 Container cqrs-frontend-1  Created
 Container cqrs-mongodb-1  Starting
 Container cqrs-postgres-1  Starting
 Container cqrs-redis-cache-1  Starting
 Container cqrs-redis-stream-1  Starting
 Container cqrs-redis-cache-1  Started
 Container cqrs-redis-stream-1  Started
 Container cqrs-mongodb-1  Started
 Container cqrs-redis-stream-1  Waiting
 Container cqrs-redis-cache-1  Waiting
 Container cqrs-mongodb-1  Waiting
 Container cqrs-postgres-1  Started
 Container cqrs-postgres-1  Waiting
 Container cqrs-redis-stream-1  Waiting
 Container cqrs-postgres-1  Waiting
 Container cqrs-redis-cache-1  Waiting
 Container cqrs-postgres-1  Waiting
 Container cqrs-mongodb-1  Waiting
 Container cqrs-mongodb-1  Waiting
 Container cqrs-redis-stream-1  Waiting
 Container cqrs-redis-stream-1  Healthy
 Container cqrs-redis-stream-1  Healthy
 Container cqrs-redis-cache-1  Healthy
 Container cqrs-redis-cache-1  Healthy
 Container cqrs-redis-stream-1  Healthy
 Container cqrs-postgres-1  Healthy
 Container cqrs-postgres-1  Healthy
 Container cqrs-read-api-1  Starting
 Container cqrs-postgres-1  Healthy
 Container cqrs-read-api-1  Started
 Container cqrs-frontend-1  Starting
 Container cqrs-frontend-1  Started
 Container cqrs-mongodb-1  Healthy
 Container cqrs-write-api-1  Starting
 Container cqrs-mongodb-1  Healthy
 Container cqrs-mongodb-1  Healthy
 Container cqrs-consumer-1  Starting
 Container cqrs-saga-1  Starting
 Container cqrs-write-api-1  Started
 Container cqrs-consumer-1  Started
 Container cqrs-saga-1  Started
Waiting for APIs to be ready...
Clearing MongoDB events and sagas...
time="2026-04-26T02:48:27+05:30" level=warning msg="/Users/akankshawattamwar/Desktop/CS315/CQRS/docker-compose.yml: the attribute `version` is obsolete, it will be ignored, please remove it to avoid potential confusion"
MongoDB cleared
All services up.
Logs: docker compose logs -f [write-api|read-api|consumer|saga]
[32mDone. System back to default state.[0m
