
=======================================================

[1mPHASE 1 of 2 — NO CACHE + SLOW CONSUMER (baseline)[0m
  Restarting with --delay 0.10 --no-cache ...
Stopping services and wiping volumes...

  cache:    DISABLED
  consumer: SLOW (0.10s/event)
  saga:     fast
  stream:   redis-stream :6379  (no memory limit)

Starting services...
time="2026-04-26T02:53:24+05:30" level=warning msg="/Users/akankshawattamwar/Desktop/CS315/CQRS/docker-compose.yml: the attribute `version` is obsolete, it will be ignored, please remove it to avoid potential confusion"
#1 [internal] load local bake definitions
#1 reading from stdin 1.05kB done
#1 DONE 0.0s

#2 [consumer internal] load build definition from Dockerfile
#2 transferring dockerfile:
#2 transferring dockerfile: 186B done
#2 DONE 0.0s

#3 [saga internal] load build definition from Dockerfile
#3 transferring dockerfile: 365B done
#3 DONE 0.0s

#4 [saga internal] load metadata for docker.io/library/python:3.12-slim
#4 DONE 0.4s

#5 [consumer internal] load .dockerignore
#5 transferring context: 2B done
#5 DONE 0.0s

#6 [saga internal] load .dockerignore
#6 transferring context: 2B done
#6 DONE 0.0s

#7 [consumer internal] load build context
#7 transferring context: 308B done
#7 DONE 0.0s

#8 [consumer 1/7] FROM docker.io/library/python:3.12-slim@sha256:46cb7cc2877e60fbd5e21a9ae6115c30ace7a077b9f8772da879e4590c18c2e3
#8 resolve docker.io/library/python:3.12-slim@sha256:46cb7cc2877e60fbd5e21a9ae6115c30ace7a077b9f8772da879e4590c18c2e3 0.0s done
#8 DONE 0.0s

#9 [saga 2/7] WORKDIR /service
#9 CACHED

#10 [consumer 2/5] WORKDIR /app
#10 CACHED

#11 [saga internal] load build context
#11 transferring context: 386B done
#11 DONE 0.0s

#12 [consumer 3/5] COPY requirements.txt .
#12 DONE 0.0s

#13 [saga 3/7] COPY saga/requirements.txt saga/
#13 DONE 0.0s

#14 [saga 4/7] RUN pip install --no-cache-dir -r saga/requirements.txt
#14 2.041 Collecting pymongo==4.7.2 (from -r saga/requirements.txt (line 1))
#14 2.302   Downloading pymongo-4.7.2-cp312-cp312-manylinux_2_17_aarch64.manylinux2014_aarch64.whl.metadata (22 kB)
#14 2.448 Collecting redis==5.0.5 (from -r saga/requirements.txt (line 2))
#14 2.480   Downloading redis-5.0.5-py3-none-any.whl.metadata (9.3 kB)
#14 2.668 Collecting psycopg2-binary==2.9.9 (from -r saga/requirements.txt (line 3))
#14 2.703   Downloading psycopg2_binary-2.9.9-cp312-cp312-manylinux_2_17_aarch64.manylinux2014_aarch64.whl.metadata (4.4 kB)
#14 2.773 Collecting dnspython<3.0.0,>=1.16.0 (from pymongo==4.7.2->-r saga/requirements.txt (line 1))
#14 2.807   Downloading dnspython-2.8.0-py3-none-any.whl.metadata (5.7 kB)
#14 2.858 Downloading pymongo-4.7.2-cp312-cp312-manylinux_2_17_aarch64.manylinux2014_aarch64.whl (688 kB)
#14 3.319    ━━━━━━━━━━━━━━━━━━━━━━━━━━━━━━━━━━━━━━━━ 689.0/689.0 kB 1.5 MB/s eta 0:00:00
#14 3.368 Downloading redis-5.0.5-py3-none-any.whl (251 kB)
#14 3.604 Downloading psycopg2_binary-2.9.9-cp312-cp312-manylinux_2_17_aarch64.manylinux2014_aarch64.whl (2.9 MB)
#14 5.896    ━━━━━━━━━━━━━━━━━━━━━━━━━━━━━━━━━━━━━━━━ 2.9/2.9 MB 1.2 MB/s eta 0:00:00
#14 5.977 Downloading dnspython-2.8.0-py3-none-any.whl (331 kB)
#14 6.126 Installing collected packages: redis, psycopg2-binary, dnspython, pymongo
#14 6.446 Successfully installed dnspython-2.8.0 psycopg2-binary-2.9.9 pymongo-4.7.2 redis-5.0.5
#14 6.446 WARNING: Running pip as the 'root' user can result in broken permissions and conflicting behaviour with the system package manager, possibly rendering your system unusable. It is recommended to use a virtual environment instead: https://pip.pypa.io/warnings/venv. Use the --root-user-action option if you know what you are doing and want to suppress this warning.
#14 6.590 
#14 6.590 [notice] A new release of pip is available: 25.0.1 -> 26.0.1
#14 6.590 [notice] To update, run: pip install --upgrade pip
#14 ...

#15 [consumer 4/5] RUN pip install --no-cache-dir -r requirements.txt
#15 2.052 Collecting pymongo==4.7.2 (from -r requirements.txt (line 1))
#15 2.310   Downloading pymongo-4.7.2-cp312-cp312-manylinux_2_17_aarch64.manylinux2014_aarch64.whl.metadata (22 kB)
#15 2.457 Collecting redis==5.0.5 (from -r requirements.txt (line 2))
#15 2.487   Downloading redis-5.0.5-py3-none-any.whl.metadata (9.3 kB)
#15 2.679 Collecting psycopg2-binary==2.9.9 (from -r requirements.txt (line 3))
#15 2.711   Downloading psycopg2_binary-2.9.9-cp312-cp312-manylinux_2_17_aarch64.manylinux2014_aarch64.whl.metadata (4.4 kB)
#15 2.782 Collecting dnspython<3.0.0,>=1.16.0 (from pymongo==4.7.2->-r requirements.txt (line 1))
#15 2.815   Downloading dnspython-2.8.0-py3-none-any.whl.metadata (5.7 kB)
#15 2.863 Downloading pymongo-4.7.2-cp312-cp312-manylinux_2_17_aarch64.manylinux2014_aarch64.whl (688 kB)
#15 3.353    ━━━━━━━━━━━━━━━━━━━━━━━━━━━━━━━━━━━━━━━━ 689.0/689.0 kB 1.4 MB/s eta 0:00:00
#15 3.392 Downloading redis-5.0.5-py3-none-any.whl (251 kB)
#15 3.584 Downloading psycopg2_binary-2.9.9-cp312-cp312-manylinux_2_17_aarch64.manylinux2014_aarch64.whl (2.9 MB)
#15 5.981    ━━━━━━━━━━━━━━━━━━━━━━━━━━━━━━━━━━━━━━━━ 2.9/2.9 MB 1.1 MB/s eta 0:00:00
#15 6.010 Downloading dnspython-2.8.0-py3-none-any.whl (331 kB)
#15 6.186 Installing collected packages: redis, psycopg2-binary, dnspython, pymongo
#15 6.497 Successfully installed dnspython-2.8.0 psycopg2-binary-2.9.9 pymongo-4.7.2 redis-5.0.5
#15 6.498 WARNING: Running pip as the 'root' user can result in broken permissions and conflicting behaviour with the system package manager, possibly rendering your system unusable. It is recommended to use a virtual environment instead: https://pip.pypa.io/warnings/venv. Use the --root-user-action option if you know what you are doing and want to suppress this warning.
#15 6.635 
#15 6.635 [notice] A new release of pip is available: 25.0.1 -> 26.0.1
#15 6.635 [notice] To update, run: pip install --upgrade pip
#15 DONE 6.7s

#14 [saga 4/7] RUN pip install --no-cache-dir -r saga/requirements.txt
#14 DONE 6.7s

#16 [consumer 5/5] COPY . .
#16 DONE 0.0s

#17 [saga 5/7] COPY write-api/events.py write-api/
#17 DONE 0.0s

#18 [saga 6/7] COPY saga/ saga/
#18 DONE 0.1s

#19 [saga 7/7] WORKDIR /service/saga
#19 DONE 0.0s

#20 [consumer] exporting to image
#20 exporting layers
#20 exporting layers 0.6s done
#20 exporting manifest sha256:3ec29c2f972e7db9d4ccf04e6d3b92b6bbe766e5b9b8985f58c4abe891f939a5 done
#20 exporting config sha256:0f101551b702160666c518faaf413e2892ffa7ccfed4773551f61a8751828081 done
#20 exporting attestation manifest sha256:a3efb99c8213fb06df75c5f23787cc5e768c3b89f4c16f31fe78f7bd494dc72a done
#20 exporting manifest list sha256:b6847203e865bbb7a6e63ae0c62008480c910720252c1c68a751963b7399a833 done
#20 naming to docker.io/library/cqrs-consumer:latest done
#20 unpacking to docker.io/library/cqrs-consumer:latest 0.1s done
#20 DONE 0.7s

#21 [consumer] resolving provenance for metadata file
#21 DONE 0.0s

#22 [saga] exporting to image
#22 exporting layers 0.5s done
#22 exporting manifest sha256:f7ba29140a00a4495750a9f105961ecd3f604f7170b3e0c1962fb69966a2d46d done
#22 exporting config sha256:0f4942367a051c9f4c2fbab45f8f7b7777597cd610770fa73e726955c72aa063 done
#22 exporting attestation manifest sha256:7a5ee89f9b4edf81abc79a7fd4042c04d2d6fba13d68d3515211bc7803b7541d done
#22 exporting manifest list sha256:adc456d81ba80b2e17dd594ec59323f38efb9e7fee1ef9f1cbf3ada31df8d933 done
#22 naming to docker.io/library/cqrs-saga:latest done
#22 unpacking to docker.io/library/cqrs-saga:latest 0.1s done
#22 DONE 0.7s

#23 [saga] resolving provenance for metadata file
#23 DONE 0.0s
 cqrs-consumer  Built
 cqrs-saga  Built
time="2026-04-26T02:53:33+05:30" level=warning msg="/Users/akankshawattamwar/Desktop/CS315/CQRS/docker-compose.yml: the attribute `version` is obsolete, it will be ignored, please remove it to avoid potential confusion"
#1 [internal] load local bake definitions
#1 reading from stdin 2.42kB done
#1 DONE 0.0s

#2 [write-api internal] load build definition from Dockerfile
#2 transferring dockerfile: 225B done
#2 DONE 0.0s

#3 [consumer internal] load build definition from Dockerfile
#3 transferring dockerfile: 186B done
#3 DONE 0.0s

#4 [read-api internal] load build definition from Dockerfile
#4 transferring dockerfile: 225B done
#4 DONE 0.0s

#5 [saga internal] load build definition from Dockerfile
#5 transferring dockerfile: 365B done
#5 DONE 0.0s

#6 [frontend internal] load build definition from Dockerfile
#6 transferring dockerfile: 271B done
#6 DONE 0.0s

#7 [saga internal] load metadata for docker.io/library/python:3.12-slim
#7 DONE 0.5s

#8 [saga internal] load .dockerignore
#8 transferring context: 2B done
#8 DONE 0.0s

#9 [consumer internal] load .dockerignore
#9 transferring context: 2B done
#9 DONE 0.0s

#10 [write-api internal] load .dockerignore
#10 transferring context: 2B done
#10 DONE 0.0s

#11 [read-api internal] load .dockerignore
#11 transferring context: 2B done
#11 DONE 0.0s

#12 [consumer internal] load build context
#12 transferring context: 308B done
#12 DONE 0.0s

#13 [write-api internal] load build context
#13 transferring context: 341B done
#13 DONE 0.0s

#14 [read-api internal] load build context
#14 transferring context: 258B done
#14 DONE 0.0s

#15 [saga 1/5] FROM docker.io/library/python:3.12-slim@sha256:46cb7cc2877e60fbd5e21a9ae6115c30ace7a077b9f8772da879e4590c18c2e3
#15 resolve docker.io/library/python:3.12-slim@sha256:46cb7cc2877e60fbd5e21a9ae6115c30ace7a077b9f8772da879e4590c18c2e3 0.0s done
#15 DONE 0.0s

#16 [saga internal] load build context
#16 transferring context: 386B done
#16 DONE 0.0s

#17 [read-api 4/5] RUN pip install --no-cache-dir -r requirements.txt
#17 CACHED

#18 [read-api 3/5] COPY requirements.txt .
#18 CACHED

#19 [write-api 3/5] COPY requirements.txt .
#19 CACHED

#20 [write-api 4/5] RUN pip install --no-cache-dir -r requirements.txt
#20 CACHED

#21 [consumer 3/5] COPY requirements.txt .
#21 CACHED

#22 [consumer 4/5] RUN pip install --no-cache-dir -r requirements.txt
#22 CACHED

#23 [write-api 2/5] WORKDIR /app
#23 CACHED

#24 [consumer 5/5] COPY . .
#24 CACHED

#25 [write-api 5/5] COPY . .
#25 CACHED

#26 [read-api 5/5] COPY . .
#26 CACHED

#27 [consumer] exporting to image
#27 exporting layers done
#27 exporting manifest sha256:3ec29c2f972e7db9d4ccf04e6d3b92b6bbe766e5b9b8985f58c4abe891f939a5 done
#27 exporting config sha256:0f101551b702160666c518faaf413e2892ffa7ccfed4773551f61a8751828081 done
#27 exporting attestation manifest sha256:88e73a629e4c12afb30fed5d094110f8c8bfb9ba8786f323f6e0b2bbee1ca59e
#27 exporting attestation manifest sha256:88e73a629e4c12afb30fed5d094110f8c8bfb9ba8786f323f6e0b2bbee1ca59e 0.0s done
#27 exporting manifest list sha256:faeccebf1311e33f510448fc8ed3f5d4bb34f5173d2c0096bf2bbecf6096d734 done
#27 naming to docker.io/library/cqrs-consumer:latest done
#27 unpacking to docker.io/library/cqrs-consumer:latest done
#27 DONE 0.1s

#28 [saga 6/7] COPY saga/ saga/
#28 CACHED

#29 [saga 2/7] WORKDIR /service
#29 CACHED

#30 [saga 4/7] RUN pip install --no-cache-dir -r saga/requirements.txt
#30 CACHED

#31 [saga 3/7] COPY saga/requirements.txt saga/
#31 CACHED

#32 [saga 5/7] COPY write-api/events.py write-api/
#32 CACHED

#33 [saga 7/7] WORKDIR /service/saga
#33 CACHED

#34 [read-api] exporting to image
#34 exporting layers done
#34 exporting manifest sha256:c63ee61fb06e4bd063e843362129b868354c2f94e2566ad3c11bbd0548881470 done
#34 exporting config sha256:46bb870cf8127e2823c379c44ac9a3c0d6ee66fd1b3343341206f22ff23f7f62 done
#34 exporting attestation manifest sha256:598cfa524aba0dde039fa9eb632310fd92971aa77ebf51d119c0d7cd0e4b6958 0.0s done
#34 exporting manifest list sha256:20758b27d737d35a24fd52e09a836bc4064726a6064029552d766988a4d2a682 done
#34 naming to docker.io/library/cqrs-read-api:latest done
#34 unpacking to docker.io/library/cqrs-read-api:latest done
#34 DONE 0.1s

#35 [write-api] exporting to image
#35 exporting layers done
#35 exporting manifest sha256:92a21a99b40b6531c5801222236f42d6aa7bbf8b65d7634fc566f9392602e764 done
#35 exporting config sha256:be9fb26fa271ebf0c525960e70f2e967c21bf78a1eb2b7a7dc06e6d3ff4d3f55 done
#35 exporting attestation manifest sha256:742619409a4ced915cff4cebedbd31c19568e09f7e62707d0b23cb9df599dc1b 0.0s done
#35 exporting manifest list sha256:b85dbe8e8fe7bb1f9d665de233b411ecc9c3d66a06f1835a756db032dfb156cf done
#35 naming to docker.io/library/cqrs-write-api:latest done
#35 unpacking to docker.io/library/cqrs-write-api:latest done
#35 DONE 0.1s

#36 [saga] exporting to image
#36 exporting layers done
#36 exporting manifest sha256:f7ba29140a00a4495750a9f105961ecd3f604f7170b3e0c1962fb69966a2d46d done
#36 exporting config sha256:0f4942367a051c9f4c2fbab45f8f7b7777597cd610770fa73e726955c72aa063 done
#36 exporting attestation manifest sha256:21435e55470028a38ed57b58ceb5a24d747e627134d245fd933062513cc2a1cc 0.1s done
#36 exporting manifest list sha256:47b05f8017530f784c57e72c4d63da48c5b6d62d60f9388da9d0013975e80c77 0.0s done
#36 naming to docker.io/library/cqrs-saga:latest done
#36 unpacking to docker.io/library/cqrs-saga:latest done
#36 DONE 0.2s

#37 [read-api] resolving provenance for metadata file
#37 DONE 0.0s

#38 [consumer] resolving provenance for metadata file
#38 DONE 0.0s

#39 [write-api] resolving provenance for metadata file
#39 DONE 0.0s

#40 [saga] resolving provenance for metadata file
#40 DONE 0.0s

#41 [frontend internal] load metadata for docker.io/library/node:20-alpine
#41 DONE 0.9s

#42 [frontend internal] load metadata for docker.io/library/nginx:alpine
#42 DONE 0.9s

#43 [frontend internal] load .dockerignore
#43 transferring context: 2B done
#43 DONE 0.0s

#44 [frontend stage-1 1/3] FROM docker.io/library/nginx:alpine@sha256:5616878291a2eed594aee8db4dade5878cf7edcb475e59193904b198d9b830de
#44 resolve docker.io/library/nginx:alpine@sha256:5616878291a2eed594aee8db4dade5878cf7edcb475e59193904b198d9b830de 0.0s done
#44 DONE 0.0s

#45 [frontend build 1/6] FROM docker.io/library/node:20-alpine@sha256:fb4cd12c85ee03686f6af5362a0b0d56d50c58a04632e6c0fb8363f609372293
#45 resolve docker.io/library/node:20-alpine@sha256:fb4cd12c85ee03686f6af5362a0b0d56d50c58a04632e6c0fb8363f609372293 done
#45 DONE 0.0s

#46 [frontend internal] load build context
#46 transferring context: 185.58kB 0.1s done
#46 DONE 0.1s

#47 [frontend build 5/6] COPY . .
#47 CACHED

#48 [frontend build 4/6] RUN npm install
#48 CACHED

#49 [frontend build 2/6] WORKDIR /app
#49 CACHED

#50 [frontend build 3/6] COPY package.json ./
#50 CACHED

#51 [frontend build 6/6] RUN npm run build
#51 CACHED

#52 [frontend stage-1 2/3] COPY --from=build /app/dist /usr/share/nginx/html
#52 CACHED

#53 [frontend stage-1 3/3] COPY nginx.conf /etc/nginx/conf.d/default.conf
#53 CACHED

#54 [frontend] exporting to image
#54 exporting layers done
#54 exporting manifest sha256:32782dd8e2053c61118ccbb621867087941de406675097f92803716fedafab00 done
#54 exporting config sha256:64d46ad231b32d64275256ac207db88e0b5dd078678dcdc752d464f80305d609 done
#54 exporting attestation manifest sha256:0b48c3e44c6618d501755409f383f8c1d2b02b7d122b37226b5b212a033965e6 done
#54 exporting manifest list sha256:e08885099ba78fb6162a1c399ba290972949fc638da12e4157850089c47cb39e done
#54 naming to docker.io/library/cqrs-frontend:latest done
#54 unpacking to docker.io/library/cqrs-frontend:latest done
#54 DONE 0.0s

#55 [frontend] resolving provenance for metadata file
#55 DONE 0.0s
 cqrs-read-api  Built
 cqrs-saga  Built
 cqrs-consumer  Built
 cqrs-frontend  Built
 cqrs-write-api  Built
 Network cqrs_default  Creating
 Network cqrs_default  Created
 Volume "cqrs_postgres_data"  Creating
 Volume "cqrs_postgres_data"  Created
 Volume "cqrs_mongo_data"  Creating
 Volume "cqrs_mongo_data"  Created
 Container cqrs-postgres-1  Creating
 Container cqrs-redis-stream-1  Creating
 Container cqrs-mongodb-1  Creating
 Container cqrs-redis-cache-1  Creating
 Container cqrs-mongodb-1  Created
 Container cqrs-redis-stream-1  Created
 Container cqrs-postgres-1  Created
 Container cqrs-consumer-1  Creating
 Container cqrs-saga-1  Creating
 Container cqrs-redis-cache-1  Created
 Container cqrs-read-api-1  Creating
 Container cqrs-write-api-1  Creating
 Container cqrs-read-api-1  Created
 Container cqrs-frontend-1  Creating
 Container cqrs-consumer-1  Created
 Container cqrs-write-api-1  Created
 Container cqrs-saga-1  Created
 Container cqrs-frontend-1  Created
 Container cqrs-mongodb-1  Starting
 Container cqrs-redis-cache-1  Starting
 Container cqrs-postgres-1  Starting
 Container cqrs-redis-stream-1  Starting
 Container cqrs-redis-stream-1  Started
 Container cqrs-postgres-1  Started
 Container cqrs-redis-cache-1  Started
 Container cqrs-redis-cache-1  Waiting
 Container cqrs-postgres-1  Waiting
 Container cqrs-mongodb-1  Started
 Container cqrs-mongodb-1  Waiting
 Container cqrs-redis-stream-1  Waiting
 Container cqrs-postgres-1  Waiting
 Container cqrs-mongodb-1  Waiting
 Container cqrs-redis-stream-1  Waiting
 Container cqrs-postgres-1  Waiting
 Container cqrs-redis-cache-1  Waiting
 Container cqrs-redis-stream-1  Waiting
 Container cqrs-mongodb-1  Waiting
 Container cqrs-redis-stream-1  Healthy
 Container cqrs-redis-stream-1  Healthy
 Container cqrs-postgres-1  Healthy
 Container cqrs-redis-stream-1  Healthy
 Container cqrs-postgres-1  Healthy
 Container cqrs-redis-cache-1  Healthy
 Container cqrs-postgres-1  Healthy
 Container cqrs-read-api-1  Starting
 Container cqrs-redis-cache-1  Healthy
 Container cqrs-read-api-1  Started
 Container cqrs-frontend-1  Starting
 Container cqrs-frontend-1  Started
 Container cqrs-mongodb-1  Healthy
 Container cqrs-mongodb-1  Healthy
 Container cqrs-consumer-1  Starting
 Container cqrs-write-api-1  Starting
 Container cqrs-mongodb-1  Healthy
 Container cqrs-saga-1  Starting
 Container cqrs-saga-1  Started
 Container cqrs-write-api-1  Started
 Container cqrs-consumer-1  Started
Waiting for APIs to be ready...
Clearing MongoDB events and sagas...
time="2026-04-26T02:53:47+05:30" level=warning msg="/Users/akankshawattamwar/Desktop/CS315/CQRS/docker-compose.yml: the attribute `version` is obsolete, it will be ignored, please remove it to avoid potential confusion"
MongoDB cleared
All services up.
Logs: docker compose logs -f [write-api|read-api|consumer|saga]

=======================================================

[34mRunning benchmark (N=300, consumer delay=0.10s/event) — no cache...[0m

[1m[94m=======================================================[0m
[1m[94m  READER BENCHMARK — Read-Your-Writes Lag (baseline)[0m
[1m[94m=======================================================[0m
  [93m→[0m  Placing 300 orders sequentially and measuring GET-after-POST lag
  [93m→[0m  Poll interval: 2ms (so floor resolution ≈ 2ms)
    ...10/300 orders placed & read
    ...20/300 orders placed & read
    ...30/300 orders placed & read
    ...40/300 orders placed & read
    ...50/300 orders placed & read
    ...60/300 orders placed & read
    ...70/300 orders placed & read
    ...80/300 orders placed & read
    ...90/300 orders placed & read
    ...100/300 orders placed & read
    ...110/300 orders placed & read
    ...120/300 orders placed & read
    ...130/300 orders placed & read
    ...140/300 orders placed & read
    ...150/300 orders placed & read
    ...160/300 orders placed & read
    ...170/300 orders placed & read
    ...180/300 orders placed & read
    ...190/300 orders placed & read
    ...200/300 orders placed & read
    ...210/300 orders placed & read
    ...220/300 orders placed & read
    ...230/300 orders placed & read
    ...240/300 orders placed & read
    ...250/300 orders placed & read
    ...260/300 orders placed & read
    ...270/300 orders placed & read
    ...280/300 orders placed & read
    ...290/300 orders placed & read
    ...300/300 orders placed & read

  [1mResults  (N=300, failures=0, wall=148.6s)[0m
  metric             p50       p95       p99       max      mean
  POST ms            3.0       4.2       6.7      15.0       3.2
  RYW lag ms       507.0     513.7     518.6     521.2     492.1
  polls               71        74        75        78      68.8

  [1mRYW lag distribution[0m
  [    0 –     5 ms]     0  
  [    5 –    10 ms]     0  
  [   10 –    20 ms]     0  
  [   20 –    50 ms]     0  
  [   50 –   100 ms]     0  
  [  100 –   250 ms]     1  
  [  250 –   500 ms]    44  █████
  [  500 –  1000 ms]   255  ██████████████████████████████
  [ 1000 – 10000 ms]     0  
  [92m✓[0m  Raw samples written to /tmp/reader_baseline.csv
  [93m→[0m  After implementing the cache, rerun the same command and diff the RYW lag.

=======================================================

[1mPHASE 2 of 2 — CACHE ENABLED + SLOW CONSUMER[0m
  Restarting with --delay 0.10 (cache on) ...
Stopping services and wiping volumes...

  cache:    enabled  (redis-cache :6380, 2MB allkeys-lru)
  consumer: SLOW (0.10s/event)
  saga:     fast
  stream:   redis-stream :6379  (no memory limit)

Starting services...
time="2026-04-26T02:56:27+05:30" level=warning msg="/Users/akankshawattamwar/Desktop/CS315/CQRS/docker-compose.yml: the attribute `version` is obsolete, it will be ignored, please remove it to avoid potential confusion"
#1 [internal] load local bake definitions
#1 reading from stdin 1.05kB done
#1 DONE 0.0s

#2 [saga internal] load build definition from Dockerfile
#2 transferring dockerfile: 365B done
#2 DONE 0.0s

#3 [consumer internal] load build definition from Dockerfile
#3 transferring dockerfile: 186B done
#3 DONE 0.0s

#4 [consumer internal] load metadata for docker.io/library/python:3.12-slim
#4 DONE 1.3s

#5 [consumer internal] load .dockerignore
#5 transferring context: 2B done
#5 DONE 0.0s

#6 [saga internal] load .dockerignore
#6 transferring context: 2B done
#6 DONE 0.0s

#7 [consumer internal] load build context
#7 transferring context: 308B done
#7 DONE 0.0s

#8 [consumer 1/5] FROM docker.io/library/python:3.12-slim@sha256:46cb7cc2877e60fbd5e21a9ae6115c30ace7a077b9f8772da879e4590c18c2e3
#8 resolve docker.io/library/python:3.12-slim@sha256:46cb7cc2877e60fbd5e21a9ae6115c30ace7a077b9f8772da879e4590c18c2e3 0.0s done
#8 DONE 0.0s

#9 [consumer 2/5] WORKDIR /app
#9 CACHED

#10 [saga 2/7] WORKDIR /service
#10 CACHED

#11 [saga internal] load build context
#11 transferring context: 386B done
#11 DONE 0.0s

#12 [consumer 3/5] COPY requirements.txt .
#12 DONE 0.0s

#13 [saga 3/7] COPY saga/requirements.txt saga/
#13 DONE 0.0s

#14 [saga 4/7] RUN pip install --no-cache-dir -r saga/requirements.txt
#14 1.204 Collecting pymongo==4.7.2 (from -r saga/requirements.txt (line 1))
#14 1.299   Downloading pymongo-4.7.2-cp312-cp312-manylinux_2_17_aarch64.manylinux2014_aarch64.whl.metadata (22 kB)
#14 1.350 Collecting redis==5.0.5 (from -r saga/requirements.txt (line 2))
#14 1.365   Downloading redis-5.0.5-py3-none-any.whl.metadata (9.3 kB)
#14 1.419 Collecting psycopg2-binary==2.9.9 (from -r saga/requirements.txt (line 3))
#14 1.446   Downloading psycopg2_binary-2.9.9-cp312-cp312-manylinux_2_17_aarch64.manylinux2014_aarch64.whl.metadata (4.4 kB)
#14 1.471 Collecting dnspython<3.0.0,>=1.16.0 (from pymongo==4.7.2->-r saga/requirements.txt (line 1))
#14 1.488   Downloading dnspython-2.8.0-py3-none-any.whl.metadata (5.7 kB)
#14 1.511 Downloading pymongo-4.7.2-cp312-cp312-manylinux_2_17_aarch64.manylinux2014_aarch64.whl (688 kB)
#14 1.668    ━━━━━━━━━━━━━━━━━━━━━━━━━━━━━━━━━━━━━━━━ 689.0/689.0 kB 5.9 MB/s eta 0:00:00
#14 1.689 Downloading redis-5.0.5-py3-none-any.whl (251 kB)
#14 1.744 Downloading psycopg2_binary-2.9.9-cp312-cp312-manylinux_2_17_aarch64.manylinux2014_aarch64.whl (2.9 MB)
#14 2.311    ━━━━━━━━━━━━━━━━━━━━━━━━━━━━━━━━━━━━━━━━ 2.9/2.9 MB 5.0 MB/s eta 0:00:00
#14 2.420 Downloading dnspython-2.8.0-py3-none-any.whl (331 kB)
#14 2.508 Installing collected packages: redis, psycopg2-binary, dnspython, pymongo
#14 2.820 Successfully installed dnspython-2.8.0 psycopg2-binary-2.9.9 pymongo-4.7.2 redis-5.0.5
#14 2.820 WARNING: Running pip as the 'root' user can result in broken permissions and conflicting behaviour with the system package manager, possibly rendering your system unusable. It is recommended to use a virtual environment instead: https://pip.pypa.io/warnings/venv. Use the --root-user-action option if you know what you are doing and want to suppress this warning.
#14 2.943 
#14 2.943 [notice] A new release of pip is available: 25.0.1 -> 26.0.1
#14 2.943 [notice] To update, run: pip install --upgrade pip
#14 DONE 3.0s

#15 [saga 5/7] COPY write-api/events.py write-api/
#15 DONE 0.0s

#16 [consumer 4/5] RUN pip install --no-cache-dir -r requirements.txt
#16 1.230 Collecting pymongo==4.7.2 (from -r requirements.txt (line 1))
#16 1.323   Downloading pymongo-4.7.2-cp312-cp312-manylinux_2_17_aarch64.manylinux2014_aarch64.whl.metadata (22 kB)
#16 1.385 Collecting redis==5.0.5 (from -r requirements.txt (line 2))
#16 1.410   Downloading redis-5.0.5-py3-none-any.whl.metadata (9.3 kB)
#16 1.467 Collecting psycopg2-binary==2.9.9 (from -r requirements.txt (line 3))
#16 1.487   Downloading psycopg2_binary-2.9.9-cp312-cp312-manylinux_2_17_aarch64.manylinux2014_aarch64.whl.metadata (4.4 kB)
#16 1.510 Collecting dnspython<3.0.0,>=1.16.0 (from pymongo==4.7.2->-r requirements.txt (line 1))
#16 1.532   Downloading dnspython-2.8.0-py3-none-any.whl.metadata (5.7 kB)
#16 1.560 Downloading pymongo-4.7.2-cp312-cp312-manylinux_2_17_aarch64.manylinux2014_aarch64.whl (688 kB)
#16 1.732    ━━━━━━━━━━━━━━━━━━━━━━━━━━━━━━━━━━━━━━━━ 689.0/689.0 kB 5.5 MB/s eta 0:00:00
#16 1.760 Downloading redis-5.0.5-py3-none-any.whl (251 kB)
#16 1.832 Downloading psycopg2_binary-2.9.9-cp312-cp312-manylinux_2_17_aarch64.manylinux2014_aarch64.whl (2.9 MB)
#16 2.473    ━━━━━━━━━━━━━━━━━━━━━━━━━━━━━━━━━━━━━━━━ 2.9/2.9 MB 4.3 MB/s eta 0:00:00
#16 2.522 Downloading dnspython-2.8.0-py3-none-any.whl (331 kB)
#16 2.591 Installing collected packages: redis, psycopg2-binary, dnspython, pymongo
#16 2.892 Successfully installed dnspython-2.8.0 psycopg2-binary-2.9.9 pymongo-4.7.2 redis-5.0.5
#16 2.892 WARNING: Running pip as the 'root' user can result in broken permissions and conflicting behaviour with the system package manager, possibly rendering your system unusable. It is recommended to use a virtual environment instead: https://pip.pypa.io/warnings/venv. Use the --root-user-action option if you know what you are doing and want to suppress this warning.
#16 3.025 
#16 3.025 [notice] A new release of pip is available: 25.0.1 -> 26.0.1
#16 3.025 [notice] To update, run: pip install --upgrade pip
#16 DONE 3.1s

#17 [saga 6/7] COPY saga/ saga/
#17 DONE 0.0s

#18 [saga 7/7] WORKDIR /service/saga
#18 DONE 0.0s

#19 [consumer 5/5] COPY . .
#19 DONE 0.0s

#20 [consumer] exporting to image
#20 exporting layers
#20 exporting layers 0.5s done
#20 exporting manifest sha256:109f5221691d7b4434e871fc77286ae02f8000b9dde2995496f3202967767e38 done
#20 exporting config sha256:169c82d59a3c50ece593cdf2005c52262ce86871042905f9e6b897f1f3a8c4a2 done
#20 exporting attestation manifest sha256:d03278a21876ca514af09d2d03ab12460d3dcde56234564737284546073b4498 done
#20 exporting manifest list sha256:fc497d8aca1d64185e4c1bc0ce0415f7b78b70f0457f41cbe714bdfedf5d75db done
#20 naming to docker.io/library/cqrs-consumer:latest done
#20 unpacking to docker.io/library/cqrs-consumer:latest 0.1s done
#20 DONE 0.7s

#21 [saga] exporting to image
#21 exporting layers 0.5s done
#21 exporting manifest sha256:9a2c87f8891b14d65ddd8a28097a0b72beb019e9e83031ebfdc9c73435fa4dfa done
#21 exporting config sha256:4e71dae030c89748911dcb7332468dddbbc408fc5de1a166882103bb142f03d5 done
#21 exporting attestation manifest sha256:2fd8fc6de72f7f50d33ca6ba1fed379630e7faabcc50c659627ca56be93722c3 done
#21 exporting manifest list sha256:53f88659399eab2097db2eeedd987d77081db950e33a934cf6b563184c4e5d4d done
#21 naming to docker.io/library/cqrs-saga:latest done
#21 unpacking to docker.io/library/cqrs-saga:latest 0.1s done
#21 DONE 0.7s

#22 [consumer] resolving provenance for metadata file
#22 DONE 0.0s

#23 [saga] resolving provenance for metadata file
#23 DONE 0.0s
 cqrs-consumer  Built
 cqrs-saga  Built
time="2026-04-26T02:56:33+05:30" level=warning msg="/Users/akankshawattamwar/Desktop/CS315/CQRS/docker-compose.yml: the attribute `version` is obsolete, it will be ignored, please remove it to avoid potential confusion"
#1 [internal] load local bake definitions
#1 reading from stdin 2.42kB done
#1 DONE 0.0s

#2 [frontend internal] load build definition from Dockerfile
#2 transferring dockerfile: 271B done
#2 DONE 0.0s

#3 [saga internal] load build definition from Dockerfile
#3 transferring dockerfile: 365B done
#3 DONE 0.0s

#4 [write-api internal] load build definition from Dockerfile
#4 transferring dockerfile: 225B done
#4 DONE 0.0s

#5 [consumer internal] load build definition from Dockerfile
#5 transferring dockerfile: 186B done
#5 DONE 0.0s

#6 [read-api internal] load build definition from Dockerfile
#6 transferring dockerfile: 225B done
#6 DONE 0.0s

#7 [read-api internal] load metadata for docker.io/library/python:3.12-slim
#7 DONE 0.4s

#8 [read-api internal] load .dockerignore
#8 transferring context: 2B done
#8 DONE 0.0s

#9 [saga internal] load .dockerignore
#9 transferring context: 2B done
#9 DONE 0.0s

#10 [consumer internal] load .dockerignore
#10 transferring context: 2B done
#10 DONE 0.0s

#11 [write-api internal] load .dockerignore
#11 transferring context: 2B done
#11 DONE 0.0s

#12 [read-api internal] load build context
#12 transferring context: 258B done
#12 DONE 0.0s

#13 [consumer internal] load build context
#13 transferring context: 308B done
#13 DONE 0.0s

#14 [write-api internal] load build context
#14 transferring context: 341B done
#14 DONE 0.0s

#15 [saga 1/5] FROM docker.io/library/python:3.12-slim@sha256:46cb7cc2877e60fbd5e21a9ae6115c30ace7a077b9f8772da879e4590c18c2e3
#15 resolve docker.io/library/python:3.12-slim@sha256:46cb7cc2877e60fbd5e21a9ae6115c30ace7a077b9f8772da879e4590c18c2e3 0.0s done
#15 DONE 0.0s

#16 [saga internal] load build context
#16 transferring context: 386B done
#16 DONE 0.0s

#17 [consumer 4/5] RUN pip install --no-cache-dir -r requirements.txt
#17 CACHED

#18 [consumer 3/5] COPY requirements.txt .
#18 CACHED

#19 [write-api 3/5] COPY requirements.txt .
#19 CACHED

#20 [write-api 4/5] RUN pip install --no-cache-dir -r requirements.txt
#20 CACHED

#21 [read-api 4/5] RUN pip install --no-cache-dir -r requirements.txt
#21 CACHED

#22 [read-api 2/5] WORKDIR /app
#22 CACHED

#23 [read-api 3/5] COPY requirements.txt .
#23 CACHED

#24 [consumer 5/5] COPY . .
#24 CACHED

#25 [write-api 5/5] COPY . .
#25 CACHED

#26 [read-api 5/5] COPY . .
#26 CACHED

#27 [consumer] exporting to image
#27 exporting layers done
#27 exporting manifest sha256:109f5221691d7b4434e871fc77286ae02f8000b9dde2995496f3202967767e38 done
#27 exporting config sha256:169c82d59a3c50ece593cdf2005c52262ce86871042905f9e6b897f1f3a8c4a2 done
#27 exporting attestation manifest sha256:b1b6eb87390e7c85f70ebcf0c7d56f427ab906758cd17d05ab838796a4dc7b83 0.0s done
#27 exporting manifest list sha256:f160e496bcc4ff2d4f3a3249276cbc81b2aeb11aae24389481fcd3a3bb4a6370
#27 exporting manifest list sha256:f160e496bcc4ff2d4f3a3249276cbc81b2aeb11aae24389481fcd3a3bb4a6370 done
#27 naming to docker.io/library/cqrs-consumer:latest done
#27 unpacking to docker.io/library/cqrs-consumer:latest done
#27 DONE 0.1s

#28 [saga 2/7] WORKDIR /service
#28 CACHED

#29 [saga 3/7] COPY saga/requirements.txt saga/
#29 CACHED

#30 [saga 5/7] COPY write-api/events.py write-api/
#30 CACHED

#31 [saga 4/7] RUN pip install --no-cache-dir -r saga/requirements.txt
#31 CACHED

#32 [saga 6/7] COPY saga/ saga/
#32 CACHED

#33 [saga 7/7] WORKDIR /service/saga
#33 CACHED

#34 [read-api] exporting to image
#34 exporting layers done
#34 exporting manifest sha256:c63ee61fb06e4bd063e843362129b868354c2f94e2566ad3c11bbd0548881470 done
#34 exporting config sha256:46bb870cf8127e2823c379c44ac9a3c0d6ee66fd1b3343341206f22ff23f7f62 done
#34 exporting attestation manifest sha256:3c8baddd46e68bb94c8832b439554ae274eb0c1db2bff18382823f931a1248cc 0.0s done
#34 exporting manifest list sha256:3572c83921f3c9261919886f90d8778a218f5a90f7b51cd9287b284b56e66973 done
#34 naming to docker.io/library/cqrs-read-api:latest done
#34 unpacking to docker.io/library/cqrs-read-api:latest done
#34 DONE 0.1s

#35 [write-api] exporting to image
#35 exporting layers done
#35 exporting manifest sha256:92a21a99b40b6531c5801222236f42d6aa7bbf8b65d7634fc566f9392602e764 done
#35 exporting config sha256:be9fb26fa271ebf0c525960e70f2e967c21bf78a1eb2b7a7dc06e6d3ff4d3f55 done
#35 exporting attestation manifest sha256:6f436d2a25322e976d0ea30436acfd81d1c72e01ad514e9211c7f22bb4756847 0.0s done
#35 exporting manifest list sha256:083cd60f9fd8618c66d4a7882494b3bbcfb03a1b5ba992dc5f011db51b01dff1 done
#35 naming to docker.io/library/cqrs-write-api:latest done
#35 unpacking to docker.io/library/cqrs-write-api:latest done
#35 DONE 0.1s

#36 [saga] exporting to image
#36 exporting layers done
#36 exporting manifest sha256:9a2c87f8891b14d65ddd8a28097a0b72beb019e9e83031ebfdc9c73435fa4dfa done
#36 exporting config sha256:4e71dae030c89748911dcb7332468dddbbc408fc5de1a166882103bb142f03d5 done
#36 exporting attestation manifest sha256:ff3f6a51c98bb329118365151a49da6424e9969e54ecb9e8a550aaad22e0054c 0.0s done
#36 exporting manifest list sha256:2e85958bee44bd965cdab974143f2ecb3d4fd9b4b8142bac56c55a7e819dfac7 0.0s done
#36 naming to docker.io/library/cqrs-saga:latest done
#36 unpacking to docker.io/library/cqrs-saga:latest done
#36 DONE 0.1s

#37 [frontend internal] load metadata for docker.io/library/node:20-alpine
#37 ...

#38 [consumer] resolving provenance for metadata file
#38 DONE 0.0s

#39 [write-api] resolving provenance for metadata file
#39 DONE 0.0s

#40 [read-api] resolving provenance for metadata file
#40 DONE 0.0s

#41 [saga] resolving provenance for metadata file
#41 DONE 0.0s

#42 [frontend internal] load metadata for docker.io/library/nginx:alpine
#42 DONE 1.2s

#37 [frontend internal] load metadata for docker.io/library/node:20-alpine
#37 DONE 1.2s

#43 [frontend internal] load .dockerignore
#43 transferring context: 2B done
#43 DONE 0.0s

#44 [frontend build 1/6] FROM docker.io/library/node:20-alpine@sha256:fb4cd12c85ee03686f6af5362a0b0d56d50c58a04632e6c0fb8363f609372293
#44 resolve docker.io/library/node:20-alpine@sha256:fb4cd12c85ee03686f6af5362a0b0d56d50c58a04632e6c0fb8363f609372293 0.0s done
#44 DONE 0.0s

#45 [frontend stage-1 1/3] FROM docker.io/library/nginx:alpine@sha256:5616878291a2eed594aee8db4dade5878cf7edcb475e59193904b198d9b830de
#45 resolve docker.io/library/nginx:alpine@sha256:5616878291a2eed594aee8db4dade5878cf7edcb475e59193904b198d9b830de 0.0s done
#45 DONE 0.0s

#46 [frontend internal] load build context
#46 transferring context: 185.58kB 0.1s done
#46 DONE 0.1s

#47 [frontend build 5/6] COPY . .
#47 CACHED

#48 [frontend build 2/6] WORKDIR /app
#48 CACHED

#49 [frontend build 4/6] RUN npm install
#49 CACHED

#50 [frontend build 3/6] COPY package.json ./
#50 CACHED

#51 [frontend build 6/6] RUN npm run build
#51 CACHED

#52 [frontend stage-1 2/3] COPY --from=build /app/dist /usr/share/nginx/html
#52 CACHED

#53 [frontend stage-1 3/3] COPY nginx.conf /etc/nginx/conf.d/default.conf
#53 CACHED

#54 [frontend] exporting to image
#54 exporting layers done
#54 exporting manifest sha256:32782dd8e2053c61118ccbb621867087941de406675097f92803716fedafab00 done
#54 exporting config sha256:64d46ad231b32d64275256ac207db88e0b5dd078678dcdc752d464f80305d609 done
#54 exporting attestation manifest sha256:c8cdb79563ddb3c4934c8e3005d6fbee93a4b267fcc3421a87ac661414e54763 done
#54 exporting manifest list sha256:0f4f86fb8b0c05359f7badea9ecbbe68e1f5ad56d8c2aa4d795a094bdf0d5212 done
#54 naming to docker.io/library/cqrs-frontend:latest done
#54 unpacking to docker.io/library/cqrs-frontend:latest done
#54 DONE 0.0s

#55 [frontend] resolving provenance for metadata file
#55 DONE 0.0s
 cqrs-saga  Built
 cqrs-write-api  Built
 cqrs-read-api  Built
 cqrs-frontend  Built
 cqrs-consumer  Built
 Network cqrs_default  Creating
 Network cqrs_default  Created
 Volume "cqrs_postgres_data"  Creating
 Volume "cqrs_postgres_data"  Created
 Volume "cqrs_mongo_data"  Creating
 Volume "cqrs_mongo_data"  Created
 Container cqrs-redis-stream-1  Creating
 Container cqrs-mongodb-1  Creating
 Container cqrs-redis-cache-1  Creating
 Container cqrs-postgres-1  Creating
 Container cqrs-mongodb-1  Created
 Container cqrs-redis-stream-1  Created
 Container cqrs-postgres-1  Created
 Container cqrs-consumer-1  Creating
 Container cqrs-saga-1  Creating
 Container cqrs-redis-cache-1  Created
 Container cqrs-write-api-1  Creating
 Container cqrs-read-api-1  Creating
 Container cqrs-consumer-1  Created
 Container cqrs-write-api-1  Created
 Container cqrs-read-api-1  Created
 Container cqrs-frontend-1  Creating
 Container cqrs-saga-1  Created
 Container cqrs-frontend-1  Created
 Container cqrs-redis-cache-1  Starting
 Container cqrs-redis-stream-1  Starting
 Container cqrs-postgres-1  Starting
 Container cqrs-mongodb-1  Starting
 Container cqrs-postgres-1  Started
 Container cqrs-redis-stream-1  Started
 Container cqrs-redis-cache-1  Started
 Container cqrs-redis-cache-1  Waiting
 Container cqrs-postgres-1  Waiting
 Container cqrs-mongodb-1  Started
 Container cqrs-mongodb-1  Waiting
 Container cqrs-redis-stream-1  Waiting
 Container cqrs-redis-cache-1  Waiting
 Container cqrs-mongodb-1  Waiting
 Container cqrs-redis-stream-1  Waiting
 Container cqrs-postgres-1  Waiting
 Container cqrs-redis-stream-1  Waiting
 Container cqrs-postgres-1  Waiting
 Container cqrs-mongodb-1  Waiting
 Container cqrs-postgres-1  Healthy
 Container cqrs-redis-cache-1  Healthy
 Container cqrs-read-api-1  Starting
 Container cqrs-redis-stream-1  Healthy
 Container cqrs-postgres-1  Healthy
 Container cqrs-redis-cache-1  Healthy
 Container cqrs-redis-stream-1  Healthy
 Container cqrs-postgres-1  Healthy
 Container cqrs-redis-stream-1  Healthy
 Container cqrs-read-api-1  Started
 Container cqrs-frontend-1  Starting
 Container cqrs-frontend-1  Started
 Container cqrs-mongodb-1  Healthy
 Container cqrs-mongodb-1  Healthy
 Container cqrs-mongodb-1  Healthy
 Container cqrs-consumer-1  Starting
 Container cqrs-saga-1  Starting
 Container cqrs-write-api-1  Starting
 Container cqrs-write-api-1  Started
 Container cqrs-saga-1  Started
 Container cqrs-consumer-1  Started
Waiting for APIs to be ready...
Clearing MongoDB events and sagas...
time="2026-04-26T02:56:47+05:30" level=warning msg="/Users/akankshawattamwar/Desktop/CS315/CQRS/docker-compose.yml: the attribute `version` is obsolete, it will be ignored, please remove it to avoid potential confusion"
MongoDB cleared
All services up.
Logs: docker compose logs -f [write-api|read-api|consumer|saga]

=======================================================

[34mRunning benchmark (N=300, consumer delay=0.10s/event) ...[0m

[1m[94m=======================================================[0m
[1m[94m  READER BENCHMARK — Read-Your-Writes Lag (baseline)[0m
[1m[94m=======================================================[0m
  [93m→[0m  Placing 300 orders sequentially and measuring GET-after-POST lag
  [93m→[0m  Poll interval: 2ms (so floor resolution ≈ 2ms)
    ...10/300 orders placed & read
    ...20/300 orders placed & read
    ...30/300 orders placed & read
    ...40/300 orders placed & read
    ...50/300 orders placed & read
    ...60/300 orders placed & read
    ...70/300 orders placed & read
    ...80/300 orders placed & read
    ...90/300 orders placed & read
    ...100/300 orders placed & read
    ...110/300 orders placed & read
    ...120/300 orders placed & read
    ...130/300 orders placed & read
    ...140/300 orders placed & read
    ...150/300 orders placed & read
    ...160/300 orders placed & read
    ...170/300 orders placed & read
    ...180/300 orders placed & read
    ...190/300 orders placed & read
    ...200/300 orders placed & read
    ...210/300 orders placed & read
    ...220/300 orders placed & read
    ...230/300 orders placed & read
    ...240/300 orders placed & read
    ...250/300 orders placed & read
    ...260/300 orders placed & read
    ...270/300 orders placed & read
    ...280/300 orders placed & read
    ...290/300 orders placed & read
    ...300/300 orders placed & read

  [1mResults  (N=300, failures=0, wall=0.7s)[0m
  metric             p50       p95       p99       max      mean
  POST ms            1.3       2.1       3.1      14.8       1.4
  RYW lag ms         1.0       1.7       2.2       3.9       1.0
  polls                1         1         1         1       1.0

  [1mRYW lag distribution[0m
  [    0 –     5 ms]   300  ██████████████████████████████
  [    5 –    10 ms]     0  
  [   10 –    20 ms]     0  
  [   20 –    50 ms]     0  
  [   50 –   100 ms]     0  
  [  100 –   250 ms]     0  
  [  250 –   500 ms]     0  
  [  500 –  1000 ms]     0  
  [ 1000 – 10000 ms]     0  
  [92m✓[0m  Raw samples written to /tmp/reader_baseline.csv
  [93m→[0m  After implementing the cache, rerun the same command and diff the RYW lag.

=======================================================

[1mRESULTS COMPARISON (N=300, consumer delay=0.10s/event)[0m

WITHOUT CACHE:
      metric             p50       p95       p99       max      mean
      POST ms            3.0       4.2       6.7      15.0       3.2
      RYW lag ms       507.0     513.7     518.6     521.2     492.1
      polls               71        74        75        78      68.8
    
      RYW lag distribution

WITH CACHE:
      metric             p50       p95       p99       max      mean
      POST ms            1.3       2.1       3.1      14.8       1.4
      RYW lag ms         1.0       1.7       2.2       3.9       1.0
      polls                1         1         1         1       1.0
    
      RYW lag distribution

[1mSpeedup:[0m
    p50        507.0 ms  →     1.0 ms   (507x faster)
    p95        513.7 ms  →     1.7 ms   (302x faster)
    p99        518.6 ms  →     2.2 ms   (235x faster)

[1mCache hit/miss stats (phase 2):[0m
    hits:     300
    misses:   0
    hit rate: 100.0%

[1mCache Redis :6380 — memory & eviction (allkeys-lru, cap=2.00M):[0m
    evicted keys:  0  (this run; lifetime=0)
    used memory:   1.33M / 2.00M
    order:* keys:  300 live in cache now

[32mResults saved to:[0m
  no-cache:  /Users/akankshawattamwar/Desktop/CS315/CQRS/results/nocache_slowconsumer_0.10_300.txt
  cached:    /Users/akankshawattamwar/Desktop/CS315/CQRS/results/cached_slowconsumer_0.10_300.txt

=======================================================

[1mCleaning up — restarting with defaults (fast consumer, cache on)...[0m
Stopping services and wiping volumes...

  cache:    enabled  (redis-cache :6380, 2MB allkeys-lru)
  consumer: fast
  saga:     fast
  stream:   redis-stream :6379  (no memory limit)

Starting services...
time="2026-04-26T02:56:59+05:30" level=warning msg="/Users/akankshawattamwar/Desktop/CS315/CQRS/docker-compose.yml: the attribute `version` is obsolete, it will be ignored, please remove it to avoid potential confusion"
#1 [internal] load local bake definitions
#1 reading from stdin 1.05kB done
#1 DONE 0.0s

#2 [saga internal] load build definition from Dockerfile
#2 transferring dockerfile:
#2 transferring dockerfile: 365B done
#2 DONE 0.0s

#3 [consumer internal] load build definition from Dockerfile
#3 transferring dockerfile: 186B done
#3 DONE 0.0s

#4 [consumer internal] load metadata for docker.io/library/python:3.12-slim
#4 DONE 0.4s

#5 [consumer internal] load .dockerignore
#5 transferring context: 2B done
#5 DONE 0.0s

#6 [saga internal] load .dockerignore
#6 transferring context: 2B done
#6 DONE 0.0s

#7 [consumer internal] load build context
#7 transferring context: 308B done
#7 DONE 0.0s

#8 [consumer 1/5] FROM docker.io/library/python:3.12-slim@sha256:46cb7cc2877e60fbd5e21a9ae6115c30ace7a077b9f8772da879e4590c18c2e3
#8 resolve docker.io/library/python:3.12-slim@sha256:46cb7cc2877e60fbd5e21a9ae6115c30ace7a077b9f8772da879e4590c18c2e3 done
#8 DONE 0.0s

#9 [consumer 2/5] WORKDIR /app
#9 CACHED

#10 [saga 2/7] WORKDIR /service
#10 CACHED

#11 [saga internal] load build context
#11 transferring context: 386B done
#11 DONE 0.0s

#12 [consumer 3/5] COPY requirements.txt .
#12 DONE 0.0s

#13 [saga 3/7] COPY saga/requirements.txt saga/
#13 DONE 0.0s

#14 [saga 4/7] RUN pip install --no-cache-dir -r saga/requirements.txt
#14 1.287 Collecting pymongo==4.7.2 (from -r saga/requirements.txt (line 1))
#14 1.365   Downloading pymongo-4.7.2-cp312-cp312-manylinux_2_17_aarch64.manylinux2014_aarch64.whl.metadata (22 kB)
#14 1.503 Collecting redis==5.0.5 (from -r saga/requirements.txt (line 2))
#14 1.526   Downloading redis-5.0.5-py3-none-any.whl.metadata (9.3 kB)
#14 1.613 Collecting psycopg2-binary==2.9.9 (from -r saga/requirements.txt (line 3))
#14 1.634   Downloading psycopg2_binary-2.9.9-cp312-cp312-manylinux_2_17_aarch64.manylinux2014_aarch64.whl.metadata (4.4 kB)
#14 1.770 Collecting dnspython<3.0.0,>=1.16.0 (from pymongo==4.7.2->-r saga/requirements.txt (line 1))
#14 1.791   Downloading dnspython-2.8.0-py3-none-any.whl.metadata (5.7 kB)
#14 1.818 Downloading pymongo-4.7.2-cp312-cp312-manylinux_2_17_aarch64.manylinux2014_aarch64.whl (688 kB)
#14 2.061    ━━━━━━━━━━━━━━━━━━━━━━━━━━━━━━━━━━━━━━━━ 689.0/689.0 kB 2.9 MB/s eta 0:00:00
#14 2.097 Downloading redis-5.0.5-py3-none-any.whl (251 kB)
#14 2.162 Downloading psycopg2_binary-2.9.9-cp312-cp312-manylinux_2_17_aarch64.manylinux2014_aarch64.whl (2.9 MB)
#14 3.373    ━━━━━━━━━━━━━━━━━━━━━━━━━━━━━━━━━━━━━━━━ 2.9/2.9 MB 2.2 MB/s eta 0:00:00
#14 3.404 Downloading dnspython-2.8.0-py3-none-any.whl (331 kB)
#14 3.469 Installing collected packages: redis, psycopg2-binary, dnspython, pymongo
#14 3.781 Successfully installed dnspython-2.8.0 psycopg2-binary-2.9.9 pymongo-4.7.2 redis-5.0.5
#14 3.781 WARNING: Running pip as the 'root' user can result in broken permissions and conflicting behaviour with the system package manager, possibly rendering your system unusable. It is recommended to use a virtual environment instead: https://pip.pypa.io/warnings/venv. Use the --root-user-action option if you know what you are doing and want to suppress this warning.
#14 3.941 
#14 3.941 [notice] A new release of pip is available: 25.0.1 -> 26.0.1
#14 3.941 [notice] To update, run: pip install --upgrade pip
#14 ...

#15 [consumer 4/5] RUN pip install --no-cache-dir -r requirements.txt
#15 1.296 Collecting pymongo==4.7.2 (from -r requirements.txt (line 1))
#15 1.371   Downloading pymongo-4.7.2-cp312-cp312-manylinux_2_17_aarch64.manylinux2014_aarch64.whl.metadata (22 kB)
#15 1.506 Collecting redis==5.0.5 (from -r requirements.txt (line 2))
#15 1.525   Downloading redis-5.0.5-py3-none-any.whl.metadata (9.3 kB)
#15 1.618 Collecting psycopg2-binary==2.9.9 (from -r requirements.txt (line 3))
#15 1.651   Downloading psycopg2_binary-2.9.9-cp312-cp312-manylinux_2_17_aarch64.manylinux2014_aarch64.whl.metadata (4.4 kB)
#15 1.774 Collecting dnspython<3.0.0,>=1.16.0 (from pymongo==4.7.2->-r requirements.txt (line 1))
#15 1.796   Downloading dnspython-2.8.0-py3-none-any.whl.metadata (5.7 kB)
#15 1.825 Downloading pymongo-4.7.2-cp312-cp312-manylinux_2_17_aarch64.manylinux2014_aarch64.whl (688 kB)
#15 2.105    ━━━━━━━━━━━━━━━━━━━━━━━━━━━━━━━━━━━━━━━━ 689.0/689.0 kB 2.8 MB/s eta 0:00:00
#15 2.131 Downloading redis-5.0.5-py3-none-any.whl (251 kB)
#15 2.213 Downloading psycopg2_binary-2.9.9-cp312-cp312-manylinux_2_17_aarch64.manylinux2014_aarch64.whl (2.9 MB)
#15 3.465    ━━━━━━━━━━━━━━━━━━━━━━━━━━━━━━━━━━━━━━━━ 2.9/2.9 MB 2.4 MB/s eta 0:00:00
#15 3.485 Downloading dnspython-2.8.0-py3-none-any.whl (331 kB)
#15 3.539 Installing collected packages: redis, psycopg2-binary, dnspython, pymongo
#15 3.842 Successfully installed dnspython-2.8.0 psycopg2-binary-2.9.9 pymongo-4.7.2 redis-5.0.5
#15 3.842 WARNING: Running pip as the 'root' user can result in broken permissions and conflicting behaviour with the system package manager, possibly rendering your system unusable. It is recommended to use a virtual environment instead: https://pip.pypa.io/warnings/venv. Use the --root-user-action option if you know what you are doing and want to suppress this warning.
#15 3.965 
#15 3.965 [notice] A new release of pip is available: 25.0.1 -> 26.0.1
#15 3.965 [notice] To update, run: pip install --upgrade pip
#15 DONE 4.0s

#16 [consumer 5/5] COPY . .
#16 DONE 0.0s

#14 [saga 4/7] RUN pip install --no-cache-dir -r saga/requirements.txt
#14 DONE 4.1s

#17 [saga 5/7] COPY write-api/events.py write-api/
#17 DONE 0.0s

#18 [saga 6/7] COPY saga/ saga/
#18 DONE 0.0s

#19 [saga 7/7] WORKDIR /service/saga
#19 DONE 0.0s

#20 [saga] exporting to image
#20 exporting layers
#20 exporting layers 0.5s done
#20 exporting manifest sha256:f5ca8ffe4255ba920a389e9f1d4e5eab0302a89058e105faf243bd6a9f0e2fb5 done
#20 exporting config sha256:5d7280421b087f6e9dd08f2f192cc455c9a532dfc786de9546142797218a9717 done
#20 exporting attestation manifest sha256:363b40ac91e75c5cbb0751b6ec01bd95a34cb4722ab4c96498267b9a15e93c41 done
#20 exporting manifest list sha256:10f2189633b42a88ec9b8294e554af26b364998542b80d92b945d34049ac65bb done
#20 naming to docker.io/library/cqrs-saga:latest done
#20 unpacking to docker.io/library/cqrs-saga:latest
#20 ...

#21 [consumer] exporting to image
#21 exporting layers 0.5s done
#21 exporting manifest sha256:6d81bd933437da55ac4b07c3eb748844a3fde76d069d458bb02083fe735a215c done
#21 exporting config sha256:2f43f64c9e92a560e6e7bb1217f05dcfda8a2a9b04ce557566cfa8f5372c3420 done
#21 exporting attestation manifest sha256:ddcb445b7c443e2da8fbd93bf7b36372cdf07fbfbf762e3e41ce2657e91bf1a8 done
#21 exporting manifest list sha256:e69cd4ac1bb8033b3b5de96d76c5fe102d883f58466bb767520f359738170d87 done
#21 naming to docker.io/library/cqrs-consumer:latest done
#21 unpacking to docker.io/library/cqrs-consumer:latest 0.1s done
#21 DONE 0.7s

#20 [saga] exporting to image
#20 unpacking to docker.io/library/cqrs-saga:latest 0.2s done
#20 DONE 0.8s

#22 [consumer] resolving provenance for metadata file
#22 DONE 0.0s

#23 [saga] resolving provenance for metadata file
#23 DONE 0.0s
 cqrs-saga  Built
 cqrs-consumer  Built
time="2026-04-26T02:57:05+05:30" level=warning msg="/Users/akankshawattamwar/Desktop/CS315/CQRS/docker-compose.yml: the attribute `version` is obsolete, it will be ignored, please remove it to avoid potential confusion"
#1 [internal] load local bake definitions
#1 reading from stdin 2.42kB done
#1 DONE 0.0s

#2 [saga internal] load build definition from Dockerfile
#2 DONE 0.0s

#3 [read-api internal] load build definition from Dockerfile
#3 transferring dockerfile: 225B done
#3 DONE 0.0s

#2 [saga internal] load build definition from Dockerfile
#2 transferring dockerfile: 365B done
#2 DONE 0.0s

#4 [frontend internal] load build definition from Dockerfile
#4 transferring dockerfile: 271B done
#4 DONE 0.0s

#5 [consumer internal] load build definition from Dockerfile
#5 transferring dockerfile: 186B done
#5 DONE 0.0s

#6 [write-api internal] load build definition from Dockerfile
#6 transferring dockerfile: 225B done
#6 DONE 0.0s

#7 [write-api internal] load metadata for docker.io/library/python:3.12-slim
#7 DONE 0.4s

#8 [read-api internal] load .dockerignore
#8 transferring context: 2B done
#8 DONE 0.0s

#9 [saga internal] load .dockerignore
#9 transferring context: 2B done
#9 DONE 0.0s

#10 [write-api internal] load .dockerignore
#10 transferring context: 2B done
#10 DONE 0.0s

#11 [consumer internal] load .dockerignore
#11 transferring context: 2B done
#11 DONE 0.0s

#12 [read-api internal] load build context
#12 transferring context: 258B done
#12 DONE 0.0s

#13 [write-api internal] load build context
#13 transferring context: 341B done
#13 DONE 0.0s

#14 [consumer internal] load build context
#14 transferring context: 308B done
#14 DONE 0.0s

#15 [write-api 1/5] FROM docker.io/library/python:3.12-slim@sha256:46cb7cc2877e60fbd5e21a9ae6115c30ace7a077b9f8772da879e4590c18c2e3
#15 resolve docker.io/library/python:3.12-slim@sha256:46cb7cc2877e60fbd5e21a9ae6115c30ace7a077b9f8772da879e4590c18c2e3 0.0s done
#15 DONE 0.0s

#16 [saga internal] load build context
#16 transferring context: 386B done
#16 DONE 0.0s

#17 [read-api 4/5] RUN pip install --no-cache-dir -r requirements.txt
#17 CACHED

#18 [read-api 3/5] COPY requirements.txt .
#18 CACHED

#19 [read-api 5/5] COPY . .
#19 CACHED

#20 [write-api 4/5] RUN pip install --no-cache-dir -r requirements.txt
#20 CACHED

#21 [write-api 3/5] COPY requirements.txt .
#21 CACHED

#22 [write-api 2/5] WORKDIR /app
#22 CACHED

#23 [consumer 3/5] COPY requirements.txt .
#23 CACHED

#24 [consumer 4/5] RUN pip install --no-cache-dir -r requirements.txt
#24 CACHED

#25 [consumer 5/5] COPY . .
#25 CACHED

#26 [write-api 5/5] COPY . .
#26 CACHED

#27 [write-api] exporting to image
#27 exporting layers done
#27 exporting manifest sha256:92a21a99b40b6531c5801222236f42d6aa7bbf8b65d7634fc566f9392602e764 done
#27 exporting config sha256:be9fb26fa271ebf0c525960e70f2e967c21bf78a1eb2b7a7dc06e6d3ff4d3f55 done
#27 exporting attestation manifest sha256:13572cbf84d6caacdc3c356e82bb505d4786569172beeacff96fe51394ec7d37 0.0s done
#27 exporting manifest list sha256:3998455da758932b72876dd706d05b5b8d652218fdff74c3f1ff88752c077b76
#27 exporting manifest list sha256:3998455da758932b72876dd706d05b5b8d652218fdff74c3f1ff88752c077b76 0.0s done
#27 naming to docker.io/library/cqrs-write-api:latest done
#27 unpacking to docker.io/library/cqrs-write-api:latest done
#27 DONE 0.1s

#28 [read-api] exporting to image
#28 exporting layers done
#28 exporting manifest sha256:c63ee61fb06e4bd063e843362129b868354c2f94e2566ad3c11bbd0548881470 done
#28 exporting config sha256:46bb870cf8127e2823c379c44ac9a3c0d6ee66fd1b3343341206f22ff23f7f62 done
#28 exporting attestation manifest sha256:17d473fdbfa24af777899941c7fe0febb1074937c495a5a664c2326f2106d3b4 done
#28 exporting manifest list sha256:2724383552cd0daa72b78688846df69660b33f142db648aa2cf1ebb1e137991c done
#28 naming to docker.io/library/cqrs-read-api:latest done
#28 unpacking to docker.io/library/cqrs-read-api:latest done
#28 DONE 0.0s

#29 [saga 4/7] RUN pip install --no-cache-dir -r saga/requirements.txt
#29 CACHED

#30 [saga 3/7] COPY saga/requirements.txt saga/
#30 CACHED

#31 [saga 6/7] COPY saga/ saga/
#31 CACHED

#32 [saga 5/7] COPY write-api/events.py write-api/
#32 CACHED

#33 [saga 2/7] WORKDIR /service
#33 CACHED

#34 [saga 7/7] WORKDIR /service/saga
#34 CACHED

#35 [consumer] exporting to image
#35 exporting layers done
#35 exporting manifest sha256:6d81bd933437da55ac4b07c3eb748844a3fde76d069d458bb02083fe735a215c done
#35 exporting config sha256:2f43f64c9e92a560e6e7bb1217f05dcfda8a2a9b04ce557566cfa8f5372c3420 done
#35 exporting attestation manifest sha256:41ba3d6f0497a3499023d9e2253e1c654983c0dd10abeb1e5fddac9b4d4885b6 0.0s done
#35 exporting manifest list sha256:4be3aee2898f6623cb58396da11aac8b184395a1837f1669f9f404b7239d5dbd done
#35 naming to docker.io/library/cqrs-consumer:latest done
#35 unpacking to docker.io/library/cqrs-consumer:latest done
#35 DONE 0.1s

#36 [saga] exporting to image
#36 exporting layers done
#36 exporting manifest sha256:f5ca8ffe4255ba920a389e9f1d4e5eab0302a89058e105faf243bd6a9f0e2fb5 done
#36 exporting config sha256:5d7280421b087f6e9dd08f2f192cc455c9a532dfc786de9546142797218a9717 done
#36 exporting attestation manifest sha256:26caf9c6777ae92fcedf9edaf2d5b2e58acd74c52f099dec50b5a61e3aa2fec9 0.0s done
#36 exporting manifest list sha256:c9dce58a7e4f9e34c73229b70870c4dbe685b1cade74ec12882ad9a800924bbe done
#36 naming to docker.io/library/cqrs-saga:latest
#36 naming to docker.io/library/cqrs-saga:latest done
#36 unpacking to docker.io/library/cqrs-saga:latest done
#36 DONE 0.1s

#37 [write-api] resolving provenance for metadata file
#37 DONE 0.0s

#38 [read-api] resolving provenance for metadata file
#38 DONE 0.0s

#39 [consumer] resolving provenance for metadata file
#39 DONE 0.0s

#40 [saga] resolving provenance for metadata file
#40 DONE 0.0s

#41 [frontend internal] load metadata for docker.io/library/node:20-alpine
#41 ...

#42 [frontend internal] load metadata for docker.io/library/nginx:alpine
#42 DONE 0.9s

#41 [frontend internal] load metadata for docker.io/library/node:20-alpine
#41 DONE 0.9s

#43 [frontend internal] load .dockerignore
#43 transferring context: 2B done
#43 DONE 0.0s

#44 [frontend stage-1 1/3] FROM docker.io/library/nginx:alpine@sha256:5616878291a2eed594aee8db4dade5878cf7edcb475e59193904b198d9b830de
#44 resolve docker.io/library/nginx:alpine@sha256:5616878291a2eed594aee8db4dade5878cf7edcb475e59193904b198d9b830de 0.0s done
#44 DONE 0.0s

#45 [frontend build 1/6] FROM docker.io/library/node:20-alpine@sha256:fb4cd12c85ee03686f6af5362a0b0d56d50c58a04632e6c0fb8363f609372293
#45 resolve docker.io/library/node:20-alpine@sha256:fb4cd12c85ee03686f6af5362a0b0d56d50c58a04632e6c0fb8363f609372293 0.0s done
#45 DONE 0.0s

#46 [frontend internal] load build context
#46 transferring context: 185.58kB 0.1s done
#46 DONE 0.1s

#47 [frontend build 3/6] COPY package.json ./
#47 CACHED

#48 [frontend build 5/6] COPY . .
#48 CACHED

#49 [frontend build 6/6] RUN npm run build
#49 CACHED

#50 [frontend stage-1 2/3] COPY --from=build /app/dist /usr/share/nginx/html
#50 CACHED

#51 [frontend build 2/6] WORKDIR /app
#51 CACHED

#52 [frontend build 4/6] RUN npm install
#52 CACHED

#53 [frontend stage-1 3/3] COPY nginx.conf /etc/nginx/conf.d/default.conf
#53 CACHED

#54 [frontend] exporting to image
#54 exporting layers done
#54 exporting manifest sha256:32782dd8e2053c61118ccbb621867087941de406675097f92803716fedafab00 done
#54 exporting config sha256:64d46ad231b32d64275256ac207db88e0b5dd078678dcdc752d464f80305d609 done
#54 exporting attestation manifest sha256:3daf09ecc4628bcf6e24733df7fb07b18b1f3770526cab20f8d2566645936dd5 done
#54 exporting manifest list sha256:8098e4fd14da390a22ad8954a35ddaf707291fdcda5e6d0bbd6b7f70835858b4 done
#54 naming to docker.io/library/cqrs-frontend:latest done
#54 unpacking to docker.io/library/cqrs-frontend:latest done
#54 DONE 0.0s

#55 [frontend] resolving provenance for metadata file
#55 DONE 0.0s
 cqrs-consumer  Built
 cqrs-read-api  Built
 cqrs-frontend  Built
 cqrs-saga  Built
 cqrs-write-api  Built
 Network cqrs_default  Creating
 Network cqrs_default  Created
 Volume "cqrs_mongo_data"  Creating
 Volume "cqrs_mongo_data"  Created
 Volume "cqrs_postgres_data"  Creating
 Volume "cqrs_postgres_data"  Created
 Container cqrs-redis-stream-1  Creating
 Container cqrs-postgres-1  Creating
 Container cqrs-mongodb-1  Creating
 Container cqrs-redis-cache-1  Creating
 Container cqrs-mongodb-1  Created
 Container cqrs-redis-stream-1  Created
 Container cqrs-postgres-1  Created
 Container cqrs-consumer-1  Creating
 Container cqrs-saga-1  Creating
 Container cqrs-redis-cache-1  Created
 Container cqrs-read-api-1  Creating
 Container cqrs-write-api-1  Creating
 Container cqrs-consumer-1  Created
 Container cqrs-write-api-1  Created
 Container cqrs-read-api-1  Created
 Container cqrs-frontend-1  Creating
 Container cqrs-saga-1  Created
 Container cqrs-frontend-1  Created
 Container cqrs-mongodb-1  Starting
 Container cqrs-postgres-1  Starting
 Container cqrs-redis-stream-1  Starting
 Container cqrs-redis-cache-1  Starting
 Container cqrs-mongodb-1  Started
 Container cqrs-redis-stream-1  Started
 Container cqrs-postgres-1  Started
 Container cqrs-redis-stream-1  Waiting
 Container cqrs-postgres-1  Waiting
 Container cqrs-mongodb-1  Waiting
 Container cqrs-postgres-1  Waiting
 Container cqrs-mongodb-1  Waiting
 Container cqrs-redis-stream-1  Waiting
 Container cqrs-redis-cache-1  Started
 Container cqrs-postgres-1  Waiting
 Container cqrs-redis-cache-1  Waiting
 Container cqrs-redis-stream-1  Waiting
 Container cqrs-redis-cache-1  Waiting
 Container cqrs-mongodb-1  Waiting
 Container cqrs-redis-stream-1  Healthy
 Container cqrs-redis-stream-1  Healthy
 Container cqrs-postgres-1  Healthy
 Container cqrs-postgres-1  Healthy
 Container cqrs-postgres-1  Healthy
 Container cqrs-redis-stream-1  Healthy
 Container cqrs-redis-cache-1  Healthy
 Container cqrs-redis-cache-1  Healthy
 Container cqrs-read-api-1  Starting
 Container cqrs-read-api-1  Started
 Container cqrs-frontend-1  Starting
 Container cqrs-frontend-1  Started
 Container cqrs-mongodb-1  Healthy
 Container cqrs-mongodb-1  Healthy
 Container cqrs-consumer-1  Starting
 Container cqrs-saga-1  Starting
 Container cqrs-mongodb-1  Healthy
 Container cqrs-write-api-1  Starting
 Container cqrs-saga-1  Started
 Container cqrs-write-api-1  Started
 Container cqrs-consumer-1  Started
Waiting for APIs to be ready...
Clearing MongoDB events and sagas...
time="2026-04-26T02:57:19+05:30" level=warning msg="/Users/akankshawattamwar/Desktop/CS315/CQRS/docker-compose.yml: the attribute `version` is obsolete, it will be ignored, please remove it to avoid potential confusion"
MongoDB cleared
All services up.
Logs: docker compose logs -f [write-api|read-api|consumer|saga]
[32mDone. System back to default state.[0m
