
=======================================================

[1mPHASE 1 of 2 — NO CACHE + SLOW CONSUMER (baseline)[0m
  Restarting with --delay 0.01 --no-cache ...
Stopping services and wiping volumes...

  cache:    DISABLED
  consumer: SLOW (0.01s/event)
  saga:     fast
  stream:   redis-stream :6379  (no memory limit)

Starting services...
time="2026-04-26T02:48:38+05:30" level=warning msg="/Users/akankshawattamwar/Desktop/CS315/CQRS/docker-compose.yml: the attribute `version` is obsolete, it will be ignored, please remove it to avoid potential confusion"
#1 [internal] load local bake definitions
#1 reading from stdin 1.05kB done
#1 DONE 0.0s

#2 [saga internal] load build definition from Dockerfile
#2 transferring dockerfile: 365B done
#2 DONE 0.0s

#3 [consumer internal] load build definition from Dockerfile
#3 transferring dockerfile: 186B done
#3 DONE 0.0s

#4 [consumer internal] load metadata for docker.io/library/python:3.12-slim
#4 DONE 0.4s

#5 [saga internal] load .dockerignore
#5 transferring context: 2B done
#5 DONE 0.0s

#6 [consumer internal] load .dockerignore
#6 transferring context: 2B done
#6 DONE 0.0s

#7 [consumer internal] load build context
#7 transferring context: 308B done
#7 DONE 0.0s

#8 [saga 1/5] FROM docker.io/library/python:3.12-slim@sha256:46cb7cc2877e60fbd5e21a9ae6115c30ace7a077b9f8772da879e4590c18c2e3
#8 resolve docker.io/library/python:3.12-slim@sha256:46cb7cc2877e60fbd5e21a9ae6115c30ace7a077b9f8772da879e4590c18c2e3 0.0s done
#8 DONE 0.0s

#9 [consumer 2/5] WORKDIR /app
#9 CACHED

#10 [saga 2/7] WORKDIR /service
#10 CACHED

#11 [saga internal] load build context
#11 transferring context: 386B done
#11 DONE 0.0s

#12 [consumer 3/5] COPY requirements.txt .
#12 DONE 0.0s

#13 [saga 3/7] COPY saga/requirements.txt saga/
#13 DONE 0.0s

#14 [saga 4/7] RUN pip install --no-cache-dir -r saga/requirements.txt
#14 1.511 Collecting pymongo==4.7.2 (from -r saga/requirements.txt (line 1))
#14 1.573   Downloading pymongo-4.7.2-cp312-cp312-manylinux_2_17_aarch64.manylinux2014_aarch64.whl.metadata (22 kB)
#14 1.630 Collecting redis==5.0.5 (from -r saga/requirements.txt (line 2))
#14 1.695   Downloading redis-5.0.5-py3-none-any.whl.metadata (9.3 kB)
#14 1.844 Collecting psycopg2-binary==2.9.9 (from -r saga/requirements.txt (line 3))
#14 1.878   Downloading psycopg2_binary-2.9.9-cp312-cp312-manylinux_2_17_aarch64.manylinux2014_aarch64.whl.metadata (4.4 kB)
#14 1.907 Collecting dnspython<3.0.0,>=1.16.0 (from pymongo==4.7.2->-r saga/requirements.txt (line 1))
#14 1.926   Downloading dnspython-2.8.0-py3-none-any.whl.metadata (5.7 kB)
#14 1.949 Downloading pymongo-4.7.2-cp312-cp312-manylinux_2_17_aarch64.manylinux2014_aarch64.whl (688 kB)
#14 2.147    ━━━━━━━━━━━━━━━━━━━━━━━━━━━━━━━━━━━━━━━━ 689.0/689.0 kB 4.0 MB/s eta 0:00:00
#14 2.175 Downloading redis-5.0.5-py3-none-any.whl (251 kB)
#14 2.236 Downloading psycopg2_binary-2.9.9-cp312-cp312-manylinux_2_17_aarch64.manylinux2014_aarch64.whl (2.9 MB)
#14 3.145    ━━━━━━━━━━━━━━━━━━━━━━━━━━━━━━━━━━━━━━━━ 2.9/2.9 MB 3.1 MB/s eta 0:00:00
#14 3.168 Downloading dnspython-2.8.0-py3-none-any.whl (331 kB)
#14 3.247 Installing collected packages: redis, psycopg2-binary, dnspython, pymongo
#14 3.579 Successfully installed dnspython-2.8.0 psycopg2-binary-2.9.9 pymongo-4.7.2 redis-5.0.5
#14 3.579 WARNING: Running pip as the 'root' user can result in broken permissions and conflicting behaviour with the system package manager, possibly rendering your system unusable. It is recommended to use a virtual environment instead: https://pip.pypa.io/warnings/venv. Use the --root-user-action option if you know what you are doing and want to suppress this warning.
#14 3.694 
#14 3.694 [notice] A new release of pip is available: 25.0.1 -> 26.0.1
#14 3.694 [notice] To update, run: pip install --upgrade pip
#14 DONE 3.8s

#15 [consumer 4/5] RUN pip install --no-cache-dir -r requirements.txt
#15 1.484 Collecting pymongo==4.7.2 (from -r requirements.txt (line 1))
#15 1.573   Downloading pymongo-4.7.2-cp312-cp312-manylinux_2_17_aarch64.manylinux2014_aarch64.whl.metadata (22 kB)
#15 1.636 Collecting redis==5.0.5 (from -r requirements.txt (line 2))
#15 1.704   Downloading redis-5.0.5-py3-none-any.whl.metadata (9.3 kB)
#15 1.851 Collecting psycopg2-binary==2.9.9 (from -r requirements.txt (line 3))
#15 1.886   Downloading psycopg2_binary-2.9.9-cp312-cp312-manylinux_2_17_aarch64.manylinux2014_aarch64.whl.metadata (4.4 kB)
#15 1.914 Collecting dnspython<3.0.0,>=1.16.0 (from pymongo==4.7.2->-r requirements.txt (line 1))
#15 1.935   Downloading dnspython-2.8.0-py3-none-any.whl.metadata (5.7 kB)
#15 1.962 Downloading pymongo-4.7.2-cp312-cp312-manylinux_2_17_aarch64.manylinux2014_aarch64.whl (688 kB)
#15 2.178    ━━━━━━━━━━━━━━━━━━━━━━━━━━━━━━━━━━━━━━━━ 689.0/689.0 kB 4.5 MB/s eta 0:00:00
#15 2.241 Downloading redis-5.0.5-py3-none-any.whl (251 kB)
#15 2.333 Downloading psycopg2_binary-2.9.9-cp312-cp312-manylinux_2_17_aarch64.manylinux2014_aarch64.whl (2.9 MB)
#15 3.232    ━━━━━━━━━━━━━━━━━━━━━━━━━━━━━━━━━━━━━━━━ 2.9/2.9 MB 3.4 MB/s eta 0:00:00
#15 3.260 Downloading dnspython-2.8.0-py3-none-any.whl (331 kB)
#15 3.291 Installing collected packages: redis, psycopg2-binary, dnspython, pymongo
#15 3.599 Successfully installed dnspython-2.8.0 psycopg2-binary-2.9.9 pymongo-4.7.2 redis-5.0.5
#15 3.599 WARNING: Running pip as the 'root' user can result in broken permissions and conflicting behaviour with the system package manager, possibly rendering your system unusable. It is recommended to use a virtual environment instead: https://pip.pypa.io/warnings/venv. Use the --root-user-action option if you know what you are doing and want to suppress this warning.
#15 3.720 
#15 3.720 [notice] A new release of pip is available: 25.0.1 -> 26.0.1
#15 3.720 [notice] To update, run: pip install --upgrade pip
#15 DONE 3.8s

#16 [consumer 5/5] COPY . .
#16 DONE 0.0s

#17 [saga 5/7] COPY write-api/events.py write-api/
#17 DONE 0.0s

#18 [saga 6/7] COPY saga/ saga/
#18 DONE 0.0s

#19 [saga 7/7] WORKDIR /service/saga
#19 DONE 0.0s

#20 [saga] exporting to image
#20 exporting layers
#20 exporting layers 0.5s done
#20 exporting manifest sha256:bf2a82d37e53e676aac4b9f076dd49fd4fc2ce61df699cf60e957b53ca1ec4e1 done
#20 exporting config sha256:968aae6ebce7d0bce145dbe4b39aea66ea17eb537f0b35f0e16a58195f480725 done
#20 exporting attestation manifest sha256:1bd6b043955bc5c56fa8c2a9ae59b3bedc41555a007cfa7ddc641e1e331e79ca done
#20 exporting manifest list sha256:8a4c8bd13d71338c0473f94be7ad15f05894325acadf29a0af14f0ea0b28ad26 done
#20 naming to docker.io/library/cqrs-saga:latest done
#20 unpacking to docker.io/library/cqrs-saga:latest
#20 unpacking to docker.io/library/cqrs-saga:latest 0.1s done
#20 DONE 0.7s

#21 [consumer] exporting to image
#21 exporting layers 0.5s done
#21 exporting manifest sha256:f05fb33282223f5c7e1423a54cef3fc622aaf724fe3d6f1c91a6a7bc69f61d92 done
#21 exporting config sha256:21b21fbe1965a12e14d064840de94a2cac323c651f9a049621a6f6aa61404a3d done
#21 exporting attestation manifest sha256:6d59077d6043bb67a44d299ee8bc954e533f1f76238b237847596ea73257ad0a done
#21 exporting manifest list sha256:9213223548733dd5c7ea0b698c3dbdeca47fdddf55b22042cd73af238c546d7d done
#21 naming to docker.io/library/cqrs-consumer:latest done
#21 unpacking to docker.io/library/cqrs-consumer:latest 0.1s done
#21 DONE 0.7s

#22 [consumer] resolving provenance for metadata file
#22 DONE 0.0s

#23 [saga] resolving provenance for metadata file
#23 DONE 0.0s
 cqrs-consumer  Built
 cqrs-saga  Built
time="2026-04-26T02:48:44+05:30" level=warning msg="/Users/akankshawattamwar/Desktop/CS315/CQRS/docker-compose.yml: the attribute `version` is obsolete, it will be ignored, please remove it to avoid potential confusion"
#1 [internal] load local bake definitions
#1 reading from stdin 2.42kB done
#1 DONE 0.0s

#2 [read-api internal] load build definition from Dockerfile
#2 transferring dockerfile: 225B done
#2 DONE 0.0s

#3 [write-api internal] load build definition from Dockerfile
#3 transferring dockerfile: 225B done
#3 DONE 0.0s

#4 [frontend internal] load build definition from Dockerfile
#4 transferring dockerfile: 271B done
#4 DONE 0.0s

#5 [saga internal] load build definition from Dockerfile
#5 transferring dockerfile: 365B done
#5 DONE 0.0s

#6 [consumer internal] load build definition from Dockerfile
#6 transferring dockerfile: 186B done
#6 DONE 0.0s

#7 [consumer internal] load metadata for docker.io/library/python:3.12-slim
#7 ...

#8 [frontend internal] load metadata for docker.io/library/node:20-alpine
#8 DONE 0.4s

#9 [frontend internal] load metadata for docker.io/library/nginx:alpine
#9 DONE 0.4s

#7 [consumer internal] load metadata for docker.io/library/python:3.12-slim
#7 DONE 0.4s

#10 [frontend internal] load .dockerignore
#10 transferring context: 2B done
#10 DONE 0.0s

#11 [write-api internal] load .dockerignore
#11 transferring context: 2B done
#11 DONE 0.0s

#12 [consumer internal] load .dockerignore
#12 transferring context: 2B done
#12 DONE 0.0s

#13 [saga internal] load .dockerignore
#13 transferring context: 2B done
#13 DONE 0.0s

#14 [read-api internal] load .dockerignore
#14 transferring context: 2B done
#14 DONE 0.0s

#15 [consumer internal] load build context
#15 transferring context: 308B done
#15 DONE 0.0s

#16 [write-api internal] load build context
#16 transferring context: 341B done
#16 DONE 0.0s

#17 [read-api internal] load build context
#17 transferring context: 258B done
#17 DONE 0.0s

#18 [frontend stage-1 1/3] FROM docker.io/library/nginx:alpine@sha256:5616878291a2eed594aee8db4dade5878cf7edcb475e59193904b198d9b830de
#18 resolve docker.io/library/nginx:alpine@sha256:5616878291a2eed594aee8db4dade5878cf7edcb475e59193904b198d9b830de 0.0s done
#18 DONE 0.0s

#19 [frontend build 1/6] FROM docker.io/library/node:20-alpine@sha256:fb4cd12c85ee03686f6af5362a0b0d56d50c58a04632e6c0fb8363f609372293
#19 resolve docker.io/library/node:20-alpine@sha256:fb4cd12c85ee03686f6af5362a0b0d56d50c58a04632e6c0fb8363f609372293 0.0s done
#19 DONE 0.0s

#20 [saga 1/5] FROM docker.io/library/python:3.12-slim@sha256:46cb7cc2877e60fbd5e21a9ae6115c30ace7a077b9f8772da879e4590c18c2e3
#20 resolve docker.io/library/python:3.12-slim@sha256:46cb7cc2877e60fbd5e21a9ae6115c30ace7a077b9f8772da879e4590c18c2e3 0.0s done
#20 DONE 0.0s

#21 [saga internal] load build context
#21 transferring context: 386B done
#21 DONE 0.0s

#22 [frontend internal] load build context
#22 transferring context: 185.58kB 0.1s done
#22 DONE 0.1s

#23 [write-api 3/5] COPY requirements.txt .
#23 CACHED

#24 [write-api 4/5] RUN pip install --no-cache-dir -r requirements.txt
#24 CACHED

#25 [consumer 4/5] RUN pip install --no-cache-dir -r requirements.txt
#25 CACHED

#26 [consumer 3/5] COPY requirements.txt .
#26 CACHED

#27 [read-api 4/5] RUN pip install --no-cache-dir -r requirements.txt
#27 CACHED

#28 [read-api 3/5] COPY requirements.txt .
#28 CACHED

#29 [consumer 2/5] WORKDIR /app
#29 CACHED

#30 [write-api 5/5] COPY . .
#30 CACHED

#31 [consumer 5/5] COPY . .
#31 CACHED

#32 [read-api 5/5] COPY . .
#32 CACHED

#33 [read-api] exporting to image
#33 exporting layers
#33 exporting layers done
#33 exporting manifest sha256:c63ee61fb06e4bd063e843362129b868354c2f94e2566ad3c11bbd0548881470 done
#33 exporting config sha256:46bb870cf8127e2823c379c44ac9a3c0d6ee66fd1b3343341206f22ff23f7f62 done
#33 exporting attestation manifest sha256:564bef7f84435d9a3d0825478bc44fbb96ed0373df577cf8afd883f68193f7d8 0.0s done
#33 exporting manifest list sha256:f8e15d3ffa80bee5c3e613dccecd9f76e8ef5fb50e1b46da6b4e56fbedc80fa4 done
#33 naming to docker.io/library/cqrs-read-api:latest done
#33 unpacking to docker.io/library/cqrs-read-api:latest done
#33 DONE 0.1s

#34 [saga 5/7] COPY write-api/events.py write-api/
#34 CACHED

#35 [saga 3/7] COPY saga/requirements.txt saga/
#35 CACHED

#36 [saga 2/7] WORKDIR /service
#36 CACHED

#37 [saga 4/7] RUN pip install --no-cache-dir -r saga/requirements.txt
#37 CACHED

#38 [saga 6/7] COPY saga/ saga/
#38 CACHED

#39 [frontend build 6/6] RUN npm run build
#39 CACHED

#40 [frontend build 2/6] WORKDIR /app
#40 CACHED

#41 [frontend build 3/6] COPY package.json ./
#41 CACHED

#42 [frontend build 5/6] COPY . .
#42 CACHED

#43 [frontend stage-1 2/3] COPY --from=build /app/dist /usr/share/nginx/html
#43 CACHED

#44 [frontend build 4/6] RUN npm install
#44 CACHED

#45 [saga 7/7] WORKDIR /service/saga
#45 CACHED

#46 [frontend stage-1 3/3] COPY nginx.conf /etc/nginx/conf.d/default.conf
#46 CACHED

#47 [write-api] exporting to image
#47 exporting layers done
#47 exporting manifest sha256:92a21a99b40b6531c5801222236f42d6aa7bbf8b65d7634fc566f9392602e764 done
#47 exporting config sha256:be9fb26fa271ebf0c525960e70f2e967c21bf78a1eb2b7a7dc06e6d3ff4d3f55 done
#47 exporting attestation manifest sha256:1e71abeb6cdcde31500a5da4cf9a330a73eb51a679c774ab0b908be7cc007cf5 0.0s done
#47 exporting manifest list sha256:aff5e2f438cad42963f36694ee0a844f641c6a7c177d541cac0b9c6eb1c02e9b done
#47 naming to docker.io/library/cqrs-write-api:latest done
#47 unpacking to docker.io/library/cqrs-write-api:latest done
#47 DONE 0.1s

#48 [consumer] exporting to image
#48 exporting layers done
#48 exporting manifest sha256:f05fb33282223f5c7e1423a54cef3fc622aaf724fe3d6f1c91a6a7bc69f61d92 done
#48 exporting config sha256:21b21fbe1965a12e14d064840de94a2cac323c651f9a049621a6f6aa61404a3d done
#48 exporting attestation manifest sha256:15cef1488ade91e15c3c1060d64369cb8487ff50ee25a1387ed8f0e9fbf62cfd 0.0s done
#48 exporting manifest list sha256:6b5526385685cb06815c19038418ec9476717cb9be7760967a174fcacd63409c done
#48 naming to docker.io/library/cqrs-consumer:latest done
#48 unpacking to docker.io/library/cqrs-consumer:latest done
#48 DONE 0.1s

#49 [frontend] exporting to image
#49 exporting layers done
#49 exporting manifest sha256:32782dd8e2053c61118ccbb621867087941de406675097f92803716fedafab00 done
#49 exporting config sha256:64d46ad231b32d64275256ac207db88e0b5dd078678dcdc752d464f80305d609 done
#49 exporting attestation manifest sha256:c0f38041fa435b2071b1bb4dd15c0e0e9a60646511d18881e4f7609826545cc3 0.0s done
#49 exporting manifest list sha256:8dde607dbb0f72d570c09051ff21b9abdbb0c22cb4767b5026197dfa5dd5c1b2 0.0s done
#49 naming to docker.io/library/cqrs-frontend:latest
#49 naming to docker.io/library/cqrs-frontend:latest done
#49 unpacking to docker.io/library/cqrs-frontend:latest done
#49 DONE 0.1s

#50 [saga] exporting to image
#50 exporting layers done
#50 exporting manifest sha256:bf2a82d37e53e676aac4b9f076dd49fd4fc2ce61df699cf60e957b53ca1ec4e1 done
#50 exporting config sha256:968aae6ebce7d0bce145dbe4b39aea66ea17eb537f0b35f0e16a58195f480725 done
#50 exporting attestation manifest sha256:bd2e0b86c6949b734c91719eac70b1eaa129f163343b145a7ceae4cbd7b2968b 0.0s done
#50 exporting manifest list sha256:c07557724945e232643eeab0421ef75fe5fa9c66cfa4458806e4f89eaa6038fc 0.0s done
#50 naming to docker.io/library/cqrs-saga:latest done
#50 unpacking to docker.io/library/cqrs-saga:latest done
#50 DONE 0.1s

#51 [write-api] resolving provenance for metadata file
#51 DONE 0.0s

#52 [read-api] resolving provenance for metadata file
#52 DONE 0.0s

#53 [saga] resolving provenance for metadata file
#53 DONE 0.0s

#54 [consumer] resolving provenance for metadata file
#54 DONE 0.0s

#55 [frontend] resolving provenance for metadata file
#55 DONE 0.0s
 cqrs-consumer  Built
 cqrs-read-api  Built
 cqrs-write-api  Built
 cqrs-saga  Built
 cqrs-frontend  Built
 Network cqrs_default  Creating
 Network cqrs_default  Created
 Volume "cqrs_mongo_data"  Creating
 Volume "cqrs_mongo_data"  Created
 Volume "cqrs_postgres_data"  Creating
 Volume "cqrs_postgres_data"  Created
 Container cqrs-postgres-1  Creating
 Container cqrs-redis-cache-1  Creating
 Container cqrs-redis-stream-1  Creating
 Container cqrs-mongodb-1  Creating
 Container cqrs-mongodb-1  Created
 Container cqrs-postgres-1  Created
 Container cqrs-redis-cache-1  Created
 Container cqrs-read-api-1  Creating
 Container cqrs-redis-stream-1  Created
 Container cqrs-saga-1  Creating
 Container cqrs-write-api-1  Creating
 Container cqrs-consumer-1  Creating
 Container cqrs-read-api-1  Created
 Container cqrs-frontend-1  Creating
 Container cqrs-write-api-1  Created
 Container cqrs-consumer-1  Created
 Container cqrs-saga-1  Created
 Container cqrs-frontend-1  Created
 Container cqrs-mongodb-1  Starting
 Container cqrs-postgres-1  Starting
 Container cqrs-redis-cache-1  Starting
 Container cqrs-redis-stream-1  Starting
 Container cqrs-mongodb-1  Started
 Container cqrs-redis-stream-1  Started
 Container cqrs-redis-cache-1  Started
 Container cqrs-redis-stream-1  Waiting
 Container cqrs-redis-cache-1  Waiting
 Container cqrs-mongodb-1  Waiting
 Container cqrs-postgres-1  Started
 Container cqrs-postgres-1  Waiting
 Container cqrs-mongodb-1  Waiting
 Container cqrs-redis-stream-1  Waiting
 Container cqrs-redis-stream-1  Waiting
 Container cqrs-postgres-1  Waiting
 Container cqrs-postgres-1  Waiting
 Container cqrs-mongodb-1  Waiting
 Container cqrs-redis-cache-1  Waiting
 Container cqrs-redis-stream-1  Healthy
 Container cqrs-redis-cache-1  Healthy
 Container cqrs-postgres-1  Healthy
 Container cqrs-redis-cache-1  Healthy
 Container cqrs-read-api-1  Starting
 Container cqrs-postgres-1  Healthy
 Container cqrs-redis-stream-1  Healthy
 Container cqrs-redis-stream-1  Healthy
 Container cqrs-postgres-1  Healthy
 Container cqrs-read-api-1  Started
 Container cqrs-frontend-1  Starting
 Container cqrs-frontend-1  Started
 Container cqrs-mongodb-1  Healthy
 Container cqrs-write-api-1  Starting
 Container cqrs-mongodb-1  Healthy
 Container cqrs-consumer-1  Starting
 Container cqrs-mongodb-1  Healthy
 Container cqrs-saga-1  Starting
 Container cqrs-write-api-1  Started
 Container cqrs-saga-1  Started
 Container cqrs-consumer-1  Started
Waiting for APIs to be ready...
Clearing MongoDB events and sagas...
time="2026-04-26T02:48:57+05:30" level=warning msg="/Users/akankshawattamwar/Desktop/CS315/CQRS/docker-compose.yml: the attribute `version` is obsolete, it will be ignored, please remove it to avoid potential confusion"
MongoDB cleared
All services up.
Logs: docker compose logs -f [write-api|read-api|consumer|saga]

=======================================================

[34mRunning benchmark (N=300, consumer delay=0.01s/event) — no cache...[0m

[1m[94m=======================================================[0m
[1m[94m  READER BENCHMARK — Read-Your-Writes Lag (baseline)[0m
[1m[94m=======================================================[0m
  [93m→[0m  Placing 300 orders sequentially and measuring GET-after-POST lag
  [93m→[0m  Poll interval: 2ms (so floor resolution ≈ 2ms)
    ...10/300 orders placed & read
    ...20/300 orders placed & read
    ...30/300 orders placed & read
    ...40/300 orders placed & read
    ...50/300 orders placed & read
    ...60/300 orders placed & read
    ...70/300 orders placed & read
    ...80/300 orders placed & read
    ...90/300 orders placed & read
    ...100/300 orders placed & read
    ...110/300 orders placed & read
    ...120/300 orders placed & read
    ...130/300 orders placed & read
    ...140/300 orders placed & read
    ...150/300 orders placed & read
    ...160/300 orders placed & read
    ...170/300 orders placed & read
    ...180/300 orders placed & read
    ...190/300 orders placed & read
    ...200/300 orders placed & read
    ...210/300 orders placed & read
    ...220/300 orders placed & read
    ...230/300 orders placed & read
    ...240/300 orders placed & read
    ...250/300 orders placed & read
    ...260/300 orders placed & read
    ...270/300 orders placed & read
    ...280/300 orders placed & read
    ...290/300 orders placed & read
    ...300/300 orders placed & read

  [1mResults  (N=300, failures=0, wall=16.5s)[0m
  metric             p50       p95       p99       max      mean
  POST ms            2.5       3.5       9.7      17.5       2.7
  RYW lag ms        53.8      58.6      65.0      68.7      52.4
  polls                9        10        10        11       8.4

  [1mRYW lag distribution[0m
  [    0 –     5 ms]     0  
  [    5 –    10 ms]     0  
  [   10 –    20 ms]     1  
  [   20 –    50 ms]    73  █████████
  [   50 –   100 ms]   226  ██████████████████████████████
  [  100 –   250 ms]     0  
  [  250 –   500 ms]     0  
  [  500 –  1000 ms]     0  
  [ 1000 – 10000 ms]     0  
  [92m✓[0m  Raw samples written to /tmp/reader_baseline.csv
  [93m→[0m  After implementing the cache, rerun the same command and diff the RYW lag.

=======================================================

[1mPHASE 2 of 2 — CACHE ENABLED + SLOW CONSUMER[0m
  Restarting with --delay 0.01 (cache on) ...
Stopping services and wiping volumes...

  cache:    enabled  (redis-cache :6380, 2MB allkeys-lru)
  consumer: SLOW (0.01s/event)
  saga:     fast
  stream:   redis-stream :6379  (no memory limit)

Starting services...
time="2026-04-26T02:49:26+05:30" level=warning msg="/Users/akankshawattamwar/Desktop/CS315/CQRS/docker-compose.yml: the attribute `version` is obsolete, it will be ignored, please remove it to avoid potential confusion"
#1 [internal] load local bake definitions
#1 reading from stdin 1.05kB done
#1 DONE 0.0s

#2 [consumer internal] load build definition from Dockerfile
#2 transferring dockerfile: 186B done
#2 DONE 0.0s

#3 [saga internal] load build definition from Dockerfile
#3 transferring dockerfile: 365B done
#3 DONE 0.0s

#4 [consumer internal] load metadata for docker.io/library/python:3.12-slim
#4 DONE 2.3s

#5 [consumer internal] load .dockerignore
#5 transferring context: 2B done
#5 DONE 0.0s

#6 [saga internal] load .dockerignore
#6 transferring context: 2B done
#6 DONE 0.0s

#7 [consumer internal] load build context
#7 transferring context: 308B done
#7 DONE 0.0s

#8 [consumer 1/5] FROM docker.io/library/python:3.12-slim@sha256:46cb7cc2877e60fbd5e21a9ae6115c30ace7a077b9f8772da879e4590c18c2e3
#8 resolve docker.io/library/python:3.12-slim@sha256:46cb7cc2877e60fbd5e21a9ae6115c30ace7a077b9f8772da879e4590c18c2e3 done
#8 DONE 0.0s

#9 [saga 2/7] WORKDIR /service
#9 CACHED

#10 [consumer 2/5] WORKDIR /app
#10 CACHED

#11 [saga internal] load build context
#11 transferring context: 386B done
#11 DONE 0.0s

#12 [consumer 3/5] COPY requirements.txt .
#12 DONE 0.0s

#13 [saga 3/7] COPY saga/requirements.txt saga/
#13 DONE 0.0s

#14 [saga 4/7] RUN pip install --no-cache-dir -r saga/requirements.txt
#14 1.500 Collecting pymongo==4.7.2 (from -r saga/requirements.txt (line 1))
#14 1.591   Downloading pymongo-4.7.2-cp312-cp312-manylinux_2_17_aarch64.manylinux2014_aarch64.whl.metadata (22 kB)
#14 1.702 Collecting redis==5.0.5 (from -r saga/requirements.txt (line 2))
#14 1.723   Downloading redis-5.0.5-py3-none-any.whl.metadata (9.3 kB)
#14 1.838 Collecting psycopg2-binary==2.9.9 (from -r saga/requirements.txt (line 3))
#14 1.858   Downloading psycopg2_binary-2.9.9-cp312-cp312-manylinux_2_17_aarch64.manylinux2014_aarch64.whl.metadata (4.4 kB)
#14 1.897 Collecting dnspython<3.0.0,>=1.16.0 (from pymongo==4.7.2->-r saga/requirements.txt (line 1))
#14 1.922   Downloading dnspython-2.8.0-py3-none-any.whl.metadata (5.7 kB)
#14 1.961 Downloading pymongo-4.7.2-cp312-cp312-manylinux_2_17_aarch64.manylinux2014_aarch64.whl (688 kB)
#14 2.461    ━━━━━━━━━━━━━━━━━━━━━━━━━━━━━━━━━━━━━━━━ 689.0/689.0 kB 1.3 MB/s eta 0:00:00
#14 2.484 Downloading redis-5.0.5-py3-none-any.whl (251 kB)
#14 2.611 Downloading psycopg2_binary-2.9.9-cp312-cp312-manylinux_2_17_aarch64.manylinux2014_aarch64.whl (2.9 MB)
#14 4.165    ━━━━━━━━━━━━━━━━━━━━━━━━━━━━━━━━━━━━━━━━ 2.9/2.9 MB 1.8 MB/s eta 0:00:00
#14 4.229 Downloading dnspython-2.8.0-py3-none-any.whl (331 kB)
#14 4.391 Installing collected packages: redis, psycopg2-binary, dnspython, pymongo
#14 4.724 Successfully installed dnspython-2.8.0 psycopg2-binary-2.9.9 pymongo-4.7.2 redis-5.0.5
#14 4.724 WARNING: Running pip as the 'root' user can result in broken permissions and conflicting behaviour with the system package manager, possibly rendering your system unusable. It is recommended to use a virtual environment instead: https://pip.pypa.io/warnings/venv. Use the --root-user-action option if you know what you are doing and want to suppress this warning.
#14 4.889 
#14 4.889 [notice] A new release of pip is available: 25.0.1 -> 26.0.1
#14 4.889 [notice] To update, run: pip install --upgrade pip
#14 DONE 5.0s

#15 [consumer 4/5] RUN pip install --no-cache-dir -r requirements.txt
#15 1.503 Collecting pymongo==4.7.2 (from -r requirements.txt (line 1))
#15 1.598   Downloading pymongo-4.7.2-cp312-cp312-manylinux_2_17_aarch64.manylinux2014_aarch64.whl.metadata (22 kB)
#15 1.671 Collecting redis==5.0.5 (from -r requirements.txt (line 2))
#15 1.699   Downloading redis-5.0.5-py3-none-any.whl.metadata (9.3 kB)
#15 1.787 Collecting psycopg2-binary==2.9.9 (from -r requirements.txt (line 3))
#15 1.819   Downloading psycopg2_binary-2.9.9-cp312-cp312-manylinux_2_17_aarch64.manylinux2014_aarch64.whl.metadata (4.4 kB)
#15 1.865 Collecting dnspython<3.0.0,>=1.16.0 (from pymongo==4.7.2->-r requirements.txt (line 1))
#15 1.900   Downloading dnspython-2.8.0-py3-none-any.whl.metadata (5.7 kB)
#15 1.927 Downloading pymongo-4.7.2-cp312-cp312-manylinux_2_17_aarch64.manylinux2014_aarch64.whl (688 kB)
#15 2.492    ━━━━━━━━━━━━━━━━━━━━━━━━━━━━━━━━━━━━━━━━ 689.0/689.0 kB 1.2 MB/s eta 0:00:00
#15 2.539 Downloading redis-5.0.5-py3-none-any.whl (251 kB)
#15 2.716 Downloading psycopg2_binary-2.9.9-cp312-cp312-manylinux_2_17_aarch64.manylinux2014_aarch64.whl (2.9 MB)
#15 4.443    ━━━━━━━━━━━━━━━━━━━━━━━━━━━━━━━━━━━━━━━━ 2.9/2.9 MB 1.7 MB/s eta 0:00:00
#15 4.461 Downloading dnspython-2.8.0-py3-none-any.whl (331 kB)
#15 4.545 Installing collected packages: redis, psycopg2-binary, dnspython, pymongo
#15 4.852 Successfully installed dnspython-2.8.0 psycopg2-binary-2.9.9 pymongo-4.7.2 redis-5.0.5
#15 4.853 WARNING: Running pip as the 'root' user can result in broken permissions and conflicting behaviour with the system package manager, possibly rendering your system unusable. It is recommended to use a virtual environment instead: https://pip.pypa.io/warnings/venv. Use the --root-user-action option if you know what you are doing and want to suppress this warning.
#15 4.995 
#15 4.995 [notice] A new release of pip is available: 25.0.1 -> 26.0.1
#15 4.995 [notice] To update, run: pip install --upgrade pip
#15 DONE 5.0s

#16 [saga 5/7] COPY write-api/events.py write-api/
#16 DONE 0.0s

#17 [saga 6/7] COPY saga/ saga/
#17 DONE 0.0s

#18 [saga 7/7] WORKDIR /service/saga
#18 DONE 0.0s

#19 [consumer 5/5] COPY . .
#19 DONE 0.0s

#20 [consumer] exporting to image
#20 exporting layers
#20 exporting layers 0.5s done
#20 exporting manifest sha256:a2c957b2b60df7f4cd24bd48251be858ad9012208f62df423dc99eed4d055cbb done
#20 exporting config sha256:a5872f8c7410d53831996ab82d8aae7e894396e4ad99b5a87c9c0dbe2a231fe2 done
#20 exporting attestation manifest sha256:73724a83c08f2850a9199933a2d90af77ffc3811600580d067e0f9c24af41574 done
#20 exporting manifest list sha256:eff3020739a40b02677cadebd54a0f6b5a4b3ea94c79b134921fa9dd6d55d063 done
#20 naming to docker.io/library/cqrs-consumer:latest done
#20 unpacking to docker.io/library/cqrs-consumer:latest
#20 unpacking to docker.io/library/cqrs-consumer:latest 0.1s done
#20 DONE 0.7s

#21 [saga] exporting to image
#21 exporting layers 0.5s done
#21 exporting manifest sha256:11cebfcaebc35628a8a0f0e12c2674510331fb8c2819bc8d278f8991e610c39d done
#21 exporting config sha256:ccc36b60eedd5ba6ea0ebfda80d7bc857eabab035bae3799452ed64d803da475 done
#21 exporting attestation manifest sha256:921e42c4a07514803494f5bd0aa46b7e94a0c573b9d5e2dd48acab19de50264e done
#21 exporting manifest list sha256:6a096205542fecf0d2bb263876fccb07969c245cc880f1ce07f2940bbc0f928d done
#21 naming to docker.io/library/cqrs-saga:latest done
#21 unpacking to docker.io/library/cqrs-saga:latest 0.1s done
#21 DONE 0.7s

#22 [saga] resolving provenance for metadata file
#22 DONE 0.0s

#23 [consumer] resolving provenance for metadata file
#23 DONE 0.0s
 cqrs-consumer  Built
 cqrs-saga  Built
time="2026-04-26T02:49:34+05:30" level=warning msg="/Users/akankshawattamwar/Desktop/CS315/CQRS/docker-compose.yml: the attribute `version` is obsolete, it will be ignored, please remove it to avoid potential confusion"
#1 [internal] load local bake definitions
#1 reading from stdin 2.42kB done
#1 DONE 0.0s

#2 [frontend internal] load build definition from Dockerfile
#2 transferring dockerfile: 271B done
#2 DONE 0.0s

#3 [write-api internal] load build definition from Dockerfile
#3 transferring dockerfile: 225B done
#3 DONE 0.0s

#4 [read-api internal] load build definition from Dockerfile
#4 transferring dockerfile: 225B done
#4 DONE 0.0s

#5 [consumer internal] load build definition from Dockerfile
#5 transferring dockerfile: 186B done
#5 DONE 0.0s

#6 [saga internal] load build definition from Dockerfile
#6 transferring dockerfile: 365B done
#6 DONE 0.0s

#7 [saga internal] load metadata for docker.io/library/python:3.12-slim
#7 DONE 0.4s

#8 [consumer internal] load .dockerignore
#8 transferring context: 2B done
#8 DONE 0.0s

#9 [write-api internal] load .dockerignore
#9 transferring context: 2B done
#9 DONE 0.0s

#10 [read-api internal] load .dockerignore
#10 transferring context: 2B done
#10 DONE 0.0s

#11 [saga internal] load .dockerignore
#11 transferring context: 2B done
#11 DONE 0.0s

#12 [consumer internal] load build context
#12 transferring context: 308B done
#12 DONE 0.0s

#13 [write-api internal] load build context
#13 transferring context: 341B done
#13 DONE 0.0s

#14 [read-api internal] load build context
#14 transferring context: 258B done
#14 DONE 0.0s

#15 [saga 1/5] FROM docker.io/library/python:3.12-slim@sha256:46cb7cc2877e60fbd5e21a9ae6115c30ace7a077b9f8772da879e4590c18c2e3
#15 resolve docker.io/library/python:3.12-slim@sha256:46cb7cc2877e60fbd5e21a9ae6115c30ace7a077b9f8772da879e4590c18c2e3 0.0s done
#15 DONE 0.0s

#16 [saga internal] load build context
#16 transferring context: 386B done
#16 DONE 0.0s

#17 [read-api 4/5] RUN pip install --no-cache-dir -r requirements.txt
#17 CACHED

#18 [read-api 3/5] COPY requirements.txt .
#18 CACHED

#19 [consumer 4/5] RUN pip install --no-cache-dir -r requirements.txt
#19 CACHED

#20 [consumer 3/5] COPY requirements.txt .
#20 CACHED

#21 [consumer 2/5] WORKDIR /app
#21 CACHED

#22 [write-api 4/5] RUN pip install --no-cache-dir -r requirements.txt
#22 CACHED

#23 [write-api 3/5] COPY requirements.txt .
#23 CACHED

#24 [read-api 5/5] COPY . .
#24 CACHED

#25 [consumer 5/5] COPY . .
#25 CACHED

#26 [write-api 5/5] COPY . .
#26 CACHED

#27 [read-api] exporting to image
#27 exporting layers done
#27 exporting manifest sha256:c63ee61fb06e4bd063e843362129b868354c2f94e2566ad3c11bbd0548881470 done
#27 exporting config sha256:46bb870cf8127e2823c379c44ac9a3c0d6ee66fd1b3343341206f22ff23f7f62 done
#27 exporting attestation manifest sha256:de9476d8c1d035ce13f2e67cf1f1fc8a436b8de333ccd19949fdda4881ac6100 0.0s done
#27 exporting manifest list sha256:b12bde09c1e5f7ed8605fbaace0520c542f312a4ff0099e7015234dfafc11388
#27 exporting manifest list sha256:b12bde09c1e5f7ed8605fbaace0520c542f312a4ff0099e7015234dfafc11388 done
#27 naming to docker.io/library/cqrs-read-api:latest done
#27 unpacking to docker.io/library/cqrs-read-api:latest done
#27 DONE 0.1s

#28 [saga 4/7] RUN pip install --no-cache-dir -r saga/requirements.txt
#28 CACHED

#29 [saga 3/7] COPY saga/requirements.txt saga/
#29 CACHED

#30 [saga 6/7] COPY saga/ saga/
#30 CACHED

#31 [saga 2/7] WORKDIR /service
#31 CACHED

#32 [saga 5/7] COPY write-api/events.py write-api/
#32 CACHED

#33 [saga 7/7] WORKDIR /service/saga
#33 CACHED

#34 [write-api] exporting to image
#34 exporting layers done
#34 exporting manifest sha256:92a21a99b40b6531c5801222236f42d6aa7bbf8b65d7634fc566f9392602e764 done
#34 exporting config sha256:be9fb26fa271ebf0c525960e70f2e967c21bf78a1eb2b7a7dc06e6d3ff4d3f55 done
#34 exporting attestation manifest sha256:7a6513f6f438fddcc98bb4b9da177ac496372be7e1c0fcd08671161d547c74ef 0.0s done
#34 exporting manifest list sha256:fd0a1d0d98e83ac61732f5048a6f0221795d9f8d04405e87b3f7cfef7af07914 done
#34 naming to docker.io/library/cqrs-write-api:latest done
#34 unpacking to docker.io/library/cqrs-write-api:latest done
#34 DONE 0.1s

#35 [consumer] exporting to image
#35 exporting layers done
#35 exporting manifest sha256:a2c957b2b60df7f4cd24bd48251be858ad9012208f62df423dc99eed4d055cbb done
#35 exporting config sha256:a5872f8c7410d53831996ab82d8aae7e894396e4ad99b5a87c9c0dbe2a231fe2 done
#35 exporting attestation manifest sha256:21a6e02baa68c8c3158651bf71fd43daac436ed96e0d4a7a4a65d1ae1eff16ca 0.0s done
#35 exporting manifest list sha256:f43788fa263793f6491f0739304e89930c74e62a18651a93d0af07fc6e5872b3 done
#35 naming to docker.io/library/cqrs-consumer:latest done
#35 unpacking to docker.io/library/cqrs-consumer:latest done
#35 DONE 0.1s

#36 [saga] exporting to image
#36 exporting layers done
#36 exporting manifest sha256:11cebfcaebc35628a8a0f0e12c2674510331fb8c2819bc8d278f8991e610c39d done
#36 exporting config sha256:ccc36b60eedd5ba6ea0ebfda80d7bc857eabab035bae3799452ed64d803da475 done
#36 exporting attestation manifest sha256:5f94cae88e7c40961bc4c51af98d8c3c98954f75c2f7685bec4c1c79d6921106 0.0s done
#36 exporting manifest list sha256:926d6ab4fcc957cac84e31dbf9d1fe881d620051952d8ce13da338f39ebd8e3c done
#36 naming to docker.io/library/cqrs-saga:latest done
#36 unpacking to docker.io/library/cqrs-saga:latest done
#36 DONE 0.1s

#37 [read-api] resolving provenance for metadata file
#37 DONE 0.0s

#38 [write-api] resolving provenance for metadata file
#38 DONE 0.0s

#39 [consumer] resolving provenance for metadata file
#39 DONE 0.0s

#40 [saga] resolving provenance for metadata file
#40 DONE 0.0s

#41 [frontend internal] load metadata for docker.io/library/node:20-alpine
#41 ...

#42 [frontend internal] load metadata for docker.io/library/nginx:alpine
#42 DONE 1.3s

#41 [frontend internal] load metadata for docker.io/library/node:20-alpine
#41 DONE 1.4s

#43 [frontend internal] load .dockerignore
#43 transferring context: 2B done
#43 DONE 0.0s

#44 [frontend build 1/6] FROM docker.io/library/node:20-alpine@sha256:fb4cd12c85ee03686f6af5362a0b0d56d50c58a04632e6c0fb8363f609372293
#44 resolve docker.io/library/node:20-alpine@sha256:fb4cd12c85ee03686f6af5362a0b0d56d50c58a04632e6c0fb8363f609372293 0.0s done
#44 DONE 0.0s

#45 [frontend stage-1 1/3] FROM docker.io/library/nginx:alpine@sha256:5616878291a2eed594aee8db4dade5878cf7edcb475e59193904b198d9b830de
#45 resolve docker.io/library/nginx:alpine@sha256:5616878291a2eed594aee8db4dade5878cf7edcb475e59193904b198d9b830de 0.0s done
#45 DONE 0.0s

#46 [frontend internal] load build context
#46 transferring context: 185.58kB 0.1s done
#46 DONE 0.1s

#47 [frontend build 3/6] COPY package.json ./
#47 CACHED

#48 [frontend build 5/6] COPY . .
#48 CACHED

#49 [frontend build 4/6] RUN npm install
#49 CACHED

#50 [frontend build 6/6] RUN npm run build
#50 CACHED

#51 [frontend build 2/6] WORKDIR /app
#51 CACHED

#52 [frontend stage-1 2/3] COPY --from=build /app/dist /usr/share/nginx/html
#52 CACHED

#53 [frontend stage-1 3/3] COPY nginx.conf /etc/nginx/conf.d/default.conf
#53 CACHED

#54 [frontend] exporting to image
#54 exporting layers done
#54 exporting manifest sha256:32782dd8e2053c61118ccbb621867087941de406675097f92803716fedafab00 done
#54 exporting config sha256:64d46ad231b32d64275256ac207db88e0b5dd078678dcdc752d464f80305d609 done
#54 exporting attestation manifest sha256:fae465a54a93acfc4fa975b43e9242bdafd3792da07e507bba852e3caa0f527b done
#54 exporting manifest list sha256:57a60643cd5204868f488db8608a6d6ed2bc3f01245196046fb73531c0d27506 done
#54 naming to docker.io/library/cqrs-frontend:latest done
#54 unpacking to docker.io/library/cqrs-frontend:latest done
#54 DONE 0.0s

#55 [frontend] resolving provenance for metadata file
#55 DONE 0.0s
 cqrs-write-api  Built
 cqrs-saga  Built
 cqrs-read-api  Built
 cqrs-frontend  Built
 cqrs-consumer  Built
 Network cqrs_default  Creating
 Network cqrs_default  Created
 Volume "cqrs_postgres_data"  Creating
 Volume "cqrs_postgres_data"  Created
 Volume "cqrs_mongo_data"  Creating
 Volume "cqrs_mongo_data"  Created
 Container cqrs-mongodb-1  Creating
 Container cqrs-postgres-1  Creating
 Container cqrs-redis-cache-1  Creating
 Container cqrs-redis-stream-1  Creating
 Container cqrs-mongodb-1  Created
 Container cqrs-postgres-1  Created
 Container cqrs-redis-cache-1  Created
 Container cqrs-redis-stream-1  Created
 Container cqrs-read-api-1  Creating
 Container cqrs-saga-1  Creating
 Container cqrs-consumer-1  Creating
 Container cqrs-write-api-1  Creating
 Container cqrs-read-api-1  Created
 Container cqrs-frontend-1  Creating
 Container cqrs-saga-1  Created
 Container cqrs-write-api-1  Created
 Container cqrs-consumer-1  Created
 Container cqrs-frontend-1  Created
 Container cqrs-postgres-1  Starting
 Container cqrs-redis-cache-1  Starting
 Container cqrs-mongodb-1  Starting
 Container cqrs-redis-stream-1  Starting
 Container cqrs-mongodb-1  Started
 Container cqrs-redis-cache-1  Started
 Container cqrs-redis-stream-1  Started
 Container cqrs-mongodb-1  Waiting
 Container cqrs-redis-stream-1  Waiting
 Container cqrs-redis-cache-1  Waiting
 Container cqrs-postgres-1  Started
 Container cqrs-postgres-1  Waiting
 Container cqrs-redis-cache-1  Waiting
 Container cqrs-postgres-1  Waiting
 Container cqrs-mongodb-1  Waiting
 Container cqrs-postgres-1  Waiting
 Container cqrs-redis-stream-1  Waiting
 Container cqrs-mongodb-1  Waiting
 Container cqrs-redis-stream-1  Waiting
 Container cqrs-redis-stream-1  Healthy
 Container cqrs-redis-cache-1  Healthy
 Container cqrs-redis-stream-1  Healthy
 Container cqrs-postgres-1  Healthy
 Container cqrs-postgres-1  Healthy
 Container cqrs-postgres-1  Healthy
 Container cqrs-redis-cache-1  Healthy
 Container cqrs-read-api-1  Starting
 Container cqrs-redis-stream-1  Healthy
 Container cqrs-read-api-1  Started
 Container cqrs-frontend-1  Starting
 Container cqrs-frontend-1  Started
 Container cqrs-mongodb-1  Healthy
 Container cqrs-write-api-1  Starting
 Container cqrs-mongodb-1  Healthy
 Container cqrs-consumer-1  Starting
 Container cqrs-mongodb-1  Healthy
 Container cqrs-saga-1  Starting
 Container cqrs-saga-1  Started
 Container cqrs-write-api-1  Started
 Container cqrs-consumer-1  Started
Waiting for APIs to be ready...
Clearing MongoDB events and sagas...
time="2026-04-26T02:49:49+05:30" level=warning msg="/Users/akankshawattamwar/Desktop/CS315/CQRS/docker-compose.yml: the attribute `version` is obsolete, it will be ignored, please remove it to avoid potential confusion"
MongoDB cleared
All services up.
Logs: docker compose logs -f [write-api|read-api|consumer|saga]

=======================================================

[34mRunning benchmark (N=300, consumer delay=0.01s/event) ...[0m

[1m[94m=======================================================[0m
[1m[94m  READER BENCHMARK — Read-Your-Writes Lag (baseline)[0m
[1m[94m=======================================================[0m
  [93m→[0m  Placing 300 orders sequentially and measuring GET-after-POST lag
  [93m→[0m  Poll interval: 2ms (so floor resolution ≈ 2ms)
    ...10/300 orders placed & read
    ...20/300 orders placed & read
    ...30/300 orders placed & read
    ...40/300 orders placed & read
    ...50/300 orders placed & read
    ...60/300 orders placed & read
    ...70/300 orders placed & read
    ...80/300 orders placed & read
    ...90/300 orders placed & read
    ...100/300 orders placed & read
    ...110/300 orders placed & read
    ...120/300 orders placed & read
    ...130/300 orders placed & read
    ...140/300 orders placed & read
    ...150/300 orders placed & read
    ...160/300 orders placed & read
    ...170/300 orders placed & read
    ...180/300 orders placed & read
    ...190/300 orders placed & read
    ...200/300 orders placed & read
    ...210/300 orders placed & read
    ...220/300 orders placed & read
    ...230/300 orders placed & read
    ...240/300 orders placed & read
    ...250/300 orders placed & read
    ...260/300 orders placed & read
    ...270/300 orders placed & read
    ...280/300 orders placed & read
    ...290/300 orders placed & read
    ...300/300 orders placed & read

  [1mResults  (N=300, failures=0, wall=0.8s)[0m
  metric             p50       p95       p99       max      mean
  POST ms            1.4       2.1       3.1      14.0       1.5
  RYW lag ms         0.9       1.4       2.1       3.6       1.0
  polls                1         1         1         1       1.0

  [1mRYW lag distribution[0m
  [    0 –     5 ms]   300  ██████████████████████████████
  [    5 –    10 ms]     0  
  [   10 –    20 ms]     0  
  [   20 –    50 ms]     0  
  [   50 –   100 ms]     0  
  [  100 –   250 ms]     0  
  [  250 –   500 ms]     0  
  [  500 –  1000 ms]     0  
  [ 1000 – 10000 ms]     0  
  [92m✓[0m  Raw samples written to /tmp/reader_baseline.csv
  [93m→[0m  After implementing the cache, rerun the same command and diff the RYW lag.

=======================================================

[1mRESULTS COMPARISON (N=300, consumer delay=0.01s/event)[0m

WITHOUT CACHE:
      metric             p50       p95       p99       max      mean
      POST ms            2.5       3.5       9.7      17.5       2.7
      RYW lag ms        53.8      58.6      65.0      68.7      52.4
      polls                9        10        10        11       8.4
    
      RYW lag distribution

WITH CACHE:
      metric             p50       p95       p99       max      mean
      POST ms            1.4       2.1       3.1      14.0       1.5
      RYW lag ms         0.9       1.4       2.1       3.6       1.0
      polls                1         1         1         1       1.0
    
      RYW lag distribution

[1mSpeedup:[0m
    p50         53.8 ms  →     0.9 ms   (59x faster)
    p95         58.6 ms  →     1.4 ms   (41x faster)
    p99         65.0 ms  →     2.1 ms   (30x faster)

[1mCache hit/miss stats (phase 2):[0m
    hits:     300
    misses:   0
    hit rate: 100.0%

[1mCache Redis :6380 — memory & eviction (allkeys-lru, cap=2.00M):[0m
    evicted keys:  0  (this run; lifetime=0)
    used memory:   1.33M / 2.00M
    order:* keys:  300 live in cache now

[32mResults saved to:[0m
  no-cache:  /Users/akankshawattamwar/Desktop/CS315/CQRS/results/nocache_slowconsumer_0.01_300.txt
  cached:    /Users/akankshawattamwar/Desktop/CS315/CQRS/results/cached_slowconsumer_0.01_300.txt

=======================================================

[1mCleaning up — restarting with defaults (fast consumer, cache on)...[0m
Stopping services and wiping volumes...

  cache:    enabled  (redis-cache :6380, 2MB allkeys-lru)
  consumer: fast
  saga:     fast
  stream:   redis-stream :6379  (no memory limit)

Starting services...
time="2026-04-26T02:50:01+05:30" level=warning msg="/Users/akankshawattamwar/Desktop/CS315/CQRS/docker-compose.yml: the attribute `version` is obsolete, it will be ignored, please remove it to avoid potential confusion"
#1 [internal] load local bake definitions
#1 reading from stdin 1.05kB done
#1 DONE 0.0s

#2 [saga internal] load build definition from Dockerfile
#2 transferring dockerfile: 365B done
#2 DONE 0.0s

#3 [consumer internal] load build definition from Dockerfile
#3 transferring dockerfile: 186B done
#3 DONE 0.0s

#4 [saga internal] load metadata for docker.io/library/python:3.12-slim
#4 DONE 0.5s

#5 [consumer internal] load .dockerignore
#5 transferring context: 2B done
#5 DONE 0.0s

#6 [saga internal] load .dockerignore
#6 transferring context: 2B done
#6 DONE 0.0s

#7 [consumer internal] load build context
#7 transferring context: 308B done
#7 DONE 0.0s

#8 [consumer 1/5] FROM docker.io/library/python:3.12-slim@sha256:46cb7cc2877e60fbd5e21a9ae6115c30ace7a077b9f8772da879e4590c18c2e3
#8 resolve docker.io/library/python:3.12-slim@sha256:46cb7cc2877e60fbd5e21a9ae6115c30ace7a077b9f8772da879e4590c18c2e3 done
#8 DONE 0.0s

#9 [consumer 2/5] WORKDIR /app
#9 CACHED

#10 [saga 2/7] WORKDIR /service
#10 CACHED

#11 [saga internal] load build context
#11 transferring context: 386B done
#11 DONE 0.0s

#12 [consumer 3/5] COPY requirements.txt .
#12 DONE 0.0s

#13 [saga 3/7] COPY saga/requirements.txt saga/
#13 DONE 0.0s

#14 [saga 4/7] RUN pip install --no-cache-dir -r saga/requirements.txt
#14 1.561 Collecting pymongo==4.7.2 (from -r saga/requirements.txt (line 1))
#14 1.665   Downloading pymongo-4.7.2-cp312-cp312-manylinux_2_17_aarch64.manylinux2014_aarch64.whl.metadata (22 kB)
#14 1.730 Collecting redis==5.0.5 (from -r saga/requirements.txt (line 2))
#14 1.756   Downloading redis-5.0.5-py3-none-any.whl.metadata (9.3 kB)
#14 1.818 Collecting psycopg2-binary==2.9.9 (from -r saga/requirements.txt (line 3))
#14 1.836   Downloading psycopg2_binary-2.9.9-cp312-cp312-manylinux_2_17_aarch64.manylinux2014_aarch64.whl.metadata (4.4 kB)
#14 1.864 Collecting dnspython<3.0.0,>=1.16.0 (from pymongo==4.7.2->-r saga/requirements.txt (line 1))
#14 1.882   Downloading dnspython-2.8.0-py3-none-any.whl.metadata (5.7 kB)
#14 1.906 Downloading pymongo-4.7.2-cp312-cp312-manylinux_2_17_aarch64.manylinux2014_aarch64.whl (688 kB)
#14 2.095    ━━━━━━━━━━━━━━━━━━━━━━━━━━━━━━━━━━━━━━━━ 689.0/689.0 kB 3.9 MB/s eta 0:00:00
#14 2.119 Downloading redis-5.0.5-py3-none-any.whl (251 kB)
#14 2.167 Downloading psycopg2_binary-2.9.9-cp312-cp312-manylinux_2_17_aarch64.manylinux2014_aarch64.whl (2.9 MB)
#14 2.946    ━━━━━━━━━━━━━━━━━━━━━━━━━━━━━━━━━━━━━━━━ 2.9/2.9 MB 3.9 MB/s eta 0:00:00
#14 2.975 Downloading dnspython-2.8.0-py3-none-any.whl (331 kB)
#14 3.073 Installing collected packages: redis, psycopg2-binary, dnspython, pymongo
#14 3.386 Successfully installed dnspython-2.8.0 psycopg2-binary-2.9.9 pymongo-4.7.2 redis-5.0.5
#14 3.386 WARNING: Running pip as the 'root' user can result in broken permissions and conflicting behaviour with the system package manager, possibly rendering your system unusable. It is recommended to use a virtual environment instead: https://pip.pypa.io/warnings/venv. Use the --root-user-action option if you know what you are doing and want to suppress this warning.
#14 3.574 
#14 3.574 [notice] A new release of pip is available: 25.0.1 -> 26.0.1
#14 3.574 [notice] To update, run: pip install --upgrade pip
#14 DONE 3.7s

#15 [saga 5/7] COPY write-api/events.py write-api/
#15 DONE 0.0s

#16 [consumer 4/5] RUN pip install --no-cache-dir -r requirements.txt
#16 1.568 Collecting pymongo==4.7.2 (from -r requirements.txt (line 1))
#16 1.687   Downloading pymongo-4.7.2-cp312-cp312-manylinux_2_17_aarch64.manylinux2014_aarch64.whl.metadata (22 kB)
#16 1.764 Collecting redis==5.0.5 (from -r requirements.txt (line 2))
#16 1.790   Downloading redis-5.0.5-py3-none-any.whl.metadata (9.3 kB)
#16 1.864 Collecting psycopg2-binary==2.9.9 (from -r requirements.txt (line 3))
#16 1.893   Downloading psycopg2_binary-2.9.9-cp312-cp312-manylinux_2_17_aarch64.manylinux2014_aarch64.whl.metadata (4.4 kB)
#16 1.919 Collecting dnspython<3.0.0,>=1.16.0 (from pymongo==4.7.2->-r requirements.txt (line 1))
#16 1.942   Downloading dnspython-2.8.0-py3-none-any.whl.metadata (5.7 kB)
#16 2.000 Downloading pymongo-4.7.2-cp312-cp312-manylinux_2_17_aarch64.manylinux2014_aarch64.whl (688 kB)
#16 2.914    ━━━━━━━━━━━━━━━━━━━━━━━━━━━━━━━━━━━━━━━ 689.0/689.0 kB 747.7 kB/s eta 0:00:00
#16 2.976 Downloading redis-5.0.5-py3-none-any.whl (251 kB)
#16 3.129 Downloading psycopg2_binary-2.9.9-cp312-cp312-manylinux_2_17_aarch64.manylinux2014_aarch64.whl (2.9 MB)
#16 ...

#17 [saga 6/7] COPY saga/ saga/
#17 DONE 0.0s

#18 [saga 7/7] WORKDIR /service/saga
#18 DONE 0.0s

#16 [consumer 4/5] RUN pip install --no-cache-dir -r requirements.txt
#16 3.958    ━━━━━━━━━━━━━━━━━━━━━━━━━━━━━━━━━━━━━━━━ 2.9/2.9 MB 3.5 MB/s eta 0:00:00
#16 3.983 Downloading dnspython-2.8.0-py3-none-any.whl (331 kB)
#16 4.058 Installing collected packages: redis, psycopg2-binary, dnspython, pymongo
#16 ...

#19 [saga] exporting to image
#19 exporting layers 0.5s done
#19 exporting manifest sha256:3ba8f6b2927ab8674f61bc2ffb4814c11f8a8dccf736b1975257ea33dbee3836 done
#19 exporting config sha256:519e2ec4afa12bbbd09ba79fcc5900e3322ded49bcaff22448a2667be61c421c done
#19 exporting attestation manifest sha256:2add8c56175457e7569c07587821cd073e0b3bdefb0949267617611d50f2cf62 done
#19 exporting manifest list sha256:0532998eca2af25aeeccb6fcda6815f9675472b286b66c2e7b6c628d43786c13 done
#19 naming to docker.io/library/cqrs-saga:latest done
#19 unpacking to docker.io/library/cqrs-saga:latest 0.1s done
#19 DONE 0.7s

#20 [saga] resolving provenance for metadata file
#20 DONE 0.0s

#16 [consumer 4/5] RUN pip install --no-cache-dir -r requirements.txt
#16 4.400 Successfully installed dnspython-2.8.0 psycopg2-binary-2.9.9 pymongo-4.7.2 redis-5.0.5
#16 4.400 WARNING: Running pip as the 'root' user can result in broken permissions and conflicting behaviour with the system package manager, possibly rendering your system unusable. It is recommended to use a virtual environment instead: https://pip.pypa.io/warnings/venv. Use the --root-user-action option if you know what you are doing and want to suppress this warning.
#16 4.539 
#16 4.539 [notice] A new release of pip is available: 25.0.1 -> 26.0.1
#16 4.539 [notice] To update, run: pip install --upgrade pip
#16 DONE 4.6s

#21 [consumer 5/5] COPY . .
#21 DONE 0.0s

#22 [consumer] exporting to image
#22 exporting layers 0.6s done
#22 exporting manifest sha256:fe7aa6ce1f682e0e4e261d4475d78ff200ae537ff0c0c0b05a287d53a9e36b1a
#22 exporting manifest sha256:fe7aa6ce1f682e0e4e261d4475d78ff200ae537ff0c0c0b05a287d53a9e36b1a done
#22 exporting config sha256:0368f797e02fd508172d4a215a4099e37bd83dcdb51d25f15010dc2a419181dc done
#22 exporting attestation manifest sha256:977ea8a32549720f916a0412e73f60143439d69b3568ff4fe440132482c01026 done
#22 exporting manifest list sha256:0a71188146e1bdca145103a80ef30def9a2714e85a6fd96cadd0aeb89c59a0d5 done
#22 naming to docker.io/library/cqrs-consumer:latest done
#22 unpacking to docker.io/library/cqrs-consumer:latest 0.1s done
#22 DONE 0.7s

#23 [consumer] resolving provenance for metadata file
#23 DONE 0.0s
 cqrs-saga  Built
 cqrs-consumer  Built
time="2026-04-26T02:50:07+05:30" level=warning msg="/Users/akankshawattamwar/Desktop/CS315/CQRS/docker-compose.yml: the attribute `version` is obsolete, it will be ignored, please remove it to avoid potential confusion"
#1 [internal] load local bake definitions
#1 reading from stdin 2.42kB done
#1 DONE 0.0s

#2 [saga internal] load build definition from Dockerfile
#2 transferring dockerfile: 365B done
#2 DONE 0.0s

#3 [read-api internal] load build definition from Dockerfile
#3 transferring dockerfile: 225B done
#3 DONE 0.0s

#4 [frontend internal] load build definition from Dockerfile
#4 transferring dockerfile: 271B done
#4 DONE 0.0s

#5 [consumer internal] load build definition from Dockerfile
#5 transferring dockerfile: 186B done
#5 DONE 0.0s

#6 [write-api internal] load build definition from Dockerfile
#6 transferring dockerfile: 225B done
#6 DONE 0.0s

#7 [write-api internal] load metadata for docker.io/library/python:3.12-slim
#7 DONE 0.4s

#8 [read-api internal] load .dockerignore
#8 transferring context: 2B done
#8 DONE 0.0s

#9 [write-api internal] load .dockerignore
#9 transferring context: 2B done
#9 DONE 0.0s

#10 [saga internal] load .dockerignore
#10 transferring context: 2B done
#10 DONE 0.0s

#11 [consumer internal] load .dockerignore
#11 transferring context: 2B done
#11 DONE 0.0s

#12 [read-api internal] load build context
#12 transferring context: 258B done
#12 DONE 0.0s

#13 [write-api internal] load build context
#13 transferring context: 341B done
#13 DONE 0.0s

#14 [consumer internal] load build context
#14 transferring context: 308B done
#14 DONE 0.0s

#15 [saga 1/5] FROM docker.io/library/python:3.12-slim@sha256:46cb7cc2877e60fbd5e21a9ae6115c30ace7a077b9f8772da879e4590c18c2e3
#15 resolve docker.io/library/python:3.12-slim@sha256:46cb7cc2877e60fbd5e21a9ae6115c30ace7a077b9f8772da879e4590c18c2e3 0.0s done
#15 DONE 0.0s

#16 [saga internal] load build context
#16 transferring context: 386B done
#16 DONE 0.0s

#17 [write-api 3/5] COPY requirements.txt .
#17 CACHED

#18 [write-api 4/5] RUN pip install --no-cache-dir -r requirements.txt
#18 CACHED

#19 [read-api 3/5] COPY requirements.txt .
#19 CACHED

#20 [read-api 4/5] RUN pip install --no-cache-dir -r requirements.txt
#20 CACHED

#21 [read-api 5/5] COPY . .
#21 CACHED

#22 [write-api 5/5] COPY . .
#22 CACHED

#23 [consumer 2/5] WORKDIR /app
#23 CACHED

#24 [consumer 4/5] RUN pip install --no-cache-dir -r requirements.txt
#24 CACHED

#25 [consumer 3/5] COPY requirements.txt .
#25 CACHED

#26 [consumer 5/5] COPY . .
#26 CACHED

#27 [read-api] exporting to image
#27 exporting layers done
#27 exporting manifest sha256:c63ee61fb06e4bd063e843362129b868354c2f94e2566ad3c11bbd0548881470 done
#27 exporting config sha256:46bb870cf8127e2823c379c44ac9a3c0d6ee66fd1b3343341206f22ff23f7f62 done
#27 exporting attestation manifest sha256:d1ce6726051c778f3f433ee5c7f5254ecb9d416e8883ae48706f2add90c8acc1 0.0s done
#27 exporting manifest list sha256:a44c8fea87a6f7c114624a745f826fc376aa1f531ff5aa1e5b643b1afecd0ba7 done
#27 naming to docker.io/library/cqrs-read-api:latest
#27 naming to docker.io/library/cqrs-read-api:latest done
#27 unpacking to docker.io/library/cqrs-read-api:latest done
#27 DONE 0.1s

#28 [saga 3/7] COPY saga/requirements.txt saga/
#28 CACHED

#29 [saga 2/7] WORKDIR /service
#29 CACHED

#30 [saga 5/7] COPY write-api/events.py write-api/
#30 CACHED

#31 [saga 4/7] RUN pip install --no-cache-dir -r saga/requirements.txt
#31 CACHED

#32 [saga 6/7] COPY saga/ saga/
#32 CACHED

#33 [saga 7/7] WORKDIR /service/saga
#33 CACHED

#34 [write-api] exporting to image
#34 exporting layers done
#34 exporting manifest sha256:92a21a99b40b6531c5801222236f42d6aa7bbf8b65d7634fc566f9392602e764 done
#34 exporting config sha256:be9fb26fa271ebf0c525960e70f2e967c21bf78a1eb2b7a7dc06e6d3ff4d3f55 done
#34 exporting attestation manifest sha256:cc999c5376e00e10383a7b0bce7cb1f704133e4792c98c11590d3ce7ca288dba 0.0s done
#34 exporting manifest list sha256:4f0135deefb51e7ecf67edede32b63c7ba7c9f006bb4824ff151007345340f8c done
#34 naming to docker.io/library/cqrs-write-api:latest done
#34 unpacking to docker.io/library/cqrs-write-api:latest done
#34 DONE 0.1s

#35 [consumer] exporting to image
#35 exporting layers done
#35 exporting manifest sha256:fe7aa6ce1f682e0e4e261d4475d78ff200ae537ff0c0c0b05a287d53a9e36b1a done
#35 exporting config sha256:0368f797e02fd508172d4a215a4099e37bd83dcdb51d25f15010dc2a419181dc done
#35 exporting attestation manifest sha256:8f7ed901aa614db7224efcf20560c0101a487e3a71904e7db89de1102d13fd3e 0.0s done
#35 exporting manifest list sha256:95d3e1a7a34cc85b1815158a527d6e16c1a02478eb7f24804cb138ca906216a6 done
#35 naming to docker.io/library/cqrs-consumer:latest done
#35 unpacking to docker.io/library/cqrs-consumer:latest done
#35 DONE 0.1s

#36 [read-api] resolving provenance for metadata file
#36 DONE 0.0s

#37 [saga] exporting to image
#37 exporting layers done
#37 exporting manifest sha256:3ba8f6b2927ab8674f61bc2ffb4814c11f8a8dccf736b1975257ea33dbee3836 done
#37 exporting config sha256:519e2ec4afa12bbbd09ba79fcc5900e3322ded49bcaff22448a2667be61c421c done
#37 exporting attestation manifest sha256:97c4e6c77d14a10c25c44dbd0d0f52908df354b0feb90c28e86578d2fbbbd09a 0.0s done
#37 exporting manifest list sha256:ddfaf84132fa1c4abb46eebdb33a2a555522f42bfacc430617bcbda7fa1f90cd done
#37 naming to docker.io/library/cqrs-saga:latest done
#37 unpacking to docker.io/library/cqrs-saga:latest 0.0s done
#37 DONE 0.1s

#38 [write-api] resolving provenance for metadata file
#38 DONE 0.0s

#39 [consumer] resolving provenance for metadata file
#39 DONE 0.0s

#40 [saga] resolving provenance for metadata file
#40 DONE 0.0s

#41 [frontend internal] load metadata for docker.io/library/node:20-alpine
#41 DONE 0.9s

#42 [frontend internal] load metadata for docker.io/library/nginx:alpine
#42 DONE 0.9s

#43 [frontend internal] load .dockerignore
#43 transferring context: 2B done
#43 DONE 0.0s

#44 [frontend build 1/6] FROM docker.io/library/node:20-alpine@sha256:fb4cd12c85ee03686f6af5362a0b0d56d50c58a04632e6c0fb8363f609372293
#44 resolve docker.io/library/node:20-alpine@sha256:fb4cd12c85ee03686f6af5362a0b0d56d50c58a04632e6c0fb8363f609372293 0.1s done
#44 DONE 0.1s

#45 [frontend stage-1 1/3] FROM docker.io/library/nginx:alpine@sha256:5616878291a2eed594aee8db4dade5878cf7edcb475e59193904b198d9b830de
#45 resolve docker.io/library/nginx:alpine@sha256:5616878291a2eed594aee8db4dade5878cf7edcb475e59193904b198d9b830de 0.1s done
#45 DONE 0.1s

#46 [frontend internal] load build context
#46 transferring context: 185.58kB 0.1s done
#46 DONE 0.1s

#47 [frontend build 6/6] RUN npm run build
#47 CACHED

#48 [frontend build 4/6] RUN npm install
#48 CACHED

#49 [frontend build 5/6] COPY . .
#49 CACHED

#50 [frontend build 3/6] COPY package.json ./
#50 CACHED

#51 [frontend build 2/6] WORKDIR /app
#51 CACHED

#52 [frontend stage-1 2/3] COPY --from=build /app/dist /usr/share/nginx/html
#52 CACHED

#53 [frontend stage-1 3/3] COPY nginx.conf /etc/nginx/conf.d/default.conf
#53 CACHED

#54 [frontend] exporting to image
#54 exporting layers done
#54 exporting manifest sha256:32782dd8e2053c61118ccbb621867087941de406675097f92803716fedafab00 done
#54 exporting config sha256:64d46ad231b32d64275256ac207db88e0b5dd078678dcdc752d464f80305d609 done
#54 exporting attestation manifest sha256:8cfb248a704657a47ea67275b46d544ad9ed2133fa1215aecae674bb0e8c28b6 done
#54 exporting manifest list sha256:a18ecbfc4cb4219ba1426581380ebffa56399e200a5a89b6768ca177335cf63c done
#54 naming to docker.io/library/cqrs-frontend:latest done
#54 unpacking to docker.io/library/cqrs-frontend:latest done
#54 DONE 0.1s

#55 [frontend] resolving provenance for metadata file
#55 DONE 0.0s
 cqrs-write-api  Built
 cqrs-saga  Built
 cqrs-consumer  Built
 cqrs-read-api  Built
 cqrs-frontend  Built
 Network cqrs_default  Creating
 Network cqrs_default  Created
 Volume "cqrs_postgres_data"  Creating
 Volume "cqrs_postgres_data"  Created
 Volume "cqrs_mongo_data"  Creating
 Volume "cqrs_mongo_data"  Created
 Container cqrs-redis-stream-1  Creating
 Container cqrs-mongodb-1  Creating
 Container cqrs-redis-cache-1  Creating
 Container cqrs-postgres-1  Creating
 Container cqrs-mongodb-1  Created
 Container cqrs-redis-stream-1  Created
 Container cqrs-redis-cache-1  Created
 Container cqrs-write-api-1  Creating
 Container cqrs-postgres-1  Created
 Container cqrs-saga-1  Creating
 Container cqrs-consumer-1  Creating
 Container cqrs-read-api-1  Creating
 Container cqrs-consumer-1  Created
 Container cqrs-write-api-1  Created
 Container cqrs-saga-1  Created
 Container cqrs-read-api-1  Created
 Container cqrs-frontend-1  Creating
 Container cqrs-frontend-1  Created
 Container cqrs-redis-stream-1  Starting
 Container cqrs-mongodb-1  Starting
 Container cqrs-postgres-1  Starting
 Container cqrs-redis-cache-1  Starting
 Container cqrs-mongodb-1  Started
 Container cqrs-redis-cache-1  Started
 Container cqrs-redis-stream-1  Started
 Container cqrs-mongodb-1  Waiting
 Container cqrs-redis-stream-1  Waiting
 Container cqrs-redis-cache-1  Waiting
 Container cqrs-postgres-1  Started
 Container cqrs-postgres-1  Waiting
 Container cqrs-mongodb-1  Waiting
 Container cqrs-redis-stream-1  Waiting
 Container cqrs-redis-cache-1  Waiting
 Container cqrs-redis-stream-1  Waiting
 Container cqrs-postgres-1  Waiting
 Container cqrs-mongodb-1  Waiting
 Container cqrs-postgres-1  Waiting
 Container cqrs-redis-stream-1  Healthy
 Container cqrs-redis-cache-1  Healthy
 Container cqrs-redis-stream-1  Healthy
 Container cqrs-postgres-1  Healthy
 Container cqrs-redis-cache-1  Healthy
 Container cqrs-redis-stream-1  Healthy
 Container cqrs-postgres-1  Healthy
 Container cqrs-read-api-1  Starting
 Container cqrs-postgres-1  Healthy
 Container cqrs-read-api-1  Started
 Container cqrs-frontend-1  Starting
 Container cqrs-frontend-1  Started
 Container cqrs-mongodb-1  Healthy
 Container cqrs-write-api-1  Starting
 Container cqrs-mongodb-1  Healthy
 Container cqrs-consumer-1  Starting
 Container cqrs-mongodb-1  Healthy
 Container cqrs-saga-1  Starting
 Container cqrs-saga-1  Started
 Container cqrs-consumer-1  Started
 Container cqrs-write-api-1  Started
Waiting for APIs to be ready...
Clearing MongoDB events and sagas...
time="2026-04-26T02:50:21+05:30" level=warning msg="/Users/akankshawattamwar/Desktop/CS315/CQRS/docker-compose.yml: the attribute `version` is obsolete, it will be ignored, please remove it to avoid potential confusion"
MongoDB cleared
All services up.
Logs: docker compose logs -f [write-api|read-api|consumer|saga]
[32mDone. System back to default state.[0m
