
=======================================================

[1mPHASE 1 of 2 — NO CACHE + SLOW CONSUMER (baseline)[0m
  Restarting with --delay 0.05 --no-cache ...
Stopping services and wiping volumes...

  cache:    DISABLED
  consumer: SLOW (0.05s/event)
  saga:     fast
  stream:   redis-stream :6379  (no memory limit)

Starting services...
time="2026-04-26T02:42:52+05:30" level=warning msg="/Users/akankshawattamwar/Desktop/CS315/CQRS/docker-compose.yml: the attribute `version` is obsolete, it will be ignored, please remove it to avoid potential confusion"
#1 [internal] load local bake definitions
#1 reading from stdin 1.05kB done
#1 DONE 0.0s

#2 [consumer internal] load build definition from Dockerfile
#2 transferring dockerfile: 186B done
#2 DONE 0.0s

#3 [saga internal] load build definition from Dockerfile
#3 transferring dockerfile: 365B done
#3 DONE 0.0s

#4 [consumer internal] load metadata for docker.io/library/python:3.12-slim
#4 DONE 0.4s

#5 [saga internal] load .dockerignore
#5 transferring context: 2B done
#5 DONE 0.0s

#6 [consumer internal] load .dockerignore
#6 transferring context: 2B done
#6 DONE 0.0s

#7 [consumer internal] load build context
#7 transferring context: 308B done
#7 DONE 0.0s

#8 [consumer 1/5] FROM docker.io/library/python:3.12-slim@sha256:46cb7cc2877e60fbd5e21a9ae6115c30ace7a077b9f8772da879e4590c18c2e3
#8 resolve docker.io/library/python:3.12-slim@sha256:46cb7cc2877e60fbd5e21a9ae6115c30ace7a077b9f8772da879e4590c18c2e3 done
#8 DONE 0.0s

#9 [consumer 2/5] WORKDIR /app
#9 CACHED

#10 [saga 2/7] WORKDIR /service
#10 CACHED

#11 [saga internal] load build context
#11 transferring context: 386B done
#11 DONE 0.0s

#12 [consumer 3/5] COPY requirements.txt .
#12 DONE 0.0s

#13 [saga 3/7] COPY saga/requirements.txt saga/
#13 DONE 0.0s

#14 [saga 4/7] RUN pip install --no-cache-dir -r saga/requirements.txt
#14 1.504 Collecting pymongo==4.7.2 (from -r saga/requirements.txt (line 1))
#14 1.607   Downloading pymongo-4.7.2-cp312-cp312-manylinux_2_17_aarch64.manylinux2014_aarch64.whl.metadata (22 kB)
#14 1.680 Collecting redis==5.0.5 (from -r saga/requirements.txt (line 2))
#14 1.715   Downloading redis-5.0.5-py3-none-any.whl.metadata (9.3 kB)
#14 1.813 Collecting psycopg2-binary==2.9.9 (from -r saga/requirements.txt (line 3))
#14 1.839   Downloading psycopg2_binary-2.9.9-cp312-cp312-manylinux_2_17_aarch64.manylinux2014_aarch64.whl.metadata (4.4 kB)
#14 1.876 Collecting dnspython<3.0.0,>=1.16.0 (from pymongo==4.7.2->-r saga/requirements.txt (line 1))
#14 1.898   Downloading dnspython-2.8.0-py3-none-any.whl.metadata (5.7 kB)
#14 1.920 Downloading pymongo-4.7.2-cp312-cp312-manylinux_2_17_aarch64.manylinux2014_aarch64.whl (688 kB)
#14 2.216    ━━━━━━━━━━━━━━━━━━━━━━━━━━━━━━━━━━━━━━━━ 689.0/689.0 kB 2.8 MB/s eta 0:00:00
#14 2.244 Downloading redis-5.0.5-py3-none-any.whl (251 kB)
#14 2.371 Downloading psycopg2_binary-2.9.9-cp312-cp312-manylinux_2_17_aarch64.manylinux2014_aarch64.whl (2.9 MB)
#14 3.592    ━━━━━━━━━━━━━━━━━━━━━━━━━━━━━━━━━━━━━━━━ 2.9/2.9 MB 2.3 MB/s eta 0:00:00
#14 3.690 Downloading dnspython-2.8.0-py3-none-any.whl (331 kB)
#14 3.742 Installing collected packages: redis, psycopg2-binary, dnspython, pymongo
#14 4.043 Successfully installed dnspython-2.8.0 psycopg2-binary-2.9.9 pymongo-4.7.2 redis-5.0.5
#14 4.043 WARNING: Running pip as the 'root' user can result in broken permissions and conflicting behaviour with the system package manager, possibly rendering your system unusable. It is recommended to use a virtual environment instead: https://pip.pypa.io/warnings/venv. Use the --root-user-action option if you know what you are doing and want to suppress this warning.
#14 4.182 
#14 4.182 [notice] A new release of pip is available: 25.0.1 -> 26.0.1
#14 4.182 [notice] To update, run: pip install --upgrade pip
#14 DONE 4.2s

#15 [consumer 4/5] RUN pip install --no-cache-dir -r requirements.txt
#15 1.505 Collecting pymongo==4.7.2 (from -r requirements.txt (line 1))
#15 1.614   Downloading pymongo-4.7.2-cp312-cp312-manylinux_2_17_aarch64.manylinux2014_aarch64.whl.metadata (22 kB)
#15 1.701 Collecting redis==5.0.5 (from -r requirements.txt (line 2))
#15 1.725   Downloading redis-5.0.5-py3-none-any.whl.metadata (9.3 kB)
#15 1.822 Collecting psycopg2-binary==2.9.9 (from -r requirements.txt (line 3))
#15 1.849   Downloading psycopg2_binary-2.9.9-cp312-cp312-manylinux_2_17_aarch64.manylinux2014_aarch64.whl.metadata (4.4 kB)
#15 1.883 Collecting dnspython<3.0.0,>=1.16.0 (from pymongo==4.7.2->-r requirements.txt (line 1))
#15 1.907   Downloading dnspython-2.8.0-py3-none-any.whl.metadata (5.7 kB)
#15 1.931 Downloading pymongo-4.7.2-cp312-cp312-manylinux_2_17_aarch64.manylinux2014_aarch64.whl (688 kB)
#15 2.178    ━━━━━━━━━━━━━━━━━━━━━━━━━━━━━━━━━━━━━━━━ 689.0/689.0 kB 4.0 MB/s eta 0:00:00
#15 2.209 Downloading redis-5.0.5-py3-none-any.whl (251 kB)
#15 2.280 Downloading psycopg2_binary-2.9.9-cp312-cp312-manylinux_2_17_aarch64.manylinux2014_aarch64.whl (2.9 MB)
#15 3.458    ━━━━━━━━━━━━━━━━━━━━━━━━━━━━━━━━━━━━━━━━ 2.9/2.9 MB 2.4 MB/s eta 0:00:00
#15 3.479 Downloading dnspython-2.8.0-py3-none-any.whl (331 kB)
#15 3.562 Installing collected packages: redis, psycopg2-binary, dnspython, pymongo
#15 3.872 Successfully installed dnspython-2.8.0 psycopg2-binary-2.9.9 pymongo-4.7.2 redis-5.0.5
#15 3.873 WARNING: Running pip as the 'root' user can result in broken permissions and conflicting behaviour with the system package manager, possibly rendering your system unusable. It is recommended to use a virtual environment instead: https://pip.pypa.io/warnings/venv. Use the --root-user-action option if you know what you are doing and want to suppress this warning.
#15 4.113 
#15 4.113 [notice] A new release of pip is available: 25.0.1 -> 26.0.1
#15 4.113 [notice] To update, run: pip install --upgrade pip
#15 DONE 4.2s

#16 [consumer 5/5] COPY . .
#16 DONE 0.0s

#17 [saga 5/7] COPY write-api/events.py write-api/
#17 DONE 0.0s

#18 [saga 6/7] COPY saga/ saga/
#18 DONE 0.0s

#19 [saga 7/7] WORKDIR /service/saga
#19 DONE 0.0s

#20 [saga] exporting to image
#20 exporting layers
#20 exporting layers 0.5s done
#20 exporting manifest sha256:cd482021b39b180c59a14d736486a349bac1767fb62151f208bae0c04c064daf done
#20 exporting config sha256:77854b912efec8ee9e4daf1e97fd46ed45972d09943003e041da448d3aae4839 done
#20 exporting attestation manifest sha256:f28ca9d05ab0325818964c9e7b543b8d7b729668e3025ed53be91116a013a1a6 done
#20 exporting manifest list sha256:dedab03011680b37bb941a3393f0a286c2cbbe937955576fa3c8510763cab9a4 done
#20 naming to docker.io/library/cqrs-saga:latest done
#20 unpacking to docker.io/library/cqrs-saga:latest
#20 ...

#21 [consumer] exporting to image
#21 exporting layers 0.5s done
#21 exporting manifest sha256:90e061133aee393c7e1c4cee5c048d4ce80a0f5eeddb8ebc97696b6d7617cb28 done
#21 exporting config sha256:4371f761a2572d1efcdbf9be873f3b90c14dd70077fb3608601266f20f170343 done
#21 exporting attestation manifest sha256:7ea2c0455b38211b0907303dd066457ef0fa6c91edb9a94a25f3995b0f95ef76 done
#21 exporting manifest list sha256:189b2999bf39ec926f0b8e2ba8adc59d9d5e5d3f1571f602320ff45050090190 done
#21 naming to docker.io/library/cqrs-consumer:latest done
#21 unpacking to docker.io/library/cqrs-consumer:latest 0.1s done
#21 DONE 0.7s

#22 [consumer] resolving provenance for metadata file
#22 DONE 0.0s

#20 [saga] exporting to image
#20 unpacking to docker.io/library/cqrs-saga:latest 0.2s done
#20 DONE 0.7s

#23 [saga] resolving provenance for metadata file
#23 DONE 0.0s
 cqrs-saga  Built
 cqrs-consumer  Built
time="2026-04-26T02:42:58+05:30" level=warning msg="/Users/akankshawattamwar/Desktop/CS315/CQRS/docker-compose.yml: the attribute `version` is obsolete, it will be ignored, please remove it to avoid potential confusion"
#1 [internal] load local bake definitions
#1 reading from stdin 2.42kB done
#1 DONE 0.0s

#2 [saga internal] load build definition from Dockerfile
#2 transferring dockerfile: 365B done
#2 DONE 0.0s

#3 [frontend internal] load build definition from Dockerfile
#3 transferring dockerfile: 271B done
#3 DONE 0.0s

#4 [read-api internal] load build definition from Dockerfile
#4 transferring dockerfile: 225B done
#4 DONE 0.0s

#5 [write-api internal] load build definition from Dockerfile
#5 transferring dockerfile: 225B done
#5 DONE 0.0s

#6 [consumer internal] load build definition from Dockerfile
#6 transferring dockerfile: 186B done
#6 DONE 0.0s

#7 [consumer internal] load metadata for docker.io/library/python:3.12-slim
#7 DONE 0.4s

#8 [consumer internal] load .dockerignore
#8 transferring context: 2B done
#8 DONE 0.0s

#9 [write-api internal] load .dockerignore
#9 transferring context: 2B done
#9 DONE 0.0s

#10 [saga internal] load .dockerignore
#10 transferring context: 2B done
#10 DONE 0.0s

#11 [read-api internal] load .dockerignore
#11 transferring context: 2B done
#11 DONE 0.0s

#12 [consumer internal] load build context
#12 transferring context: 308B done
#12 DONE 0.0s

#13 [write-api internal] load build context
#13 transferring context: 341B done
#13 DONE 0.0s

#14 [read-api internal] load build context
#14 transferring context: 258B done
#14 DONE 0.0s

#15 [saga 1/5] FROM docker.io/library/python:3.12-slim@sha256:46cb7cc2877e60fbd5e21a9ae6115c30ace7a077b9f8772da879e4590c18c2e3
#15 resolve docker.io/library/python:3.12-slim@sha256:46cb7cc2877e60fbd5e21a9ae6115c30ace7a077b9f8772da879e4590c18c2e3 0.0s done
#15 DONE 0.0s

#16 [saga internal] load build context
#16 transferring context: 386B done
#16 DONE 0.0s

#17 [write-api 3/5] COPY requirements.txt .
#17 CACHED

#18 [write-api 4/5] RUN pip install --no-cache-dir -r requirements.txt
#18 CACHED

#19 [consumer 3/5] COPY requirements.txt .
#19 CACHED

#20 [consumer 4/5] RUN pip install --no-cache-dir -r requirements.txt
#20 CACHED

#21 [write-api 5/5] COPY . .
#21 CACHED

#22 [consumer 5/5] COPY . .
#22 CACHED

#23 [read-api 2/5] WORKDIR /app
#23 CACHED

#24 [read-api 4/5] RUN pip install --no-cache-dir -r requirements.txt
#24 CACHED

#25 [read-api 3/5] COPY requirements.txt .
#25 CACHED

#26 [read-api 5/5] COPY . .
#26 CACHED

#27 [write-api] exporting to image
#27 exporting layers done
#27 exporting manifest sha256:92a21a99b40b6531c5801222236f42d6aa7bbf8b65d7634fc566f9392602e764 done
#27 exporting config sha256:be9fb26fa271ebf0c525960e70f2e967c21bf78a1eb2b7a7dc06e6d3ff4d3f55 done
#27 exporting attestation manifest sha256:e88fed810c2905a9c586669eed02b5becda9a441acc206fd27db74f3cb539a7c 0.0s done
#27 exporting manifest list sha256:0f9bfd5da1f798704dea720725bf1fed225a88490614eb55dd942d468e46b93a done
#27 naming to docker.io/library/cqrs-write-api:latest done
#27 unpacking to docker.io/library/cqrs-write-api:latest done
#27 DONE 0.1s

#28 [saga 4/7] RUN pip install --no-cache-dir -r saga/requirements.txt
#28 CACHED

#29 [saga 5/7] COPY write-api/events.py write-api/
#29 CACHED

#30 [saga 3/7] COPY saga/requirements.txt saga/
#30 CACHED

#31 [saga 6/7] COPY saga/ saga/
#31 CACHED

#32 [saga 2/7] WORKDIR /service
#32 CACHED

#33 [saga 7/7] WORKDIR /service/saga
#33 CACHED

#34 [read-api] exporting to image
#34 exporting layers done
#34 exporting manifest sha256:c63ee61fb06e4bd063e843362129b868354c2f94e2566ad3c11bbd0548881470 done
#34 exporting config sha256:46bb870cf8127e2823c379c44ac9a3c0d6ee66fd1b3343341206f22ff23f7f62 done
#34 exporting attestation manifest sha256:4bd28e89d2b92c685bf5c93e6d4705f67909b41deca0d4d0beb546da129fe5fb 0.0s done
#34 exporting manifest list sha256:09599b0473c80ea3d8792f407f93e0e683b05ed7aacc72b5cf2b10269b89a5f5 done
#34 naming to docker.io/library/cqrs-read-api:latest done
#34 unpacking to docker.io/library/cqrs-read-api:latest done
#34 DONE 0.1s

#35 [consumer] exporting to image
#35 exporting layers done
#35 exporting manifest sha256:90e061133aee393c7e1c4cee5c048d4ce80a0f5eeddb8ebc97696b6d7617cb28 done
#35 exporting config sha256:4371f761a2572d1efcdbf9be873f3b90c14dd70077fb3608601266f20f170343 done
#35 exporting attestation manifest sha256:7715e3174198ebfe7db25d40c126bde4f4d1a973d0f437c2340b5d9b158f1b91 0.0s done
#35 exporting manifest list sha256:d7bdc67fb92ccf081861fa1a6958f9dffe1019d2ca1a6dff2185b5027de32baf done
#35 naming to docker.io/library/cqrs-consumer:latest done
#35 unpacking to docker.io/library/cqrs-consumer:latest done
#35 DONE 0.1s

#36 [saga] exporting to image
#36 exporting layers done
#36 exporting manifest sha256:cd482021b39b180c59a14d736486a349bac1767fb62151f208bae0c04c064daf done
#36 exporting config sha256:77854b912efec8ee9e4daf1e97fd46ed45972d09943003e041da448d3aae4839 done
#36 exporting attestation manifest sha256:fb92f3e6dd1afb0206b1c333e67bab0dcce86428e7ea6e84ed8fb17f018cdb29 done
#36 exporting manifest list sha256:10a207d7d3d0c86cb97873b5751a686627e9fb9700fe723866593d75aaddccb5 done
#36 naming to docker.io/library/cqrs-saga:latest done
#36 unpacking to docker.io/library/cqrs-saga:latest done
#36 DONE 0.1s

#37 [write-api] resolving provenance for metadata file
#37 DONE 0.0s

#38 [read-api] resolving provenance for metadata file
#38 DONE 0.0s

#39 [consumer] resolving provenance for metadata file
#39 DONE 0.0s

#40 [saga] resolving provenance for metadata file
#40 DONE 0.0s

#41 [frontend internal] load metadata for docker.io/library/node:20-alpine
#41 DONE 1.0s

#42 [frontend internal] load metadata for docker.io/library/nginx:alpine
#42 DONE 1.0s

#43 [frontend internal] load .dockerignore
#43 transferring context: 2B done
#43 DONE 0.0s

#44 [frontend stage-1 1/3] FROM docker.io/library/nginx:alpine@sha256:5616878291a2eed594aee8db4dade5878cf7edcb475e59193904b198d9b830de
#44 resolve docker.io/library/nginx:alpine@sha256:5616878291a2eed594aee8db4dade5878cf7edcb475e59193904b198d9b830de done
#44 DONE 0.0s

#45 [frontend build 1/6] FROM docker.io/library/node:20-alpine@sha256:fb4cd12c85ee03686f6af5362a0b0d56d50c58a04632e6c0fb8363f609372293
#45 resolve docker.io/library/node:20-alpine@sha256:fb4cd12c85ee03686f6af5362a0b0d56d50c58a04632e6c0fb8363f609372293 done
#45 DONE 0.0s

#46 [frontend internal] load build context
#46 transferring context: 185.58kB 0.1s done
#46 DONE 0.1s

#47 [frontend build 3/6] COPY package.json ./
#47 CACHED

#48 [frontend build 2/6] WORKDIR /app
#48 CACHED

#49 [frontend stage-1 2/3] COPY --from=build /app/dist /usr/share/nginx/html
#49 CACHED

#50 [frontend build 4/6] RUN npm install
#50 CACHED

#51 [frontend build 6/6] RUN npm run build
#51 CACHED

#52 [frontend build 5/6] COPY . .
#52 CACHED

#53 [frontend stage-1 3/3] COPY nginx.conf /etc/nginx/conf.d/default.conf
#53 CACHED

#54 [frontend] exporting to image
#54 exporting layers done
#54 exporting manifest sha256:32782dd8e2053c61118ccbb621867087941de406675097f92803716fedafab00 done
#54 exporting config sha256:64d46ad231b32d64275256ac207db88e0b5dd078678dcdc752d464f80305d609 done
#54 exporting attestation manifest sha256:a2a34ee772116c4ff69541eab543c128309be72ae24929bdf2a38e6f20b4ddc2 done
#54 exporting manifest list sha256:19c439585dda760971178238d6a36f2af128ee475e585dab4bf5f27b3212f2a9 done
#54 naming to docker.io/library/cqrs-frontend:latest done
#54 unpacking to docker.io/library/cqrs-frontend:latest done
#54 DONE 0.0s

#55 [frontend] resolving provenance for metadata file
#55 DONE 0.0s
 cqrs-read-api  Built
 cqrs-frontend  Built
 cqrs-consumer  Built
 cqrs-saga  Built
 cqrs-write-api  Built
 Network cqrs_default  Creating
 Network cqrs_default  Created
 Volume "cqrs_mongo_data"  Creating
 Volume "cqrs_mongo_data"  Created
 Volume "cqrs_postgres_data"  Creating
 Volume "cqrs_postgres_data"  Created
 Container cqrs-redis-cache-1  Creating
 Container cqrs-mongodb-1  Creating
 Container cqrs-redis-stream-1  Creating
 Container cqrs-postgres-1  Creating
 Container cqrs-mongodb-1  Created
 Container cqrs-redis-stream-1  Created
 Container cqrs-redis-cache-1  Created
 Container cqrs-write-api-1  Creating
 Container cqrs-postgres-1  Created
 Container cqrs-consumer-1  Creating
 Container cqrs-read-api-1  Creating
 Container cqrs-saga-1  Creating
 Container cqrs-consumer-1  Created
 Container cqrs-write-api-1  Created
 Container cqrs-read-api-1  Created
 Container cqrs-frontend-1  Creating
 Container cqrs-saga-1  Created
 Container cqrs-frontend-1  Created
 Container cqrs-mongodb-1  Starting
 Container cqrs-postgres-1  Starting
 Container cqrs-redis-stream-1  Starting
 Container cqrs-redis-cache-1  Starting
 Container cqrs-redis-cache-1  Started
 Container cqrs-postgres-1  Started
 Container cqrs-postgres-1  Waiting
 Container cqrs-redis-cache-1  Waiting
 Container cqrs-redis-stream-1  Started
 Container cqrs-mongodb-1  Started
 Container cqrs-mongodb-1  Waiting
 Container cqrs-redis-stream-1  Waiting
 Container cqrs-mongodb-1  Waiting
 Container cqrs-postgres-1  Waiting
 Container cqrs-mongodb-1  Waiting
 Container cqrs-redis-stream-1  Waiting
 Container cqrs-postgres-1  Waiting
 Container cqrs-redis-stream-1  Waiting
 Container cqrs-redis-cache-1  Waiting
 Container cqrs-redis-cache-1  Healthy
 Container cqrs-redis-cache-1  Healthy
 Container cqrs-postgres-1  Healthy
 Container cqrs-read-api-1  Starting
 Container cqrs-postgres-1  Healthy
 Container cqrs-redis-stream-1  Healthy
 Container cqrs-redis-stream-1  Healthy
 Container cqrs-postgres-1  Healthy
 Container cqrs-redis-stream-1  Healthy
 Container cqrs-read-api-1  Started
 Container cqrs-frontend-1  Starting
 Container cqrs-frontend-1  Started
 Container cqrs-mongodb-1  Healthy
 Container cqrs-saga-1  Starting
 Container cqrs-mongodb-1  Healthy
 Container cqrs-mongodb-1  Healthy
 Container cqrs-write-api-1  Starting
 Container cqrs-consumer-1  Starting
 Container cqrs-consumer-1  Started
 Container cqrs-saga-1  Started
 Container cqrs-write-api-1  Started
Waiting for APIs to be ready...
Clearing MongoDB events and sagas...
time="2026-04-26T02:43:12+05:30" level=warning msg="/Users/akankshawattamwar/Desktop/CS315/CQRS/docker-compose.yml: the attribute `version` is obsolete, it will be ignored, please remove it to avoid potential confusion"
MongoDB cleared
All services up.
Logs: docker compose logs -f [write-api|read-api|consumer|saga]

=======================================================

[34mRunning benchmark (N=200, consumer delay=0.05s/event) — no cache...[0m

[1m[94m=======================================================[0m
[1m[94m  READER BENCHMARK — Read-Your-Writes Lag (baseline)[0m
[1m[94m=======================================================[0m
  [93m→[0m  Placing 200 orders sequentially and measuring GET-after-POST lag
  [93m→[0m  Poll interval: 2ms (so floor resolution ≈ 2ms)
    ...10/200 orders placed & read
    ...20/200 orders placed & read
    ...30/200 orders placed & read
    ...40/200 orders placed & read
    ...50/200 orders placed & read
    ...60/200 orders placed & read
    ...70/200 orders placed & read
    ...80/200 orders placed & read
    ...90/200 orders placed & read
    ...100/200 orders placed & read
    ...110/200 orders placed & read
    ...120/200 orders placed & read
    ...130/200 orders placed & read
    ...140/200 orders placed & read
    ...150/200 orders placed & read
    ...160/200 orders placed & read
    ...170/200 orders placed & read
    ...180/200 orders placed & read
    ...190/200 orders placed & read
    ...200/200 orders placed & read

  [1mResults  (N=200, failures=0, wall=50.2s)[0m
  metric             p50       p95       p99       max      mean
  POST ms            2.9       4.3      11.3      12.9       3.1
  RYW lag ms       256.0     262.5     267.2     273.2     248.0
  polls               37        39        40        40      35.8

  [1mRYW lag distribution[0m
  [    0 –     5 ms]     0  
  [    5 –    10 ms]     0  
  [   10 –    20 ms]     0  
  [   20 –    50 ms]     0  
  [   50 –   100 ms]     1  
  [  100 –   250 ms]    35  ██████
  [  250 –   500 ms]   164  ██████████████████████████████
  [  500 –  1000 ms]     0  
  [ 1000 – 10000 ms]     0  
  [92m✓[0m  Raw samples written to /tmp/reader_baseline.csv
  [93m→[0m  After implementing the cache, rerun the same command and diff the RYW lag.

=======================================================

[1mPHASE 2 of 2 — CACHE ENABLED + SLOW CONSUMER[0m
  Restarting with --delay 0.05 (cache on) ...
Stopping services and wiping volumes...

  cache:    enabled  (redis-cache :6380, 2MB allkeys-lru)
  consumer: SLOW (0.05s/event)
  saga:     fast
  stream:   redis-stream :6379  (no memory limit)

Starting services...
time="2026-04-26T02:44:13+05:30" level=warning msg="/Users/akankshawattamwar/Desktop/CS315/CQRS/docker-compose.yml: the attribute `version` is obsolete, it will be ignored, please remove it to avoid potential confusion"
#1 [internal] load local bake definitions
#1 reading from stdin 1.05kB done
#1 DONE 0.0s

#2 [saga internal] load build definition from Dockerfile
#2 transferring dockerfile: 365B done
#2 DONE 0.0s

#3 [consumer internal] load build definition from Dockerfile
#3 transferring dockerfile: 186B done
#3 DONE 0.0s

#4 [saga internal] load metadata for docker.io/library/python:3.12-slim
#4 DONE 1.1s

#5 [consumer internal] load .dockerignore
#5 transferring context: 2B done
#5 DONE 0.0s

#6 [saga internal] load .dockerignore
#6 transferring context: 2B done
#6 DONE 0.0s

#7 [consumer internal] load build context
#7 transferring context: 308B done
#7 DONE 0.0s

#8 [consumer 1/5] FROM docker.io/library/python:3.12-slim@sha256:46cb7cc2877e60fbd5e21a9ae6115c30ace7a077b9f8772da879e4590c18c2e3
#8 resolve docker.io/library/python:3.12-slim@sha256:46cb7cc2877e60fbd5e21a9ae6115c30ace7a077b9f8772da879e4590c18c2e3 done
#8 DONE 0.0s

#9 [consumer 2/5] WORKDIR /app
#9 CACHED

#10 [saga 2/7] WORKDIR /service
#10 CACHED

#11 [saga internal] load build context
#11 transferring context: 386B done
#11 DONE 0.0s

#12 [consumer 3/5] COPY requirements.txt .
#12 DONE 0.0s

#13 [saga 3/7] COPY saga/requirements.txt saga/
#13 DONE 0.0s

#14 [saga 4/7] RUN pip install --no-cache-dir -r saga/requirements.txt
#14 1.313 Collecting pymongo==4.7.2 (from -r saga/requirements.txt (line 1))
#14 1.531   Downloading pymongo-4.7.2-cp312-cp312-manylinux_2_17_aarch64.manylinux2014_aarch64.whl.metadata (22 kB)
#14 1.636 Collecting redis==5.0.5 (from -r saga/requirements.txt (line 2))
#14 1.658   Downloading redis-5.0.5-py3-none-any.whl.metadata (9.3 kB)
#14 1.763 Collecting psycopg2-binary==2.9.9 (from -r saga/requirements.txt (line 3))
#14 1.795   Downloading psycopg2_binary-2.9.9-cp312-cp312-manylinux_2_17_aarch64.manylinux2014_aarch64.whl.metadata (4.4 kB)
#14 1.822 Collecting dnspython<3.0.0,>=1.16.0 (from pymongo==4.7.2->-r saga/requirements.txt (line 1))
#14 1.842   Downloading dnspython-2.8.0-py3-none-any.whl.metadata (5.7 kB)
#14 1.874 Downloading pymongo-4.7.2-cp312-cp312-manylinux_2_17_aarch64.manylinux2014_aarch64.whl (688 kB)
#14 2.112    ━━━━━━━━━━━━━━━━━━━━━━━━━━━━━━━━━━━━━━━━ 689.0/689.0 kB 3.6 MB/s eta 0:00:00
#14 2.139 Downloading redis-5.0.5-py3-none-any.whl (251 kB)
#14 2.246 Downloading psycopg2_binary-2.9.9-cp312-cp312-manylinux_2_17_aarch64.manylinux2014_aarch64.whl (2.9 MB)
#14 3.198    ━━━━━━━━━━━━━━━━━━━━━━━━━━━━━━━━━━━━━━━━ 2.9/2.9 MB 2.9 MB/s eta 0:00:00
#14 3.230 Downloading dnspython-2.8.0-py3-none-any.whl (331 kB)
#14 3.325 Installing collected packages: redis, psycopg2-binary, dnspython, pymongo
#14 3.632 Successfully installed dnspython-2.8.0 psycopg2-binary-2.9.9 pymongo-4.7.2 redis-5.0.5
#14 3.632 WARNING: Running pip as the 'root' user can result in broken permissions and conflicting behaviour with the system package manager, possibly rendering your system unusable. It is recommended to use a virtual environment instead: https://pip.pypa.io/warnings/venv. Use the --root-user-action option if you know what you are doing and want to suppress this warning.
#14 3.790 
#14 3.790 [notice] A new release of pip is available: 25.0.1 -> 26.0.1
#14 3.790 [notice] To update, run: pip install --upgrade pip
#14 DONE 3.9s

#15 [saga 5/7] COPY write-api/events.py write-api/
#15 DONE 0.0s

#16 [saga 6/7] COPY saga/ saga/
#16 DONE 0.0s

#17 [consumer 4/5] RUN pip install --no-cache-dir -r requirements.txt
#17 1.388 Collecting pymongo==4.7.2 (from -r requirements.txt (line 1))
#17 1.538   Downloading pymongo-4.7.2-cp312-cp312-manylinux_2_17_aarch64.manylinux2014_aarch64.whl.metadata (22 kB)
#17 1.646 Collecting redis==5.0.5 (from -r requirements.txt (line 2))
#17 1.663   Downloading redis-5.0.5-py3-none-any.whl.metadata (9.3 kB)
#17 1.825 Collecting psycopg2-binary==2.9.9 (from -r requirements.txt (line 3))
#17 1.847   Downloading psycopg2_binary-2.9.9-cp312-cp312-manylinux_2_17_aarch64.manylinux2014_aarch64.whl.metadata (4.4 kB)
#17 1.876 Collecting dnspython<3.0.0,>=1.16.0 (from pymongo==4.7.2->-r requirements.txt (line 1))
#17 1.900   Downloading dnspython-2.8.0-py3-none-any.whl.metadata (5.7 kB)
#17 1.946 Downloading pymongo-4.7.2-cp312-cp312-manylinux_2_17_aarch64.manylinux2014_aarch64.whl (688 kB)
#17 2.980    ━━━━━━━━━━━━━━━━━━━━━━━━━━━━━━━━━━━━━━━ 689.0/689.0 kB 606.4 kB/s eta 0:00:00
#17 3.054 Downloading redis-5.0.5-py3-none-any.whl (251 kB)
#17 3.373 Downloading psycopg2_binary-2.9.9-cp312-cp312-manylinux_2_17_aarch64.manylinux2014_aarch64.whl (2.9 MB)

#17 ...

#18 [saga 7/7] WORKDIR /service/saga
#18 DONE 0.0s

#17 [consumer 4/5] RUN pip install --no-cache-dir -r requirements.txt
#17 4.056    ━━━━━━━━━━━━━━━━━━━━━━━━━━━━━━━━━━━━━━━━ 2.9/2.9 MB 4.4 MB/s eta 0:00:00
#17 4.081 Downloading dnspython-2.8.0-py3-none-any.whl (331 kB)
#17 4.149 Installing collected packages: redis, psycopg2-binary, dnspython, pymongo
#17 4.463 Successfully installed dnspython-2.8.0 psycopg2-binary-2.9.9 pymongo-4.7.2 redis-5.0.5
#17 4.463 WARNING: Running pip as the 'root' user can result in broken permissions and conflicting behaviour with the system package manager, possibly rendering your system unusable. It is recommended to use a virtual environment instead: https://pip.pypa.io/warnings/venv. Use the --root-user-action option if you know what you are doing and want to suppress this warning.
#17 4.596 
#17 4.596 [notice] A new release of pip is available: 25.0.1 -> 26.0.1
#17 4.596 [notice] To update, run: pip install --upgrade pip
#17 DONE 4.7s

#19 [saga] exporting to image
#19 exporting layers 0.5s done
#19 exporting manifest sha256:3208f3ea29694e7be16892e12c461ab73771554827bd95f9d0c05f6d914b9d55 done
#19 exporting config sha256:b09d1c7425d576514896619d6de1002cda879b0d96aa3609ef75bef88fc40cb4 done
#19 exporting attestation manifest sha256:240dbf463731d1a499e88cd63048e1b52560b96b9e11f5fa226150dbe8be2c39 done
#19 exporting manifest list sha256:cfc680017ee9b0fb2d2a7eab96f5cc4f2c83f50f12995e806bd6e125379fb7d8 done
#19 naming to docker.io/library/cqrs-saga:latest done
#19 unpacking to docker.io/library/cqrs-saga:latest 0.1s done
#19 DONE 0.7s

#20 [saga] resolving provenance for metadata file
#20 DONE 0.0s

#21 [consumer 5/5] COPY . .
#21 DONE 0.0s

#22 [consumer] exporting to image
#22 exporting layers 0.5s done
#22 exporting manifest sha256:95834ef13e0283e47ba48afb7ca47a09884a4ee89cafcc51233dec0884e83e83
#22 exporting manifest sha256:95834ef13e0283e47ba48afb7ca47a09884a4ee89cafcc51233dec0884e83e83 done
#22 exporting config sha256:cf9cb8dba229c06f1838a34729bbd53fdf676089ae85cb4cbcb15639de1c0176 done
#22 exporting attestation manifest sha256:29e094515e538c21939ea5adccb29fb1434a90d9923368b06b1f46886606dfe4 done
#22 exporting manifest list sha256:a8daa63788486e4e188026375a398afbd433f617c1ee978472a9edc47f0774ae done
#22 naming to docker.io/library/cqrs-consumer:latest done
#22 unpacking to docker.io/library/cqrs-consumer:latest 0.1s done
#22 DONE 0.7s

#23 [consumer] resolving provenance for metadata file
#23 DONE 0.0s
 cqrs-saga  Built
 cqrs-consumer  Built
time="2026-04-26T02:44:20+05:30" level=warning msg="/Users/akankshawattamwar/Desktop/CS315/CQRS/docker-compose.yml: the attribute `version` is obsolete, it will be ignored, please remove it to avoid potential confusion"
#1 [internal] load local bake definitions
#1 reading from stdin 2.42kB done
#1 DONE 0.0s

#2 [consumer internal] load build definition from Dockerfile
#2 transferring dockerfile: 186B done
#2 DONE 0.0s

#3 [read-api internal] load build definition from Dockerfile
#3 transferring dockerfile: 225B done
#3 DONE 0.0s

#4 [saga internal] load build definition from Dockerfile
#4 transferring dockerfile: 365B done
#4 DONE 0.0s

#5 [frontend internal] load build definition from Dockerfile
#5 transferring dockerfile: 271B done
#5 DONE 0.0s

#6 [write-api internal] load build definition from Dockerfile
#6 transferring dockerfile: 225B done
#6 DONE 0.0s

#7 [write-api internal] load metadata for docker.io/library/python:3.12-slim
#7 DONE 0.4s

#8 [write-api internal] load .dockerignore
#8 transferring context: 2B done
#8 DONE 0.0s

#9 [consumer internal] load .dockerignore
#9 transferring context: 2B done
#9 DONE 0.0s

#10 [saga internal] load .dockerignore
#10 transferring context: 2B done
#10 DONE 0.0s

#11 [read-api internal] load .dockerignore
#11 transferring context: 2B done
#11 DONE 0.0s

#12 [write-api internal] load build context
#12 transferring context: 341B done
#12 DONE 0.0s

#13 [consumer internal] load build context
#13 transferring context: 308B done
#13 DONE 0.0s

#14 [read-api internal] load build context
#14 transferring context: 258B done
#14 DONE 0.0s

#15 [consumer 1/5] FROM docker.io/library/python:3.12-slim@sha256:46cb7cc2877e60fbd5e21a9ae6115c30ace7a077b9f8772da879e4590c18c2e3
#15 resolve docker.io/library/python:3.12-slim@sha256:46cb7cc2877e60fbd5e21a9ae6115c30ace7a077b9f8772da879e4590c18c2e3 0.0s done
#15 DONE 0.0s

#16 [saga internal] load build context
#16 transferring context: 386B done
#16 DONE 0.0s

#17 [write-api 4/5] RUN pip install --no-cache-dir -r requirements.txt
#17 CACHED

#18 [write-api 3/5] COPY requirements.txt .
#18 CACHED

#19 [read-api 3/5] COPY requirements.txt .
#19 CACHED

#20 [read-api 4/5] RUN pip install --no-cache-dir -r requirements.txt
#20 CACHED

#21 [read-api 5/5] COPY . .
#21 CACHED

#22 [write-api 5/5] COPY . .
#22 CACHED

#23 [consumer 2/5] WORKDIR /app
#23 CACHED

#24 [consumer 3/5] COPY requirements.txt .
#24 CACHED

#25 [consumer 4/5] RUN pip install --no-cache-dir -r requirements.txt
#25 CACHED

#26 [consumer 5/5] COPY . .
#26 CACHED

#27 [read-api] exporting to image
#27 exporting layers done
#27 exporting manifest sha256:c63ee61fb06e4bd063e843362129b868354c2f94e2566ad3c11bbd0548881470 done
#27 exporting config sha256:46bb870cf8127e2823c379c44ac9a3c0d6ee66fd1b3343341206f22ff23f7f62 done
#27 exporting attestation manifest sha256:0a69cd23aa55001f3135d5104434483263436742e28a77b3f6ae3b5f4b751ea5 0.0s done
#27 exporting manifest list sha256:890eb572a0930824479b9059337862d583412811f8d95b5edf33ff085df589fd done
#27 naming to docker.io/library/cqrs-read-api:latest
#27 naming to docker.io/library/cqrs-read-api:latest done
#27 unpacking to docker.io/library/cqrs-read-api:latest done
#27 DONE 0.1s

#28 [saga 5/7] COPY write-api/events.py write-api/
#28 CACHED

#29 [saga 3/7] COPY saga/requirements.txt saga/
#29 CACHED

#30 [saga 6/7] COPY saga/ saga/
#30 CACHED

#31 [saga 2/7] WORKDIR /service
#31 CACHED

#32 [saga 4/7] RUN pip install --no-cache-dir -r saga/requirements.txt
#32 CACHED

#33 [saga 7/7] WORKDIR /service/saga
#33 CACHED

#34 [write-api] exporting to image
#34 exporting layers done
#34 exporting manifest sha256:92a21a99b40b6531c5801222236f42d6aa7bbf8b65d7634fc566f9392602e764 done
#34 exporting config sha256:be9fb26fa271ebf0c525960e70f2e967c21bf78a1eb2b7a7dc06e6d3ff4d3f55 done
#34 exporting attestation manifest sha256:bda1531794dfcc528e58951a33e1a33a30a6ab7cde90fb0bc783282c3471b31e 0.0s done
#34 exporting manifest list sha256:03127cdb997a2f9afd217804a38556fd076a04f135faabb2b39372babd9cf6a0 done
#34 naming to docker.io/library/cqrs-write-api:latest done
#34 unpacking to docker.io/library/cqrs-write-api:latest done
#34 DONE 0.1s

#35 [consumer] exporting to image
#35 exporting layers done
#35 exporting manifest sha256:95834ef13e0283e47ba48afb7ca47a09884a4ee89cafcc51233dec0884e83e83 done
#35 exporting config sha256:cf9cb8dba229c06f1838a34729bbd53fdf676089ae85cb4cbcb15639de1c0176 done
#35 exporting attestation manifest sha256:975bdb1c81dcce5fbc0556001a3f5ff1631e1835e1acaeb1691a0a20f3d5f5ae 0.0s done
#35 exporting manifest list sha256:bc40a572c476c7924cec91b49e5a970735de6b4cdc791abde8e44eb01280aa3a done
#35 naming to docker.io/library/cqrs-consumer:latest done
#35 unpacking to docker.io/library/cqrs-consumer:latest done
#35 DONE 0.1s

#36 [saga] exporting to image
#36 exporting layers done
#36 exporting manifest sha256:3208f3ea29694e7be16892e12c461ab73771554827bd95f9d0c05f6d914b9d55 done
#36 exporting config sha256:b09d1c7425d576514896619d6de1002cda879b0d96aa3609ef75bef88fc40cb4 done
#36 exporting attestation manifest sha256:83ac11551c2b2f0cf18f4a80a001186ec5f7c659b55809d29a3b72932dcdd24d 0.0s done
#36 exporting manifest list sha256:d8a135b18ec2320d452e9c1ebf1975062bbc84174e9f3f30dbbb4ba02f089b85 done
#36 naming to docker.io/library/cqrs-saga:latest 0.0s done
#36 unpacking to docker.io/library/cqrs-saga:latest 0.0s done
#36 DONE 0.1s

#37 [frontend internal] load metadata for docker.io/library/node:20-alpine
#37 ...

#38 [write-api] resolving provenance for metadata file
#38 DONE 0.0s

#39 [read-api] resolving provenance for metadata file
#39 DONE 0.0s

#40 [consumer] resolving provenance for metadata file
#40 DONE 0.0s

#41 [saga] resolving provenance for metadata file
#41 DONE 0.0s

#42 [frontend internal] load metadata for docker.io/library/nginx:alpine
#42 DONE 1.1s

#37 [frontend internal] load metadata for docker.io/library/node:20-alpine
#37 DONE 1.1s

#43 [frontend internal] load .dockerignore
#43 transferring context: 2B done
#43 DONE 0.0s

#44 [frontend stage-1 1/3] FROM docker.io/library/nginx:alpine@sha256:5616878291a2eed594aee8db4dade5878cf7edcb475e59193904b198d9b830de
#44 resolve docker.io/library/nginx:alpine@sha256:5616878291a2eed594aee8db4dade5878cf7edcb475e59193904b198d9b830de done
#44 DONE 0.0s

#45 [frontend build 1/6] FROM docker.io/library/node:20-alpine@sha256:fb4cd12c85ee03686f6af5362a0b0d56d50c58a04632e6c0fb8363f609372293
#45 resolve docker.io/library/node:20-alpine@sha256:fb4cd12c85ee03686f6af5362a0b0d56d50c58a04632e6c0fb8363f609372293 done
#45 DONE 0.0s

#46 [frontend internal] load build context
#46 transferring context: 185.58kB 0.1s done
#46 DONE 0.1s

#47 [frontend build 2/6] WORKDIR /app
#47 CACHED

#48 [frontend build 4/6] RUN npm install
#48 CACHED

#49 [frontend build 5/6] COPY . .
#49 CACHED

#50 [frontend build 3/6] COPY package.json ./
#50 CACHED

#51 [frontend build 6/6] RUN npm run build
#51 CACHED

#52 [frontend stage-1 2/3] COPY --from=build /app/dist /usr/share/nginx/html
#52 CACHED

#53 [frontend stage-1 3/3] COPY nginx.conf /etc/nginx/conf.d/default.conf
#53 CACHED

#54 [frontend] exporting to image
#54 exporting layers done
#54 exporting manifest sha256:32782dd8e2053c61118ccbb621867087941de406675097f92803716fedafab00 done
#54 exporting config sha256:64d46ad231b32d64275256ac207db88e0b5dd078678dcdc752d464f80305d609 done
#54 exporting attestation manifest sha256:ec7992bb200a435d89a90ccf957db442d715d334c6cc2dc6433ae291c51d5168 done
#54 exporting manifest list sha256:70d8e49c37497f7d55327ce2cc4c923f102102227c005ee829ff0b407e2ef8d1
#54 exporting manifest list sha256:70d8e49c37497f7d55327ce2cc4c923f102102227c005ee829ff0b407e2ef8d1 done
#54 naming to docker.io/library/cqrs-frontend:latest done
#54 unpacking to docker.io/library/cqrs-frontend:latest done
#54 DONE 0.0s

#55 [frontend] resolving provenance for metadata file
#55 DONE 0.0s
 cqrs-read-api  Built
 cqrs-frontend  Built
 cqrs-consumer  Built
 cqrs-saga  Built
 cqrs-write-api  Built
 Network cqrs_default  Creating
 Network cqrs_default  Created
 Volume "cqrs_postgres_data"  Creating
 Volume "cqrs_postgres_data"  Created
 Volume "cqrs_mongo_data"  Creating
 Volume "cqrs_mongo_data"  Created
 Container cqrs-redis-stream-1  Creating
 Container cqrs-mongodb-1  Creating
 Container cqrs-redis-cache-1  Creating
 Container cqrs-postgres-1  Creating
 Container cqrs-mongodb-1  Created
 Container cqrs-redis-cache-1  Created
 Container cqrs-redis-stream-1  Created
 Container cqrs-write-api-1  Creating
 Container cqrs-postgres-1  Created
 Container cqrs-read-api-1  Creating
 Container cqrs-saga-1  Creating
 Container cqrs-consumer-1  Creating
 Container cqrs-write-api-1  Created
 Container cqrs-saga-1  Created
 Container cqrs-read-api-1  Created
 Container cqrs-frontend-1  Creating
 Container cqrs-consumer-1  Created
 Container cqrs-frontend-1  Created
 Container cqrs-redis-stream-1  Starting
 Container cqrs-postgres-1  Starting
 Container cqrs-mongodb-1  Starting
 Container cqrs-redis-cache-1  Starting
 Container cqrs-redis-stream-1  Started
 Container cqrs-redis-cache-1  Started
 Container cqrs-postgres-1  Started
 Container cqrs-redis-cache-1  Waiting
 Container cqrs-postgres-1  Waiting
 Container cqrs-mongodb-1  Started
 Container cqrs-postgres-1  Waiting
 Container cqrs-mongodb-1  Waiting
 Container cqrs-redis-stream-1  Waiting
 Container cqrs-redis-stream-1  Waiting
 Container cqrs-mongodb-1  Waiting
 Container cqrs-redis-stream-1  Waiting
 Container cqrs-redis-cache-1  Waiting
 Container cqrs-postgres-1  Waiting
 Container cqrs-mongodb-1  Waiting
 Container cqrs-redis-cache-1  Healthy
 Container cqrs-redis-stream-1  Healthy
 Container cqrs-redis-stream-1  Healthy
 Container cqrs-redis-stream-1  Healthy
 Container cqrs-redis-cache-1  Healthy
 Container cqrs-postgres-1  Healthy
 Container cqrs-read-api-1  Starting
 Container cqrs-postgres-1  Healthy
 Container cqrs-postgres-1  Healthy
 Container cqrs-read-api-1  Started
 Container cqrs-frontend-1  Starting
 Container cqrs-frontend-1  Started
 Container cqrs-mongodb-1  Healthy
 Container cqrs-consumer-1  Starting
 Container cqrs-mongodb-1  Healthy
 Container cqrs-write-api-1  Starting
 Container cqrs-mongodb-1  Healthy
 Container cqrs-saga-1  Starting
 Container cqrs-write-api-1  Started
 Container cqrs-saga-1  Started
 Container cqrs-consumer-1  Started
Waiting for APIs to be ready...
Clearing MongoDB events and sagas...
time="2026-04-26T02:44:34+05:30" level=warning msg="/Users/akankshawattamwar/Desktop/CS315/CQRS/docker-compose.yml: the attribute `version` is obsolete, it will be ignored, please remove it to avoid potential confusion"
MongoDB cleared
All services up.
Logs: docker compose logs -f [write-api|read-api|consumer|saga]

=======================================================

[34mRunning benchmark (N=200, consumer delay=0.05s/event) ...[0m

[1m[94m=======================================================[0m
[1m[94m  READER BENCHMARK — Read-Your-Writes Lag (baseline)[0m
[1m[94m=======================================================[0m
  [93m→[0m  Placing 200 orders sequentially and measuring GET-after-POST lag
  [93m→[0m  Poll interval: 2ms (so floor resolution ≈ 2ms)
    ...10/200 orders placed & read
    ...20/200 orders placed & read
    ...30/200 orders placed & read
    ...40/200 orders placed & read
    ...50/200 orders placed & read
    ...60/200 orders placed & read
    ...70/200 orders placed & read
    ...80/200 orders placed & read
    ...90/200 orders placed & read
    ...100/200 orders placed & read
    ...110/200 orders placed & read
    ...120/200 orders placed & read
    ...130/200 orders placed & read
    ...140/200 orders placed & read
    ...150/200 orders placed & read
    ...160/200 orders placed & read
    ...170/200 orders placed & read
    ...180/200 orders placed & read
    ...190/200 orders placed & read
    ...200/200 orders placed & read

  [1mResults  (N=200, failures=0, wall=0.4s)[0m
  metric             p50       p95       p99       max      mean
  POST ms            1.2       1.6       2.9      13.9       1.3
  RYW lag ms         0.8       1.1       2.3       3.7       0.9
  polls                1         1         1         1       1.0

  [1mRYW lag distribution[0m
  [    0 –     5 ms]   200  ██████████████████████████████
  [    5 –    10 ms]     0  
  [   10 –    20 ms]     0  
  [   20 –    50 ms]     0  
  [   50 –   100 ms]     0  
  [  100 –   250 ms]     0  
  [  250 –   500 ms]     0  
  [  500 –  1000 ms]     0  
  [ 1000 – 10000 ms]     0  
  [92m✓[0m  Raw samples written to /tmp/reader_baseline.csv
  [93m→[0m  After implementing the cache, rerun the same command and diff the RYW lag.

=======================================================

[1mRESULTS COMPARISON (N=200, consumer delay=0.05s/event)[0m

WITHOUT CACHE:
      metric             p50       p95       p99       max      mean
      POST ms            2.9       4.3      11.3      12.9       3.1
      RYW lag ms       256.0     262.5     267.2     273.2     248.0
      polls               37        39        40        40      35.8
    
      RYW lag distribution

WITH CACHE:
      metric             p50       p95       p99       max      mean
      POST ms            1.2       1.6       2.9      13.9       1.3
      RYW lag ms         0.8       1.1       2.3       3.7       0.9
      polls                1         1         1         1       1.0
    
      RYW lag distribution

[1mSpeedup:[0m
    p50        256.0 ms  →     0.8 ms   (320x faster)
    p95        262.5 ms  →     1.1 ms   (238x faster)
    p99        267.2 ms  →     2.3 ms   (116x faster)

[1mCache hit/miss stats (phase 2):[0m
    hits:     200
    misses:   0
    hit rate: 100.0%

[1mCache Redis :6380 — memory & eviction (allkeys-lru, cap=2.00M):[0m
    evicted keys:  0  (this run; lifetime=0)
    used memory:   1.26M / 2.00M
    order:* keys:  200 live in cache now

[32mResults saved to:[0m
  no-cache:  /Users/akankshawattamwar/Desktop/CS315/CQRS/results/nocache_slowconsumer_0.05_200.txt
  cached:    /Users/akankshawattamwar/Desktop/CS315/CQRS/results/cached_slowconsumer_0.05_200.txt

=======================================================

[1mCleaning up — restarting with defaults (fast consumer, cache on)...[0m
Stopping services and wiping volumes...

  cache:    enabled  (redis-cache :6380, 2MB allkeys-lru)
  consumer: fast
  saga:     fast
  stream:   redis-stream :6379  (no memory limit)

Starting services...
time="2026-04-26T02:44:46+05:30" level=warning msg="/Users/akankshawattamwar/Desktop/CS315/CQRS/docker-compose.yml: the attribute `version` is obsolete, it will be ignored, please remove it to avoid potential confusion"
#1 [internal] load local bake definitions
#1 reading from stdin 1.05kB done
#1 DONE 0.0s

#2 [consumer internal] load build definition from Dockerfile
#2 transferring dockerfile: 186B done
#2 DONE 0.0s

#3 [saga internal] load build definition from Dockerfile
#3 transferring dockerfile: 365B done
#3 DONE 0.0s

#4 [saga internal] load metadata for docker.io/library/python:3.12-slim
#4 DONE 1.2s

#5 [saga internal] load .dockerignore
#5 transferring context: 2B done
#5 DONE 0.0s

#6 [consumer internal] load .dockerignore
#6 transferring context: 2B done
#6 DONE 0.0s

#7 [consumer internal] load build context
#7 transferring context: 308B done
#7 DONE 0.0s

#8 [saga 1/5] FROM docker.io/library/python:3.12-slim@sha256:46cb7cc2877e60fbd5e21a9ae6115c30ace7a077b9f8772da879e4590c18c2e3
#8 resolve docker.io/library/python:3.12-slim@sha256:46cb7cc2877e60fbd5e21a9ae6115c30ace7a077b9f8772da879e4590c18c2e3 done
#8 DONE 0.0s

#9 [consumer 2/5] WORKDIR /app
#9 CACHED

#10 [saga 2/7] WORKDIR /service
#10 CACHED

#11 [saga internal] load build context
#11 transferring context: 386B done
#11 DONE 0.0s

#12 [consumer 3/5] COPY requirements.txt .
#12 DONE 0.0s

#13 [saga 3/7] COPY saga/requirements.txt saga/
#13 DONE 0.0s

#14 [saga 4/7] RUN pip install --no-cache-dir -r saga/requirements.txt
#14 1.311 Collecting pymongo==4.7.2 (from -r saga/requirements.txt (line 1))
#14 1.396   Downloading pymongo-4.7.2-cp312-cp312-manylinux_2_17_aarch64.manylinux2014_aarch64.whl.metadata (22 kB)
#14 1.471 Collecting redis==5.0.5 (from -r saga/requirements.txt (line 2))
#14 1.507   Downloading redis-5.0.5-py3-none-any.whl.metadata (9.3 kB)
#14 1.642 Collecting psycopg2-binary==2.9.9 (from -r saga/requirements.txt (line 3))
#14 1.659   Downloading psycopg2_binary-2.9.9-cp312-cp312-manylinux_2_17_aarch64.manylinux2014_aarch64.whl.metadata (4.4 kB)
#14 1.685 Collecting dnspython<3.0.0,>=1.16.0 (from pymongo==4.7.2->-r saga/requirements.txt (line 1))
#14 1.711   Downloading dnspython-2.8.0-py3-none-any.whl.metadata (5.7 kB)
#14 1.736 Downloading pymongo-4.7.2-cp312-cp312-manylinux_2_17_aarch64.manylinux2014_aarch64.whl (688 kB)
#14 1.967    ━━━━━━━━━━━━━━━━━━━━━━━━━━━━━━━━━━━━━━━━ 689.0/689.0 kB 2.7 MB/s eta 0:00:00
#14 1.990 Downloading redis-5.0.5-py3-none-any.whl (251 kB)
#14 2.069 Downloading psycopg2_binary-2.9.9-cp312-cp312-manylinux_2_17_aarch64.manylinux2014_aarch64.whl (2.9 MB)
#14 2.989    ━━━━━━━━━━━━━━━━━━━━━━━━━━━━━━━━━━━━━━━━ 2.9/2.9 MB 4.0 MB/s eta 0:00:00
#14 3.023 Downloading dnspython-2.8.0-py3-none-any.whl (331 kB)
#14 3.137 Installing collected packages: redis, psycopg2-binary, dnspython, pymongo
#14 3.448 Successfully installed dnspython-2.8.0 psycopg2-binary-2.9.9 pymongo-4.7.2 redis-5.0.5
#14 3.448 WARNING: Running pip as the 'root' user can result in broken permissions and conflicting behaviour with the system package manager, possibly rendering your system unusable. It is recommended to use a virtual environment instead: https://pip.pypa.io/warnings/venv. Use the --root-user-action option if you know what you are doing and want to suppress this warning.
#14 3.623 
#14 3.623 [notice] A new release of pip is available: 25.0.1 -> 26.0.1
#14 3.623 [notice] To update, run: pip install --upgrade pip
#14 DONE 3.7s

#15 [consumer 4/5] RUN pip install --no-cache-dir -r requirements.txt
#15 1.399 Collecting pymongo==4.7.2 (from -r requirements.txt (line 1))
#15 1.497   Downloading pymongo-4.7.2-cp312-cp312-manylinux_2_17_aarch64.manylinux2014_aarch64.whl.metadata (22 kB)
#15 1.627 Collecting redis==5.0.5 (from -r requirements.txt (line 2))
#15 1.646   Downloading redis-5.0.5-py3-none-any.whl.metadata (9.3 kB)
#15 1.726 Collecting psycopg2-binary==2.9.9 (from -r requirements.txt (line 3))
#15 1.745   Downloading psycopg2_binary-2.9.9-cp312-cp312-manylinux_2_17_aarch64.manylinux2014_aarch64.whl.metadata (4.4 kB)
#15 1.777 Collecting dnspython<3.0.0,>=1.16.0 (from pymongo==4.7.2->-r requirements.txt (line 1))
#15 1.797   Downloading dnspython-2.8.0-py3-none-any.whl.metadata (5.7 kB)
#15 1.841 Downloading pymongo-4.7.2-cp312-cp312-manylinux_2_17_aarch64.manylinux2014_aarch64.whl (688 kB)
#15 3.120    ━━━━━━━━━━━━━━━━━━━━━━━━━━━━━━━━━━━━━━━ 689.0/689.0 kB 686.8 kB/s eta 0:00:00
#15 3.146 Downloading redis-5.0.5-py3-none-any.whl (251 kB)
#15 3.318 Downloading psycopg2_binary-2.9.9-cp312-cp312-manylinux_2_17_aarch64.manylinux2014_aarch64.whl (2.9 MB)
#15 ...

#16 [saga 5/7] COPY write-api/events.py write-api/
#16 DONE 0.0s

#17 [saga 6/7] COPY saga/ saga/
#17 DONE 0.0s

#18 [saga 7/7] WORKDIR /service/saga
#18 DONE 0.0s

#19 [saga] exporting to image
#19 exporting layers
#19 exporting layers 0.6s done
#19 exporting manifest sha256:91d961911f50450b61307bd1d58806919f4a733d8fa3ed9086a09dece5b12a20 0.0s done
#19 exporting config sha256:56c49dbfaa8265509d2c8d5c2da73efb6e5dfed2f821fdd06c22f1ca318b0a00 done
#19 exporting attestation manifest sha256:eb2cfd09fa108f9bf47272f2a681d0105bd0064f94129014716afdde625bff53 done
#19 exporting manifest list sha256:201e3ccbe3db618a9f9083e69803dc1273243fd2c490a1d68374e4425efedd03
#19 exporting manifest list sha256:201e3ccbe3db618a9f9083e69803dc1273243fd2c490a1d68374e4425efedd03 done
#19 naming to docker.io/library/cqrs-saga:latest done
#19 unpacking to docker.io/library/cqrs-saga:latest 0.1s done
#19 DONE 0.7s

#20 [saga] resolving provenance for metadata file
#20 DONE 0.0s

#15 [consumer 4/5] RUN pip install --no-cache-dir -r requirements.txt
#15 4.159    ━━━━━━━━━━━━━━━━━━━━━━━━━━━━━━━━━━━━━━━━ 2.9/2.9 MB 3.7 MB/s eta 0:00:00
#15 4.193 Downloading dnspython-2.8.0-py3-none-any.whl (331 kB)
#15 4.270 Installing collected packages: redis, psycopg2-binary, dnspython, pymongo
#15 4.621 Successfully installed dnspython-2.8.0 psycopg2-binary-2.9.9 pymongo-4.7.2 redis-5.0.5
#15 4.621 WARNING: Running pip as the 'root' user can result in broken permissions and conflicting behaviour with the system package manager, possibly rendering your system unusable. It is recommended to use a virtual environment instead: https://pip.pypa.io/warnings/venv. Use the --root-user-action option if you know what you are doing and want to suppress this warning.
#15 4.893 
#15 4.893 [notice] A new release of pip is available: 25.0.1 -> 26.0.1
#15 4.893 [notice] To update, run: pip install --upgrade pip
#15 DONE 5.0s

#21 [consumer 5/5] COPY . .
#21 DONE 0.0s

#22 [consumer] exporting to image
#22 exporting layers 0.5s done
#22 exporting manifest sha256:c8cc97a7f039df86a708c0b5fbcea9b2995ab06554182e5932efd87fded9c494
#22 exporting manifest sha256:c8cc97a7f039df86a708c0b5fbcea9b2995ab06554182e5932efd87fded9c494 done
#22 exporting config sha256:75f4661da66a1525d2eaf0458b04a05b1ec1a5ee96485e95482f06a0aaead58e done
#22 exporting attestation manifest sha256:298ff8a31e69aa76bcd0b9be2686aacb7fc04ee90dd74885d358806b40aac704 0.0s done
#22 exporting manifest list sha256:f4237ec3764f0d60c5e5a702080452d295594ffea9e6dd0c2eb37faf252c616f done
#22 naming to docker.io/library/cqrs-consumer:latest done
#22 unpacking to docker.io/library/cqrs-consumer:latest 0.1s done
#22 DONE 0.7s

#23 [consumer] resolving provenance for metadata file
#23 DONE 0.0s
 cqrs-saga  Built
 cqrs-consumer  Built
time="2026-04-26T02:44:54+05:30" level=warning msg="/Users/akankshawattamwar/Desktop/CS315/CQRS/docker-compose.yml: the attribute `version` is obsolete, it will be ignored, please remove it to avoid potential confusion"
#1 [internal] load local bake definitions
#1 reading from stdin 2.42kB done
#1 DONE 0.0s

#2 [write-api internal] load build definition from Dockerfile
#2 transferring dockerfile: 225B done
#2 DONE 0.0s

#3 [read-api internal] load build definition from Dockerfile
#3 transferring dockerfile: 225B done
#3 DONE 0.0s

#4 [frontend internal] load build definition from Dockerfile
#4 transferring dockerfile: 271B done
#4 DONE 0.0s

#5 [saga internal] load build definition from Dockerfile
#5 transferring dockerfile: 365B done
#5 DONE 0.0s

#6 [consumer internal] load build definition from Dockerfile
#6 transferring dockerfile: 186B done
#6 DONE 0.0s

#7 [saga internal] load metadata for docker.io/library/python:3.12-slim
#7 DONE 0.4s

#8 [write-api internal] load .dockerignore
#8 transferring context: 2B done
#8 DONE 0.0s

#9 [consumer internal] load .dockerignore
#9 transferring context: 2B done
#9 DONE 0.0s

#10 [read-api internal] load .dockerignore
#10 transferring context: 2B done
#10 DONE 0.0s

#11 [saga internal] load .dockerignore
#11 transferring context: 2B done
#11 DONE 0.0s

#12 [write-api internal] load build context
#12 transferring context: 341B done
#12 DONE 0.0s

#13 [consumer internal] load build context
#13 transferring context: 308B done
#13 DONE 0.0s

#14 [read-api internal] load build context
#14 transferring context: 258B done
#14 DONE 0.0s

#15 [read-api 1/5] FROM docker.io/library/python:3.12-slim@sha256:46cb7cc2877e60fbd5e21a9ae6115c30ace7a077b9f8772da879e4590c18c2e3
#15 resolve docker.io/library/python:3.12-slim@sha256:46cb7cc2877e60fbd5e21a9ae6115c30ace7a077b9f8772da879e4590c18c2e3 done
#15 DONE 0.0s

#16 [saga internal] load build context
#16 transferring context: 386B done
#16 DONE 0.0s

#17 [read-api 4/5] RUN pip install --no-cache-dir -r requirements.txt
#17 CACHED

#18 [read-api 3/5] COPY requirements.txt .
#18 CACHED

#19 [consumer 4/5] RUN pip install --no-cache-dir -r requirements.txt
#19 CACHED

#20 [consumer 3/5] COPY requirements.txt .
#20 CACHED

#21 [write-api 2/5] WORKDIR /app
#21 CACHED

#22 [write-api 4/5] RUN pip install --no-cache-dir -r requirements.txt
#22 CACHED

#23 [write-api 3/5] COPY requirements.txt .
#23 CACHED

#24 [read-api 5/5] COPY . .
#24 CACHED

#25 [consumer 5/5] COPY . .
#25 CACHED

#26 [write-api 5/5] COPY . .
#26 CACHED

#27 [consumer] exporting to image
#27 exporting layers done
#27 exporting manifest sha256:c8cc97a7f039df86a708c0b5fbcea9b2995ab06554182e5932efd87fded9c494 done
#27 exporting config sha256:75f4661da66a1525d2eaf0458b04a05b1ec1a5ee96485e95482f06a0aaead58e done
#27 exporting attestation manifest sha256:e84e0eb728bfc32dd5077a04c74971feec58d5ec3e59b85c25e061fa2e0f875f 0.0s done
#27 exporting manifest list sha256:a914945d43f6fae0be74aae9f657e29876cc6fdddc19aa92cd9ff68ced1b880e done
#27 naming to docker.io/library/cqrs-consumer:latest done
#27 unpacking to docker.io/library/cqrs-consumer:latest
#27 unpacking to docker.io/library/cqrs-consumer:latest done
#27 DONE 0.1s

#28 [saga 3/7] COPY saga/requirements.txt saga/
#28 CACHED

#29 [saga 5/7] COPY write-api/events.py write-api/
#29 CACHED

#30 [saga 6/7] COPY saga/ saga/
#30 CACHED

#31 [saga 2/7] WORKDIR /service
#31 CACHED

#32 [saga 4/7] RUN pip install --no-cache-dir -r saga/requirements.txt
#32 CACHED

#33 [saga 7/7] WORKDIR /service/saga
#33 CACHED

#34 [read-api] exporting to image
#34 exporting layers done
#34 exporting manifest sha256:c63ee61fb06e4bd063e843362129b868354c2f94e2566ad3c11bbd0548881470 done
#34 exporting config sha256:46bb870cf8127e2823c379c44ac9a3c0d6ee66fd1b3343341206f22ff23f7f62 done
#34 exporting attestation manifest sha256:99a0d597d415c9b7241836933d2e64c661a7b10066e0d287eb9016ece4c44de2 0.0s done
#34 exporting manifest list sha256:8a7947079b199cb76fbec69b28f7e5de7fede9bc841f11498905dee9752f5b70 done
#34 naming to docker.io/library/cqrs-read-api:latest done
#34 unpacking to docker.io/library/cqrs-read-api:latest done
#34 DONE 0.1s

#35 [write-api] exporting to image
#35 exporting layers done
#35 exporting manifest sha256:92a21a99b40b6531c5801222236f42d6aa7bbf8b65d7634fc566f9392602e764 done
#35 exporting config sha256:be9fb26fa271ebf0c525960e70f2e967c21bf78a1eb2b7a7dc06e6d3ff4d3f55 done
#35 exporting attestation manifest sha256:8f440a20af2a25f2a7aeaded82fed41c2acc8dc3c3a22d0c32379ab76b9f7d7a 0.0s done
#35 exporting manifest list sha256:8b01dbff9922a175f3b9a552d274b502cac22ece4394cbe94407b2799af258f9 done
#35 naming to docker.io/library/cqrs-write-api:latest done
#35 unpacking to docker.io/library/cqrs-write-api:latest done
#35 DONE 0.1s

#36 [consumer] resolving provenance for metadata file
#36 DONE 0.0s

#37 [saga] exporting to image
#37 exporting layers done
#37 exporting manifest sha256:91d961911f50450b61307bd1d58806919f4a733d8fa3ed9086a09dece5b12a20 done
#37 exporting config sha256:56c49dbfaa8265509d2c8d5c2da73efb6e5dfed2f821fdd06c22f1ca318b0a00 done
#37 exporting attestation manifest sha256:e2f110aa3d68958aa726af63b95523ffd15ea56b78c3377c3a35d1b936007c97 0.0s done
#37 exporting manifest list sha256:723ebead58510f0c8d47f03504ef1e220a7f8606f795abb972a2fa83235a099d 0.0s done
#37 naming to docker.io/library/cqrs-saga:latest done
#37 unpacking to docker.io/library/cqrs-saga:latest 0.0s done
#37 DONE 0.1s

#38 [read-api] resolving provenance for metadata file
#38 DONE 0.0s

#39 [write-api] resolving provenance for metadata file
#39 DONE 0.0s

#40 [saga] resolving provenance for metadata file
#40 DONE 0.0s

#41 [frontend internal] load metadata for docker.io/library/node:20-alpine
#41 DONE 1.2s

#42 [frontend internal] load metadata for docker.io/library/nginx:alpine
#42 DONE 1.6s

#43 [frontend internal] load .dockerignore
#43 transferring context: 2B done
#43 DONE 0.0s

#44 [frontend build 1/6] FROM docker.io/library/node:20-alpine@sha256:fb4cd12c85ee03686f6af5362a0b0d56d50c58a04632e6c0fb8363f609372293
#44 resolve docker.io/library/node:20-alpine@sha256:fb4cd12c85ee03686f6af5362a0b0d56d50c58a04632e6c0fb8363f609372293 0.0s done
#44 DONE 0.0s

#45 [frontend stage-1 1/3] FROM docker.io/library/nginx:alpine@sha256:5616878291a2eed594aee8db4dade5878cf7edcb475e59193904b198d9b830de
#45 resolve docker.io/library/nginx:alpine@sha256:5616878291a2eed594aee8db4dade5878cf7edcb475e59193904b198d9b830de 0.0s done
#45 DONE 0.0s

#46 [frontend internal] load build context
#46 transferring context: 185.58kB 0.1s done
#46 DONE 0.1s

#47 [frontend stage-1 2/3] COPY --from=build /app/dist /usr/share/nginx/html
#47 CACHED

#48 [frontend build 5/6] COPY . .
#48 CACHED

#49 [frontend build 2/6] WORKDIR /app
#49 CACHED

#50 [frontend build 3/6] COPY package.json ./
#50 CACHED

#51 [frontend build 4/6] RUN npm install
#51 CACHED

#52 [frontend build 6/6] RUN npm run build
#52 CACHED

#53 [frontend stage-1 3/3] COPY nginx.conf /etc/nginx/conf.d/default.conf
#53 CACHED

#54 [frontend] exporting to image
#54 exporting layers done
#54 exporting manifest sha256:32782dd8e2053c61118ccbb621867087941de406675097f92803716fedafab00 done
#54 exporting config sha256:64d46ad231b32d64275256ac207db88e0b5dd078678dcdc752d464f80305d609 done
#54 exporting attestation manifest sha256:deba23f16f762af237e10010086d5e044059faa9ea117a7c7dafc84eaf1e4f22 done
#54 exporting manifest list sha256:7e10bded9aa7076661e4e375d712374cb21995cd4e20f062c09f8b0ef16ebf5c done
#54 naming to docker.io/library/cqrs-frontend:latest done
#54 unpacking to docker.io/library/cqrs-frontend:latest done
#54 DONE 0.0s

#55 [frontend] resolving provenance for metadata file
#55 DONE 0.0s
 cqrs-read-api  Built
 cqrs-frontend  Built
 cqrs-write-api  Built
 cqrs-consumer  Built
 cqrs-saga  Built
 Network cqrs_default  Creating
 Network cqrs_default  Created
 Volume "cqrs_mongo_data"  Creating
 Volume "cqrs_mongo_data"  Created
 Volume "cqrs_postgres_data"  Creating
 Volume "cqrs_postgres_data"  Created
 Container cqrs-mongodb-1  Creating
 Container cqrs-redis-cache-1  Creating
 Container cqrs-redis-stream-1  Creating
 Container cqrs-postgres-1  Creating
 Container cqrs-mongodb-1  Created
 Container cqrs-redis-cache-1  Created
 Container cqrs-postgres-1  Created
 Container cqrs-read-api-1  Creating
 Container cqrs-redis-stream-1  Created
 Container cqrs-consumer-1  Creating
 Container cqrs-write-api-1  Creating
 Container cqrs-saga-1  Creating
 Container cqrs-write-api-1  Created
 Container cqrs-read-api-1  Created
 Container cqrs-frontend-1  Creating
 Container cqrs-saga-1  Created
 Container cqrs-consumer-1  Created
 Container cqrs-frontend-1  Created
 Container cqrs-redis-stream-1  Starting
 Container cqrs-postgres-1  Starting
 Container cqrs-mongodb-1  Starting
 Container cqrs-redis-cache-1  Starting
 Container cqrs-mongodb-1  Started
 Container cqrs-redis-stream-1  Started
 Container cqrs-redis-cache-1  Started
 Container cqrs-redis-stream-1  Waiting
 Container cqrs-redis-cache-1  Waiting
 Container cqrs-mongodb-1  Waiting
 Container cqrs-postgres-1  Started
 Container cqrs-mongodb-1  Waiting
 Container cqrs-redis-stream-1  Waiting
 Container cqrs-mongodb-1  Waiting
 Container cqrs-postgres-1  Waiting
 Container cqrs-redis-cache-1  Waiting
 Container cqrs-redis-stream-1  Waiting
 Container cqrs-postgres-1  Waiting
 Container cqrs-postgres-1  Waiting
 Container cqrs-redis-stream-1  Healthy
 Container cqrs-redis-stream-1  Healthy
 Container cqrs-redis-stream-1  Healthy
 Container cqrs-redis-cache-1  Healthy
 Container cqrs-postgres-1  Healthy
 Container cqrs-redis-cache-1  Healthy
 Container cqrs-postgres-1  Healthy
 Container cqrs-postgres-1  Healthy
 Container cqrs-read-api-1  Starting
 Container cqrs-read-api-1  Started
 Container cqrs-frontend-1  Starting
 Container cqrs-frontend-1  Started
 Container cqrs-mongodb-1  Healthy
 Container cqrs-write-api-1  Starting
 Container cqrs-mongodb-1  Healthy
 Container cqrs-consumer-1  Starting
 Container cqrs-mongodb-1  Healthy
 Container cqrs-saga-1  Starting
 Container cqrs-write-api-1  Started
 Container cqrs-saga-1  Started
 Container cqrs-consumer-1  Started
Waiting for APIs to be ready...
Clearing MongoDB events and sagas...
time="2026-04-26T02:45:09+05:30" level=warning msg="/Users/akankshawattamwar/Desktop/CS315/CQRS/docker-compose.yml: the attribute `version` is obsolete, it will be ignored, please remove it to avoid potential confusion"
MongoDB cleared
All services up.
Logs: docker compose logs -f [write-api|read-api|consumer|saga]
[32mDone. System back to default state.[0m
