
=======================================================

[1mPHASE 1 of 2 — NO CACHE + SLOW CONSUMER (baseline)[0m
  Restarting with --delay 0.10 --no-cache ...
Stopping services and wiping volumes...

  cache:    DISABLED
  consumer: SLOW (0.10s/event)
  saga:     fast
  stream:   redis-stream :6379  (no memory limit)

Starting services...
time="2026-04-26T03:17:25+05:30" level=warning msg="/Users/akankshawattamwar/Desktop/CS315/CQRS/docker-compose.yml: the attribute `version` is obsolete, it will be ignored, please remove it to avoid potential confusion"
#1 [internal] load local bake definitions
#1 reading from stdin 1.05kB done
#1 DONE 0.0s

#2 [saga internal] load build definition from Dockerfile
#2 transferring dockerfile: 365B done
#2 DONE 0.0s

#3 [consumer internal] load build definition from Dockerfile
#3 transferring dockerfile: 186B done
#3 DONE 0.0s

#4 [consumer internal] load metadata for docker.io/library/python:3.12-slim
#4 DONE 0.5s

#5 [consumer internal] load .dockerignore
#5 transferring context: 2B done
#5 DONE 0.0s

#6 [saga internal] load .dockerignore
#6 transferring context: 2B done
#6 DONE 0.0s

#7 [consumer internal] load build context
#7 transferring context: 308B done
#7 DONE 0.0s

#8 [saga 1/7] FROM docker.io/library/python:3.12-slim@sha256:46cb7cc2877e60fbd5e21a9ae6115c30ace7a077b9f8772da879e4590c18c2e3
#8 resolve docker.io/library/python:3.12-slim@sha256:46cb7cc2877e60fbd5e21a9ae6115c30ace7a077b9f8772da879e4590c18c2e3 done
#8 DONE 0.0s

#9 [saga 2/7] WORKDIR /service
#9 CACHED

#10 [consumer 2/5] WORKDIR /app
#10 CACHED

#11 [saga internal] load build context
#11 transferring context: 386B done
#11 DONE 0.0s

#12 [consumer 3/5] COPY requirements.txt .
#12 DONE 0.0s

#13 [saga 3/7] COPY saga/requirements.txt saga/
#13 DONE 0.0s

#14 [saga 4/7] RUN pip install --no-cache-dir -r saga/requirements.txt
#14 1.431 Collecting pymongo==4.7.2 (from -r saga/requirements.txt (line 1))
#14 1.544   Downloading pymongo-4.7.2-cp312-cp312-manylinux_2_17_aarch64.manylinux2014_aarch64.whl.metadata (22 kB)
#14 1.616 Collecting redis==5.0.5 (from -r saga/requirements.txt (line 2))
#14 1.652   Downloading redis-5.0.5-py3-none-any.whl.metadata (9.3 kB)
#14 1.811 Collecting psycopg2-binary==2.9.9 (from -r saga/requirements.txt (line 3))
#14 1.828   Downloading psycopg2_binary-2.9.9-cp312-cp312-manylinux_2_17_aarch64.manylinux2014_aarch64.whl.metadata (4.4 kB)
#14 1.859 Collecting dnspython<3.0.0,>=1.16.0 (from pymongo==4.7.2->-r saga/requirements.txt (line 1))
#14 1.883   Downloading dnspython-2.8.0-py3-none-any.whl.metadata (5.7 kB)
#14 1.906 Downloading pymongo-4.7.2-cp312-cp312-manylinux_2_17_aarch64.manylinux2014_aarch64.whl (688 kB)
#14 2.196    ━━━━━━━━━━━━━━━━━━━━━━━━━━━━━━━━━━━━━━━━ 689.0/689.0 kB 2.5 MB/s eta 0:00:00
#14 2.223 Downloading redis-5.0.5-py3-none-any.whl (251 kB)
#14 2.446 Downloading psycopg2_binary-2.9.9-cp312-cp312-manylinux_2_17_aarch64.manylinux2014_aarch64.whl (2.9 MB)
#14 4.106    ━━━━━━━━━━━━━━━━━━━━━━━━━━━━━━━━━━━━━━━━ 2.9/2.9 MB 1.8 MB/s eta 0:00:00#14 ...

#15 [consumer 4/5] RUN pip install --no-cache-dir -r requirements.txt
#15 1.457 Collecting pymongo==4.7.2 (from -r requirements.txt (line 1))
#15 1.548   Downloading pymongo-4.7.2-cp312-cp312-manylinux_2_17_aarch64.manylinux2014_aarch64.whl.metadata (22 kB)
#15 1.622 Collecting redis==5.0.5 (from -r requirements.txt (line 2))
#15 1.655   Downloading redis-5.0.5-py3-none-any.whl.metadata (9.3 kB)
#15 1.817 Collecting psycopg2-binary==2.9.9 (from -r requirements.txt (line 3))
#15 1.836   Downloading psycopg2_binary-2.9.9-cp312-cp312-manylinux_2_17_aarch64.manylinux2014_aarch64.whl.metadata (4.4 kB)
#15 1.863 Collecting dnspython<3.0.0,>=1.16.0 (from pymongo==4.7.2->-r requirements.txt (line 1))
#15 1.885   Downloading dnspython-2.8.0-py3-none-any.whl.metadata (5.7 kB)
#15 1.909 Downloading pymongo-4.7.2-cp312-cp312-manylinux_2_17_aarch64.manylinux2014_aarch64.whl (688 kB)
#15 2.170    ━━━━━━━━━━━━━━━━━━━━━━━━━━━━━━━━━━━━━━━━ 689.0/689.0 kB 2.9 MB/s eta 0:00:00
#15 2.194 Downloading redis-5.0.5-py3-none-any.whl (251 kB)
#15 2.316 Downloading psycopg2_binary-2.9.9-cp312-cp312-manylinux_2_17_aarch64.manylinux2014_aarch64.whl (2.9 MB)
#15 3.512    ━━━━━━━━━━━━━━━━━━━━━━━━━━━━━━━━━━━━━━━━ 2.9/2.9 MB 2.4 MB/s eta 0:00:00
#15 3.544 Downloading dnspython-2.8.0-py3-none-any.whl (331 kB)
#15 3.672 Installing collected packages: redis, psycopg2-binary, dnspython, pymongo
#15 3.986 Successfully installed dnspython-2.8.0 psycopg2-binary-2.9.9 pymongo-4.7.2 redis-5.0.5
#15 3.986 WARNING: Running pip as the 'root' user can result in broken permissions and conflicting behaviour with the system package manager, possibly rendering your system unusable. It is recommended to use a virtual environment instead: https://pip.pypa.io/warnings/venv. Use the --root-user-action option if you know what you are doing and want to suppress this warning.
#15 4.121 
#15 4.121 [notice] A new release of pip is available: 25.0.1 -> 26.0.1
#15 4.121 [notice] To update, run: pip install --upgrade pip
#15 DONE 4.2s

#16 [consumer 5/5] COPY . .
#16 DONE 0.0s

#14 [saga 4/7] RUN pip install --no-cache-dir -r saga/requirements.txt
#14 4.106    ━━━━━━━━━━━━━━━━━━━━━━━━━━━━━━━━━━━━━━━━ 2.9/2.9 MB 1.8 MB/s eta 0:00:00
#14 4.127 Downloading dnspython-2.8.0-py3-none-any.whl (331 kB)
#14 4.261 Installing collected packages: redis, psycopg2-binary, dnspython, pymongo
#14 4.573 Successfully installed dnspython-2.8.0 psycopg2-binary-2.9.9 pymongo-4.7.2 redis-5.0.5
#14 4.573 WARNING: Running pip as the 'root' user can result in broken permissions and conflicting behaviour with the system package manager, possibly rendering your system unusable. It is recommended to use a virtual environment instead: https://pip.pypa.io/warnings/venv. Use the --root-user-action option if you know what you are doing and want to suppress this warning.
#14 4.693 
#14 4.693 [notice] A new release of pip is available: 25.0.1 -> 26.0.1
#14 4.693 [notice] To update, run: pip install --upgrade pip
#14 DONE 4.8s

#17 [saga 5/7] COPY write-api/events.py write-api/
#17 DONE 0.0s

#18 [saga 6/7] COPY saga/ saga/
#18 DONE 0.0s

#19 [saga 7/7] WORKDIR /service/saga
#19 DONE 0.0s

#20 [consumer] exporting to image
#20 exporting layers 0.6s done
#20 exporting manifest sha256:237c80484d06daca945cad4d4884bc4f20dee3e299c1d6c9a39e7bb8955d9b7b done
#20 exporting config sha256:5d61f713f3ec4c14255d684704d88663743e68d369447b1c9d8a5449efab8e25 done
#20 exporting attestation manifest sha256:c5e757d09efb25e7d6acec20696a1448b418a79f5ef42d3b5857739a513b996f done
#20 exporting manifest list sha256:ac7b3e8ae1bc892c2bf67f574926963482655258dc852365508b4dc2052d0fbf done
#20 naming to docker.io/library/cqrs-consumer:latest done
#20 unpacking to docker.io/library/cqrs-consumer:latest
#20 unpacking to docker.io/library/cqrs-consumer:latest 0.2s done
#20 DONE 0.7s

#21 [consumer] resolving provenance for metadata file
#21 DONE 0.0s

#22 [saga] exporting to image
#22 exporting layers 0.6s done
#22 exporting manifest sha256:e588a1705ef6816cdde3061c8703ee67c14ff606d1d89dc3027dfb96c2684356 done
#22 exporting config sha256:7c6b43ce3eb77fd0c8eb1cc7211e48dd1a6f1c7df1755841c95ff8bd4c2c92a9 done
#22 exporting attestation manifest sha256:41486b9324874876a7b95b4e6ff08be67b71995400537ef638ca259077e866ce done
#22 exporting manifest list sha256:81619af38e342faff8afdf0b9062094e25729200f4cd77860b1e87480bb497ee done
#22 naming to docker.io/library/cqrs-saga:latest done
#22 unpacking to docker.io/library/cqrs-saga:latest 0.1s done
#22 DONE 0.8s

#23 [saga] resolving provenance for metadata file
#23 DONE 0.0s
 cqrs-consumer  Built
 cqrs-saga  Built
time="2026-04-26T03:17:32+05:30" level=warning msg="/Users/akankshawattamwar/Desktop/CS315/CQRS/docker-compose.yml: the attribute `version` is obsolete, it will be ignored, please remove it to avoid potential confusion"
#1 [internal] load local bake definitions
#1 reading from stdin 2.42kB done
#1 DONE 0.0s

#2 [read-api internal] load build definition from Dockerfile
#2 transferring dockerfile: 225B done
#2 DONE 0.0s

#3 [consumer internal] load build definition from Dockerfile
#3 transferring dockerfile: 186B done
#3 DONE 0.0s

#4 [saga internal] load build definition from Dockerfile
#4 transferring dockerfile: 365B done
#4 DONE 0.0s

#5 [write-api internal] load build definition from Dockerfile
#5 transferring dockerfile: 225B done
#5 DONE 0.0s

#6 [frontend internal] load build definition from Dockerfile
#6 transferring dockerfile: 271B done
#6 DONE 0.0s

#7 [saga internal] load metadata for docker.io/library/python:3.12-slim
#7 DONE 0.4s

#8 [write-api internal] load .dockerignore
#8 transferring context: 2B done
#8 DONE 0.0s

#9 [read-api internal] load .dockerignore
#9 transferring context: 2B done
#9 DONE 0.0s

#10 [consumer internal] load .dockerignore
#10 transferring context: 2B done
#10 DONE 0.0s

#11 [saga internal] load .dockerignore
#11 transferring context: 2B done
#11 DONE 0.0s

#12 [write-api internal] load build context
#12 transferring context: 341B done
#12 DONE 0.0s

#13 [read-api internal] load build context
#13 transferring context: 258B done
#13 DONE 0.0s

#14 [consumer internal] load build context
#14 transferring context: 308B done
#14 DONE 0.0s

#15 [read-api 1/5] FROM docker.io/library/python:3.12-slim@sha256:46cb7cc2877e60fbd5e21a9ae6115c30ace7a077b9f8772da879e4590c18c2e3
#15 resolve docker.io/library/python:3.12-slim@sha256:46cb7cc2877e60fbd5e21a9ae6115c30ace7a077b9f8772da879e4590c18c2e3 0.0s done
#15 DONE 0.0s

#16 [saga internal] load build context
#16 transferring context: 386B done
#16 DONE 0.0s

#17 [write-api 3/5] COPY requirements.txt .
#17 CACHED

#18 [write-api 2/5] WORKDIR /app
#18 CACHED

#19 [write-api 4/5] RUN pip install --no-cache-dir -r requirements.txt
#19 CACHED

#20 [write-api 5/5] COPY . .
#20 CACHED

#21 [consumer 4/5] RUN pip install --no-cache-dir -r requirements.txt
#21 CACHED

#22 [consumer 3/5] COPY requirements.txt .
#22 CACHED

#23 [read-api 3/5] COPY requirements.txt .
#23 CACHED

#18 [read-api 2/5] WORKDIR /app
#18 CACHED

#24 [read-api 4/5] RUN pip install --no-cache-dir -r requirements.txt
#24 CACHED

#25 [read-api 5/5] COPY . .
#25 CACHED

#26 [consumer 5/5] COPY . .
#26 CACHED

#27 [write-api] exporting to image
#27 exporting layers done
#27 exporting manifest sha256:92a21a99b40b6531c5801222236f42d6aa7bbf8b65d7634fc566f9392602e764 done
#27 exporting config sha256:be9fb26fa271ebf0c525960e70f2e967c21bf78a1eb2b7a7dc06e6d3ff4d3f55 done
#27 exporting attestation manifest sha256:57570fff0cfcd32e7963e53ac6d3bd70ac41bc86c19dc50e22316196c73be199 done
#27 exporting manifest list sha256:95d15db04dfe2ed286ef13e741189cc553877dce03ec437ba2dca810da434652 done
#27 naming to docker.io/library/cqrs-write-api:latest done
#27 unpacking to docker.io/library/cqrs-write-api:latest done
#27 DONE 0.1s

#28 [write-api] resolving provenance for metadata file
#28 DONE 0.0s

#29 [consumer] exporting to image
#29 exporting layers done
#29 exporting manifest sha256:237c80484d06daca945cad4d4884bc4f20dee3e299c1d6c9a39e7bb8955d9b7b done
#29 exporting config sha256:5d61f713f3ec4c14255d684704d88663743e68d369447b1c9d8a5449efab8e25 done
#29 exporting attestation manifest sha256:149beb2b7dad7b7241ada06351861260656c1684dc7698626980f5308b779915 0.0s done
#29 exporting manifest list sha256:2c47bf857a42582c72e9fb3a1e84962f9c8c2434a2079b41fdd176279185d285 0.0s done
#29 naming to docker.io/library/cqrs-consumer:latest done
#29 unpacking to docker.io/library/cqrs-consumer:latest done
#29 DONE 0.1s

#30 [read-api] exporting to image
#30 exporting layers done
#30 exporting manifest sha256:c63ee61fb06e4bd063e843362129b868354c2f94e2566ad3c11bbd0548881470 done
#30 exporting config sha256:46bb870cf8127e2823c379c44ac9a3c0d6ee66fd1b3343341206f22ff23f7f62 done
#30 exporting attestation manifest sha256:4df5848d880d5d84dd3dec9a3bd6aba49976990814695c6e4212676c2fd7739d 0.0s done
#30 exporting manifest list sha256:4eabd04b04485a5a7aa120ad671a3608b88c71c38885f258c9327123262f6a65 0.0s done
#30 naming to docker.io/library/cqrs-read-api:latest done
#30 unpacking to docker.io/library/cqrs-read-api:latest done
#30 DONE 0.1s

#31 [saga 5/7] COPY write-api/events.py write-api/
#31 CACHED

#32 [saga 3/7] COPY saga/requirements.txt saga/
#32 CACHED

#33 [saga 2/7] WORKDIR /service
#33 CACHED

#34 [saga 6/7] COPY saga/ saga/
#34 CACHED

#35 [saga 4/7] RUN pip install --no-cache-dir -r saga/requirements.txt
#35 CACHED

#36 [saga 7/7] WORKDIR /service/saga
#36 CACHED

#37 [saga] exporting to image
#37 exporting layers done
#37 exporting manifest sha256:e588a1705ef6816cdde3061c8703ee67c14ff606d1d89dc3027dfb96c2684356 0.0s done
#37 exporting config sha256:7c6b43ce3eb77fd0c8eb1cc7211e48dd1a6f1c7df1755841c95ff8bd4c2c92a9 0.0s done
#37 exporting attestation manifest sha256:c964661765bfdef2f15ea7eba6bf98a03e7c4fc1b6e98ceb946666067b35a601 done
#37 exporting manifest list sha256:3885397bb7b3d41547f0ecd97c495253386ea8de46a1faa7b97638f661f19ec4 done
#37 naming to docker.io/library/cqrs-saga:latest done
#37 unpacking to docker.io/library/cqrs-saga:latest done
#37 DONE 0.1s

#38 [read-api] resolving provenance for metadata file
#38 DONE 0.0s

#39 [consumer] resolving provenance for metadata file
#39 DONE 0.0s

#40 [saga] resolving provenance for metadata file
#40 DONE 0.0s

#41 [frontend internal] load metadata for docker.io/library/nginx:alpine
#41 DONE 0.9s

#42 [frontend internal] load metadata for docker.io/library/node:20-alpine
#42 DONE 0.9s

#43 [frontend internal] load .dockerignore
#43 transferring context: 2B done
#43 DONE 0.0s

#44 [frontend build 1/6] FROM docker.io/library/node:20-alpine@sha256:fb4cd12c85ee03686f6af5362a0b0d56d50c58a04632e6c0fb8363f609372293
#44 resolve docker.io/library/node:20-alpine@sha256:fb4cd12c85ee03686f6af5362a0b0d56d50c58a04632e6c0fb8363f609372293 0.0s done
#44 DONE 0.0s

#45 [frontend stage-1 1/3] FROM docker.io/library/nginx:alpine@sha256:5616878291a2eed594aee8db4dade5878cf7edcb475e59193904b198d9b830de
#45 resolve docker.io/library/nginx:alpine@sha256:5616878291a2eed594aee8db4dade5878cf7edcb475e59193904b198d9b830de 0.0s done
#45 DONE 0.0s

#46 [frontend internal] load build context
#46 transferring context: 185.58kB 0.1s done
#46 DONE 0.1s

#47 [frontend build 2/6] WORKDIR /app
#47 CACHED

#48 [frontend build 3/6] COPY package.json ./
#48 CACHED

#49 [frontend build 6/6] RUN npm run build
#49 CACHED

#50 [frontend build 5/6] COPY . .
#50 CACHED

#51 [frontend stage-1 2/3] COPY --from=build /app/dist /usr/share/nginx/html
#51 CACHED

#52 [frontend build 4/6] RUN npm install
#52 CACHED

#53 [frontend stage-1 3/3] COPY nginx.conf /etc/nginx/conf.d/default.conf
#53 CACHED

#54 [frontend] exporting to image
#54 exporting layers done
#54 exporting manifest sha256:32782dd8e2053c61118ccbb621867087941de406675097f92803716fedafab00 done
#54 exporting config sha256:64d46ad231b32d64275256ac207db88e0b5dd078678dcdc752d464f80305d609 done
#54 exporting attestation manifest sha256:dcb913ff629db0756a8f97e61e4a28f74593c7adfc5e1813fce58976efac287c done
#54 exporting manifest list sha256:7c221d078b5e9de6fd0ab29bcbd022318cd682aea2635285c68fd87d10bf8a56 done
#54 naming to docker.io/library/cqrs-frontend:latest done
#54 unpacking to docker.io/library/cqrs-frontend:latest done
#54 DONE 0.0s

#55 [frontend] resolving provenance for metadata file
#55 DONE 0.0s
 cqrs-consumer  Built
 cqrs-saga  Built
 cqrs-read-api  Built
 cqrs-frontend  Built
 cqrs-write-api  Built
 Network cqrs_default  Creating
 Network cqrs_default  Created
 Volume "cqrs_mongo_data"  Creating
 Volume "cqrs_mongo_data"  Created
 Volume "cqrs_postgres_data"  Creating
 Volume "cqrs_postgres_data"  Created
 Container cqrs-mongodb-1  Creating
 Container cqrs-redis-stream-1  Creating
 Container cqrs-redis-cache-1  Creating
 Container cqrs-postgres-1  Creating
 Container cqrs-mongodb-1  Created
 Container cqrs-redis-cache-1  Created
 Container cqrs-redis-stream-1  Created
 Container cqrs-write-api-1  Creating
 Container cqrs-postgres-1  Created
 Container cqrs-read-api-1  Creating
 Container cqrs-saga-1  Creating
 Container cqrs-consumer-1  Creating
 Container cqrs-read-api-1  Created
 Container cqrs-frontend-1  Creating
 Container cqrs-consumer-1  Created
 Container cqrs-write-api-1  Created
 Container cqrs-saga-1  Created
 Container cqrs-frontend-1  Created
 Container cqrs-postgres-1  Starting
 Container cqrs-mongodb-1  Starting
 Container cqrs-redis-cache-1  Starting
 Container cqrs-redis-stream-1  Starting
 Container cqrs-redis-stream-1  Started
 Container cqrs-mongodb-1  Started
 Container cqrs-redis-cache-1  Started
 Container cqrs-redis-stream-1  Waiting
 Container cqrs-redis-cache-1  Waiting
 Container cqrs-mongodb-1  Waiting
 Container cqrs-postgres-1  Started
 Container cqrs-redis-cache-1  Waiting
 Container cqrs-postgres-1  Waiting
 Container cqrs-mongodb-1  Waiting
 Container cqrs-redis-stream-1  Waiting
 Container cqrs-postgres-1  Waiting
 Container cqrs-redis-stream-1  Waiting
 Container cqrs-postgres-1  Waiting
 Container cqrs-mongodb-1  Waiting
 Container cqrs-redis-stream-1  Healthy
 Container cqrs-redis-cache-1  Healthy
 Container cqrs-redis-stream-1  Healthy
 Container cqrs-postgres-1  Healthy
 Container cqrs-postgres-1  Healthy
 Container cqrs-redis-cache-1  Healthy
 Container cqrs-read-api-1  Starting
 Container cqrs-redis-stream-1  Healthy
 Container cqrs-postgres-1  Healthy
 Container cqrs-read-api-1  Started
 Container cqrs-frontend-1  Starting
 Container cqrs-frontend-1  Started
 Container cqrs-mongodb-1  Healthy
 Container cqrs-write-api-1  Starting
 Container cqrs-mongodb-1  Healthy
 Container cqrs-consumer-1  Starting
 Container cqrs-mongodb-1  Healthy
 Container cqrs-saga-1  Starting
 Container cqrs-write-api-1  Started
 Container cqrs-consumer-1  Started
 Container cqrs-saga-1  Started
Waiting for APIs to be ready...
Clearing MongoDB events and sagas...
time="2026-04-26T03:17:46+05:30" level=warning msg="/Users/akankshawattamwar/Desktop/CS315/CQRS/docker-compose.yml: the attribute `version` is obsolete, it will be ignored, please remove it to avoid potential confusion"
MongoDB cleared
All services up.
Logs: docker compose logs -f [write-api|read-api|consumer|saga]

=======================================================

[34mRunning benchmark (N=1000, consumer delay=0.10s/event) — no cache...[0m

[1m[94m=======================================================[0m
[1m[94m  READER BENCHMARK — Read-Your-Writes Lag (baseline)[0m
[1m[94m=======================================================[0m
  [93m→[0m  Placing 1000 orders sequentially and measuring GET-after-POST lag
  [93m→[0m  Poll interval: 2ms (so floor resolution ≈ 2ms)
    ...10/1000 orders placed & read
    ...20/1000 orders placed & read
    ...30/1000 orders placed & read
    ...40/1000 orders placed & read
    ...50/1000 orders placed & read
    ...60/1000 orders placed & read
    ...70/1000 orders placed & read
    ...80/1000 orders placed & read
    ...90/1000 orders placed & read
    ...100/1000 orders placed & read
    ...110/1000 orders placed & read
    ...120/1000 orders placed & read
    ...130/1000 orders placed & read
    ...140/1000 orders placed & read
    ...150/1000 orders placed & read
    ...160/1000 orders placed & read
    ...170/1000 orders placed & read
    ...180/1000 orders placed & read
    ...190/1000 orders placed & read
    ...200/1000 orders placed & read
    ...210/1000 orders placed & read
    ...220/1000 orders placed & read
    ...230/1000 orders placed & read
    ...240/1000 orders placed & read
    ...250/1000 orders placed & read
    ...260/1000 orders placed & read
    ...270/1000 orders placed & read
    ...280/1000 orders placed & read
    ...290/1000 orders placed & read
    ...300/1000 orders placed & read
    ...310/1000 orders placed & read
    ...320/1000 orders placed & read
    ...330/1000 orders placed & read
    ...340/1000 orders placed & read
    ...350/1000 orders placed & read
    ...360/1000 orders placed & read
    ...370/1000 orders placed & read
    ...380/1000 orders placed & read
    ...390/1000 orders placed & read
    ...400/1000 orders placed & read
    ...410/1000 orders placed & read
    ...420/1000 orders placed & read
    ...430/1000 orders placed & read
    ...440/1000 orders placed & read
    ...450/1000 orders placed & read
    ...460/1000 orders placed & read
    ...470/1000 orders placed & read
    ...480/1000 orders placed & read
    ...490/1000 orders placed & read
    ...500/1000 orders placed & read
    ...510/1000 orders placed & read
    ...520/1000 orders placed & read
    ...530/1000 orders placed & read
    ...540/1000 orders placed & read
    ...550/1000 orders placed & read
    ...560/1000 orders placed & read
    ...570/1000 orders placed & read
    ...580/1000 orders placed & read
    ...590/1000 orders placed & read
    ...600/1000 orders placed & read
    ...610/1000 orders placed & read
    ...620/1000 orders placed & read
    ...630/1000 orders placed & read
    ...640/1000 orders placed & read
    ...650/1000 orders placed & read
    ...660/1000 orders placed & read
    ...670/1000 orders placed & read
    ...680/1000 orders placed & read
    ...690/1000 orders placed & read
    ...700/1000 orders placed & read
    ...710/1000 orders placed & read
    ...720/1000 orders placed & read
    ...730/1000 orders placed & read
    ...740/1000 orders placed & read
    ...750/1000 orders placed & read
    ...760/1000 orders placed & read
    ...770/1000 orders placed & read
    ...780/1000 orders placed & read
    ...790/1000 orders placed & read
    ...800/1000 orders placed & read
    ...810/1000 orders placed & read
    ...820/1000 orders placed & read
    ...830/1000 orders placed & read
    ...840/1000 orders placed & read
    ...850/1000 orders placed & read
    ...860/1000 orders placed & read
    ...870/1000 orders placed & read
    ...880/1000 orders placed & read
    ...890/1000 orders placed & read
    ...900/1000 orders placed & read
    ...910/1000 orders placed & read
    ...920/1000 orders placed & read
    ...930/1000 orders placed & read
    ...940/1000 orders placed & read
    ...950/1000 orders placed & read
    ...960/1000 orders placed & read
    ...970/1000 orders placed & read
    ...980/1000 orders placed & read
    ...990/1000 orders placed & read
    ...1000/1000 orders placed & read

  [1mResults  (N=1000, failures=0, wall=495.3s)[0m
  metric             p50       p95       p99       max      mean
  POST ms            3.7       5.3       8.1      34.2       3.9
  RYW lag ms       506.3     513.3     520.3     536.7     491.3
  polls               69        74        75        77      67.5

  [1mRYW lag distribution[0m
  [    0 –     5 ms]     0  
  [    5 –    10 ms]     0  
  [   10 –    20 ms]     0  
  [   20 –    50 ms]     0  
  [   50 –   100 ms]     0  
  [  100 –   250 ms]     1  
  [  250 –   500 ms]   178  ██████
  [  500 –  1000 ms]   821  ██████████████████████████████
  [ 1000 – 10000 ms]     0  
  [92m✓[0m  Raw samples written to /tmp/reader_baseline.csv
  [93m→[0m  After implementing the cache, rerun the same command and diff the RYW lag.

=======================================================

[1mPHASE 2 of 2 — CACHE ENABLED + SLOW CONSUMER[0m
  Restarting with --delay 0.10 (cache on) ...
Stopping services and wiping volumes...

  cache:    enabled  (redis-cache :6380, 2MB allkeys-lru)
  consumer: SLOW (0.10s/event)
  saga:     fast
  stream:   redis-stream :6379  (no memory limit)

Starting services...
time="2026-04-26T03:26:13+05:30" level=warning msg="/Users/akankshawattamwar/Desktop/CS315/CQRS/docker-compose.yml: the attribute `version` is obsolete, it will be ignored, please remove it to avoid potential confusion"
#1 [internal] load local bake definitions
#1 reading from stdin 1.05kB done
#1 DONE 0.0s

#2 [saga internal] load build definition from Dockerfile
#2 DONE 0.0s

#3 [consumer internal] load build definition from Dockerfile
#3 transferring dockerfile: 186B done
#3 DONE 0.0s

#2 [saga internal] load build definition from Dockerfile
#2 transferring dockerfile: 365B done
#2 DONE 0.0s

#4 [consumer internal] load metadata for docker.io/library/python:3.12-slim
#4 DONE 1.6s

#5 [consumer internal] load .dockerignore
#5 transferring context: 2B done
#5 DONE 0.0s

#6 [saga internal] load .dockerignore
#6 transferring context: 2B done
#6 DONE 0.0s

#7 [consumer internal] load build context
#7 transferring context: 308B done
#7 DONE 0.0s

#8 [consumer 1/5] FROM docker.io/library/python:3.12-slim@sha256:46cb7cc2877e60fbd5e21a9ae6115c30ace7a077b9f8772da879e4590c18c2e3
#8 resolve docker.io/library/python:3.12-slim@sha256:46cb7cc2877e60fbd5e21a9ae6115c30ace7a077b9f8772da879e4590c18c2e3 done
#8 DONE 0.0s

#9 [consumer 2/5] WORKDIR /app
#9 CACHED

#10 [saga 2/7] WORKDIR /service
#10 CACHED

#11 [saga internal] load build context
#11 transferring context: 386B done
#11 DONE 0.0s

#12 [consumer 3/5] COPY requirements.txt .
#12 DONE 0.0s

#13 [saga 3/7] COPY saga/requirements.txt saga/
#13 DONE 0.0s

#14 [saga 4/7] RUN pip install --no-cache-dir -r saga/requirements.txt
#14 1.207 Collecting pymongo==4.7.2 (from -r saga/requirements.txt (line 1))
#14 1.280   Downloading pymongo-4.7.2-cp312-cp312-manylinux_2_17_aarch64.manylinux2014_aarch64.whl.metadata (22 kB)
#14 1.570 Collecting redis==5.0.5 (from -r saga/requirements.txt (line 2))
#14 1.589   Downloading redis-5.0.5-py3-none-any.whl.metadata (9.3 kB)
#14 1.933 Collecting psycopg2-binary==2.9.9 (from -r saga/requirements.txt (line 3))
#14 1.952   Downloading psycopg2_binary-2.9.9-cp312-cp312-manylinux_2_17_aarch64.manylinux2014_aarch64.whl.metadata (4.4 kB)
#14 1.979 Collecting dnspython<3.0.0,>=1.16.0 (from pymongo==4.7.2->-r saga/requirements.txt (line 1))
#14 1.996   Downloading dnspython-2.8.0-py3-none-any.whl.metadata (5.7 kB)
#14 2.022 Downloading pymongo-4.7.2-cp312-cp312-manylinux_2_17_aarch64.manylinux2014_aarch64.whl (688 kB)
#14 2.236    ━━━━━━━━━━━━━━━━━━━━━━━━━━━━━━━━━━━━━━━━ 689.0/689.0 kB 3.7 MB/s eta 0:00:00
#14 2.261 Downloading redis-5.0.5-py3-none-any.whl (251 kB)
#14 2.335 Downloading psycopg2_binary-2.9.9-cp312-cp312-manylinux_2_17_aarch64.manylinux2014_aarch64.whl (2.9 MB)
#14 3.171    ━━━━━━━━━━━━━━━━━━━━━━━━━━━━━━━━━━━━━━━━ 2.9/2.9 MB 3.4 MB/s eta 0:00:00
#14 3.196 Downloading dnspython-2.8.0-py3-none-any.whl (331 kB)
#14 3.279 Installing collected packages: redis, psycopg2-binary, dnspython, pymongo
#14 3.603 Successfully installed dnspython-2.8.0 psycopg2-binary-2.9.9 pymongo-4.7.2 redis-5.0.5
#14 3.604 WARNING: Running pip as the 'root' user can result in broken permissions and conflicting behaviour with the system package manager, possibly rendering your system unusable. It is recommended to use a virtual environment instead: https://pip.pypa.io/warnings/venv. Use the --root-user-action option if you know what you are doing and want to suppress this warning.
#14 3.757 
#14 3.757 [notice] A new release of pip is available: 25.0.1 -> 26.0.1
#14 3.757 [notice] To update, run: pip install --upgrade pip
#14 ...

#15 [consumer 4/5] RUN pip install --no-cache-dir -r requirements.txt
#15 1.241 Collecting pymongo==4.7.2 (from -r requirements.txt (line 1))
#15 1.301   Downloading pymongo-4.7.2-cp312-cp312-manylinux_2_17_aarch64.manylinux2014_aarch64.whl.metadata (22 kB)
#15 1.589 Collecting redis==5.0.5 (from -r requirements.txt (line 2))
#15 1.606   Downloading redis-5.0.5-py3-none-any.whl.metadata (9.3 kB)
#15 1.951 Collecting psycopg2-binary==2.9.9 (from -r requirements.txt (line 3))
#15 1.969   Downloading psycopg2_binary-2.9.9-cp312-cp312-manylinux_2_17_aarch64.manylinux2014_aarch64.whl.metadata (4.4 kB)
#15 1.995 Collecting dnspython<3.0.0,>=1.16.0 (from pymongo==4.7.2->-r requirements.txt (line 1))
#15 2.013   Downloading dnspython-2.8.0-py3-none-any.whl.metadata (5.7 kB)
#15 2.038 Downloading pymongo-4.7.2-cp312-cp312-manylinux_2_17_aarch64.manylinux2014_aarch64.whl (688 kB)
#15 2.254    ━━━━━━━━━━━━━━━━━━━━━━━━━━━━━━━━━━━━━━━━ 689.0/689.0 kB 3.8 MB/s eta 0:00:00
#15 2.280 Downloading redis-5.0.5-py3-none-any.whl (251 kB)
#15 2.354 Downloading psycopg2_binary-2.9.9-cp312-cp312-manylinux_2_17_aarch64.manylinux2014_aarch64.whl (2.9 MB)
#15 3.186    ━━━━━━━━━━━━━━━━━━━━━━━━━━━━━━━━━━━━━━━━ 2.9/2.9 MB 3.5 MB/s eta 0:00:00
#15 3.214 Downloading dnspython-2.8.0-py3-none-any.whl (331 kB)
#15 3.297 Installing collected packages: redis, psycopg2-binary, dnspython, pymongo
#15 3.621 Successfully installed dnspython-2.8.0 psycopg2-binary-2.9.9 pymongo-4.7.2 redis-5.0.5
#15 3.621 WARNING: Running pip as the 'root' user can result in broken permissions and conflicting behaviour with the system package manager, possibly rendering your system unusable. It is recommended to use a virtual environment instead: https://pip.pypa.io/warnings/venv. Use the --root-user-action option if you know what you are doing and want to suppress this warning.
#15 3.775 
#15 3.775 [notice] A new release of pip is available: 25.0.1 -> 26.0.1
#15 3.775 [notice] To update, run: pip install --upgrade pip
#15 DONE 3.9s

#14 [saga 4/7] RUN pip install --no-cache-dir -r saga/requirements.txt
#14 DONE 3.9s

#16 [saga 5/7] COPY write-api/events.py write-api/
#16 DONE 0.0s

#17 [consumer 5/5] COPY . .
#17 DONE 0.0s

#18 [saga 6/7] COPY saga/ saga/
#18 DONE 0.0s

#19 [saga 7/7] WORKDIR /service/saga
#19 DONE 0.0s

#20 [saga] exporting to image
#20 exporting layers
#20 exporting layers 0.6s done
#20 exporting manifest sha256:e3018a2eb96048825bc4b2d6db22ce6a6bd21a16775efa32bb376261f5af0885 done
#20 exporting config sha256:db630c5605b76374dbb91e7673a66593e87292c5e33d1d5df52f2a2f8f2646f7 done
#20 exporting attestation manifest sha256:7ebbef8480b838357baf127521e49da0701ec56346176f1924c2d1f9bea3ded9 done
#20 exporting manifest list sha256:c60f0ea3fc22e666644b327f0d4c9d54e8a4bb6d769ed2c4ac3bd4acb57ad158 done
#20 naming to docker.io/library/cqrs-saga:latest done
#20 unpacking to docker.io/library/cqrs-saga:latest
#20 unpacking to docker.io/library/cqrs-saga:latest 0.1s done
#20 DONE 0.7s

#21 [consumer] exporting to image
#21 exporting layers 0.5s done
#21 exporting manifest sha256:2425fee752040977ce45435c38ddd2b94883a32f670e517feee0a5619001ac46 done
#21 exporting config sha256:07ac4f2f9a666f3b1ca9924ccfaabc3d2dc5ca3698b38e9702ad329b96c55a57 done
#21 exporting attestation manifest sha256:7f1d79405fd4ed7d02312de6887a9b4b38c15bb0d14105694a7d8d33780cc071 done
#21 exporting manifest list sha256:96ce6da9f760bffa6bedafd20e60ddfcb3f70ba36f33582ef777e3a0560b43bc done
#21 naming to docker.io/library/cqrs-consumer:latest done
#21 unpacking to docker.io/library/cqrs-consumer:latest 0.1s done
#21 DONE 0.7s

#22 [consumer] resolving provenance for metadata file
#22 DONE 0.0s

#23 [saga] resolving provenance for metadata file
#23 DONE 0.0s
 cqrs-consumer  Built
 cqrs-saga  Built
time="2026-04-26T03:26:20+05:30" level=warning msg="/Users/akankshawattamwar/Desktop/CS315/CQRS/docker-compose.yml: the attribute `version` is obsolete, it will be ignored, please remove it to avoid potential confusion"
#1 [internal] load local bake definitions
#1 reading from stdin 2.42kB done
#1 DONE 0.0s

#2 [read-api internal] load build definition from Dockerfile
#2 transferring dockerfile: 225B done
#2 DONE 0.0s

#3 [saga internal] load build definition from Dockerfile
#3 transferring dockerfile: 365B done
#3 DONE 0.0s

#4 [write-api internal] load build definition from Dockerfile
#4 transferring dockerfile: 225B done
#4 DONE 0.0s

#5 [consumer internal] load build definition from Dockerfile
#5 transferring dockerfile: 186B done
#5 DONE 0.0s

#6 [frontend internal] load build definition from Dockerfile
#6 transferring dockerfile: 271B done
#6 DONE 0.0s

#7 [write-api internal] load metadata for docker.io/library/python:3.12-slim
#7 DONE 0.4s

#8 [saga internal] load .dockerignore
#8 transferring context: 2B done
#8 DONE 0.0s

#9 [read-api internal] load .dockerignore
#9 transferring context: 2B done
#9 DONE 0.0s

#10 [consumer internal] load .dockerignore
#10 transferring context: 2B done
#10 DONE 0.0s

#11 [write-api internal] load .dockerignore
#11 transferring context: 2B done
#11 DONE 0.0s

#12 [read-api internal] load build context
#12 transferring context: 258B done
#12 DONE 0.0s

#13 [write-api internal] load build context
#13 transferring context: 341B done
#13 DONE 0.0s

#14 [consumer internal] load build context
#14 transferring context: 308B done
#14 DONE 0.0s

#15 [write-api 1/7] FROM docker.io/library/python:3.12-slim@sha256:46cb7cc2877e60fbd5e21a9ae6115c30ace7a077b9f8772da879e4590c18c2e3
#15 resolve docker.io/library/python:3.12-slim@sha256:46cb7cc2877e60fbd5e21a9ae6115c30ace7a077b9f8772da879e4590c18c2e3 0.0s done
#15 DONE 0.0s

#16 [saga internal] load build context
#16 transferring context: 386B done
#16 DONE 0.0s

#17 [write-api 3/5] COPY requirements.txt .
#17 CACHED

#18 [write-api 4/5] RUN pip install --no-cache-dir -r requirements.txt
#18 CACHED

#19 [write-api 5/5] COPY . .
#19 CACHED

#20 [consumer 4/5] RUN pip install --no-cache-dir -r requirements.txt
#20 CACHED

#21 [consumer 3/5] COPY requirements.txt .
#21 CACHED

#22 [read-api 4/5] RUN pip install --no-cache-dir -r requirements.txt
#22 CACHED

#23 [consumer 2/5] WORKDIR /app
#23 CACHED

#24 [read-api 3/5] COPY requirements.txt .
#24 CACHED

#25 [read-api 5/5] COPY . .
#25 CACHED

#26 [consumer 5/5] COPY . .
#26 CACHED

#27 [write-api] exporting to image
#27 exporting layers done
#27 exporting manifest sha256:92a21a99b40b6531c5801222236f42d6aa7bbf8b65d7634fc566f9392602e764
#27 exporting manifest sha256:92a21a99b40b6531c5801222236f42d6aa7bbf8b65d7634fc566f9392602e764 done
#27 exporting config sha256:be9fb26fa271ebf0c525960e70f2e967c21bf78a1eb2b7a7dc06e6d3ff4d3f55 done
#27 exporting attestation manifest sha256:01206e3cfac72533fa21fe61d48412fb3bb1ea146f7de34a04614bd0521fa68e done
#27 exporting manifest list sha256:808ec6b53b8b6447a697e08ae3bac8cbf484f94eee42301d4cecf73ccfa23b8b done
#27 naming to docker.io/library/cqrs-write-api:latest done
#27 unpacking to docker.io/library/cqrs-write-api:latest done
#27 DONE 0.1s

#28 [read-api] exporting to image
#28 exporting layers done
#28 exporting manifest sha256:c63ee61fb06e4bd063e843362129b868354c2f94e2566ad3c11bbd0548881470 done
#28 exporting config sha256:46bb870cf8127e2823c379c44ac9a3c0d6ee66fd1b3343341206f22ff23f7f62 done
#28 exporting attestation manifest sha256:4f1fb79d30f26949fbe8043c49bb3da205bba0a6473b274fb1038f20776e9a29 0.0s done
#28 exporting manifest list sha256:adbb95653603dd957a9bc230398fc12cc1b4e93628223cbf0f4d228dbab7624a 0.0s done
#28 naming to docker.io/library/cqrs-read-api:latest done
#28 unpacking to docker.io/library/cqrs-read-api:latest done
#28 DONE 0.1s

#29 [consumer] exporting to image
#29 exporting layers done
#29 exporting manifest sha256:2425fee752040977ce45435c38ddd2b94883a32f670e517feee0a5619001ac46 done
#29 exporting config sha256:07ac4f2f9a666f3b1ca9924ccfaabc3d2dc5ca3698b38e9702ad329b96c55a57 done
#29 exporting attestation manifest sha256:2b14477edc1945e9f9db26a31e20cc08496097bdef740b426e235eedd4f5aea7 0.0s done
#29 exporting manifest list sha256:49fc7f9328465bc75b28d7eaa19ab7b00596e520a21b1ce88e7eed1776027854 0.0s done
#29 naming to docker.io/library/cqrs-consumer:latest done
#29 unpacking to docker.io/library/cqrs-consumer:latest done
#29 DONE 0.1s

#30 [write-api] resolving provenance for metadata file
#30 DONE 0.0s

#31 [saga 3/7] COPY saga/requirements.txt saga/
#31 CACHED

#32 [saga 6/7] COPY saga/ saga/
#32 CACHED

#33 [saga 2/7] WORKDIR /service
#33 CACHED

#34 [saga 4/7] RUN pip install --no-cache-dir -r saga/requirements.txt
#34 CACHED

#35 [saga 5/7] COPY write-api/events.py write-api/
#35 CACHED

#36 [saga 7/7] WORKDIR /service/saga
#36 CACHED

#37 [saga] exporting to image
#37 exporting layers done
#37 exporting manifest sha256:e3018a2eb96048825bc4b2d6db22ce6a6bd21a16775efa32bb376261f5af0885 done
#37 exporting config sha256:db630c5605b76374dbb91e7673a66593e87292c5e33d1d5df52f2a2f8f2646f7 done
#37 exporting attestation manifest sha256:7f78550812cf401a62579a5baa90b9081683aadecf90938e29acfaa3450e4510 done
#37 exporting manifest list sha256:4b2180cbf88bc79fbcb9e0cf881471d12f81f52af6ff1c17cede490eed39e769 done
#37 naming to docker.io/library/cqrs-saga:latest done
#37 unpacking to docker.io/library/cqrs-saga:latest done
#37 DONE 0.1s

#38 [read-api] resolving provenance for metadata file
#38 DONE 0.0s

#39 [consumer] resolving provenance for metadata file
#39 DONE 0.0s

#40 [saga] resolving provenance for metadata file
#40 DONE 0.0s

#41 [frontend internal] load metadata for docker.io/library/node:20-alpine
#41 ...

#42 [frontend internal] load metadata for docker.io/library/nginx:alpine
#42 DONE 1.2s

#41 [frontend internal] load metadata for docker.io/library/node:20-alpine
#41 DONE 3.1s

#43 [frontend internal] load .dockerignore
#43 transferring context: 2B done
#43 DONE 0.0s

#44 [frontend build 1/6] FROM docker.io/library/node:20-alpine@sha256:fb4cd12c85ee03686f6af5362a0b0d56d50c58a04632e6c0fb8363f609372293
#44 resolve docker.io/library/node:20-alpine@sha256:fb4cd12c85ee03686f6af5362a0b0d56d50c58a04632e6c0fb8363f609372293 0.0s done
#44 DONE 0.0s

#45 [frontend stage-1 1/3] FROM docker.io/library/nginx:alpine@sha256:5616878291a2eed594aee8db4dade5878cf7edcb475e59193904b198d9b830de
#45 resolve docker.io/library/nginx:alpine@sha256:5616878291a2eed594aee8db4dade5878cf7edcb475e59193904b198d9b830de 0.0s done
#45 DONE 0.0s

#46 [frontend internal] load build context
#46 transferring context: 185.58kB 0.1s done
#46 DONE 0.1s

#47 [frontend build 6/6] RUN npm run build
#47 CACHED

#48 [frontend build 5/6] COPY . .
#48 CACHED

#49 [frontend stage-1 2/3] COPY --from=build /app/dist /usr/share/nginx/html
#49 CACHED

#50 [frontend build 4/6] RUN npm install
#50 CACHED

#51 [frontend build 2/6] WORKDIR /app
#51 CACHED

#52 [frontend build 3/6] COPY package.json ./
#52 CACHED

#53 [frontend stage-1 3/3] COPY nginx.conf /etc/nginx/conf.d/default.conf
#53 CACHED

#54 [frontend] exporting to image
#54 exporting layers done
#54 exporting manifest sha256:32782dd8e2053c61118ccbb621867087941de406675097f92803716fedafab00 done
#54 exporting config sha256:64d46ad231b32d64275256ac207db88e0b5dd078678dcdc752d464f80305d609 done
#54 exporting attestation manifest sha256:d4387ac6b18eb79ac254b8ee564c034592bb234008c9d7933fd114122e212028 done
#54 exporting manifest list sha256:643bf091bd9a3d57cf2044af9525989c06fef80fe872281fa32924873dc154e9 done
#54 naming to docker.io/library/cqrs-frontend:latest done
#54 unpacking to docker.io/library/cqrs-frontend:latest done
#54 DONE 0.0s

#55 [frontend] resolving provenance for metadata file
#55 DONE 0.0s
 cqrs-saga  Built
 cqrs-consumer  Built
 cqrs-read-api  Built
 cqrs-write-api  Built
 cqrs-frontend  Built
 Network cqrs_default  Creating
 Network cqrs_default  Created
 Volume "cqrs_postgres_data"  Creating
 Volume "cqrs_postgres_data"  Created
 Volume "cqrs_mongo_data"  Creating
 Volume "cqrs_mongo_data"  Created
 Container cqrs-postgres-1  Creating
 Container cqrs-redis-cache-1  Creating
 Container cqrs-mongodb-1  Creating
 Container cqrs-redis-stream-1  Creating
 Container cqrs-mongodb-1  Created
 Container cqrs-redis-stream-1  Created
 Container cqrs-redis-cache-1  Created
 Container cqrs-write-api-1  Creating
 Container cqrs-postgres-1  Created
 Container cqrs-saga-1  Creating
 Container cqrs-read-api-1  Creating
 Container cqrs-consumer-1  Creating
 Container cqrs-write-api-1  Created
 Container cqrs-read-api-1  Created
 Container cqrs-frontend-1  Creating
 Container cqrs-consumer-1  Created
 Container cqrs-saga-1  Created
 Container cqrs-frontend-1  Created
 Container cqrs-redis-cache-1  Starting
 Container cqrs-redis-stream-1  Starting
 Container cqrs-mongodb-1  Starting
 Container cqrs-postgres-1  Starting
 Container cqrs-mongodb-1  Started
 Container cqrs-redis-cache-1  Started
 Container cqrs-redis-stream-1  Started
 Container cqrs-mongodb-1  Waiting
 Container cqrs-redis-stream-1  Waiting
 Container cqrs-redis-cache-1  Waiting
 Container cqrs-postgres-1  Started
 Container cqrs-redis-stream-1  Waiting
 Container cqrs-postgres-1  Waiting
 Container cqrs-postgres-1  Waiting
 Container cqrs-mongodb-1  Waiting
 Container cqrs-redis-stream-1  Waiting
 Container cqrs-postgres-1  Waiting
 Container cqrs-redis-cache-1  Waiting
 Container cqrs-mongodb-1  Waiting
 Container cqrs-redis-stream-1  Healthy
 Container cqrs-redis-cache-1  Healthy
 Container cqrs-redis-stream-1  Healthy
 Container cqrs-redis-stream-1  Healthy
 Container cqrs-postgres-1  Healthy
 Container cqrs-postgres-1  Healthy
 Container cqrs-redis-cache-1  Healthy
 Container cqrs-read-api-1  Starting
 Container cqrs-postgres-1  Healthy
 Container cqrs-read-api-1  Started
 Container cqrs-frontend-1  Starting
 Container cqrs-frontend-1  Started
 Container cqrs-mongodb-1  Healthy
 Container cqrs-write-api-1  Starting
 Container cqrs-mongodb-1  Healthy
 Container cqrs-saga-1  Starting
 Container cqrs-mongodb-1  Healthy
 Container cqrs-consumer-1  Starting
 Container cqrs-write-api-1  Started
 Container cqrs-consumer-1  Started
 Container cqrs-saga-1  Started
Waiting for APIs to be ready...
Clearing MongoDB events and sagas...
time="2026-04-26T03:26:36+05:30" level=warning msg="/Users/akankshawattamwar/Desktop/CS315/CQRS/docker-compose.yml: the attribute `version` is obsolete, it will be ignored, please remove it to avoid potential confusion"
MongoDB cleared
All services up.
Logs: docker compose logs -f [write-api|read-api|consumer|saga]

=======================================================

[34mRunning benchmark (N=1000, consumer delay=0.10s/event) ...[0m

[1m[94m=======================================================[0m
[1m[94m  READER BENCHMARK — Read-Your-Writes Lag (baseline)[0m
[1m[94m=======================================================[0m
  [93m→[0m  Placing 1000 orders sequentially and measuring GET-after-POST lag
  [93m→[0m  Poll interval: 2ms (so floor resolution ≈ 2ms)
    ...10/1000 orders placed & read
    ...20/1000 orders placed & read
    ...30/1000 orders placed & read
    ...40/1000 orders placed & read
    ...50/1000 orders placed & read
    ...60/1000 orders placed & read
    ...70/1000 orders placed & read
    ...80/1000 orders placed & read
    ...90/1000 orders placed & read
    ...100/1000 orders placed & read
    ...110/1000 orders placed & read
    ...120/1000 orders placed & read
    ...130/1000 orders placed & read
    ...140/1000 orders placed & read
    ...150/1000 orders placed & read
    ...160/1000 orders placed & read
    ...170/1000 orders placed & read
    ...180/1000 orders placed & read
    ...190/1000 orders placed & read
    ...200/1000 orders placed & read
    ...210/1000 orders placed & read
    ...220/1000 orders placed & read
    ...230/1000 orders placed & read
    ...240/1000 orders placed & read
    ...250/1000 orders placed & read
    ...260/1000 orders placed & read
    ...270/1000 orders placed & read
    ...280/1000 orders placed & read
    ...290/1000 orders placed & read
    ...300/1000 orders placed & read
    ...310/1000 orders placed & read
    ...320/1000 orders placed & read
    ...330/1000 orders placed & read
    ...340/1000 orders placed & read
    ...350/1000 orders placed & read
    ...360/1000 orders placed & read
    ...370/1000 orders placed & read
    ...380/1000 orders placed & read
    ...390/1000 orders placed & read
    ...400/1000 orders placed & read
    ...410/1000 orders placed & read
    ...420/1000 orders placed & read
    ...430/1000 orders placed & read
    ...440/1000 orders placed & read
    ...450/1000 orders placed & read
    ...460/1000 orders placed & read
    ...470/1000 orders placed & read
    ...480/1000 orders placed & read
    ...490/1000 orders placed & read
    ...500/1000 orders placed & read
    ...510/1000 orders placed & read
    ...520/1000 orders placed & read
    ...530/1000 orders placed & read
    ...540/1000 orders placed & read
    ...550/1000 orders placed & read
    ...560/1000 orders placed & read
    ...570/1000 orders placed & read
    ...580/1000 orders placed & read
    ...590/1000 orders placed & read
    ...600/1000 orders placed & read
    ...610/1000 orders placed & read
    ...620/1000 orders placed & read
    ...630/1000 orders placed & read
    ...640/1000 orders placed & read
    ...650/1000 orders placed & read
    ...660/1000 orders placed & read
    ...670/1000 orders placed & read
    ...680/1000 orders placed & read
    ...690/1000 orders placed & read
    ...700/1000 orders placed & read
    ...710/1000 orders placed & read
    ...720/1000 orders placed & read
    ...730/1000 orders placed & read
    ...740/1000 orders placed & read
    ...750/1000 orders placed & read
    ...760/1000 orders placed & read
    ...770/1000 orders placed & read
    ...780/1000 orders placed & read
    ...790/1000 orders placed & read
    ...800/1000 orders placed & read
    ...810/1000 orders placed & read
    ...820/1000 orders placed & read
    ...830/1000 orders placed & read
    ...840/1000 orders placed & read
    ...850/1000 orders placed & read
    ...860/1000 orders placed & read
    ...870/1000 orders placed & read
    ...880/1000 orders placed & read
    ...890/1000 orders placed & read
    ...900/1000 orders placed & read
    ...910/1000 orders placed & read
    ...920/1000 orders placed & read
    ...930/1000 orders placed & read
    ...940/1000 orders placed & read
    ...950/1000 orders placed & read
    ...960/1000 orders placed & read
    ...970/1000 orders placed & read
    ...980/1000 orders placed & read
    ...990/1000 orders placed & read
    ...1000/1000 orders placed & read

  [1mResults  (N=1000, failures=0, wall=3.0s)[0m
  metric             p50       p95       p99       max      mean
  POST ms            1.7       2.5       3.0      22.1       1.8
  RYW lag ms         1.1       1.9       2.3       6.7       1.2
  polls                1         1         1         1       1.0

  [1mRYW lag distribution[0m
  [    0 –     5 ms]   999  ██████████████████████████████
  [    5 –    10 ms]     1  
  [   10 –    20 ms]     0  
  [   20 –    50 ms]     0  
  [   50 –   100 ms]     0  
  [  100 –   250 ms]     0  
  [  250 –   500 ms]     0  
  [  500 –  1000 ms]     0  
  [ 1000 – 10000 ms]     0  
  [92m✓[0m  Raw samples written to /tmp/reader_baseline.csv
  [93m→[0m  After implementing the cache, rerun the same command and diff the RYW lag.

=======================================================

[1mRESULTS COMPARISON (N=1000, consumer delay=0.10s/event)[0m

WITHOUT CACHE:
      metric             p50       p95       p99       max      mean
      POST ms            3.7       5.3       8.1      34.2       3.9
      RYW lag ms       506.3     513.3     520.3     536.7     491.3
      polls               69        74        75        77      67.5
    
      RYW lag distribution

WITH CACHE:
      metric             p50       p95       p99       max      mean
      POST ms            1.7       2.5       3.0      22.1       1.8
      RYW lag ms         1.1       1.9       2.3       6.7       1.2
      polls                1         1         1         1       1.0
    
      RYW lag distribution

[1mSpeedup:[0m
    p50        506.3 ms  →     1.1 ms   (460x faster)
    p95        513.3 ms  →     1.9 ms   (270x faster)
    p99        520.3 ms  →     2.3 ms   (226x faster)

[1mCache hit/miss stats (phase 2):[0m
    hits:     1000
    misses:   0
    hit rate: 100.0%

[1mCache Redis :6380 — memory & eviction (allkeys-lru, cap=2.00M):[0m
    evicted keys:  0  (this run; lifetime=0)
    used memory:   1.76M / 2.00M
    order:* keys:  1000 live in cache now

[32mResults saved to:[0m
  no-cache:  /Users/akankshawattamwar/Desktop/CS315/CQRS/results/nocache_slowconsumer_0.10_1000.txt
  cached:    /Users/akankshawattamwar/Desktop/CS315/CQRS/results/cached_slowconsumer_0.10_1000.txt

=======================================================

[1mCleaning up — restarting with defaults (fast consumer, cache on)...[0m
Stopping services and wiping volumes...

  cache:    enabled  (redis-cache :6380, 2MB allkeys-lru)
  consumer: fast
  saga:     fast
  stream:   redis-stream :6379  (no memory limit)

Starting services...
time="2026-04-26T03:26:51+05:30" level=warning msg="/Users/akankshawattamwar/Desktop/CS315/CQRS/docker-compose.yml: the attribute `version` is obsolete, it will be ignored, please remove it to avoid potential confusion"
#1 [internal] load local bake definitions
#1 reading from stdin 1.05kB done
#1 DONE 0.0s

#2 [consumer internal] load build definition from Dockerfile
#2 transferring dockerfile: 186B done
#2 DONE 0.0s

#3 [saga internal] load build definition from Dockerfile
#3 transferring dockerfile: 365B done
#3 DONE 0.0s

#4 [saga internal] load metadata for docker.io/library/python:3.12-slim
#4 DONE 1.1s

#5 [saga internal] load .dockerignore
#5 transferring context: 2B done
#5 DONE 0.0s

#6 [consumer internal] load .dockerignore
#6 transferring context: 2B done
#6 DONE 0.0s

#7 [consumer internal] load build context
#7 transferring context: 308B done
#7 DONE 0.0s

#8 [consumer 1/5] FROM docker.io/library/python:3.12-slim@sha256:46cb7cc2877e60fbd5e21a9ae6115c30ace7a077b9f8772da879e4590c18c2e3
#8 resolve docker.io/library/python:3.12-slim@sha256:46cb7cc2877e60fbd5e21a9ae6115c30ace7a077b9f8772da879e4590c18c2e3 done
#8 DONE 0.0s

#9 [consumer 2/5] WORKDIR /app
#9 CACHED

#10 [saga 2/7] WORKDIR /service
#10 CACHED

#11 [saga internal] load build context
#11 transferring context: 386B done
#11 DONE 0.0s

#12 [consumer 3/5] COPY requirements.txt .
#12 DONE 0.0s

#13 [saga 3/7] COPY saga/requirements.txt saga/
#13 DONE 0.0s

#14 [saga 4/7] RUN pip install --no-cache-dir -r saga/requirements.txt
#14 1.838 Collecting pymongo==4.7.2 (from -r saga/requirements.txt (line 1))
#14 2.091   Downloading pymongo-4.7.2-cp312-cp312-manylinux_2_17_aarch64.manylinux2014_aarch64.whl.metadata (22 kB)
#14 2.369 Collecting redis==5.0.5 (from -r saga/requirements.txt (line 2))
#14 2.437   Downloading redis-5.0.5-py3-none-any.whl.metadata (9.3 kB)
#14 2.651 Collecting psycopg2-binary==2.9.9 (from -r saga/requirements.txt (line 3))
#14 2.668   Downloading psycopg2_binary-2.9.9-cp312-cp312-manylinux_2_17_aarch64.manylinux2014_aarch64.whl.metadata (4.4 kB)
#14 2.717 Collecting dnspython<3.0.0,>=1.16.0 (from pymongo==4.7.2->-r saga/requirements.txt (line 1))
#14 2.738   Downloading dnspython-2.8.0-py3-none-any.whl.metadata (5.7 kB)
#14 2.771 Downloading pymongo-4.7.2-cp312-cp312-manylinux_2_17_aarch64.manylinux2014_aarch64.whl (688 kB)
#14 3.422    ━━━━━━━━━━━━━━━━━━━━━━━━━━━━━━━━━━━━━━━ 689.0/689.0 kB 983.4 kB/s eta 0:00:00
#14 3.511 Downloading redis-5.0.5-py3-none-any.whl (251 kB)
#14 4.084 Downloading psycopg2_binary-2.9.9-cp312-cp312-manylinux_2_17_aarch64.manylinux2014_aarch64.whl (2.9 MB)
#14 6.239    ━━━━━━━━━━━━━━━━━━━━━━━━━━━━━━━━━━━━━━━━ 2.9/2.9 MB 1.5 MB/s eta 0:00:00
#14 6.306 Downloading dnspython-2.8.0-py3-none-any.whl (331 kB)
#14 6.559 Installing collected packages: redis, psycopg2-binary, dnspython, pymongo
#14 ...

#15 [consumer 4/5] RUN pip install --no-cache-dir -r requirements.txt
#15 1.807 Collecting pymongo==4.7.2 (from -r requirements.txt (line 1))
#15 2.100   Downloading pymongo-4.7.2-cp312-cp312-manylinux_2_17_aarch64.manylinux2014_aarch64.whl.metadata (22 kB)
#15 2.377 Collecting redis==5.0.5 (from -r requirements.txt (line 2))
#15 2.446   Downloading redis-5.0.5-py3-none-any.whl.metadata (9.3 kB)
#15 2.660 Collecting psycopg2-binary==2.9.9 (from -r requirements.txt (line 3))
#15 2.680   Downloading psycopg2_binary-2.9.9-cp312-cp312-manylinux_2_17_aarch64.manylinux2014_aarch64.whl.metadata (4.4 kB)
#15 2.725 Collecting dnspython<3.0.0,>=1.16.0 (from pymongo==4.7.2->-r requirements.txt (line 1))
#15 2.746   Downloading dnspython-2.8.0-py3-none-any.whl.metadata (5.7 kB)
#15 2.783 Downloading pymongo-4.7.2-cp312-cp312-manylinux_2_17_aarch64.manylinux2014_aarch64.whl (688 kB)
#15 3.293    ━━━━━━━━━━━━━━━━━━━━━━━━━━━━━━━━━━━━━━━━ 689.0/689.0 kB 1.3 MB/s eta 0:00:00
#15 3.324 Downloading redis-5.0.5-py3-none-any.whl (251 kB)
#15 3.757 Downloading psycopg2_binary-2.9.9-cp312-cp312-manylinux_2_17_aarch64.manylinux2014_aarch64.whl (2.9 MB)
#15 5.968    ━━━━━━━━━━━━━━━━━━━━━━━━━━━━━━━━━━━━━━━━ 2.9/2.9 MB 1.4 MB/s eta 0:00:00
#15 6.070 Downloading dnspython-2.8.0-py3-none-any.whl (331 kB)
#15 6.182 Installing collected packages: redis, psycopg2-binary, dnspython, pymongo
#15 6.502 Successfully installed dnspython-2.8.0 psycopg2-binary-2.9.9 pymongo-4.7.2 redis-5.0.5
#15 6.503 WARNING: Running pip as the 'root' user can result in broken permissions and conflicting behaviour with the system package manager, possibly rendering your system unusable. It is recommended to use a virtual environment instead: https://pip.pypa.io/warnings/venv. Use the --root-user-action option if you know what you are doing and want to suppress this warning.
#15 6.760 
#15 6.760 [notice] A new release of pip is available: 25.0.1 -> 26.0.1
#15 6.760 [notice] To update, run: pip install --upgrade pip
#15 DONE 6.9s

#16 [consumer 5/5] COPY . .
#16 DONE 0.0s

#17 [consumer] exporting to image
#17 exporting layers
#17 ...

#14 [saga 4/7] RUN pip install --no-cache-dir -r saga/requirements.txt
#14 6.910 Successfully installed dnspython-2.8.0 psycopg2-binary-2.9.9 pymongo-4.7.2 redis-5.0.5
#14 6.910 WARNING: Running pip as the 'root' user can result in broken permissions and conflicting behaviour with the system package manager, possibly rendering your system unusable. It is recommended to use a virtual environment instead: https://pip.pypa.io/warnings/venv. Use the --root-user-action option if you know what you are doing and want to suppress this warning.
#14 7.085 
#14 7.085 [notice] A new release of pip is available: 25.0.1 -> 26.0.1
#14 7.085 [notice] To update, run: pip install --upgrade pip
#14 DONE 7.1s

#18 [saga 5/7] COPY write-api/events.py write-api/
#18 DONE 0.0s

#19 [saga 6/7] COPY saga/ saga/
#19 DONE 0.0s

#20 [saga 7/7] WORKDIR /service/saga
#20 DONE 0.0s

#17 [consumer] exporting to image
#17 exporting layers 0.6s done
#17 exporting manifest sha256:542cd075fca12b3704009ce74d1fca3e1863fc1a2851d973ca4fea080265744b
#17 exporting manifest sha256:542cd075fca12b3704009ce74d1fca3e1863fc1a2851d973ca4fea080265744b done
#17 exporting config sha256:94c51684f8a71ffffdc23fd53d1870c8c3ad3102db50c7390279abb0ecceda89 done
#17 exporting attestation manifest sha256:ee6be45fc033664157c8495e2fb82df973129d1905dde46073f0650b6e091ff2 done
#17 exporting manifest list sha256:404f83653b4245d4de5854c1f6aefba1700948690071fc28690651028d6c31fd done
#17 naming to docker.io/library/cqrs-consumer:latest done
#17 unpacking to docker.io/library/cqrs-consumer:latest 0.1s done
#17 DONE 0.7s

#21 [consumer] resolving provenance for metadata file
#21 DONE 0.0s

#22 [saga] exporting to image
#22 exporting layers 0.7s done
#22 exporting manifest sha256:ad2c56357fdfe16129c14dfe5b45edd949e59363a2ce146e2e2806908840433f
#22 exporting manifest sha256:ad2c56357fdfe16129c14dfe5b45edd949e59363a2ce146e2e2806908840433f done
#22 exporting config sha256:1d0e8e92262e3251b4535396d634beb0a3d664310a0f618f897e25a305e65221 done
#22 exporting attestation manifest sha256:84cc054b06fb0803792923a4d0243fac5892f50f28c8185cd25482c5e21b29f6 done
#22 exporting manifest list sha256:ee97dfda90ba505abccb0ee2e011d552139f910c7c96c52899f992c522ed66e4 done
#22 naming to docker.io/library/cqrs-saga:latest done
#22 unpacking to docker.io/library/cqrs-saga:latest 0.1s done
#22 DONE 0.8s

#23 [saga] resolving provenance for metadata file
#23 DONE 0.0s
 cqrs-saga  Built
 cqrs-consumer  Built
time="2026-04-26T03:27:00+05:30" level=warning msg="/Users/akankshawattamwar/Desktop/CS315/CQRS/docker-compose.yml: the attribute `version` is obsolete, it will be ignored, please remove it to avoid potential confusion"
#1 [internal] load local bake definitions
#1 reading from stdin 2.42kB done
#1 DONE 0.0s

#2 [read-api internal] load build definition from Dockerfile
#2 transferring dockerfile: 225B done
#2 DONE 0.0s

#3 [consumer internal] load build definition from Dockerfile
#3 transferring dockerfile: 186B done
#3 DONE 0.0s

#4 [saga internal] load build definition from Dockerfile
#4 transferring dockerfile: 365B done
#4 DONE 0.0s

#5 [write-api internal] load build definition from Dockerfile
#5 transferring dockerfile: 225B done
#5 DONE 0.0s

#6 [frontend internal] load build definition from Dockerfile
#6 transferring dockerfile: 271B done
#6 DONE 0.0s

#7 [saga internal] load metadata for docker.io/library/python:3.12-slim
#7 DONE 0.5s

#8 [write-api internal] load .dockerignore
#8 transferring context: 2B done
#8 DONE 0.0s

#9 [read-api internal] load .dockerignore
#9 transferring context: 2B done
#9 DONE 0.0s

#10 [saga internal] load .dockerignore
#10 transferring context: 2B done
#10 DONE 0.0s

#11 [consumer internal] load .dockerignore
#11 transferring context: 2B done
#11 DONE 0.0s

#12 [read-api internal] load build context
#12 transferring context: 258B done
#12 DONE 0.0s

#13 [write-api internal] load build context
#13 transferring context: 341B done
#13 DONE 0.0s

#14 [consumer internal] load build context
#14 transferring context: 308B done
#14 DONE 0.0s

#15 [write-api 1/5] FROM docker.io/library/python:3.12-slim@sha256:46cb7cc2877e60fbd5e21a9ae6115c30ace7a077b9f8772da879e4590c18c2e3
#15 resolve docker.io/library/python:3.12-slim@sha256:46cb7cc2877e60fbd5e21a9ae6115c30ace7a077b9f8772da879e4590c18c2e3 0.0s done
#15 DONE 0.0s

#16 [saga internal] load build context
#16 transferring context: 386B done
#16 DONE 0.0s

#17 [write-api 4/5] RUN pip install --no-cache-dir -r requirements.txt
#17 CACHED

#18 [write-api 3/5] COPY requirements.txt .
#18 CACHED

#19 [consumer 4/5] RUN pip install --no-cache-dir -r requirements.txt
#19 CACHED

#20 [consumer 3/5] COPY requirements.txt .
#20 CACHED

#21 [write-api 5/5] COPY . .
#21 CACHED

#22 [consumer 5/5] COPY . .
#22 CACHED

#23 [read-api 3/5] COPY requirements.txt .
#23 CACHED

#24 [read-api 4/5] RUN pip install --no-cache-dir -r requirements.txt
#24 CACHED

#25 [write-api 2/5] WORKDIR /app
#25 CACHED

#26 [read-api 5/5] COPY . .
#26 CACHED

#27 [write-api] exporting to image
#27 exporting layers done
#27 exporting manifest sha256:92a21a99b40b6531c5801222236f42d6aa7bbf8b65d7634fc566f9392602e764 done
#27 exporting config sha256:be9fb26fa271ebf0c525960e70f2e967c21bf78a1eb2b7a7dc06e6d3ff4d3f55 done
#27 exporting attestation manifest sha256:412c5c5c6b7b8a9f7f3f2373281f6eafdfbfac05a272b4f9ad77f48e16d1db4f
#27 exporting attestation manifest sha256:412c5c5c6b7b8a9f7f3f2373281f6eafdfbfac05a272b4f9ad77f48e16d1db4f 0.0s done
#27 exporting manifest list sha256:4cb1740fa17d5c7a981ec91c3788d19732150331225c7d528ea7557c2bf5bf1f done
#27 naming to docker.io/library/cqrs-write-api:latest done
#27 unpacking to docker.io/library/cqrs-write-api:latest done
#27 DONE 0.1s

#28 [read-api] exporting to image
#28 exporting layers done
#28 exporting manifest sha256:c63ee61fb06e4bd063e843362129b868354c2f94e2566ad3c11bbd0548881470 done
#28 exporting config sha256:46bb870cf8127e2823c379c44ac9a3c0d6ee66fd1b3343341206f22ff23f7f62 done
#28 exporting attestation manifest sha256:153e61209f1b2c0641f308d9a960ff76e295368b2acebba6ed5eabacf972f1a6 0.0s done
#28 exporting manifest list sha256:9a7e686031d4f25b5d26d02bbca3bbcc8cecae1ca62a7a72791f3ddbce2e6a02 done
#28 naming to docker.io/library/cqrs-read-api:latest done
#28 unpacking to docker.io/library/cqrs-read-api:latest done
#28 DONE 0.1s

#29 [saga 3/7] COPY saga/requirements.txt saga/
#29 CACHED

#30 [saga 5/7] COPY write-api/events.py write-api/
#30 CACHED

#31 [saga 4/7] RUN pip install --no-cache-dir -r saga/requirements.txt
#31 CACHED

#32 [saga 6/7] COPY saga/ saga/
#32 CACHED

#33 [saga 2/7] WORKDIR /service
#33 CACHED

#34 [saga 7/7] WORKDIR /service/saga
#34 CACHED

#35 [consumer] exporting to image
#35 exporting layers done
#35 exporting manifest sha256:542cd075fca12b3704009ce74d1fca3e1863fc1a2851d973ca4fea080265744b done
#35 exporting config sha256:94c51684f8a71ffffdc23fd53d1870c8c3ad3102db50c7390279abb0ecceda89 done
#35 exporting attestation manifest sha256:4c0760b1b09ed0e16dd39f9b90d3b41313f5b76906521d325e88adc96cc204c1 0.0s done
#35 exporting manifest list sha256:680bdfca5b7644cc208ca12d099dccdb10bcf028ec7c647b44d7d793e44ea1f3 done
#35 naming to docker.io/library/cqrs-consumer:latest done
#35 unpacking to docker.io/library/cqrs-consumer:latest done
#35 DONE 0.1s

#36 [saga] exporting to image
#36 exporting layers done
#36 exporting manifest sha256:ad2c56357fdfe16129c14dfe5b45edd949e59363a2ce146e2e2806908840433f done
#36 exporting config sha256:1d0e8e92262e3251b4535396d634beb0a3d664310a0f618f897e25a305e65221 done
#36 exporting attestation manifest sha256:14f49b577296cc84c1399e24f5b4e489d282143302dcb29d805855f52b4d6665 0.0s done
#36 exporting manifest list sha256:a19bbda0ffb0171772d3d44bbe05dbdc7eebc1c7053c48e4a37b79aeeae49e66 done
#36 naming to docker.io/library/cqrs-saga:latest done
#36 unpacking to docker.io/library/cqrs-saga:latest done
#36 DONE 0.1s

#37 [write-api] resolving provenance for metadata file
#37 DONE 0.0s

#38 [read-api] resolving provenance for metadata file
#38 DONE 0.0s

#39 [consumer] resolving provenance for metadata file
#39 DONE 0.0s

#40 [saga] resolving provenance for metadata file
#40 DONE 0.0s

#41 [frontend internal] load metadata for docker.io/library/node:20-alpine
#41 ...

#42 [frontend internal] load metadata for docker.io/library/nginx:alpine
#42 DONE 1.0s

#41 [frontend internal] load metadata for docker.io/library/node:20-alpine
#41 DONE 1.0s

#43 [frontend internal] load .dockerignore
#43 transferring context: 2B done
#43 DONE 0.0s

#44 [frontend stage-1 1/3] FROM docker.io/library/nginx:alpine@sha256:5616878291a2eed594aee8db4dade5878cf7edcb475e59193904b198d9b830de
#44 resolve docker.io/library/nginx:alpine@sha256:5616878291a2eed594aee8db4dade5878cf7edcb475e59193904b198d9b830de 0.0s done
#44 DONE 0.0s

#45 [frontend build 1/6] FROM docker.io/library/node:20-alpine@sha256:fb4cd12c85ee03686f6af5362a0b0d56d50c58a04632e6c0fb8363f609372293
#45 resolve docker.io/library/node:20-alpine@sha256:fb4cd12c85ee03686f6af5362a0b0d56d50c58a04632e6c0fb8363f609372293 0.0s done
#45 DONE 0.0s

#46 [frontend internal] load build context
#46 transferring context: 185.58kB 0.1s done
#46 DONE 0.1s

#47 [frontend build 4/6] RUN npm install
#47 CACHED

#48 [frontend build 6/6] RUN npm run build
#48 CACHED

#49 [frontend build 5/6] COPY . .
#49 CACHED

#50 [frontend build 3/6] COPY package.json ./
#50 CACHED

#51 [frontend stage-1 2/3] COPY --from=build /app/dist /usr/share/nginx/html
#51 CACHED

#52 [frontend build 2/6] WORKDIR /app
#52 CACHED

#53 [frontend stage-1 3/3] COPY nginx.conf /etc/nginx/conf.d/default.conf
#53 CACHED

#54 [frontend] exporting to image
#54 exporting layers done
#54 exporting manifest sha256:32782dd8e2053c61118ccbb621867087941de406675097f92803716fedafab00 done
#54 exporting config sha256:64d46ad231b32d64275256ac207db88e0b5dd078678dcdc752d464f80305d609 done
#54 exporting attestation manifest sha256:4f6490b69a9c6dcacabfe3194a86feefb28d14a97c6e41ef76eb96895a5c8101 done
#54 exporting manifest list sha256:7ac6b9e2a90ec91d35601f71e6f5478cb3ffbb4ccc5787d8162d9a245c6d4116 done
#54 naming to docker.io/library/cqrs-frontend:latest done
#54 unpacking to docker.io/library/cqrs-frontend:latest done
#54 DONE 0.0s

#55 [frontend] resolving provenance for metadata file
#55 DONE 0.0s
 cqrs-consumer  Built
 cqrs-read-api  Built
 cqrs-frontend  Built
 cqrs-write-api  Built
 cqrs-saga  Built
 Network cqrs_default  Creating
 Network cqrs_default  Created
 Volume "cqrs_postgres_data"  Creating
 Volume "cqrs_postgres_data"  Created
 Volume "cqrs_mongo_data"  Creating
 Volume "cqrs_mongo_data"  Created
 Container cqrs-postgres-1  Creating
 Container cqrs-redis-cache-1  Creating
 Container cqrs-mongodb-1  Creating
 Container cqrs-redis-stream-1  Creating
 Container cqrs-mongodb-1  Created
 Container cqrs-redis-cache-1  Created
 Container cqrs-redis-stream-1  Created
 Container cqrs-write-api-1  Creating
 Container cqrs-postgres-1  Created
 Container cqrs-consumer-1  Creating
 Container cqrs-read-api-1  Creating
 Container cqrs-saga-1  Creating
 Container cqrs-write-api-1  Created
 Container cqrs-read-api-1  Created
 Container cqrs-frontend-1  Creating
 Container cqrs-consumer-1  Created
 Container cqrs-saga-1  Created
 Container cqrs-frontend-1  Created
 Container cqrs-postgres-1  Starting
 Container cqrs-mongodb-1  Starting
 Container cqrs-redis-stream-1  Starting
 Container cqrs-redis-cache-1  Starting
 Container cqrs-redis-cache-1  Started
 Container cqrs-mongodb-1  Started
 Container cqrs-postgres-1  Started
 Container cqrs-redis-cache-1  Waiting
 Container cqrs-postgres-1  Waiting
 Container cqrs-redis-stream-1  Started
 Container cqrs-mongodb-1  Waiting
 Container cqrs-redis-cache-1  Waiting
 Container cqrs-mongodb-1  Waiting
 Container cqrs-redis-stream-1  Waiting
 Container cqrs-redis-stream-1  Waiting
 Container cqrs-mongodb-1  Waiting
 Container cqrs-redis-stream-1  Waiting
 Container cqrs-postgres-1  Waiting
 Container cqrs-postgres-1  Waiting
 Container cqrs-redis-cache-1  Healthy
 Container cqrs-postgres-1  Healthy
 Container cqrs-read-api-1  Starting
 Container cqrs-redis-cache-1  Healthy
 Container cqrs-postgres-1  Healthy
 Container cqrs-redis-stream-1  Healthy
 Container cqrs-redis-stream-1  Healthy
 Container cqrs-redis-stream-1  Healthy
 Container cqrs-postgres-1  Healthy
 Container cqrs-read-api-1  Started
 Container cqrs-frontend-1  Starting
 Container cqrs-frontend-1  Started
 Container cqrs-mongodb-1  Healthy
 Container cqrs-write-api-1  Starting
 Container cqrs-mongodb-1  Healthy
 Container cqrs-saga-1  Starting
 Container cqrs-mongodb-1  Healthy
 Container cqrs-consumer-1  Starting
 Container cqrs-write-api-1  Started
 Container cqrs-consumer-1  Started
 Container cqrs-saga-1  Started
Waiting for APIs to be ready...
Clearing MongoDB events and sagas...
time="2026-04-26T03:27:14+05:30" level=warning msg="/Users/akankshawattamwar/Desktop/CS315/CQRS/docker-compose.yml: the attribute `version` is obsolete, it will be ignored, please remove it to avoid potential confusion"
MongoDB cleared
All services up.
Logs: docker compose logs -f [write-api|read-api|consumer|saga]
[32mDone. System back to default state.[0m
