
=======================================================

[1mPHASE 1 of 2 — NO CACHE + SLOW CONSUMER (baseline)[0m
  Restarting with --delay 0.01 --no-cache ...
Stopping services and wiping volumes...

  cache:    DISABLED
  consumer: SLOW (0.01s/event)
  saga:     fast
  stream:   redis-stream :6379  (no memory limit)

Starting services...
time="2026-04-26T02:34:33+05:30" level=warning msg="/Users/akankshawattamwar/Desktop/CS315/CQRS/docker-compose.yml: the attribute `version` is obsolete, it will be ignored, please remove it to avoid potential confusion"
#1 [internal] load local bake definitions
#1 reading from stdin 1.05kB done
#1 DONE 0.0s

#2 [consumer internal] load build definition from Dockerfile
#2 transferring dockerfile: 186B done
#2 DONE 0.0s

#3 [saga internal] load build definition from Dockerfile
#3 transferring dockerfile: 365B done
#3 DONE 0.0s

#4 [saga internal] load metadata for docker.io/library/python:3.12-slim
#4 DONE 1.7s

#5 [consumer internal] load .dockerignore
#5 transferring context: 2B done
#5 DONE 0.0s

#6 [saga internal] load .dockerignore
#6 transferring context: 2B done
#6 DONE 0.0s

#7 [consumer internal] load build context
#7 transferring context: 308B done
#7 DONE 0.0s

#8 [consumer 1/5] FROM docker.io/library/python:3.12-slim@sha256:46cb7cc2877e60fbd5e21a9ae6115c30ace7a077b9f8772da879e4590c18c2e3
#8 resolve docker.io/library/python:3.12-slim@sha256:46cb7cc2877e60fbd5e21a9ae6115c30ace7a077b9f8772da879e4590c18c2e3 0.0s done
#8 DONE 0.0s

#9 [saga 2/7] WORKDIR /service
#9 CACHED

#10 [consumer 2/5] WORKDIR /app
#10 CACHED

#11 [saga internal] load build context
#11 transferring context: 386B done
#11 DONE 0.0s

#12 [consumer 3/5] COPY requirements.txt .
#12 DONE 0.0s

#13 [saga 3/7] COPY saga/requirements.txt saga/
#13 DONE 0.0s

#14 [saga 4/7] RUN pip install --no-cache-dir -r saga/requirements.txt
#14 1.255 Collecting pymongo==4.7.2 (from -r saga/requirements.txt (line 1))
#14 1.373   Downloading pymongo-4.7.2-cp312-cp312-manylinux_2_17_aarch64.manylinux2014_aarch64.whl.metadata (22 kB)
#14 1.444 Collecting redis==5.0.5 (from -r saga/requirements.txt (line 2))
#14 1.467   Downloading redis-5.0.5-py3-none-any.whl.metadata (9.3 kB)
#14 1.539 Collecting psycopg2-binary==2.9.9 (from -r saga/requirements.txt (line 3))
#14 1.563   Downloading psycopg2_binary-2.9.9-cp312-cp312-manylinux_2_17_aarch64.manylinux2014_aarch64.whl.metadata (4.4 kB)
#14 1.598 Collecting dnspython<3.0.0,>=1.16.0 (from pymongo==4.7.2->-r saga/requirements.txt (line 1))
#14 1.620   Downloading dnspython-2.8.0-py3-none-any.whl.metadata (5.7 kB)
#14 1.650 Downloading pymongo-4.7.2-cp312-cp312-manylinux_2_17_aarch64.manylinux2014_aarch64.whl (688 kB)
#14 1.882    ━━━━━━━━━━━━━━━━━━━━━━━━━━━━━━━━━━━━━━━━ 689.0/689.0 kB 3.4 MB/s eta 0:00:00
#14 1.911 Downloading redis-5.0.5-py3-none-any.whl (251 kB)
#14 2.044 Downloading psycopg2_binary-2.9.9-cp312-cp312-manylinux_2_17_aarch64.manylinux2014_aarch64.whl (2.9 MB)
#14 3.413    ━━━━━━━━━━━━━━━━━━━━━━━━━━━━━━━━━━━━━━━━ 2.9/2.9 MB 2.0 MB/s eta 0:00:00
#14 3.446 Downloading dnspython-2.8.0-py3-none-any.whl (331 kB)
#14 3.528 Installing collected packages: redis, psycopg2-binary, dnspython, pymongo
#14 ...

#15 [consumer 4/5] RUN pip install --no-cache-dir -r requirements.txt
#15 1.264 Collecting pymongo==4.7.2 (from -r requirements.txt (line 1))
#15 1.374   Downloading pymongo-4.7.2-cp312-cp312-manylinux_2_17_aarch64.manylinux2014_aarch64.whl.metadata (22 kB)
#15 1.448 Collecting redis==5.0.5 (from -r requirements.txt (line 2))
#15 1.467   Downloading redis-5.0.5-py3-none-any.whl.metadata (9.3 kB)
#15 1.545 Collecting psycopg2-binary==2.9.9 (from -r requirements.txt (line 3))
#15 1.568   Downloading psycopg2_binary-2.9.9-cp312-cp312-manylinux_2_17_aarch64.manylinux2014_aarch64.whl.metadata (4.4 kB)
#15 1.604 Collecting dnspython<3.0.0,>=1.16.0 (from pymongo==4.7.2->-r requirements.txt (line 1))
#15 1.624   Downloading dnspython-2.8.0-py3-none-any.whl.metadata (5.7 kB)
#15 1.650 Downloading pymongo-4.7.2-cp312-cp312-manylinux_2_17_aarch64.manylinux2014_aarch64.whl (688 kB)
#15 1.847    ━━━━━━━━━━━━━━━━━━━━━━━━━━━━━━━━━━━━━━━━ 689.0/689.0 kB 4.5 MB/s eta 0:00:00
#15 1.871 Downloading redis-5.0.5-py3-none-any.whl (251 kB)
#15 1.927 Downloading psycopg2_binary-2.9.9-cp312-cp312-manylinux_2_17_aarch64.manylinux2014_aarch64.whl (2.9 MB)
#15 2.895    ━━━━━━━━━━━━━━━━━━━━━━━━━━━━━━━━━━━━━━━━ 2.9/2.9 MB 3.0 MB/s eta 0:00:00
#15 3.004 Downloading dnspython-2.8.0-py3-none-any.whl (331 kB)
#15 3.140 Installing collected packages: redis, psycopg2-binary, dnspython, pymongo
#15 3.512 Successfully installed dnspython-2.8.0 psycopg2-binary-2.9.9 pymongo-4.7.2 redis-5.0.5
#15 3.513 WARNING: Running pip as the 'root' user can result in broken permissions and conflicting behaviour with the system package manager, possibly rendering your system unusable. It is recommended to use a virtual environment instead: https://pip.pypa.io/warnings/venv. Use the --root-user-action option if you know what you are doing and want to suppress this warning.
#15 3.668 
#15 3.668 [notice] A new release of pip is available: 25.0.1 -> 26.0.1
#15 3.668 [notice] To update, run: pip install --upgrade pip
#15 DONE 3.8s

#16 [consumer 5/5] COPY . .
#16 DONE 0.0s

#14 [saga 4/7] RUN pip install --no-cache-dir -r saga/requirements.txt
#14 3.918 Successfully installed dnspython-2.8.0 psycopg2-binary-2.9.9 pymongo-4.7.2 redis-5.0.5
#14 3.918 WARNING: Running pip as the 'root' user can result in broken permissions and conflicting behaviour with the system package manager, possibly rendering your system unusable. It is recommended to use a virtual environment instead: https://pip.pypa.io/warnings/venv. Use the --root-user-action option if you know what you are doing and want to suppress this warning.
#14 4.076 
#14 4.076 [notice] A new release of pip is available: 25.0.1 -> 26.0.1
#14 4.076 [notice] To update, run: pip install --upgrade pip
#14 DONE 4.1s

#17 [saga 5/7] COPY write-api/events.py write-api/
#17 DONE 0.0s

#18 [saga 6/7] COPY saga/ saga/
#18 DONE 0.0s

#19 [saga 7/7] WORKDIR /service/saga
#19 DONE 0.0s

#20 [saga] exporting to image
#20 exporting layers
#20 ...

#21 [consumer] exporting to image
#21 exporting layers 0.5s done
#21 exporting manifest sha256:a6a698da2891cb658474279234fc03cea53b390df0f9b75dc185d47e39512786 done
#21 exporting config sha256:f23b26bc0360079147082cbc4017ef6f0d37a37d79534f61a3648dc2366d56c6 done
#21 exporting attestation manifest sha256:1351a7f7883766182bd423733d72232b8150f639c298ee98d0bdc9b137fd4989 done
#21 exporting manifest list sha256:8dee95a104d08337028a00ac48bdc16910bc9fba1b41472a1727313f7ed725ca done
#21 naming to docker.io/library/cqrs-consumer:latest done
#21 unpacking to docker.io/library/cqrs-consumer:latest 0.1s done
#21 DONE 0.7s

#22 [consumer] resolving provenance for metadata file
#22 DONE 0.0s

#20 [saga] exporting to image
#20 exporting layers 0.6s done
#20 exporting manifest sha256:6fae56ad760f135b1a844c626a0c17a394d26a95a0497efce309e806268c5881 done
#20 exporting config sha256:97a6bacabcc55b045df548e9e54539ca253baa8f5a8f49e505603460eccc3adb done
#20 exporting attestation manifest sha256:7a3b8e41df452c5645cf54341cd80025e355d37ee0c7a8055f78aee89d60e12b done
#20 exporting manifest list sha256:71ba0e39e803c234d68123cdad78626effd7f84d1a6d8194b4a9f75f7a9bd82c done
#20 naming to docker.io/library/cqrs-saga:latest done
#20 unpacking to docker.io/library/cqrs-saga:latest 0.1s done
#20 DONE 0.7s

#23 [saga] resolving provenance for metadata file
#23 DONE 0.0s
 cqrs-saga  Built
 cqrs-consumer  Built
time="2026-04-26T02:34:40+05:30" level=warning msg="/Users/akankshawattamwar/Desktop/CS315/CQRS/docker-compose.yml: the attribute `version` is obsolete, it will be ignored, please remove it to avoid potential confusion"
#1 [internal] load local bake definitions
#1 reading from stdin 2.42kB done
#1 DONE 0.0s

#2 [saga internal] load build definition from Dockerfile
#2 transferring dockerfile: 365B done
#2 DONE 0.0s

#3 [write-api internal] load build definition from Dockerfile
#3 transferring dockerfile: 225B done
#3 DONE 0.0s

#4 [consumer internal] load build definition from Dockerfile
#4 transferring dockerfile: 186B done
#4 DONE 0.0s

#5 [read-api internal] load build definition from Dockerfile
#5 transferring dockerfile: 225B done
#5 DONE 0.0s

#6 [frontend internal] load build definition from Dockerfile
#6 transferring dockerfile: 271B done
#6 DONE 0.0s

#7 [consumer internal] load metadata for docker.io/library/python:3.12-slim
#7 DONE 0.4s

#8 [write-api internal] load .dockerignore
#8 transferring context: 2B done
#8 DONE 0.0s

#9 [consumer internal] load .dockerignore
#9 transferring context: 2B done
#9 DONE 0.0s

#10 [saga internal] load .dockerignore
#10 transferring context: 2B done
#10 DONE 0.0s

#11 [read-api internal] load .dockerignore
#11 transferring context: 2B done
#11 DONE 0.0s

#12 [write-api internal] load build context
#12 transferring context: 341B done
#12 DONE 0.0s

#13 [consumer internal] load build context
#13 transferring context: 308B done
#13 DONE 0.0s

#14 [read-api internal] load build context
#14 transferring context: 258B done
#14 DONE 0.0s

#15 [consumer 1/5] FROM docker.io/library/python:3.12-slim@sha256:46cb7cc2877e60fbd5e21a9ae6115c30ace7a077b9f8772da879e4590c18c2e3
#15 resolve docker.io/library/python:3.12-slim@sha256:46cb7cc2877e60fbd5e21a9ae6115c30ace7a077b9f8772da879e4590c18c2e3 0.0s done
#15 DONE 0.0s

#16 [saga internal] load build context
#16 transferring context: 386B done
#16 DONE 0.0s

#17 [write-api 4/5] RUN pip install --no-cache-dir -r requirements.txt
#17 CACHED

#18 [write-api 3/5] COPY requirements.txt .
#18 CACHED

#19 [write-api 5/5] COPY . .
#19 CACHED

#20 [consumer 4/5] RUN pip install --no-cache-dir -r requirements.txt
#20 CACHED

#21 [consumer 3/5] COPY requirements.txt .
#21 CACHED

#22 [read-api 4/5] RUN pip install --no-cache-dir -r requirements.txt
#22 CACHED

#23 [read-api 2/5] WORKDIR /app
#23 CACHED

#24 [read-api 3/5] COPY requirements.txt .
#24 CACHED

#25 [consumer 5/5] COPY . .
#25 CACHED

#26 [read-api 5/5] COPY . .
#26 CACHED

#27 [saga 6/7] COPY saga/ saga/
#27 CACHED

#28 [saga 2/7] WORKDIR /service
#28 CACHED

#29 [saga 5/7] COPY write-api/events.py write-api/
#29 CACHED

#30 [saga 3/7] COPY saga/requirements.txt saga/
#30 CACHED

#31 [saga 4/7] RUN pip install --no-cache-dir -r saga/requirements.txt
#31 CACHED

#32 [saga 7/7] WORKDIR /service/saga
#32 CACHED

#33 [saga] exporting to image
#33 exporting layers done
#33 exporting manifest sha256:6fae56ad760f135b1a844c626a0c17a394d26a95a0497efce309e806268c5881 done
#33 exporting config sha256:97a6bacabcc55b045df548e9e54539ca253baa8f5a8f49e505603460eccc3adb done
#33 exporting attestation manifest sha256:1177f4da070ec5fb761c2aeff97b28b5bf925891b129f3a787187611452ef766 done
#33 exporting manifest list sha256:0edebf9bae2b36c9526a4f0094c5aac70952d74a90653da5d56dff3fc7c6917a
#33 exporting manifest list sha256:0edebf9bae2b36c9526a4f0094c5aac70952d74a90653da5d56dff3fc7c6917a done
#33 naming to docker.io/library/cqrs-saga:latest done
#33 unpacking to docker.io/library/cqrs-saga:latest 0.0s done
#33 DONE 0.1s

#34 [write-api] exporting to image
#34 exporting layers done
#34 exporting manifest sha256:92a21a99b40b6531c5801222236f42d6aa7bbf8b65d7634fc566f9392602e764 done
#34 exporting config sha256:be9fb26fa271ebf0c525960e70f2e967c21bf78a1eb2b7a7dc06e6d3ff4d3f55 done
#34 exporting attestation manifest sha256:c1c3f7905068e6e6df5704947349dc50b08cc5c11325f092c041fbcf6b5224bf 0.0s done
#34 exporting manifest list sha256:dfef81d59775427f477a404f11d2b7b7c6d4d0044e954accac0d4f83af55ead9 done
#34 naming to docker.io/library/cqrs-write-api:latest done
#34 unpacking to docker.io/library/cqrs-write-api:latest done
#34 DONE 0.1s

#35 [consumer] exporting to image
#35 exporting layers done
#35 exporting manifest sha256:a6a698da2891cb658474279234fc03cea53b390df0f9b75dc185d47e39512786 done
#35 exporting config sha256:f23b26bc0360079147082cbc4017ef6f0d37a37d79534f61a3648dc2366d56c6 done
#35 exporting attestation manifest sha256:c32e3a021ca980d875f1d1f82071b394d0ae3f890cb91698aa5a7d94ef2549ba 0.0s done
#35 exporting manifest list sha256:9bd5a64b44efac68aaa8c469c4afbfb6f9ec5668da39ac4b0926b899cb5055b7 done
#35 naming to docker.io/library/cqrs-consumer:latest done
#35 unpacking to docker.io/library/cqrs-consumer:latest 0.0s done
#35 DONE 0.1s

#36 [read-api] exporting to image
#36 exporting layers done
#36 exporting manifest sha256:c63ee61fb06e4bd063e843362129b868354c2f94e2566ad3c11bbd0548881470 done
#36 exporting config sha256:46bb870cf8127e2823c379c44ac9a3c0d6ee66fd1b3343341206f22ff23f7f62 done
#36 exporting attestation manifest sha256:4a77e165cbeccebc21a96708ed13943b84a837a59ee3010c50cd4fa4fa345545 0.0s done
#36 exporting manifest list sha256:5b4a301185319475bc0afa8d85adb80ca813b240f69ca94e0452af30b283a35b done
#36 naming to docker.io/library/cqrs-read-api:latest done
#36 unpacking to docker.io/library/cqrs-read-api:latest 0.0s done
#36 DONE 0.1s

#37 [consumer] resolving provenance for metadata file
#37 DONE 0.0s

#38 [write-api] resolving provenance for metadata file
#38 DONE 0.0s

#39 [read-api] resolving provenance for metadata file
#39 DONE 0.0s

#40 [saga] resolving provenance for metadata file
#40 DONE 0.0s

#41 [frontend internal] load metadata for docker.io/library/node:20-alpine
#41 ...

#42 [frontend internal] load metadata for docker.io/library/nginx:alpine
#42 DONE 1.5s

#41 [frontend internal] load metadata for docker.io/library/node:20-alpine
#41 DONE 3.0s

#43 [frontend internal] load .dockerignore
#43 transferring context: 2B done
#43 DONE 0.0s

#44 [frontend stage-1 1/3] FROM docker.io/library/nginx:alpine@sha256:5616878291a2eed594aee8db4dade5878cf7edcb475e59193904b198d9b830de
#44 resolve docker.io/library/nginx:alpine@sha256:5616878291a2eed594aee8db4dade5878cf7edcb475e59193904b198d9b830de 0.0s done
#44 DONE 0.0s

#45 [frontend build 1/6] FROM docker.io/library/node:20-alpine@sha256:fb4cd12c85ee03686f6af5362a0b0d56d50c58a04632e6c0fb8363f609372293
#45 resolve docker.io/library/node:20-alpine@sha256:fb4cd12c85ee03686f6af5362a0b0d56d50c58a04632e6c0fb8363f609372293 0.0s done
#45 DONE 0.0s

#46 [frontend internal] load build context
#46 transferring context: 185.58kB 0.1s done
#46 DONE 0.1s

#47 [frontend build 4/6] RUN npm install
#47 CACHED

#48 [frontend build 3/6] COPY package.json ./
#48 CACHED

#49 [frontend build 5/6] COPY . .
#49 CACHED

#50 [frontend build 2/6] WORKDIR /app
#50 CACHED

#51 [frontend stage-1 2/3] COPY --from=build /app/dist /usr/share/nginx/html
#51 CACHED

#52 [frontend build 6/6] RUN npm run build
#52 CACHED

#53 [frontend stage-1 3/3] COPY nginx.conf /etc/nginx/conf.d/default.conf
#53 CACHED

#54 [frontend] exporting to image
#54 exporting layers done
#54 exporting manifest sha256:32782dd8e2053c61118ccbb621867087941de406675097f92803716fedafab00 done
#54 exporting config sha256:64d46ad231b32d64275256ac207db88e0b5dd078678dcdc752d464f80305d609 done
#54 exporting attestation manifest sha256:01fd3505573b7fd13235b3397868bdc5bbbd35d2192fe62ce8c360287d29993b done
#54 exporting manifest list sha256:f0534f01ef109bcd6185763a4e9e722858bc58733790f1df70296bdd8fbe82c2 done
#54 naming to docker.io/library/cqrs-frontend:latest
#54 naming to docker.io/library/cqrs-frontend:latest done
#54 unpacking to docker.io/library/cqrs-frontend:latest done
#54 DONE 0.0s

#55 [frontend] resolving provenance for metadata file
#55 DONE 0.0s
 cqrs-read-api  Built
 cqrs-consumer  Built
 cqrs-write-api  Built
 cqrs-frontend  Built
 cqrs-saga  Built
 Network cqrs_default  Creating
 Network cqrs_default  Created
 Volume "cqrs_mongo_data"  Creating
 Volume "cqrs_mongo_data"  Created
 Volume "cqrs_postgres_data"  Creating
 Volume "cqrs_postgres_data"  Created
 Container cqrs-redis-stream-1  Creating
 Container cqrs-redis-cache-1  Creating
 Container cqrs-postgres-1  Creating
 Container cqrs-mongodb-1  Creating
 Container cqrs-mongodb-1  Created
 Container cqrs-postgres-1  Created
 Container cqrs-redis-cache-1  Created
 Container cqrs-read-api-1  Creating
 Container cqrs-redis-stream-1  Created
 Container cqrs-consumer-1  Creating
 Container cqrs-saga-1  Creating
 Container cqrs-write-api-1  Creating
 Container cqrs-write-api-1  Created
 Container cqrs-read-api-1  Created
 Container cqrs-frontend-1  Creating
 Container cqrs-consumer-1  Created
 Container cqrs-saga-1  Created
 Container cqrs-frontend-1  Created
 Container cqrs-redis-stream-1  Starting
 Container cqrs-redis-cache-1  Starting
 Container cqrs-mongodb-1  Starting
 Container cqrs-postgres-1  Starting
 Container cqrs-mongodb-1  Started
 Container cqrs-postgres-1  Started
 Container cqrs-redis-cache-1  Started
 Container cqrs-redis-cache-1  Waiting
 Container cqrs-postgres-1  Waiting
 Container cqrs-redis-stream-1  Started
 Container cqrs-mongodb-1  Waiting
 Container cqrs-postgres-1  Waiting
 Container cqrs-mongodb-1  Waiting
 Container cqrs-redis-stream-1  Waiting
 Container cqrs-mongodb-1  Waiting
 Container cqrs-redis-cache-1  Waiting
 Container cqrs-redis-stream-1  Waiting
 Container cqrs-redis-stream-1  Waiting
 Container cqrs-postgres-1  Waiting
 Container cqrs-redis-cache-1  Healthy
 Container cqrs-postgres-1  Healthy
 Container cqrs-read-api-1  Starting
 Container cqrs-redis-stream-1  Healthy
 Container cqrs-postgres-1  Healthy
 Container cqrs-redis-stream-1  Healthy
 Container cqrs-redis-stream-1  Healthy
 Container cqrs-postgres-1  Healthy
 Container cqrs-redis-cache-1  Healthy
 Container cqrs-read-api-1  Started
 Container cqrs-frontend-1  Starting
 Container cqrs-frontend-1  Started
 Container cqrs-mongodb-1  Healthy
 Container cqrs-consumer-1  Starting
 Container cqrs-mongodb-1  Healthy
 Container cqrs-saga-1  Starting
 Container cqrs-mongodb-1  Healthy
 Container cqrs-write-api-1  Starting
 Container cqrs-saga-1  Started
 Container cqrs-write-api-1  Started
 Container cqrs-consumer-1  Started
Waiting for APIs to be ready...
Clearing MongoDB events and sagas...
time="2026-04-26T02:34:56+05:30" level=warning msg="/Users/akankshawattamwar/Desktop/CS315/CQRS/docker-compose.yml: the attribute `version` is obsolete, it will be ignored, please remove it to avoid potential confusion"
MongoDB cleared
All services up.
Logs: docker compose logs -f [write-api|read-api|consumer|saga]

=======================================================

[34mRunning benchmark (N=100, consumer delay=0.01s/event) — no cache...[0m

[1m[94m=======================================================[0m
[1m[94m  READER BENCHMARK — Read-Your-Writes Lag (baseline)[0m
[1m[94m=======================================================[0m
  [93m→[0m  Placing 100 orders sequentially and measuring GET-after-POST lag
  [93m→[0m  Poll interval: 2ms (so floor resolution ≈ 2ms)
    ...10/100 orders placed & read
    ...20/100 orders placed & read
    ...30/100 orders placed & read
    ...40/100 orders placed & read
    ...50/100 orders placed & read
    ...60/100 orders placed & read
    ...70/100 orders placed & read
    ...80/100 orders placed & read
    ...90/100 orders placed & read
    ...100/100 orders placed & read

  [1mResults  (N=100, failures=0, wall=5.4s)[0m
  metric             p50       p95       p99       max      mean
  POST ms            2.3       3.1      15.9      15.9       2.5
  RYW lag ms        53.8      57.7      60.9      60.9      51.6
  polls                9        10        11        11       8.5

  [1mRYW lag distribution[0m
  [    0 –     5 ms]     0  
  [    5 –    10 ms]     0  
  [   10 –    20 ms]     1  
  [   20 –    50 ms]    25  ██████████
  [   50 –   100 ms]    74  ██████████████████████████████
  [  100 –   250 ms]     0  
  [  250 –   500 ms]     0  
  [  500 –  1000 ms]     0  
  [ 1000 – 10000 ms]     0  
  [92m✓[0m  Raw samples written to /tmp/reader_baseline.csv
  [93m→[0m  After implementing the cache, rerun the same command and diff the RYW lag.

=======================================================

[1mPHASE 2 of 2 — CACHE ENABLED + SLOW CONSUMER[0m
  Restarting with --delay 0.01 (cache on) ...
Stopping services and wiping volumes...

  cache:    enabled  (redis-cache :6380, 2MB allkeys-lru)
  consumer: SLOW (0.01s/event)
  saga:     fast
  stream:   redis-stream :6379  (no memory limit)

Starting services...
time="2026-04-26T02:35:13+05:30" level=warning msg="/Users/akankshawattamwar/Desktop/CS315/CQRS/docker-compose.yml: the attribute `version` is obsolete, it will be ignored, please remove it to avoid potential confusion"
#1 [internal] load local bake definitions
#1 reading from stdin 1.05kB done
#1 DONE 0.0s

#2 [consumer internal] load build definition from Dockerfile
#2 transferring dockerfile: 186B done
#2 DONE 0.0s

#3 [saga internal] load build definition from Dockerfile
#3 transferring dockerfile: 365B done
#3 DONE 0.0s

#4 [consumer internal] load metadata for docker.io/library/python:3.12-slim
#4 DONE 1.0s

#5 [consumer internal] load .dockerignore
#5 transferring context: 2B done
#5 DONE 0.0s

#6 [saga internal] load .dockerignore
#6 transferring context: 2B done
#6 DONE 0.0s

#7 [consumer internal] load build context
#7 transferring context: 308B done
#7 DONE 0.0s

#8 [consumer 1/5] FROM docker.io/library/python:3.12-slim@sha256:46cb7cc2877e60fbd5e21a9ae6115c30ace7a077b9f8772da879e4590c18c2e3
#8 resolve docker.io/library/python:3.12-slim@sha256:46cb7cc2877e60fbd5e21a9ae6115c30ace7a077b9f8772da879e4590c18c2e3 done
#8 DONE 0.0s

#9 [saga 2/7] WORKDIR /service
#9 CACHED

#10 [consumer 2/5] WORKDIR /app
#10 CACHED

#11 [saga internal] load build context
#11 transferring context: 386B done
#11 DONE 0.0s

#12 [consumer 3/5] COPY requirements.txt .
#12 DONE 0.0s

#13 [saga 3/7] COPY saga/requirements.txt saga/
#13 DONE 0.0s

#14 [saga 4/7] RUN pip install --no-cache-dir -r saga/requirements.txt
#14 1.371 Collecting pymongo==4.7.2 (from -r saga/requirements.txt (line 1))
#14 1.455   Downloading pymongo-4.7.2-cp312-cp312-manylinux_2_17_aarch64.manylinux2014_aarch64.whl.metadata (22 kB)
#14 1.531 Collecting redis==5.0.5 (from -r saga/requirements.txt (line 2))
#14 1.557   Downloading redis-5.0.5-py3-none-any.whl.metadata (9.3 kB)
#14 1.634 Collecting psycopg2-binary==2.9.9 (from -r saga/requirements.txt (line 3))
#14 1.670   Downloading psycopg2_binary-2.9.9-cp312-cp312-manylinux_2_17_aarch64.manylinux2014_aarch64.whl.metadata (4.4 kB)
#14 1.702 Collecting dnspython<3.0.0,>=1.16.0 (from pymongo==4.7.2->-r saga/requirements.txt (line 1))
#14 1.727   Downloading dnspython-2.8.0-py3-none-any.whl.metadata (5.7 kB)
#14 1.761 Downloading pymongo-4.7.2-cp312-cp312-manylinux_2_17_aarch64.manylinux2014_aarch64.whl (688 kB)
#14 2.380    ━━━━━━━━━━━━━━━━━━━━━━━━━━━━━━━━━━━━━━━━ 689.0/689.0 kB 1.1 MB/s eta 0:00:00
#14 2.415 Downloading redis-5.0.5-py3-none-any.whl (251 kB)
#14 2.627 Downloading psycopg2_binary-2.9.9-cp312-cp312-manylinux_2_17_aarch64.manylinux2014_aarch64.whl (2.9 MB)
#14 4.296    ━━━━━━━━━━━━━━━━━━━━━━━━━━━━━━━━━━━━━━━━ 2.9/2.9 MB 1.7 MB/s eta 0:00:00
#14 4.321 Downloading dnspython-2.8.0-py3-none-any.whl (331 kB)
#14 4.460 Installing collected packages: redis, psycopg2-binary, dnspython, pymongo
#14 ...

#15 [consumer 4/5] RUN pip install --no-cache-dir -r requirements.txt
#15 1.383 Collecting pymongo==4.7.2 (from -r requirements.txt (line 1))
#15 1.476   Downloading pymongo-4.7.2-cp312-cp312-manylinux_2_17_aarch64.manylinux2014_aarch64.whl.metadata (22 kB)
#15 1.541 Collecting redis==5.0.5 (from -r requirements.txt (line 2))
#15 1.560   Downloading redis-5.0.5-py3-none-any.whl.metadata (9.3 kB)
#15 1.637 Collecting psycopg2-binary==2.9.9 (from -r requirements.txt (line 3))
#15 1.675   Downloading psycopg2_binary-2.9.9-cp312-cp312-manylinux_2_17_aarch64.manylinux2014_aarch64.whl.metadata (4.4 kB)
#15 1.707 Collecting dnspython<3.0.0,>=1.16.0 (from pymongo==4.7.2->-r requirements.txt (line 1))
#15 1.730   Downloading dnspython-2.8.0-py3-none-any.whl.metadata (5.7 kB)
#15 1.756 Downloading pymongo-4.7.2-cp312-cp312-manylinux_2_17_aarch64.manylinux2014_aarch64.whl (688 kB)
#15 2.217    ━━━━━━━━━━━━━━━━━━━━━━━━━━━━━━━━━━━━━━━━ 689.0/689.0 kB 1.4 MB/s eta 0:00:00
#15 2.248 Downloading redis-5.0.5-py3-none-any.whl (251 kB)
#15 2.417 Downloading psycopg2_binary-2.9.9-cp312-cp312-manylinux_2_17_aarch64.manylinux2014_aarch64.whl (2.9 MB)
#15 3.655    ━━━━━━━━━━━━━━━━━━━━━━━━━━━━━━━━━━━━━━━━ 2.9/2.9 MB 2.3 MB/s eta 0:00:00
#15 3.698 Downloading dnspython-2.8.0-py3-none-any.whl (331 kB)
#15 3.861 Installing collected packages: redis, psycopg2-binary, dnspython, pymongo
#15 4.168 Successfully installed dnspython-2.8.0 psycopg2-binary-2.9.9 pymongo-4.7.2 redis-5.0.5
#15 4.169 WARNING: Running pip as the 'root' user can result in broken permissions and conflicting behaviour with the system package manager, possibly rendering your system unusable. It is recommended to use a virtual environment instead: https://pip.pypa.io/warnings/venv. Use the --root-user-action option if you know what you are doing and want to suppress this warning.
#15 4.466 
#15 4.466 [notice] A new release of pip is available: 25.0.1 -> 26.0.1
#15 4.466 [notice] To update, run: pip install --upgrade pip
#15 DONE 4.6s

#16 [consumer 5/5] COPY . .
#16 DONE 0.0s

#17 [consumer] exporting to image
#17 exporting layers
#17 ...

#14 [saga 4/7] RUN pip install --no-cache-dir -r saga/requirements.txt
#14 4.790 Successfully installed dnspython-2.8.0 psycopg2-binary-2.9.9 pymongo-4.7.2 redis-5.0.5
#14 4.790 WARNING: Running pip as the 'root' user can result in broken permissions and conflicting behaviour with the system package manager, possibly rendering your system unusable. It is recommended to use a virtual environment instead: https://pip.pypa.io/warnings/venv. Use the --root-user-action option if you know what you are doing and want to suppress this warning.
#14 4.928 
#14 4.928 [notice] A new release of pip is available: 25.0.1 -> 26.0.1
#14 4.928 [notice] To update, run: pip install --upgrade pip
#14 DONE 5.0s

#18 [saga 5/7] COPY write-api/events.py write-api/
#18 DONE 0.0s

#19 [saga 6/7] COPY saga/ saga/
#19 DONE 0.0s

#20 [saga 7/7] WORKDIR /service/saga
#20 DONE 0.0s

#17 [consumer] exporting to image
#17 exporting layers 0.5s done
#17 exporting manifest sha256:6f344ed91415852a6b99233b83a1f4ff6a5bf2fc0fb4cd14f65d70f9119c3f43 done
#17 exporting config sha256:7f7f41596b4b17e8dda6503f435337d785636cbad7e19d0054dc89175e58acb3 done
#17 exporting attestation manifest sha256:5f6688a432c6065aeb3b93cb8161c889d53def2cda85dac3ab8606dfa1851b1c done
#17 exporting manifest list sha256:8ae3c260655be0e89e188076291b68b33e3746ce95e3ec5b5ed79f8ae44d4834 done
#17 naming to docker.io/library/cqrs-consumer:latest done
#17 unpacking to docker.io/library/cqrs-consumer:latest 0.1s done
#17 DONE 0.7s

#21 [consumer] resolving provenance for metadata file
#21 DONE 0.0s

#22 [saga] exporting to image
#22 exporting layers 0.6s done
#22 exporting manifest sha256:231e620aed872b0801bf29781296ec46d04c96f39c78136cd15b65dc475b9447 done
#22 exporting config sha256:93e8f2ac262175cacba137d5c073c1bed5bd093bd2d7211090afe8daf6d5645d done
#22 exporting attestation manifest sha256:ab56cecb787d387defd3d5c99eb35b41992bd7321b51d8c460e416d36d8ae650 done
#22 exporting manifest list sha256:b3c0050d34a1cedc25362cef02236bbcb04564b9eb965985863d88931228562e done
#22 naming to docker.io/library/cqrs-saga:latest done
#22 unpacking to docker.io/library/cqrs-saga:latest 0.1s done
#22 DONE 0.7s

#23 [saga] resolving provenance for metadata file
#23 DONE 0.0s
 cqrs-consumer  Built
 cqrs-saga  Built
time="2026-04-26T02:35:21+05:30" level=warning msg="/Users/akankshawattamwar/Desktop/CS315/CQRS/docker-compose.yml: the attribute `version` is obsolete, it will be ignored, please remove it to avoid potential confusion"
#1 [internal] load local bake definitions
#1 reading from stdin 2.42kB done
#1 DONE 0.0s

#2 [consumer internal] load build definition from Dockerfile
#2 transferring dockerfile: 186B done
#2 DONE 0.0s

#3 [read-api internal] load build definition from Dockerfile
#3 transferring dockerfile: 225B done
#3 DONE 0.0s

#4 [frontend internal] load build definition from Dockerfile
#4 transferring dockerfile: 271B done
#4 DONE 0.0s

#5 [saga internal] load build definition from Dockerfile
#5 transferring dockerfile: 365B done
#5 DONE 0.0s

#6 [write-api internal] load build definition from Dockerfile
#6 transferring dockerfile: 225B done
#6 DONE 0.0s

#7 [write-api internal] load metadata for docker.io/library/python:3.12-slim
#7 DONE 0.4s

#8 [saga internal] load .dockerignore
#8 transferring context: 2B done
#8 DONE 0.0s

#9 [consumer internal] load .dockerignore
#9 transferring context: 2B done
#9 DONE 0.0s

#10 [write-api internal] load .dockerignore
#10 transferring context: 2B done
#10 DONE 0.0s

#11 [read-api internal] load .dockerignore
#11 transferring context: 2B done
#11 DONE 0.0s

#12 [consumer internal] load build context
#12 transferring context: 308B done
#12 DONE 0.0s

#13 [write-api internal] load build context
#13 transferring context: 341B done
#13 DONE 0.0s

#14 [read-api internal] load build context
#14 transferring context: 258B done
#14 DONE 0.0s

#15 [consumer 1/7] FROM docker.io/library/python:3.12-slim@sha256:46cb7cc2877e60fbd5e21a9ae6115c30ace7a077b9f8772da879e4590c18c2e3
#15 resolve docker.io/library/python:3.12-slim@sha256:46cb7cc2877e60fbd5e21a9ae6115c30ace7a077b9f8772da879e4590c18c2e3 0.0s done
#15 DONE 0.0s

#16 [saga internal] load build context
#16 transferring context: 386B done
#16 DONE 0.0s

#17 [consumer 3/5] COPY requirements.txt .
#17 CACHED

#18 [consumer 4/5] RUN pip install --no-cache-dir -r requirements.txt
#18 CACHED

#19 [write-api 4/5] RUN pip install --no-cache-dir -r requirements.txt
#19 CACHED

#20 [write-api 3/5] COPY requirements.txt .
#20 CACHED

#21 [write-api 5/5] COPY . .
#21 CACHED

#22 [read-api 2/5] WORKDIR /app
#22 CACHED

#23 [read-api 4/5] RUN pip install --no-cache-dir -r requirements.txt
#23 CACHED

#24 [read-api 3/5] COPY requirements.txt .
#24 CACHED

#25 [consumer 5/5] COPY . .
#25 CACHED

#26 [read-api 5/5] COPY . .
#26 CACHED

#27 [saga 5/7] COPY write-api/events.py write-api/
#27 CACHED

#28 [saga 2/7] WORKDIR /service
#28 CACHED

#29 [saga 4/7] RUN pip install --no-cache-dir -r saga/requirements.txt
#29 CACHED

#30 [saga 6/7] COPY saga/ saga/
#30 CACHED

#31 [saga 3/7] COPY saga/requirements.txt saga/
#31 CACHED

#32 [saga 7/7] WORKDIR /service/saga
#32 CACHED

#33 [saga] exporting to image
#33 exporting layers done
#33 exporting manifest sha256:231e620aed872b0801bf29781296ec46d04c96f39c78136cd15b65dc475b9447 done
#33 exporting config sha256:93e8f2ac262175cacba137d5c073c1bed5bd093bd2d7211090afe8daf6d5645d done
#33 exporting attestation manifest sha256:d0cb9db6afa33a4fd9dfa20af9b59bfc1ecfd9e97cf9adb631b259af66623976
#33 exporting attestation manifest sha256:d0cb9db6afa33a4fd9dfa20af9b59bfc1ecfd9e97cf9adb631b259af66623976 0.0s done
#33 exporting manifest list sha256:fd2b57eb4687116d0b564e742f3f13a646f4db6f07113f45c3bfab9d920ff320 done
#33 naming to docker.io/library/cqrs-saga:latest done
#33 unpacking to docker.io/library/cqrs-saga:latest done
#33 DONE 0.1s

#34 [consumer] exporting to image
#34 exporting layers done
#34 exporting manifest sha256:6f344ed91415852a6b99233b83a1f4ff6a5bf2fc0fb4cd14f65d70f9119c3f43 done
#34 exporting config sha256:7f7f41596b4b17e8dda6503f435337d785636cbad7e19d0054dc89175e58acb3 done
#34 exporting attestation manifest sha256:bb59ec6593cd50efa9453e55c26753185b737d84a044318c4d8f079c102257ee 0.0s done
#34 exporting manifest list sha256:f89eb8c17f490f301eea227a6592b4ec26147a067c5e1b623e24ef3ab66a693f done
#34 naming to docker.io/library/cqrs-consumer:latest done
#34 unpacking to docker.io/library/cqrs-consumer:latest done
#34 DONE 0.1s

#35 [write-api] exporting to image
#35 exporting layers done
#35 exporting manifest sha256:92a21a99b40b6531c5801222236f42d6aa7bbf8b65d7634fc566f9392602e764 done
#35 exporting config sha256:be9fb26fa271ebf0c525960e70f2e967c21bf78a1eb2b7a7dc06e6d3ff4d3f55 done
#35 exporting attestation manifest sha256:864ebcc8172cdab65fb385ed22821f07d4dad0607936468a137b02af57833af0 0.0s done
#35 exporting manifest list sha256:52fdb733ffc4e4dc4e8ebbd3badab737df5291fe19444d438211e4de67da4f89 done
#35 naming to docker.io/library/cqrs-write-api:latest done
#35 unpacking to docker.io/library/cqrs-write-api:latest done
#35 DONE 0.1s

#36 [read-api] exporting to image
#36 exporting layers done
#36 exporting manifest sha256:c63ee61fb06e4bd063e843362129b868354c2f94e2566ad3c11bbd0548881470 done
#36 exporting config sha256:46bb870cf8127e2823c379c44ac9a3c0d6ee66fd1b3343341206f22ff23f7f62 done
#36 exporting attestation manifest sha256:29d8f6cdafd61b77086d76028ce49f51a8a24fd77a0cf4594fd85dc4b285beb2 0.0s done
#36 exporting manifest list sha256:1670f64b5ae8326be02f4c6c302bcf21ee49c4e56a20085bdaeedbf415c61662 done
#36 naming to docker.io/library/cqrs-read-api:latest done
#36 unpacking to docker.io/library/cqrs-read-api:latest done
#36 DONE 0.1s

#37 [saga] resolving provenance for metadata file
#37 DONE 0.0s

#38 [consumer] resolving provenance for metadata file
#38 DONE 0.0s

#39 [write-api] resolving provenance for metadata file
#39 DONE 0.0s

#40 [read-api] resolving provenance for metadata file
#40 DONE 0.0s

#41 [frontend internal] load metadata for docker.io/library/node:20-alpine
#41 ...

#42 [frontend internal] load metadata for docker.io/library/nginx:alpine
#42 DONE 0.9s

#41 [frontend internal] load metadata for docker.io/library/node:20-alpine
#41 DONE 0.9s

#43 [frontend internal] load .dockerignore
#43 transferring context: 2B done
#43 DONE 0.0s

#44 [frontend build 1/6] FROM docker.io/library/node:20-alpine@sha256:fb4cd12c85ee03686f6af5362a0b0d56d50c58a04632e6c0fb8363f609372293
#44 resolve docker.io/library/node:20-alpine@sha256:fb4cd12c85ee03686f6af5362a0b0d56d50c58a04632e6c0fb8363f609372293 0.0s done
#44 DONE 0.0s

#45 [frontend stage-1 1/3] FROM docker.io/library/nginx:alpine@sha256:5616878291a2eed594aee8db4dade5878cf7edcb475e59193904b198d9b830de
#45 resolve docker.io/library/nginx:alpine@sha256:5616878291a2eed594aee8db4dade5878cf7edcb475e59193904b198d9b830de 0.0s done
#45 DONE 0.0s

#46 [frontend internal] load build context
#46 transferring context: 185.58kB 0.1s done
#46 DONE 0.1s

#47 [frontend build 4/6] RUN npm install
#47 CACHED

#48 [frontend stage-1 2/3] COPY --from=build /app/dist /usr/share/nginx/html
#48 CACHED

#49 [frontend build 6/6] RUN npm run build
#49 CACHED

#50 [frontend build 2/6] WORKDIR /app
#50 CACHED

#51 [frontend build 5/6] COPY . .
#51 CACHED

#52 [frontend build 3/6] COPY package.json ./
#52 CACHED

#53 [frontend stage-1 3/3] COPY nginx.conf /etc/nginx/conf.d/default.conf
#53 CACHED

#54 [frontend] exporting to image
#54 exporting layers done
#54 exporting manifest sha256:32782dd8e2053c61118ccbb621867087941de406675097f92803716fedafab00 done
#54 exporting config sha256:64d46ad231b32d64275256ac207db88e0b5dd078678dcdc752d464f80305d609 done
#54 exporting attestation manifest sha256:e41eeb8e94b8f82f2400af7c50c0eecab50367dab9c5b1306ad1124f91355cb6 done
#54 exporting manifest list sha256:a4b064021a44b032b5abcee3dace2425ece7d6480f0c4dfb1365c73ee4442a31 done
#54 naming to docker.io/library/cqrs-frontend:latest done
#54 unpacking to docker.io/library/cqrs-frontend:latest done
#54 DONE 0.0s

#55 [frontend] resolving provenance for metadata file
#55 DONE 0.0s
 cqrs-saga  Built
 cqrs-write-api  Built
 cqrs-consumer  Built
 cqrs-read-api  Built
 cqrs-frontend  Built
 Network cqrs_default  Creating
 Network cqrs_default  Created
 Volume "cqrs_postgres_data"  Creating
 Volume "cqrs_postgres_data"  Created
 Volume "cqrs_mongo_data"  Creating
 Volume "cqrs_mongo_data"  Created
 Container cqrs-redis-cache-1  Creating
 Container cqrs-mongodb-1  Creating
 Container cqrs-postgres-1  Creating
 Container cqrs-redis-stream-1  Creating
 Container cqrs-mongodb-1  Created
 Container cqrs-redis-cache-1  Created
 Container cqrs-postgres-1  Created
 Container cqrs-read-api-1  Creating
 Container cqrs-redis-stream-1  Created
 Container cqrs-write-api-1  Creating
 Container cqrs-consumer-1  Creating
 Container cqrs-saga-1  Creating
 Container cqrs-read-api-1  Created
 Container cqrs-frontend-1  Creating
 Container cqrs-consumer-1  Created
 Container cqrs-write-api-1  Created
 Container cqrs-saga-1  Created
 Container cqrs-frontend-1  Created
 Container cqrs-redis-cache-1  Starting
 Container cqrs-redis-stream-1  Starting
 Container cqrs-postgres-1  Starting
 Container cqrs-mongodb-1  Starting
 Container cqrs-redis-cache-1  Started
 Container cqrs-redis-stream-1  Started
 Container cqrs-mongodb-1  Started
 Container cqrs-redis-cache-1  Waiting
 Container cqrs-mongodb-1  Waiting
 Container cqrs-redis-stream-1  Waiting
 Container cqrs-postgres-1  Started
 Container cqrs-postgres-1  Waiting
 Container cqrs-redis-cache-1  Waiting
 Container cqrs-redis-stream-1  Waiting
 Container cqrs-postgres-1  Waiting
 Container cqrs-mongodb-1  Waiting
 Container cqrs-postgres-1  Waiting
 Container cqrs-mongodb-1  Waiting
 Container cqrs-redis-stream-1  Waiting
 Container cqrs-redis-stream-1  Healthy
 Container cqrs-redis-stream-1  Healthy
 Container cqrs-redis-cache-1  Healthy
 Container cqrs-redis-stream-1  Healthy
 Container cqrs-redis-cache-1  Healthy
 Container cqrs-postgres-1  Healthy
 Container cqrs-postgres-1  Healthy
 Container cqrs-read-api-1  Starting
 Container cqrs-postgres-1  Healthy
 Container cqrs-read-api-1  Started
 Container cqrs-frontend-1  Starting
 Container cqrs-frontend-1  Started
 Container cqrs-mongodb-1  Healthy
 Container cqrs-write-api-1  Starting
 Container cqrs-mongodb-1  Healthy
 Container cqrs-saga-1  Starting
 Container cqrs-mongodb-1  Healthy
 Container cqrs-consumer-1  Starting
 Container cqrs-consumer-1  Started
 Container cqrs-write-api-1  Started
 Container cqrs-saga-1  Started
Waiting for APIs to be ready...
Clearing MongoDB events and sagas...
time="2026-04-26T02:35:34+05:30" level=warning msg="/Users/akankshawattamwar/Desktop/CS315/CQRS/docker-compose.yml: the attribute `version` is obsolete, it will be ignored, please remove it to avoid potential confusion"
MongoDB cleared
All services up.
Logs: docker compose logs -f [write-api|read-api|consumer|saga]

=======================================================

[34mRunning benchmark (N=100, consumer delay=0.01s/event) ...[0m

[1m[94m=======================================================[0m
[1m[94m  READER BENCHMARK — Read-Your-Writes Lag (baseline)[0m
[1m[94m=======================================================[0m
  [93m→[0m  Placing 100 orders sequentially and measuring GET-after-POST lag
  [93m→[0m  Poll interval: 2ms (so floor resolution ≈ 2ms)
    ...10/100 orders placed & read
    ...20/100 orders placed & read
    ...30/100 orders placed & read
    ...40/100 orders placed & read
    ...50/100 orders placed & read
    ...60/100 orders placed & read
    ...70/100 orders placed & read
    ...80/100 orders placed & read
    ...90/100 orders placed & read
    ...100/100 orders placed & read

  [1mResults  (N=100, failures=0, wall=0.2s)[0m
  metric             p50       p95       p99       max      mean
  POST ms            1.2       2.0      13.5      13.5       1.4
  RYW lag ms         0.8       1.3       3.2       3.2       0.9
  polls                1         1         1         1       1.0

  [1mRYW lag distribution[0m
  [    0 –     5 ms]   100  ██████████████████████████████
  [    5 –    10 ms]     0  
  [   10 –    20 ms]     0  
  [   20 –    50 ms]     0  
  [   50 –   100 ms]     0  
  [  100 –   250 ms]     0  
  [  250 –   500 ms]     0  
  [  500 –  1000 ms]     0  
  [ 1000 – 10000 ms]     0  
  [92m✓[0m  Raw samples written to /tmp/reader_baseline.csv
  [93m→[0m  After implementing the cache, rerun the same command and diff the RYW lag.

=======================================================

[1mRESULTS COMPARISON (N=100, consumer delay=0.01s/event)[0m

WITHOUT CACHE:
      metric             p50       p95       p99       max      mean
      POST ms            2.3       3.1      15.9      15.9       2.5
      RYW lag ms        53.8      57.7      60.9      60.9      51.6
      polls                9        10        11        11       8.5
    
      RYW lag distribution

WITH CACHE:
      metric             p50       p95       p99       max      mean
      POST ms            1.2       2.0      13.5      13.5       1.4
      RYW lag ms         0.8       1.3       3.2       3.2       0.9
      polls                1         1         1         1       1.0
    
      RYW lag distribution

[1mSpeedup:[0m
    p50         53.8 ms  →     0.8 ms   (67x faster)
    p95         57.7 ms  →     1.3 ms   (44x faster)
    p99         60.9 ms  →     3.2 ms   (19x faster)

[1mCache hit/miss stats (phase 2):[0m
    hits:     100
    misses:   0
    hit rate: 100.0%

[1mCache Redis :6380 — memory & eviction (allkeys-lru, cap=2.00M):[0m
    evicted keys:  0  (this run; lifetime=0)
    used memory:   1.20M / 2.00M
    order:* keys:  100 live in cache now

[32mResults saved to:[0m
  no-cache:  /Users/akankshawattamwar/Desktop/CS315/CQRS/results/nocache_slowconsumer_0.01_100.txt
  cached:    /Users/akankshawattamwar/Desktop/CS315/CQRS/results/cached_slowconsumer_0.01_100.txt

=======================================================

[1mCleaning up — restarting with defaults (fast consumer, cache on)...[0m
Stopping services and wiping volumes...

  cache:    enabled  (redis-cache :6380, 2MB allkeys-lru)
  consumer: fast
  saga:     fast
  stream:   redis-stream :6379  (no memory limit)

Starting services...
time="2026-04-26T02:35:46+05:30" level=warning msg="/Users/akankshawattamwar/Desktop/CS315/CQRS/docker-compose.yml: the attribute `version` is obsolete, it will be ignored, please remove it to avoid potential confusion"
#1 [internal] load local bake definitions
#1 reading from stdin 1.05kB done
#1 DONE 0.0s

#2 [consumer internal] load build definition from Dockerfile
#2 transferring dockerfile: 186B done
#2 DONE 0.0s

#3 [saga internal] load build definition from Dockerfile
#3 transferring dockerfile: 365B done
#3 DONE 0.0s

#4 [saga internal] load metadata for docker.io/library/python:3.12-slim
#4 DONE 0.5s

#5 [saga internal] load .dockerignore
#5 transferring context: 2B done
#5 DONE 0.0s

#6 [consumer internal] load .dockerignore
#6 transferring context: 2B done
#6 DONE 0.0s

#7 [consumer internal] load build context
#7 transferring context: 308B done
#7 DONE 0.0s

#8 [consumer 1/5] FROM docker.io/library/python:3.12-slim@sha256:46cb7cc2877e60fbd5e21a9ae6115c30ace7a077b9f8772da879e4590c18c2e3
#8 resolve docker.io/library/python:3.12-slim@sha256:46cb7cc2877e60fbd5e21a9ae6115c30ace7a077b9f8772da879e4590c18c2e3 0.0s done
#8 DONE 0.0s

#9 [consumer 2/5] WORKDIR /app
#9 CACHED

#10 [saga 2/7] WORKDIR /service
#10 CACHED

#11 [saga internal] load build context
#11 transferring context: 386B done
#11 DONE 0.0s

#12 [consumer 3/5] COPY requirements.txt .
#12 DONE 0.0s

#13 [saga 3/7] COPY saga/requirements.txt saga/
#13 DONE 0.0s

#14 [saga 4/7] RUN pip install --no-cache-dir -r saga/requirements.txt
#14 1.462 Collecting pymongo==4.7.2 (from -r saga/requirements.txt (line 1))
#14 1.573   Downloading pymongo-4.7.2-cp312-cp312-manylinux_2_17_aarch64.manylinux2014_aarch64.whl.metadata (22 kB)
#14 1.662 Collecting redis==5.0.5 (from -r saga/requirements.txt (line 2))
#14 1.703   Downloading redis-5.0.5-py3-none-any.whl.metadata (9.3 kB)
#14 1.830 Collecting psycopg2-binary==2.9.9 (from -r saga/requirements.txt (line 3))
#14 1.851   Downloading psycopg2_binary-2.9.9-cp312-cp312-manylinux_2_17_aarch64.manylinux2014_aarch64.whl.metadata (4.4 kB)
#14 1.894 Collecting dnspython<3.0.0,>=1.16.0 (from pymongo==4.7.2->-r saga/requirements.txt (line 1))
#14 1.914   Downloading dnspython-2.8.0-py3-none-any.whl.metadata (5.7 kB)
#14 1.945 Downloading pymongo-4.7.2-cp312-cp312-manylinux_2_17_aarch64.manylinux2014_aarch64.whl (688 kB)
#14 2.307    ━━━━━━━━━━━━━━━━━━━━━━━━━━━━━━━━━━━━━━━━ 689.0/689.0 kB 2.0 MB/s eta 0:00:00
#14 2.334 Downloading redis-5.0.5-py3-none-any.whl (251 kB)
#14 2.570 Downloading psycopg2_binary-2.9.9-cp312-cp312-manylinux_2_17_aarch64.manylinux2014_aarch64.whl (2.9 MB)
#14 4.980    ━━━━━━━━━━━━━━━━━━━━━━━━━━━━━━━━━━━━━━━━ 2.9/2.9 MB 2.0 MB/s eta 0:00:00
#14 5.001 Downloading dnspython-2.8.0-py3-none-any.whl (331 kB)
#14 5.093 Installing collected packages: redis, psycopg2-binary, dnspython, pymongo
#14 ...

#15 [consumer 4/5] RUN pip install --no-cache-dir -r requirements.txt
#15 1.415 Collecting pymongo==4.7.2 (from -r requirements.txt (line 1))
#15 1.531   Downloading pymongo-4.7.2-cp312-cp312-manylinux_2_17_aarch64.manylinux2014_aarch64.whl.metadata (22 kB)
#15 1.666 Collecting redis==5.0.5 (from -r requirements.txt (line 2))
#15 1.707   Downloading redis-5.0.5-py3-none-any.whl.metadata (9.3 kB)
#15 1.800 Collecting psycopg2-binary==2.9.9 (from -r requirements.txt (line 3))
#15 1.835   Downloading psycopg2_binary-2.9.9-cp312-cp312-manylinux_2_17_aarch64.manylinux2014_aarch64.whl.metadata (4.4 kB)
#15 1.864 Collecting dnspython<3.0.0,>=1.16.0 (from pymongo==4.7.2->-r requirements.txt (line 1))
#15 1.895   Downloading dnspython-2.8.0-py3-none-any.whl.metadata (5.7 kB)
#15 1.920 Downloading pymongo-4.7.2-cp312-cp312-manylinux_2_17_aarch64.manylinux2014_aarch64.whl (688 kB)
#15 2.129    ━━━━━━━━━━━━━━━━━━━━━━━━━━━━━━━━━━━━━━━━ 689.0/689.0 kB 4.4 MB/s eta 0:00:00
#15 2.164 Downloading redis-5.0.5-py3-none-any.whl (251 kB)
#15 2.339 Downloading psycopg2_binary-2.9.9-cp312-cp312-manylinux_2_17_aarch64.manylinux2014_aarch64.whl (2.9 MB)
#15 4.321    ━━━━━━━━━━━━━━━━━━━━━━━━━━━━━━━━━━━━━━━━ 2.9/2.9 MB 1.4 MB/s eta 0:00:00
#15 4.345 Downloading dnspython-2.8.0-py3-none-any.whl (331 kB)
#15 4.506 Installing collected packages: redis, psycopg2-binary, dnspython, pymongo
#15 4.843 Successfully installed dnspython-2.8.0 psycopg2-binary-2.9.9 pymongo-4.7.2 redis-5.0.5
#15 4.843 WARNING: Running pip as the 'root' user can result in broken permissions and conflicting behaviour with the system package manager, possibly rendering your system unusable. It is recommended to use a virtual environment instead: https://pip.pypa.io/warnings/venv. Use the --root-user-action option if you know what you are doing and want to suppress this warning.
#15 5.031 
#15 5.031 [notice] A new release of pip is available: 25.0.1 -> 26.0.1
#15 5.031 [notice] To update, run: pip install --upgrade pip
#15 DONE 5.1s

#16 [consumer 5/5] COPY . .
#16 DONE 0.0s

#17 [consumer] exporting to image
#17 exporting layers
#17 ...

#14 [saga 4/7] RUN pip install --no-cache-dir -r saga/requirements.txt
#14 5.428 Successfully installed dnspython-2.8.0 psycopg2-binary-2.9.9 pymongo-4.7.2 redis-5.0.5
#14 5.429 WARNING: Running pip as the 'root' user can result in broken permissions and conflicting behaviour with the system package manager, possibly rendering your system unusable. It is recommended to use a virtual environment instead: https://pip.pypa.io/warnings/venv. Use the --root-user-action option if you know what you are doing and want to suppress this warning.
#14 5.544 
#14 5.544 [notice] A new release of pip is available: 25.0.1 -> 26.0.1
#14 5.544 [notice] To update, run: pip install --upgrade pip
#14 DONE 5.6s

#18 [saga 5/7] COPY write-api/events.py write-api/
#18 DONE 0.0s

#19 [saga 6/7] COPY saga/ saga/
#19 DONE 0.0s

#20 [saga 7/7] WORKDIR /service/saga
#20 DONE 0.0s

#17 [consumer] exporting to image
#17 exporting layers 0.6s done
#17 exporting manifest sha256:ff8dd06a72eed6a1883793d34d2c9d67f178f3b8eb88395b1ea4e86948549c62 done
#17 exporting config sha256:8b49e9ed757297314610728917a45eafb3e1bab88189f6b9636d0a84b25263ef done
#17 exporting attestation manifest sha256:008d42fd88d78caa1340bd23ebb4b992907371cdb9bc11fa4376db05775e35c3 done
#17 exporting manifest list sha256:faf939216963fd32774e8a9f56d3cf5f48a144bf82dc04be170418ff9378c0e2 done
#17 naming to docker.io/library/cqrs-consumer:latest done
#17 unpacking to docker.io/library/cqrs-consumer:latest 0.1s done
#17 DONE 0.7s

#21 [consumer] resolving provenance for metadata file
#21 DONE 0.0s

#22 [saga] exporting to image
#22 exporting layers 0.6s done
#22 exporting manifest sha256:20a7a64844b2ee146a0f264074c4c5318f7d53d66adee946cbee48f719a6f677 done
#22 exporting config sha256:9b2a09bb9fbb88f77d682c761ace295adb51f309b28d786f3580ba0865f571f0 done
#22 exporting attestation manifest sha256:0b2adcd0218c62424a48cc825aa0f2352b212101e5098b261cac399d3baa5e66 0.0s done
#22 exporting manifest list sha256:43cbab89ced6751a0590d221c7908c8c2753b384307fc632d67db14296401a07 done
#22 naming to docker.io/library/cqrs-saga:latest done
#22 unpacking to docker.io/library/cqrs-saga:latest 0.1s done
#22 DONE 0.7s

#23 [saga] resolving provenance for metadata file
#23 DONE 0.0s
 cqrs-saga  Built
 cqrs-consumer  Built
time="2026-04-26T02:35:53+05:30" level=warning msg="/Users/akankshawattamwar/Desktop/CS315/CQRS/docker-compose.yml: the attribute `version` is obsolete, it will be ignored, please remove it to avoid potential confusion"
#1 [internal] load local bake definitions
#1 reading from stdin 2.42kB done
#1 DONE 0.0s

#2 [consumer internal] load build definition from Dockerfile
#2 DONE 0.0s

#3 [saga internal] load build definition from Dockerfile
#3 transferring dockerfile: 365B done
#3 DONE 0.0s

#4 [frontend internal] load build definition from Dockerfile
#4 transferring dockerfile: 271B done
#4 DONE 0.0s

#5 [read-api internal] load build definition from Dockerfile
#5 transferring dockerfile: 225B done
#5 DONE 0.0s

#2 [consumer internal] load build definition from Dockerfile
#2 transferring dockerfile: 186B done
#2 DONE 0.0s

#6 [write-api internal] load build definition from Dockerfile
#6 transferring dockerfile: 225B done
#6 DONE 0.0s

#7 [write-api internal] load metadata for docker.io/library/python:3.12-slim
#7 DONE 0.4s

#8 [saga internal] load .dockerignore
#8 transferring context: 2B done
#8 DONE 0.0s

#9 [consumer internal] load .dockerignore
#9 transferring context: 2B done
#9 DONE 0.0s

#10 [write-api internal] load .dockerignore
#10 transferring context: 2B done
#10 DONE 0.0s

#11 [read-api internal] load .dockerignore
#11 transferring context: 2B done
#11 DONE 0.0s

#12 [consumer internal] load build context
#12 transferring context: 308B done
#12 DONE 0.0s

#13 [read-api internal] load build context
#13 transferring context: 258B done
#13 DONE 0.0s

#14 [write-api internal] load build context
#14 transferring context: 341B done
#14 DONE 0.0s

#15 [write-api 1/7] FROM docker.io/library/python:3.12-slim@sha256:46cb7cc2877e60fbd5e21a9ae6115c30ace7a077b9f8772da879e4590c18c2e3
#15 resolve docker.io/library/python:3.12-slim@sha256:46cb7cc2877e60fbd5e21a9ae6115c30ace7a077b9f8772da879e4590c18c2e3 0.0s done
#15 DONE 0.0s

#16 [saga internal] load build context
#16 transferring context: 386B done
#16 DONE 0.0s

#17 [read-api 3/5] COPY requirements.txt .
#17 CACHED

#18 [read-api 4/5] RUN pip install --no-cache-dir -r requirements.txt
#18 CACHED

#19 [read-api 5/5] COPY . .
#19 CACHED

#20 [write-api 4/5] RUN pip install --no-cache-dir -r requirements.txt
#20 CACHED

#21 [write-api 3/5] COPY requirements.txt .
#21 CACHED

#22 [consumer 3/5] COPY requirements.txt .
#22 CACHED

#23 [consumer 4/5] RUN pip install --no-cache-dir -r requirements.txt
#23 CACHED

#24 [consumer 2/5] WORKDIR /app
#24 CACHED

#25 [consumer 5/5] COPY . .
#25 CACHED

#26 [write-api 5/5] COPY . .
#26 CACHED

#27 [saga 5/7] COPY write-api/events.py write-api/
#27 CACHED

#28 [saga 3/7] COPY saga/requirements.txt saga/
#28 CACHED

#29 [saga 6/7] COPY saga/ saga/
#29 CACHED

#30 [saga 4/7] RUN pip install --no-cache-dir -r saga/requirements.txt
#30 CACHED

#31 [saga 2/7] WORKDIR /service
#31 CACHED

#32 [saga 7/7] WORKDIR /service/saga
#32 CACHED

#33 [read-api] exporting to image
#33 exporting layers done
#33 exporting manifest sha256:c63ee61fb06e4bd063e843362129b868354c2f94e2566ad3c11bbd0548881470 done
#33 exporting config sha256:46bb870cf8127e2823c379c44ac9a3c0d6ee66fd1b3343341206f22ff23f7f62 done
#33 exporting attestation manifest sha256:40228713c76be39a06e654b60fd151283929812c9d4022c53c39a2286f57d8c5 done
#33 exporting manifest list sha256:179a600b7a3b22b47a951527ee6dae997bde7aa6900e04d1098e2decc6b32fcd done
#33 naming to docker.io/library/cqrs-read-api:latest done
#33 unpacking to docker.io/library/cqrs-read-api:latest done
#33 DONE 0.1s

#34 [saga] exporting to image
#34 exporting layers done
#34 exporting manifest sha256:20a7a64844b2ee146a0f264074c4c5318f7d53d66adee946cbee48f719a6f677 done
#34 exporting config sha256:9b2a09bb9fbb88f77d682c761ace295adb51f309b28d786f3580ba0865f571f0 done
#34 exporting attestation manifest sha256:e80a56abaa9df4e48309fcd4d8130cea5d7c225c8e1bccbbc3fa278f83bfa101
#34 exporting attestation manifest sha256:e80a56abaa9df4e48309fcd4d8130cea5d7c225c8e1bccbbc3fa278f83bfa101 0.0s done
#34 exporting manifest list sha256:b8281cea92f75844b10211d7bbae708681af6681405ee017f2764e993d83dfd5 done
#34 naming to docker.io/library/cqrs-saga:latest done
#34 unpacking to docker.io/library/cqrs-saga:latest done
#34 DONE 0.1s

#35 [consumer] exporting to image
#35 exporting layers done
#35 exporting manifest sha256:ff8dd06a72eed6a1883793d34d2c9d67f178f3b8eb88395b1ea4e86948549c62 done
#35 exporting config sha256:8b49e9ed757297314610728917a45eafb3e1bab88189f6b9636d0a84b25263ef done
#35 exporting attestation manifest sha256:9e38cb3c49982ecacf3d998d91a85897f3a6bb368f5411bcf0222f51e5868d30 0.0s done
#35 exporting manifest list sha256:0a906df40191d55a300eea8169bea088ab4b2d8862fd858d3e2919d0d30c3877 done
#35 naming to docker.io/library/cqrs-consumer:latest done
#35 unpacking to docker.io/library/cqrs-consumer:latest done
#35 DONE 0.1s

#36 [write-api] exporting to image
#36 exporting layers done
#36 exporting manifest sha256:92a21a99b40b6531c5801222236f42d6aa7bbf8b65d7634fc566f9392602e764 done
#36 exporting config sha256:be9fb26fa271ebf0c525960e70f2e967c21bf78a1eb2b7a7dc06e6d3ff4d3f55 done
#36 exporting attestation manifest sha256:2bd3282d59837597051527ab1586f1634483efec2f8cba54b94de8acb8f9c8ab 0.0s done
#36 exporting manifest list sha256:91c76665c286bded33c51c11273ccb9e4bd28ccc2f1c4fe07d52960b21e00c27 done
#36 naming to docker.io/library/cqrs-write-api:latest done
#36 unpacking to docker.io/library/cqrs-write-api:latest done
#36 DONE 0.1s

#37 [read-api] resolving provenance for metadata file
#37 DONE 0.0s

#38 [write-api] resolving provenance for metadata file
#38 DONE 0.0s

#39 [consumer] resolving provenance for metadata file
#39 DONE 0.0s

#40 [saga] resolving provenance for metadata file
#40 DONE 0.0s

#41 [frontend internal] load metadata for docker.io/library/node:20-alpine
#41 DONE 0.9s

#42 [frontend internal] load metadata for docker.io/library/nginx:alpine
#42 DONE 0.9s

#43 [frontend internal] load .dockerignore
#43 transferring context: 2B done
#43 DONE 0.0s

#44 [frontend build 1/6] FROM docker.io/library/node:20-alpine@sha256:fb4cd12c85ee03686f6af5362a0b0d56d50c58a04632e6c0fb8363f609372293
#44 resolve docker.io/library/node:20-alpine@sha256:fb4cd12c85ee03686f6af5362a0b0d56d50c58a04632e6c0fb8363f609372293 0.0s done
#44 DONE 0.0s

#45 [frontend stage-1 1/3] FROM docker.io/library/nginx:alpine@sha256:5616878291a2eed594aee8db4dade5878cf7edcb475e59193904b198d9b830de
#45 resolve docker.io/library/nginx:alpine@sha256:5616878291a2eed594aee8db4dade5878cf7edcb475e59193904b198d9b830de 0.0s done
#45 DONE 0.0s

#46 [frontend internal] load build context
#46 transferring context: 185.58kB 0.1s done
#46 DONE 0.1s

#47 [frontend build 4/6] RUN npm install
#47 CACHED

#48 [frontend build 5/6] COPY . .
#48 CACHED

#49 [frontend stage-1 2/3] COPY --from=build /app/dist /usr/share/nginx/html
#49 CACHED

#50 [frontend build 2/6] WORKDIR /app
#50 CACHED

#51 [frontend build 3/6] COPY package.json ./
#51 CACHED

#52 [frontend build 6/6] RUN npm run build
#52 CACHED

#53 [frontend stage-1 3/3] COPY nginx.conf /etc/nginx/conf.d/default.conf
#53 CACHED

#54 [frontend] exporting to image
#54 exporting layers done
#54 exporting manifest sha256:32782dd8e2053c61118ccbb621867087941de406675097f92803716fedafab00 done
#54 exporting config sha256:64d46ad231b32d64275256ac207db88e0b5dd078678dcdc752d464f80305d609 done
#54 exporting attestation manifest sha256:fd97e40ccd9c5a9b921b0586b239f1aa2bf802a02e5da7e3a2f14a7e2d027403 done
#54 exporting manifest list sha256:a73f86d5e16754a0c47f59b2688e33d59dc6fda7c8f78cbfe343dcca4041ac5c done
#54 naming to docker.io/library/cqrs-frontend:latest done
#54 unpacking to docker.io/library/cqrs-frontend:latest done
#54 DONE 0.0s

#55 [frontend] resolving provenance for metadata file
#55 DONE 0.0s
 cqrs-consumer  Built
 cqrs-saga  Built
 cqrs-read-api  Built
 cqrs-frontend  Built
 cqrs-write-api  Built
 Network cqrs_default  Creating
 Network cqrs_default  Created
 Volume "cqrs_postgres_data"  Creating
 Volume "cqrs_postgres_data"  Created
 Volume "cqrs_mongo_data"  Creating
 Volume "cqrs_mongo_data"  Created
 Container cqrs-mongodb-1  Creating
 Container cqrs-postgres-1  Creating
 Container cqrs-redis-cache-1  Creating
 Container cqrs-redis-stream-1  Creating
 Container cqrs-mongodb-1  Created
 Container cqrs-postgres-1  Created
 Container cqrs-redis-cache-1  Created
 Container cqrs-read-api-1  Creating
 Container cqrs-redis-stream-1  Created
 Container cqrs-consumer-1  Creating
 Container cqrs-write-api-1  Creating
 Container cqrs-saga-1  Creating
 Container cqrs-consumer-1  Created
 Container cqrs-read-api-1  Created
 Container cqrs-frontend-1  Creating
 Container cqrs-write-api-1  Created
 Container cqrs-saga-1  Created
 Container cqrs-frontend-1  Created
 Container cqrs-redis-stream-1  Starting
 Container cqrs-redis-cache-1  Starting
 Container cqrs-postgres-1  Starting
 Container cqrs-mongodb-1  Starting
 Container cqrs-postgres-1  Started
 Container cqrs-mongodb-1  Started
 Container cqrs-redis-stream-1  Started
 Container cqrs-postgres-1  Waiting
 Container cqrs-mongodb-1  Waiting
 Container cqrs-postgres-1  Waiting
 Container cqrs-redis-stream-1  Waiting
 Container cqrs-mongodb-1  Waiting
 Container cqrs-redis-stream-1  Waiting
 Container cqrs-redis-cache-1  Started
 Container cqrs-redis-cache-1  Waiting
 Container cqrs-postgres-1  Waiting
 Container cqrs-redis-stream-1  Waiting
 Container cqrs-redis-cache-1  Waiting
 Container cqrs-mongodb-1  Waiting
 Container cqrs-redis-stream-1  Healthy
 Container cqrs-postgres-1  Healthy
 Container cqrs-redis-stream-1  Healthy
 Container cqrs-postgres-1  Healthy
 Container cqrs-redis-cache-1  Healthy
 Container cqrs-redis-cache-1  Healthy
 Container cqrs-postgres-1  Healthy
 Container cqrs-read-api-1  Starting
 Container cqrs-redis-stream-1  Healthy
 Container cqrs-read-api-1  Started
 Container cqrs-frontend-1  Starting
 Container cqrs-frontend-1  Started
 Container cqrs-mongodb-1  Healthy
 Container cqrs-consumer-1  Starting
 Container cqrs-mongodb-1  Healthy
 Container cqrs-saga-1  Starting
 Container cqrs-mongodb-1  Healthy
 Container cqrs-write-api-1  Starting
 Container cqrs-write-api-1  Started
 Container cqrs-consumer-1  Started
 Container cqrs-saga-1  Started
Waiting for APIs to be ready...
Clearing MongoDB events and sagas...
time="2026-04-26T02:36:07+05:30" level=warning msg="/Users/akankshawattamwar/Desktop/CS315/CQRS/docker-compose.yml: the attribute `version` is obsolete, it will be ignored, please remove it to avoid potential confusion"
MongoDB cleared
All services up.
Logs: docker compose logs -f [write-api|read-api|consumer|saga]
[32mDone. System back to default state.[0m
