
=======================================================

[1mPHASE 1 of 2 — NO CACHE + SLOW CONSUMER (baseline)[0m
  Restarting with --delay 0.10 --no-cache ...
Stopping services and wiping volumes...

  cache:    DISABLED
  consumer: SLOW (0.10s/event)
  saga:     fast
  stream:   redis-stream :6379  (no memory limit)

Starting services...
time="2026-04-26T03:03:16+05:30" level=warning msg="/Users/akankshawattamwar/Desktop/CS315/CQRS/docker-compose.yml: the attribute `version` is obsolete, it will be ignored, please remove it to avoid potential confusion"
#1 [internal] load local bake definitions
#1 reading from stdin 1.05kB done
#1 DONE 0.0s

#2 [saga internal] load build definition from Dockerfile
#2 transferring dockerfile: 365B done
#2 DONE 0.0s

#3 [consumer internal] load build definition from Dockerfile
#3 transferring dockerfile: 186B done
#3 DONE 0.0s

#4 [saga internal] load metadata for docker.io/library/python:3.12-slim
#4 DONE 0.5s

#5 [saga internal] load .dockerignore
#5 transferring context: 2B done
#5 DONE 0.0s

#6 [consumer internal] load .dockerignore
#6 transferring context: 2B done
#6 DONE 0.0s

#7 [consumer internal] load build context
#7 transferring context: 308B done
#7 DONE 0.0s

#8 [consumer 1/5] FROM docker.io/library/python:3.12-slim@sha256:46cb7cc2877e60fbd5e21a9ae6115c30ace7a077b9f8772da879e4590c18c2e3
#8 resolve docker.io/library/python:3.12-slim@sha256:46cb7cc2877e60fbd5e21a9ae6115c30ace7a077b9f8772da879e4590c18c2e3 done
#8 DONE 0.0s

#9 [saga 2/7] WORKDIR /service
#9 CACHED

#10 [consumer 2/5] WORKDIR /app
#10 CACHED

#11 [saga internal] load build context
#11 transferring context: 386B done
#11 DONE 0.0s

#12 [consumer 3/5] COPY requirements.txt .
#12 DONE 0.0s

#13 [saga 3/7] COPY saga/requirements.txt saga/
#13 DONE 0.0s

#14 [saga 4/7] RUN pip install --no-cache-dir -r saga/requirements.txt
#14 1.526 Collecting pymongo==4.7.2 (from -r saga/requirements.txt (line 1))
#14 1.818   Downloading pymongo-4.7.2-cp312-cp312-manylinux_2_17_aarch64.manylinux2014_aarch64.whl.metadata (22 kB)
#14 1.960 Collecting redis==5.0.5 (from -r saga/requirements.txt (line 2))
#14 1.979   Downloading redis-5.0.5-py3-none-any.whl.metadata (9.3 kB)
#14 2.103 Collecting psycopg2-binary==2.9.9 (from -r saga/requirements.txt (line 3))
#14 2.171   Downloading psycopg2_binary-2.9.9-cp312-cp312-manylinux_2_17_aarch64.manylinux2014_aarch64.whl.metadata (4.4 kB)
#14 2.202 Collecting dnspython<3.0.0,>=1.16.0 (from pymongo==4.7.2->-r saga/requirements.txt (line 1))
#14 2.225   Downloading dnspython-2.8.0-py3-none-any.whl.metadata (5.7 kB)
#14 2.256 Downloading pymongo-4.7.2-cp312-cp312-manylinux_2_17_aarch64.manylinux2014_aarch64.whl (688 kB)
#14 2.586    ━━━━━━━━━━━━━━━━━━━━━━━━━━━━━━━━━━━━━━━━ 689.0/689.0 kB 2.6 MB/s eta 0:00:00
#14 2.631 Downloading redis-5.0.5-py3-none-any.whl (251 kB)
#14 2.780 Downloading psycopg2_binary-2.9.9-cp312-cp312-manylinux_2_17_aarch64.manylinux2014_aarch64.whl (2.9 MB)
#14 3.819    ━━━━━━━━━━━━━━━━━━━━━━━━━━━━━━━━━━━━━━━━ 2.9/2.9 MB 3.5 MB/s eta 0:00:00
#14 3.839 Downloading dnspython-2.8.0-py3-none-any.whl (331 kB)
#14 3.878 Installing collected packages: redis, psycopg2-binary, dnspython, pymongo
#14 ...

#15 [consumer 4/5] RUN pip install --no-cache-dir -r requirements.txt
#15 1.520 Collecting pymongo==4.7.2 (from -r requirements.txt (line 1))
#15 1.789   Downloading pymongo-4.7.2-cp312-cp312-manylinux_2_17_aarch64.manylinux2014_aarch64.whl.metadata (22 kB)
#15 1.908 Collecting redis==5.0.5 (from -r requirements.txt (line 2))
#15 1.929   Downloading redis-5.0.5-py3-none-any.whl.metadata (9.3 kB)
#15 2.028 Collecting psycopg2-binary==2.9.9 (from -r requirements.txt (line 3))
#15 2.102   Downloading psycopg2_binary-2.9.9-cp312-cp312-manylinux_2_17_aarch64.manylinux2014_aarch64.whl.metadata (4.4 kB)
#15 2.180 Collecting dnspython<3.0.0,>=1.16.0 (from pymongo==4.7.2->-r requirements.txt (line 1))
#15 2.201   Downloading dnspython-2.8.0-py3-none-any.whl.metadata (5.7 kB)
#15 2.221 Downloading pymongo-4.7.2-cp312-cp312-manylinux_2_17_aarch64.manylinux2014_aarch64.whl (688 kB)
#15 2.437    ━━━━━━━━━━━━━━━━━━━━━━━━━━━━━━━━━━━━━━━━ 689.0/689.0 kB 3.7 MB/s eta 0:00:00
#15 2.456 Downloading redis-5.0.5-py3-none-any.whl (251 kB)
#15 2.508 Downloading psycopg2_binary-2.9.9-cp312-cp312-manylinux_2_17_aarch64.manylinux2014_aarch64.whl (2.9 MB)
#15 3.320    ━━━━━━━━━━━━━━━━━━━━━━━━━━━━━━━━━━━━━━━━ 2.9/2.9 MB 3.4 MB/s eta 0:00:00
#15 3.341 Downloading dnspython-2.8.0-py3-none-any.whl (331 kB)
#15 3.466 Installing collected packages: redis, psycopg2-binary, dnspython, pymongo
#15 3.780 Successfully installed dnspython-2.8.0 psycopg2-binary-2.9.9 pymongo-4.7.2 redis-5.0.5
#15 3.780 WARNING: Running pip as the 'root' user can result in broken permissions and conflicting behaviour with the system package manager, possibly rendering your system unusable. It is recommended to use a virtual environment instead: https://pip.pypa.io/warnings/venv. Use the --root-user-action option if you know what you are doing and want to suppress this warning.
#15 3.913 
#15 3.913 [notice] A new release of pip is available: 25.0.1 -> 26.0.1
#15 3.913 [notice] To update, run: pip install --upgrade pip
#15 DONE 4.0s

#16 [consumer 5/5] COPY . .
#16 DONE 0.0s

#17 [consumer] exporting to image
#17 exporting layers
#17 ...

#14 [saga 4/7] RUN pip install --no-cache-dir -r saga/requirements.txt
#14 4.227 Successfully installed dnspython-2.8.0 psycopg2-binary-2.9.9 pymongo-4.7.2 redis-5.0.5
#14 4.227 WARNING: Running pip as the 'root' user can result in broken permissions and conflicting behaviour with the system package manager, possibly rendering your system unusable. It is recommended to use a virtual environment instead: https://pip.pypa.io/warnings/venv. Use the --root-user-action option if you know what you are doing and want to suppress this warning.
#14 4.349 
#14 4.349 [notice] A new release of pip is available: 25.0.1 -> 26.0.1
#14 4.349 [notice] To update, run: pip install --upgrade pip
#14 DONE 4.4s

#18 [saga 5/7] COPY write-api/events.py write-api/
#18 DONE 0.0s

#19 [saga 6/7] COPY saga/ saga/
#19 DONE 0.0s

#20 [saga 7/7] WORKDIR /service/saga
#20 DONE 0.0s

#17 [consumer] exporting to image
#17 exporting layers 0.5s done
#17 exporting manifest sha256:2843d8b3e5e89fad9df235dcf2fc6f30625ed054eb518a8a26d29e4927f539bf done
#17 exporting config sha256:32c2e66775d3e88f17d1edb43e1df58dbd76d54fc9b87766b0f2fda6618c9722 done
#17 exporting attestation manifest sha256:620253cf60cdbe1689b91bd9fd0b4de3266b871e0442389c72610c80ac960b25 done
#17 exporting manifest list sha256:ec10c4cc320ad4b769b5188899803207324364688b4ba88a488164ae37e077cc done
#17 naming to docker.io/library/cqrs-consumer:latest done
#17 unpacking to docker.io/library/cqrs-consumer:latest 0.1s done
#17 DONE 0.7s

#21 [consumer] resolving provenance for metadata file
#21 DONE 0.0s

#22 [saga] exporting to image
#22 exporting layers 0.6s done
#22 exporting manifest sha256:8a6bac5cb6b58361ae553eb95de5f015a04049599bc87b156c991df3a4923683 done
#22 exporting config sha256:e30f5159e8cf235912843867ff3b681a31f870fdb6516358cce6c456ba54944c done
#22 exporting attestation manifest sha256:22edff82d9f965a3c72555a3bde71de9d36ebb92cc27ded0ac765ed41ceea668 done
#22 exporting manifest list sha256:298dad89435414fd93090f280338d0be34585e785aa8fd11f43fa8f406bd098b done
#22 naming to docker.io/library/cqrs-saga:latest done
#22 unpacking to docker.io/library/cqrs-saga:latest 0.1s done
#22 DONE 0.7s

#23 [saga] resolving provenance for metadata file
#23 DONE 0.0s
 cqrs-consumer  Built
 cqrs-saga  Built
time="2026-04-26T03:03:22+05:30" level=warning msg="/Users/akankshawattamwar/Desktop/CS315/CQRS/docker-compose.yml: the attribute `version` is obsolete, it will be ignored, please remove it to avoid potential confusion"
#1 [internal] load local bake definitions
#1 reading from stdin 2.42kB done
#1 DONE 0.0s

#2 [frontend internal] load build definition from Dockerfile
#2 transferring dockerfile: 271B done
#2 DONE 0.0s

#3 [read-api internal] load build definition from Dockerfile
#3 transferring dockerfile: 225B done
#3 DONE 0.0s

#4 [saga internal] load build definition from Dockerfile
#4 transferring dockerfile: 365B done
#4 DONE 0.0s

#5 [consumer internal] load build definition from Dockerfile
#5 transferring dockerfile: 186B done
#5 DONE 0.0s

#6 [write-api internal] load build definition from Dockerfile
#6 transferring dockerfile: 225B done
#6 DONE 0.0s

#7 [consumer internal] load metadata for docker.io/library/python:3.12-slim
#7 DONE 0.4s

#8 [write-api internal] load .dockerignore
#8 transferring context: 2B done
#8 DONE 0.0s

#9 [consumer internal] load .dockerignore
#9 transferring context: 2B done
#9 DONE 0.0s

#10 [read-api internal] load .dockerignore
#10 transferring context: 2B done
#10 DONE 0.0s

#11 [saga internal] load .dockerignore
#11 transferring context: 2B done
#11 DONE 0.0s

#12 [write-api internal] load build context
#12 transferring context: 341B done
#12 DONE 0.0s

#13 [read-api internal] load build context
#13 transferring context: 258B done
#13 DONE 0.0s

#14 [consumer internal] load build context
#14 transferring context: 308B done
#14 DONE 0.0s

#15 [consumer 1/5] FROM docker.io/library/python:3.12-slim@sha256:46cb7cc2877e60fbd5e21a9ae6115c30ace7a077b9f8772da879e4590c18c2e3
#15 resolve docker.io/library/python:3.12-slim@sha256:46cb7cc2877e60fbd5e21a9ae6115c30ace7a077b9f8772da879e4590c18c2e3 done
#15 DONE 0.0s

#16 [saga internal] load build context
#16 transferring context: 386B done
#16 DONE 0.0s

#17 [read-api 3/5] COPY requirements.txt .
#17 CACHED

#18 [read-api 4/5] RUN pip install --no-cache-dir -r requirements.txt
#18 CACHED

#19 [write-api 4/5] RUN pip install --no-cache-dir -r requirements.txt
#19 CACHED

#20 [write-api 3/5] COPY requirements.txt .
#20 CACHED

#21 [consumer 3/5] COPY requirements.txt .
#21 CACHED

#22 [consumer 2/5] WORKDIR /app
#22 CACHED

#23 [consumer 4/5] RUN pip install --no-cache-dir -r requirements.txt
#23 CACHED

#24 [write-api 5/5] COPY . .
#24 CACHED

#25 [read-api 5/5] COPY . .
#25 CACHED

#26 [consumer 5/5] COPY . .
#26 CACHED

#27 [read-api] exporting to image
#27 exporting layers done
#27 exporting manifest sha256:c63ee61fb06e4bd063e843362129b868354c2f94e2566ad3c11bbd0548881470 done
#27 exporting config sha256:46bb870cf8127e2823c379c44ac9a3c0d6ee66fd1b3343341206f22ff23f7f62 done
#27 exporting attestation manifest sha256:37113aaf7830f3aea79854c580a82d1bf032ca2b831047b7974c248698cbcc66 0.0s done
#27 exporting manifest list sha256:b3a8ca1ae044920f8981c967ddc727e6fe79634d7ea2c374ff682cd6016e51da
#27 exporting manifest list sha256:b3a8ca1ae044920f8981c967ddc727e6fe79634d7ea2c374ff682cd6016e51da done
#27 naming to docker.io/library/cqrs-read-api:latest done
#27 unpacking to docker.io/library/cqrs-read-api:latest done
#27 DONE 0.1s

#28 [saga 5/7] COPY write-api/events.py write-api/
#28 CACHED

#29 [saga 6/7] COPY saga/ saga/
#29 CACHED

#30 [saga 3/7] COPY saga/requirements.txt saga/
#30 CACHED

#31 [saga 4/7] RUN pip install --no-cache-dir -r saga/requirements.txt
#31 CACHED

#32 [saga 2/7] WORKDIR /service
#32 CACHED

#33 [saga 7/7] WORKDIR /service/saga
#33 CACHED

#34 [consumer] exporting to image
#34 exporting layers done
#34 exporting manifest sha256:2843d8b3e5e89fad9df235dcf2fc6f30625ed054eb518a8a26d29e4927f539bf done
#34 exporting config sha256:32c2e66775d3e88f17d1edb43e1df58dbd76d54fc9b87766b0f2fda6618c9722 done
#34 exporting attestation manifest sha256:920ed3803a1f10ca389acd3e2b840615a11a55c34ac489618451faaf909d1cea 0.0s done
#34 exporting manifest list sha256:fe91b5e9069f254614eb1232a0ce6857de42d2672de02cfc50233579a0b28830 done
#34 naming to docker.io/library/cqrs-consumer:latest done
#34 unpacking to docker.io/library/cqrs-consumer:latest done
#34 DONE 0.1s

#35 [write-api] exporting to image
#35 exporting layers done
#35 exporting manifest sha256:92a21a99b40b6531c5801222236f42d6aa7bbf8b65d7634fc566f9392602e764 done
#35 exporting config sha256:be9fb26fa271ebf0c525960e70f2e967c21bf78a1eb2b7a7dc06e6d3ff4d3f55 done
#35 exporting attestation manifest sha256:51a0445813e659af7ce9391e99aad7d4a3310d34c87f1ac5a81ac17b2335503d 0.0s done
#35 exporting manifest list sha256:4b1b7fa0215107829166f4e64e3f08a780968bef6d22ddc10b30573d7e634265 done
#35 naming to docker.io/library/cqrs-write-api:latest done
#35 unpacking to docker.io/library/cqrs-write-api:latest done
#35 DONE 0.1s

#36 [saga] exporting to image
#36 exporting layers done
#36 exporting manifest sha256:8a6bac5cb6b58361ae553eb95de5f015a04049599bc87b156c991df3a4923683 done
#36 exporting config sha256:e30f5159e8cf235912843867ff3b681a31f870fdb6516358cce6c456ba54944c done
#36 exporting attestation manifest sha256:53dfb277f053cdadb013187083110f83a08bb7a529a753d619632aaacdef6009 0.0s done
#36 exporting manifest list sha256:7e1bad7226dbf72d0a333c14e7d15e7aab68ed18bf35734daec2b91775ae99f0 done
#36 naming to docker.io/library/cqrs-saga:latest done
#36 unpacking to docker.io/library/cqrs-saga:latest done
#36 DONE 0.1s

#37 [read-api] resolving provenance for metadata file
#37 DONE 0.0s

#38 [write-api] resolving provenance for metadata file
#38 DONE 0.0s

#39 [consumer] resolving provenance for metadata file
#39 DONE 0.0s

#40 [saga] resolving provenance for metadata file
#40 DONE 0.0s

#41 [frontend internal] load metadata for docker.io/library/nginx:alpine
#41 ...

#42 [frontend internal] load metadata for docker.io/library/node:20-alpine
#42 DONE 0.9s

#41 [frontend internal] load metadata for docker.io/library/nginx:alpine
#41 DONE 0.9s

#43 [frontend internal] load .dockerignore
#43 transferring context: 2B done
#43 DONE 0.0s

#44 [frontend build 1/6] FROM docker.io/library/node:20-alpine@sha256:fb4cd12c85ee03686f6af5362a0b0d56d50c58a04632e6c0fb8363f609372293
#44 resolve docker.io/library/node:20-alpine@sha256:fb4cd12c85ee03686f6af5362a0b0d56d50c58a04632e6c0fb8363f609372293 0.0s done
#44 DONE 0.0s

#45 [frontend stage-1 1/3] FROM docker.io/library/nginx:alpine@sha256:5616878291a2eed594aee8db4dade5878cf7edcb475e59193904b198d9b830de
#45 resolve docker.io/library/nginx:alpine@sha256:5616878291a2eed594aee8db4dade5878cf7edcb475e59193904b198d9b830de 0.0s done
#45 DONE 0.0s

#46 [frontend internal] load build context
#46 transferring context: 185.58kB 0.1s done
#46 DONE 0.1s

#47 [frontend build 2/6] WORKDIR /app
#47 CACHED

#48 [frontend build 5/6] COPY . .
#48 CACHED

#49 [frontend build 4/6] RUN npm install
#49 CACHED

#50 [frontend build 3/6] COPY package.json ./
#50 CACHED

#51 [frontend stage-1 2/3] COPY --from=build /app/dist /usr/share/nginx/html
#51 CACHED

#52 [frontend build 6/6] RUN npm run build
#52 CACHED

#53 [frontend stage-1 3/3] COPY nginx.conf /etc/nginx/conf.d/default.conf
#53 CACHED

#54 [frontend] exporting to image
#54 exporting layers done
#54 exporting manifest sha256:32782dd8e2053c61118ccbb621867087941de406675097f92803716fedafab00 done
#54 exporting config sha256:64d46ad231b32d64275256ac207db88e0b5dd078678dcdc752d464f80305d609 done
#54 exporting attestation manifest sha256:a632cb3f416dde87fc5ca2039419638f4a38b9ee3e72cf3d636d13066a74c634 done
#54 exporting manifest list sha256:daf5dc50ad09fcc564f16e740fb634fb25c167c21006d861a9d18a814a2f0a0c done
#54 naming to docker.io/library/cqrs-frontend:latest done
#54 unpacking to docker.io/library/cqrs-frontend:latest done
#54 DONE 0.0s

#55 [frontend] resolving provenance for metadata file
#55 DONE 0.0s
 cqrs-write-api  Built
 cqrs-consumer  Built
 cqrs-read-api  Built
 cqrs-frontend  Built
 cqrs-saga  Built
 Network cqrs_default  Creating
 Network cqrs_default  Created
 Volume "cqrs_mongo_data"  Creating
 Volume "cqrs_mongo_data"  Created
 Volume "cqrs_postgres_data"  Creating
 Volume "cqrs_postgres_data"  Created
 Container cqrs-redis-stream-1  Creating
 Container cqrs-redis-cache-1  Creating
 Container cqrs-postgres-1  Creating
 Container cqrs-mongodb-1  Creating
 Container cqrs-mongodb-1  Created
 Container cqrs-postgres-1  Created
 Container cqrs-redis-stream-1  Created
 Container cqrs-saga-1  Creating
 Container cqrs-consumer-1  Creating
 Container cqrs-redis-cache-1  Created
 Container cqrs-write-api-1  Creating
 Container cqrs-read-api-1  Creating
 Container cqrs-consumer-1  Created
 Container cqrs-write-api-1  Created
 Container cqrs-saga-1  Created
 Container cqrs-read-api-1  Created
 Container cqrs-frontend-1  Creating
 Container cqrs-frontend-1  Created
 Container cqrs-redis-cache-1  Starting
 Container cqrs-mongodb-1  Starting
 Container cqrs-postgres-1  Starting
 Container cqrs-redis-stream-1  Starting
 Container cqrs-redis-stream-1  Started
 Container cqrs-mongodb-1  Started
 Container cqrs-postgres-1  Started
 Container cqrs-mongodb-1  Waiting
 Container cqrs-redis-stream-1  Waiting
 Container cqrs-postgres-1  Waiting
 Container cqrs-postgres-1  Waiting
 Container cqrs-mongodb-1  Waiting
 Container cqrs-redis-stream-1  Waiting
 Container cqrs-redis-cache-1  Started
 Container cqrs-redis-stream-1  Waiting
 Container cqrs-redis-cache-1  Waiting
 Container cqrs-postgres-1  Waiting
 Container cqrs-redis-cache-1  Waiting
 Container cqrs-mongodb-1  Waiting
 Container cqrs-redis-stream-1  Healthy
 Container cqrs-redis-stream-1  Healthy
 Container cqrs-redis-stream-1  Healthy
 Container cqrs-postgres-1  Healthy
 Container cqrs-postgres-1  Healthy
 Container cqrs-postgres-1  Healthy
 Container cqrs-redis-cache-1  Healthy
 Container cqrs-read-api-1  Starting
 Container cqrs-redis-cache-1  Healthy
 Container cqrs-read-api-1  Started
 Container cqrs-frontend-1  Starting
 Container cqrs-frontend-1  Started
 Container cqrs-mongodb-1  Healthy
 Container cqrs-mongodb-1  Healthy
 Container cqrs-saga-1  Starting
 Container cqrs-consumer-1  Starting
 Container cqrs-mongodb-1  Healthy
 Container cqrs-write-api-1  Starting
 Container cqrs-consumer-1  Started
 Container cqrs-saga-1  Started
 Container cqrs-write-api-1  Started
Waiting for APIs to be ready...
Clearing MongoDB events and sagas...
time="2026-04-26T03:03:36+05:30" level=warning msg="/Users/akankshawattamwar/Desktop/CS315/CQRS/docker-compose.yml: the attribute `version` is obsolete, it will be ignored, please remove it to avoid potential confusion"
MongoDB cleared
All services up.
Logs: docker compose logs -f [write-api|read-api|consumer|saga]

=======================================================

[34mRunning benchmark (N=500, consumer delay=0.10s/event) — no cache...[0m

[1m[94m=======================================================[0m
[1m[94m  READER BENCHMARK — Read-Your-Writes Lag (baseline)[0m
[1m[94m=======================================================[0m
  [93m→[0m  Placing 500 orders sequentially and measuring GET-after-POST lag
  [93m→[0m  Poll interval: 2ms (so floor resolution ≈ 2ms)
    ...10/500 orders placed & read
    ...20/500 orders placed & read
    ...30/500 orders placed & read
    ...40/500 orders placed & read
    ...50/500 orders placed & read
    ...60/500 orders placed & read
    ...70/500 orders placed & read
    ...80/500 orders placed & read
    ...90/500 orders placed & read
    ...100/500 orders placed & read
    ...110/500 orders placed & read
    ...120/500 orders placed & read
    ...130/500 orders placed & read
    ...140/500 orders placed & read
    ...150/500 orders placed & read
    ...160/500 orders placed & read
    ...170/500 orders placed & read
    ...180/500 orders placed & read
    ...190/500 orders placed & read
    ...200/500 orders placed & read
    ...210/500 orders placed & read
    ...220/500 orders placed & read
    ...230/500 orders placed & read
    ...240/500 orders placed & read
    ...250/500 orders placed & read
    ...260/500 orders placed & read
    ...270/500 orders placed & read
    ...280/500 orders placed & read
    ...290/500 orders placed & read
    ...300/500 orders placed & read
    ...310/500 orders placed & read
    ...320/500 orders placed & read
    ...330/500 orders placed & read
    ...340/500 orders placed & read
    ...350/500 orders placed & read
    ...360/500 orders placed & read
    ...370/500 orders placed & read
    ...380/500 orders placed & read
    ...390/500 orders placed & read
    ...400/500 orders placed & read
    ...410/500 orders placed & read
    ...420/500 orders placed & read
    ...430/500 orders placed & read
    ...440/500 orders placed & read
    ...450/500 orders placed & read
    ...460/500 orders placed & read
    ...470/500 orders placed & read
    ...480/500 orders placed & read
    ...490/500 orders placed & read
    ...500/500 orders placed & read

  [1mResults  (N=500, failures=0, wall=248.5s)[0m
  metric             p50       p95       p99       max      mean
  POST ms            3.3       5.1      13.3      32.5       3.7
  RYW lag ms       506.8     515.0     545.3     556.0     493.3
  polls               70        74        77        79      67.7

  [1mRYW lag distribution[0m
  [    0 –     5 ms]     0  
  [    5 –    10 ms]     0  
  [   10 –    20 ms]     0  
  [   20 –    50 ms]     0  
  [   50 –   100 ms]     0  
  [  100 –   250 ms]     1  
  [  250 –   500 ms]    89  ██████
  [  500 –  1000 ms]   410  ██████████████████████████████
  [ 1000 – 10000 ms]     0  
  [92m✓[0m  Raw samples written to /tmp/reader_baseline.csv
  [93m→[0m  After implementing the cache, rerun the same command and diff the RYW lag.

=======================================================

[1mPHASE 2 of 2 — CACHE ENABLED + SLOW CONSUMER[0m
  Restarting with --delay 0.10 (cache on) ...
Stopping services and wiping volumes...

  cache:    enabled  (redis-cache :6380, 2MB allkeys-lru)
  consumer: SLOW (0.10s/event)
  saga:     fast
  stream:   redis-stream :6379  (no memory limit)

Starting services...
time="2026-04-26T03:07:56+05:30" level=warning msg="/Users/akankshawattamwar/Desktop/CS315/CQRS/docker-compose.yml: the attribute `version` is obsolete, it will be ignored, please remove it to avoid potential confusion"
#1 [internal] load local bake definitions
#1 reading from stdin 1.05kB done
#1 DONE 0.0s

#2 [saga internal] load build definition from Dockerfile
#2 transferring dockerfile: 365B done
#2 DONE 0.0s

#3 [consumer internal] load build definition from Dockerfile
#3 transferring dockerfile: 186B done
#3 DONE 0.0s

#4 [consumer internal] load metadata for docker.io/library/python:3.12-slim
#4 DONE 1.5s

#5 [consumer internal] load .dockerignore
#5 transferring context: 2B done
#5 DONE 0.0s

#6 [saga internal] load .dockerignore
#6 transferring context: 2B done
#6 DONE 0.0s

#7 [consumer internal] load build context
#7 transferring context: 308B done
#7 DONE 0.0s

#8 [consumer 1/5] FROM docker.io/library/python:3.12-slim@sha256:46cb7cc2877e60fbd5e21a9ae6115c30ace7a077b9f8772da879e4590c18c2e3
#8 resolve docker.io/library/python:3.12-slim@sha256:46cb7cc2877e60fbd5e21a9ae6115c30ace7a077b9f8772da879e4590c18c2e3 done
#8 DONE 0.0s

#9 [saga 2/7] WORKDIR /service
#9 CACHED

#10 [consumer 2/5] WORKDIR /app
#10 CACHED

#11 [saga internal] load build context
#11 transferring context: 386B done
#11 DONE 0.0s

#12 [consumer 3/5] COPY requirements.txt .
#12 DONE 0.0s

#13 [saga 3/7] COPY saga/requirements.txt saga/
#13 DONE 0.0s

#14 [saga 4/7] RUN pip install --no-cache-dir -r saga/requirements.txt
#14 1.345 Collecting pymongo==4.7.2 (from -r saga/requirements.txt (line 1))
#14 1.425   Downloading pymongo-4.7.2-cp312-cp312-manylinux_2_17_aarch64.manylinux2014_aarch64.whl.metadata (22 kB)
#14 1.500 Collecting redis==5.0.5 (from -r saga/requirements.txt (line 2))
#14 1.517   Downloading redis-5.0.5-py3-none-any.whl.metadata (9.3 kB)
#14 1.639 Collecting psycopg2-binary==2.9.9 (from -r saga/requirements.txt (line 3))
#14 1.657   Downloading psycopg2_binary-2.9.9-cp312-cp312-manylinux_2_17_aarch64.manylinux2014_aarch64.whl.metadata (4.4 kB)
#14 1.685 Collecting dnspython<3.0.0,>=1.16.0 (from pymongo==4.7.2->-r saga/requirements.txt (line 1))
#14 1.703   Downloading dnspython-2.8.0-py3-none-any.whl.metadata (5.7 kB)
#14 1.724 Downloading pymongo-4.7.2-cp312-cp312-manylinux_2_17_aarch64.manylinux2014_aarch64.whl (688 kB)
#14 1.998    ━━━━━━━━━━━━━━━━━━━━━━━━━━━━━━━━━━━━━━━━ 689.0/689.0 kB 2.3 MB/s eta 0:00:00
#14 2.021 Downloading redis-5.0.5-py3-none-any.whl (251 kB)
#14 2.124 Downloading psycopg2_binary-2.9.9-cp312-cp312-manylinux_2_17_aarch64.manylinux2014_aarch64.whl (2.9 MB)
#14 3.196    ━━━━━━━━━━━━━━━━━━━━━━━━━━━━━━━━━━━━━━━━ 2.9/2.9 MB 2.7 MB/s eta 0:00:00
#14 3.263 Downloading dnspython-2.8.0-py3-none-any.whl (331 kB)
#14 3.470 Installing collected packages: redis, psycopg2-binary, dnspython, pymongo
#14 3.786 Successfully installed dnspython-2.8.0 psycopg2-binary-2.9.9 pymongo-4.7.2 redis-5.0.5
#14 3.786 WARNING: Running pip as the 'root' user can result in broken permissions and conflicting behaviour with the system package manager, possibly rendering your system unusable. It is recommended to use a virtual environment instead: https://pip.pypa.io/warnings/venv. Use the --root-user-action option if you know what you are doing and want to suppress this warning.
#14 4.126 
#14 4.126 [notice] A new release of pip is available: 25.0.1 -> 26.0.1
#14 4.126 [notice] To update, run: pip install --upgrade pip
#14 DONE 4.2s

#15 [saga 5/7] COPY write-api/events.py write-api/
#15 DONE 0.0s

#16 [saga 6/7] COPY saga/ saga/
#16 DONE 0.0s

#17 [saga 7/7] WORKDIR /service/saga
#17 DONE 0.0s

#18 [saga] exporting to image
#18 exporting layers
#18 ...

#19 [consumer 4/5] RUN pip install --no-cache-dir -r requirements.txt
#19 1.360 Collecting pymongo==4.7.2 (from -r requirements.txt (line 1))
#19 1.440   Downloading pymongo-4.7.2-cp312-cp312-manylinux_2_17_aarch64.manylinux2014_aarch64.whl.metadata (22 kB)
#19 1.511 Collecting redis==5.0.5 (from -r requirements.txt (line 2))
#19 1.530   Downloading redis-5.0.5-py3-none-any.whl.metadata (9.3 kB)
#19 1.651 Collecting psycopg2-binary==2.9.9 (from -r requirements.txt (line 3))
#19 1.673   Downloading psycopg2_binary-2.9.9-cp312-cp312-manylinux_2_17_aarch64.manylinux2014_aarch64.whl.metadata (4.4 kB)
#19 1.705 Collecting dnspython<3.0.0,>=1.16.0 (from pymongo==4.7.2->-r requirements.txt (line 1))
#19 1.724   Downloading dnspython-2.8.0-py3-none-any.whl.metadata (5.7 kB)
#19 1.747 Downloading pymongo-4.7.2-cp312-cp312-manylinux_2_17_aarch64.manylinux2014_aarch64.whl (688 kB)
#19 2.136    ━━━━━━━━━━━━━━━━━━━━━━━━━━━━━━━━━━━━━━━━ 689.0/689.0 kB 1.6 MB/s eta 0:00:00
#19 2.167 Downloading redis-5.0.5-py3-none-any.whl (251 kB)
#19 2.420 Downloading psycopg2_binary-2.9.9-cp312-cp312-manylinux_2_17_aarch64.manylinux2014_aarch64.whl (2.9 MB)
#19 3.784    ━━━━━━━━━━━━━━━━━━━━━━━━━━━━━━━━━━━━━━━━ 2.9/2.9 MB 2.2 MB/s eta 0:00:00
#19 3.809 Downloading dnspython-2.8.0-py3-none-any.whl (331 kB)
#19 3.869 Installing collected packages: redis, psycopg2-binary, dnspython, pymongo
#19 4.244 Successfully installed dnspython-2.8.0 psycopg2-binary-2.9.9 pymongo-4.7.2 redis-5.0.5
#19 4.244 WARNING: Running pip as the 'root' user can result in broken permissions and conflicting behaviour with the system package manager, possibly rendering your system unusable. It is recommended to use a virtual environment instead: https://pip.pypa.io/warnings/venv. Use the --root-user-action option if you know what you are doing and want to suppress this warning.
#19 4.533 
#19 4.533 [notice] A new release of pip is available: 25.0.1 -> 26.0.1
#19 4.533 [notice] To update, run: pip install --upgrade pip
#19 DONE 4.6s

#20 [consumer 5/5] COPY . .
#20 DONE 0.0s

#18 [saga] exporting to image
#18 exporting layers 0.6s done
#18 exporting manifest sha256:17db433d49ea8a3d32550ccc2400567287d4b6cca37c14783e247381c3c3fd58 done
#18 exporting config sha256:aed9b34a45ce41beaced629598ebefb84e4485f5ebc5d8bf796cb9564603b695 done
#18 exporting attestation manifest sha256:0208e66403bb0f796aca654290014fa9178c792add910d156ec7a122ea20dfb7 done
#18 exporting manifest list sha256:f862c2f82a6f7bea50847999ee45cbf937fffaa9741a04e58cf544c9e5c6827a done
#18 naming to docker.io/library/cqrs-saga:latest done
#18 unpacking to docker.io/library/cqrs-saga:latest 0.1s done
#18 DONE 0.7s

#21 [saga] resolving provenance for metadata file
#21 DONE 0.0s

#22 [consumer] exporting to image
#22 exporting layers 0.6s done
#22 exporting manifest sha256:15b1881c66e52b089d2ee2379fe70c2190398a974244fda54c0a3da269faf79a
#22 exporting manifest sha256:15b1881c66e52b089d2ee2379fe70c2190398a974244fda54c0a3da269faf79a done
#22 exporting config sha256:4e1581d1935337176c3c8aceb6f03aab4b71185d68322feaf7535839f01fca85 done
#22 exporting attestation manifest sha256:e5d028f0f55a254d5a9b356eade7b5ffd36f90d3cc9cca30f42f83ef64f40d89 done
#22 exporting manifest list sha256:3d56033e31be46ae3c828be3dca887ee5e09983bcf06152765690cf2de0911ef done
#22 naming to docker.io/library/cqrs-consumer:latest done
#22 unpacking to docker.io/library/cqrs-consumer:latest 0.1s done
#22 DONE 0.7s

#23 [consumer] resolving provenance for metadata file
#23 DONE 0.0s
 cqrs-saga  Built
 cqrs-consumer  Built
time="2026-04-26T03:08:04+05:30" level=warning msg="/Users/akankshawattamwar/Desktop/CS315/CQRS/docker-compose.yml: the attribute `version` is obsolete, it will be ignored, please remove it to avoid potential confusion"
#1 [internal] load local bake definitions
#1 reading from stdin 2.42kB done
#1 DONE 0.0s

#2 [saga internal] load build definition from Dockerfile
#2 transferring dockerfile: 365B done
#2 DONE 0.0s

#3 [frontend internal] load build definition from Dockerfile
#3 transferring dockerfile: 271B done
#3 DONE 0.0s

#4 [read-api internal] load build definition from Dockerfile
#4 transferring dockerfile: 225B done
#4 DONE 0.0s

#5 [write-api internal] load build definition from Dockerfile
#5 transferring dockerfile: 225B done
#5 DONE 0.0s

#6 [consumer internal] load build definition from Dockerfile
#6 transferring dockerfile: 186B done
#6 DONE 0.0s

#7 [consumer internal] load metadata for docker.io/library/python:3.12-slim
#7 DONE 0.4s

#8 [consumer internal] load .dockerignore
#8 transferring context: 2B done
#8 DONE 0.0s

#9 [saga internal] load .dockerignore
#9 transferring context: 2B done
#9 DONE 0.0s

#10 [write-api internal] load .dockerignore
#10 transferring context: 2B done
#10 DONE 0.0s

#11 [read-api internal] load .dockerignore
#11 transferring context: 2B done
#11 DONE 0.0s

#12 [consumer internal] load build context
#12 transferring context: 308B done
#12 DONE 0.0s

#13 [write-api internal] load build context
#13 transferring context: 341B done
#13 DONE 0.0s

#14 [read-api internal] load build context
#14 transferring context: 258B done
#14 DONE 0.0s

#15 [read-api 1/5] FROM docker.io/library/python:3.12-slim@sha256:46cb7cc2877e60fbd5e21a9ae6115c30ace7a077b9f8772da879e4590c18c2e3
#15 resolve docker.io/library/python:3.12-slim@sha256:46cb7cc2877e60fbd5e21a9ae6115c30ace7a077b9f8772da879e4590c18c2e3 done
#15 DONE 0.0s

#16 [saga internal] load build context
#16 transferring context: 386B done
#16 DONE 0.0s

#17 [write-api 3/5] COPY requirements.txt .
#17 CACHED

#18 [write-api 4/5] RUN pip install --no-cache-dir -r requirements.txt
#18 CACHED

#19 [read-api 3/5] COPY requirements.txt .
#19 CACHED

#20 [read-api 4/5] RUN pip install --no-cache-dir -r requirements.txt
#20 CACHED

#21 [consumer 4/5] RUN pip install --no-cache-dir -r requirements.txt
#21 CACHED

#22 [consumer 2/5] WORKDIR /app
#22 CACHED

#23 [consumer 3/5] COPY requirements.txt .
#23 CACHED

#24 [write-api 5/5] COPY . .
#24 CACHED

#25 [consumer 5/5] COPY . .
#25 CACHED

#26 [read-api 5/5] COPY . .
#26 CACHED

#27 [write-api] exporting to image
#27 exporting layers done
#27 exporting manifest sha256:92a21a99b40b6531c5801222236f42d6aa7bbf8b65d7634fc566f9392602e764 done
#27 exporting config sha256:be9fb26fa271ebf0c525960e70f2e967c21bf78a1eb2b7a7dc06e6d3ff4d3f55 done
#27 exporting attestation manifest sha256:5bd1af329d9ec07c4f53adadd9eaa27661cc726e12dc46ce82b9b51be9d8aebb
#27 exporting attestation manifest sha256:5bd1af329d9ec07c4f53adadd9eaa27661cc726e12dc46ce82b9b51be9d8aebb 0.0s done
#27 exporting manifest list sha256:02adcef30a4ab63266f13646d7c6baad4a8106275e554d8b024070c74d443623 done
#27 naming to docker.io/library/cqrs-write-api:latest done
#27 unpacking to docker.io/library/cqrs-write-api:latest done
#27 DONE 0.1s

#28 [read-api] exporting to image
#28 exporting layers done
#28 exporting manifest sha256:c63ee61fb06e4bd063e843362129b868354c2f94e2566ad3c11bbd0548881470 done
#28 exporting config sha256:46bb870cf8127e2823c379c44ac9a3c0d6ee66fd1b3343341206f22ff23f7f62 done
#28 exporting attestation manifest sha256:e95c07b9bc8a2b3cee8f1e0730c5019fd891c6528e2a66eea8d29e4694d9b5c8 0.0s done
#28 exporting manifest list sha256:6807f0de6a17bce148890da967718ef2b6d6de842cbbd317d8ae7c1e240107b2 done
#28 naming to docker.io/library/cqrs-read-api:latest done
#28 unpacking to docker.io/library/cqrs-read-api:latest done
#28 DONE 0.1s

#29 [saga 3/7] COPY saga/requirements.txt saga/
#29 CACHED

#30 [saga 6/7] COPY saga/ saga/
#30 CACHED

#31 [saga 5/7] COPY write-api/events.py write-api/
#31 CACHED

#32 [saga 2/7] WORKDIR /service
#32 CACHED

#33 [saga 4/7] RUN pip install --no-cache-dir -r saga/requirements.txt
#33 CACHED

#34 [saga 7/7] WORKDIR /service/saga
#34 CACHED

#35 [consumer] exporting to image
#35 exporting layers done
#35 exporting manifest sha256:15b1881c66e52b089d2ee2379fe70c2190398a974244fda54c0a3da269faf79a done
#35 exporting config sha256:4e1581d1935337176c3c8aceb6f03aab4b71185d68322feaf7535839f01fca85 done
#35 exporting attestation manifest sha256:ab83ff44098b892dd8c815bd2e9bebaa20c61d450f5e283f15a7b3829fe84bb4 0.0s done
#35 exporting manifest list sha256:8016435670d73c50feeb0d61d33ac88debec19fa7989feeb10856290017707f6 done
#35 naming to docker.io/library/cqrs-consumer:latest done
#35 unpacking to docker.io/library/cqrs-consumer:latest done
#35 DONE 0.1s

#36 [saga] exporting to image
#36 exporting layers done
#36 exporting manifest sha256:17db433d49ea8a3d32550ccc2400567287d4b6cca37c14783e247381c3c3fd58 done
#36 exporting config sha256:aed9b34a45ce41beaced629598ebefb84e4485f5ebc5d8bf796cb9564603b695 done
#36 exporting attestation manifest sha256:6519a6df31b8c573fb1b275339a9aa593c33229b6f125556d5b365f22a931033 0.0s done
#36 exporting manifest list sha256:d0016c72e8c0d7c7c5c54e3c15a6d911120cd0544be5b49b22fe8333ca032479
#36 exporting manifest list sha256:d0016c72e8c0d7c7c5c54e3c15a6d911120cd0544be5b49b22fe8333ca032479 done
#36 naming to docker.io/library/cqrs-saga:latest done
#36 unpacking to docker.io/library/cqrs-saga:latest done
#36 DONE 0.1s

#37 [write-api] resolving provenance for metadata file
#37 DONE 0.0s

#38 [read-api] resolving provenance for metadata file
#38 DONE 0.0s

#39 [consumer] resolving provenance for metadata file
#39 DONE 0.0s

#40 [saga] resolving provenance for metadata file
#40 DONE 0.0s

#41 [frontend internal] load metadata for docker.io/library/node:20-alpine
#41 DONE 1.4s

#42 [frontend internal] load metadata for docker.io/library/nginx:alpine
#42 DONE 1.4s

#43 [frontend internal] load .dockerignore
#43 transferring context: 2B done
#43 DONE 0.0s

#44 [frontend stage-1 1/3] FROM docker.io/library/nginx:alpine@sha256:5616878291a2eed594aee8db4dade5878cf7edcb475e59193904b198d9b830de
#44 resolve docker.io/library/nginx:alpine@sha256:5616878291a2eed594aee8db4dade5878cf7edcb475e59193904b198d9b830de 0.0s done
#44 DONE 0.0s

#45 [frontend build 1/6] FROM docker.io/library/node:20-alpine@sha256:fb4cd12c85ee03686f6af5362a0b0d56d50c58a04632e6c0fb8363f609372293
#45 resolve docker.io/library/node:20-alpine@sha256:fb4cd12c85ee03686f6af5362a0b0d56d50c58a04632e6c0fb8363f609372293 0.0s done
#45 DONE 0.0s

#46 [frontend internal] load build context
#46 transferring context: 185.58kB 0.1s done
#46 DONE 0.1s

#47 [frontend build 5/6] COPY . .
#47 CACHED

#48 [frontend build 2/6] WORKDIR /app
#48 CACHED

#49 [frontend build 3/6] COPY package.json ./
#49 CACHED

#50 [frontend build 4/6] RUN npm install
#50 CACHED

#51 [frontend build 6/6] RUN npm run build
#51 CACHED

#52 [frontend stage-1 2/3] COPY --from=build /app/dist /usr/share/nginx/html
#52 CACHED

#53 [frontend stage-1 3/3] COPY nginx.conf /etc/nginx/conf.d/default.conf
#53 CACHED

#54 [frontend] exporting to image
#54 exporting layers done
#54 exporting manifest sha256:32782dd8e2053c61118ccbb621867087941de406675097f92803716fedafab00 done
#54 exporting config sha256:64d46ad231b32d64275256ac207db88e0b5dd078678dcdc752d464f80305d609 done
#54 exporting attestation manifest sha256:07e5bab677d6c1bf4a25837208d2a6ad3cbf057af2bd063503b2cae4df39d399 done
#54 exporting manifest list sha256:4794011f97c29d57e764148146365abb3e4eba80a9b6d3578fd9ec4899e3d1c5
#54 exporting manifest list sha256:4794011f97c29d57e764148146365abb3e4eba80a9b6d3578fd9ec4899e3d1c5 done
#54 naming to docker.io/library/cqrs-frontend:latest done
#54 unpacking to docker.io/library/cqrs-frontend:latest done
#54 DONE 0.0s

#55 [frontend] resolving provenance for metadata file
#55 DONE 0.0s
 cqrs-read-api  Built
 cqrs-frontend  Built
 cqrs-saga  Built
 cqrs-write-api  Built
 cqrs-consumer  Built
 Network cqrs_default  Creating
 Network cqrs_default  Created
 Volume "cqrs_mongo_data"  Creating
 Volume "cqrs_mongo_data"  Created
 Volume "cqrs_postgres_data"  Creating
 Volume "cqrs_postgres_data"  Created
 Container cqrs-redis-cache-1  Creating
 Container cqrs-redis-stream-1  Creating
 Container cqrs-mongodb-1  Creating
 Container cqrs-postgres-1  Creating
 Container cqrs-mongodb-1  Created
 Container cqrs-postgres-1  Created
 Container cqrs-redis-cache-1  Created
 Container cqrs-read-api-1  Creating
 Container cqrs-redis-stream-1  Created
 Container cqrs-write-api-1  Creating
 Container cqrs-consumer-1  Creating
 Container cqrs-saga-1  Creating
 Container cqrs-consumer-1  Created
 Container cqrs-write-api-1  Created
 Container cqrs-read-api-1  Created
 Container cqrs-frontend-1  Creating
 Container cqrs-saga-1  Created
 Container cqrs-frontend-1  Created
 Container cqrs-redis-cache-1  Starting
 Container cqrs-redis-stream-1  Starting
 Container cqrs-mongodb-1  Starting
 Container cqrs-postgres-1  Starting
 Container cqrs-mongodb-1  Started
 Container cqrs-redis-stream-1  Started
 Container cqrs-redis-cache-1  Started
 Container cqrs-redis-stream-1  Waiting
 Container cqrs-redis-cache-1  Waiting
 Container cqrs-mongodb-1  Waiting
 Container cqrs-postgres-1  Started
 Container cqrs-postgres-1  Waiting
 Container cqrs-redis-stream-1  Waiting
 Container cqrs-postgres-1  Waiting
 Container cqrs-redis-cache-1  Waiting
 Container cqrs-postgres-1  Waiting
 Container cqrs-mongodb-1  Waiting
 Container cqrs-mongodb-1  Waiting
 Container cqrs-redis-stream-1  Waiting
 Container cqrs-redis-stream-1  Healthy
 Container cqrs-redis-cache-1  Healthy
 Container cqrs-postgres-1  Healthy
 Container cqrs-postgres-1  Healthy
 Container cqrs-redis-stream-1  Healthy
 Container cqrs-redis-stream-1  Healthy
 Container cqrs-postgres-1  Healthy
 Container cqrs-redis-cache-1  Healthy
 Container cqrs-read-api-1  Starting
 Container cqrs-read-api-1  Started
 Container cqrs-frontend-1  Starting
 Container cqrs-frontend-1  Started
 Container cqrs-mongodb-1  Healthy
 Container cqrs-write-api-1  Starting
 Container cqrs-mongodb-1  Healthy
 Container cqrs-consumer-1  Starting
 Container cqrs-mongodb-1  Healthy
 Container cqrs-saga-1  Starting
 Container cqrs-write-api-1  Started
 Container cqrs-saga-1  Started
 Container cqrs-consumer-1  Started
Waiting for APIs to be ready...
Clearing MongoDB events and sagas...
time="2026-04-26T03:08:18+05:30" level=warning msg="/Users/akankshawattamwar/Desktop/CS315/CQRS/docker-compose.yml: the attribute `version` is obsolete, it will be ignored, please remove it to avoid potential confusion"
MongoDB cleared
All services up.
Logs: docker compose logs -f [write-api|read-api|consumer|saga]

=======================================================

[34mRunning benchmark (N=500, consumer delay=0.10s/event) ...[0m

[1m[94m=======================================================[0m
[1m[94m  READER BENCHMARK — Read-Your-Writes Lag (baseline)[0m
[1m[94m=======================================================[0m
  [93m→[0m  Placing 500 orders sequentially and measuring GET-after-POST lag
  [93m→[0m  Poll interval: 2ms (so floor resolution ≈ 2ms)
    ...10/500 orders placed & read
    ...20/500 orders placed & read
    ...30/500 orders placed & read
    ...40/500 orders placed & read
    ...50/500 orders placed & read
    ...60/500 orders placed & read
    ...70/500 orders placed & read
    ...80/500 orders placed & read
    ...90/500 orders placed & read
    ...100/500 orders placed & read
    ...110/500 orders placed & read
    ...120/500 orders placed & read
    ...130/500 orders placed & read
    ...140/500 orders placed & read
    ...150/500 orders placed & read
    ...160/500 orders placed & read
    ...170/500 orders placed & read
    ...180/500 orders placed & read
    ...190/500 orders placed & read
    ...200/500 orders placed & read
    ...210/500 orders placed & read
    ...220/500 orders placed & read
    ...230/500 orders placed & read
    ...240/500 orders placed & read
    ...250/500 orders placed & read
    ...260/500 orders placed & read
    ...270/500 orders placed & read
    ...280/500 orders placed & read
    ...290/500 orders placed & read
    ...300/500 orders placed & read
    ...310/500 orders placed & read
    ...320/500 orders placed & read
    ...330/500 orders placed & read
    ...340/500 orders placed & read
    ...350/500 orders placed & read
    ...360/500 orders placed & read
    ...370/500 orders placed & read
    ...380/500 orders placed & read
    ...390/500 orders placed & read
    ...400/500 orders placed & read
    ...410/500 orders placed & read
    ...420/500 orders placed & read
    ...430/500 orders placed & read
    ...440/500 orders placed & read
    ...450/500 orders placed & read
    ...460/500 orders placed & read
    ...470/500 orders placed & read
    ...480/500 orders placed & read
    ...490/500 orders placed & read
    ...500/500 orders placed & read

  [1mResults  (N=500, failures=0, wall=1.2s)[0m
  metric             p50       p95       p99       max      mean
  POST ms            1.3       2.1       3.4      14.1       1.5
  RYW lag ms         0.9       1.5       2.1       3.8       1.0
  polls                1         1         1         1       1.0

  [1mRYW lag distribution[0m
  [    0 –     5 ms]   500  ██████████████████████████████
  [    5 –    10 ms]     0  
  [   10 –    20 ms]     0  
  [   20 –    50 ms]     0  
  [   50 –   100 ms]     0  
  [  100 –   250 ms]     0  
  [  250 –   500 ms]     0  
  [  500 –  1000 ms]     0  
  [ 1000 – 10000 ms]     0  
  [92m✓[0m  Raw samples written to /tmp/reader_baseline.csv
  [93m→[0m  After implementing the cache, rerun the same command and diff the RYW lag.

=======================================================

[1mRESULTS COMPARISON (N=500, consumer delay=0.10s/event)[0m

WITHOUT CACHE:
      metric             p50       p95       p99       max      mean
      POST ms            3.3       5.1      13.3      32.5       3.7
      RYW lag ms       506.8     515.0     545.3     556.0     493.3
      polls               70        74        77        79      67.7
    
      RYW lag distribution

WITH CACHE:
      metric             p50       p95       p99       max      mean
      POST ms            1.3       2.1       3.4      14.1       1.5
      RYW lag ms         0.9       1.5       2.1       3.8       1.0
      polls                1         1         1         1       1.0
    
      RYW lag distribution

[1mSpeedup:[0m
    p50        506.8 ms  →     0.9 ms   (563x faster)
    p95        515.0 ms  →     1.5 ms   (343x faster)
    p99        545.3 ms  →     2.1 ms   (259x faster)

[1mCache hit/miss stats (phase 2):[0m
    hits:     500
    misses:   0
    hit rate: 100.0%

[1mCache Redis :6380 — memory & eviction (allkeys-lru, cap=2.00M):[0m
    evicted keys:  0  (this run; lifetime=0)
    used memory:   1.45M / 2.00M
    order:* keys:  500 live in cache now

[32mResults saved to:[0m
  no-cache:  /Users/akankshawattamwar/Desktop/CS315/CQRS/results/nocache_slowconsumer_0.10_500.txt
  cached:    /Users/akankshawattamwar/Desktop/CS315/CQRS/results/cached_slowconsumer_0.10_500.txt

=======================================================

[1mCleaning up — restarting with defaults (fast consumer, cache on)...[0m
Stopping services and wiping volumes...

  cache:    enabled  (redis-cache :6380, 2MB allkeys-lru)
  consumer: fast
  saga:     fast
  stream:   redis-stream :6379  (no memory limit)

Starting services...
time="2026-04-26T03:08:31+05:30" level=warning msg="/Users/akankshawattamwar/Desktop/CS315/CQRS/docker-compose.yml: the attribute `version` is obsolete, it will be ignored, please remove it to avoid potential confusion"
#1 [internal] load local bake definitions
#1 reading from stdin 1.05kB done
#1 DONE 0.0s

#2 [saga internal] load build definition from Dockerfile
#2 transferring dockerfile: 365B done
#2 DONE 0.0s

#3 [consumer internal] load build definition from Dockerfile
#3 transferring dockerfile: 186B done
#3 DONE 0.0s

#4 [consumer internal] load metadata for docker.io/library/python:3.12-slim
#4 DONE 0.5s

#5 [saga internal] load .dockerignore
#5 transferring context: 2B done
#5 DONE 0.0s

#6 [consumer internal] load .dockerignore
#6 transferring context: 2B done
#6 DONE 0.0s

#7 [consumer internal] load build context
#7 transferring context: 308B done
#7 DONE 0.0s

#8 [saga 1/5] FROM docker.io/library/python:3.12-slim@sha256:46cb7cc2877e60fbd5e21a9ae6115c30ace7a077b9f8772da879e4590c18c2e3
#8 resolve docker.io/library/python:3.12-slim@sha256:46cb7cc2877e60fbd5e21a9ae6115c30ace7a077b9f8772da879e4590c18c2e3 done
#8 DONE 0.0s

#9 [consumer 2/5] WORKDIR /app
#9 CACHED

#10 [saga 2/7] WORKDIR /service
#10 CACHED

#11 [saga internal] load build context
#11 transferring context: 386B done
#11 DONE 0.0s

#12 [consumer 3/5] COPY requirements.txt .
#12 DONE 0.0s

#13 [saga 3/7] COPY saga/requirements.txt saga/
#13 DONE 0.0s

#14 [saga 4/7] RUN pip install --no-cache-dir -r saga/requirements.txt
#14 1.303 Collecting pymongo==4.7.2 (from -r saga/requirements.txt (line 1))
#14 1.412   Downloading pymongo-4.7.2-cp312-cp312-manylinux_2_17_aarch64.manylinux2014_aarch64.whl.metadata (22 kB)
#14 1.499 Collecting redis==5.0.5 (from -r saga/requirements.txt (line 2))
#14 1.516   Downloading redis-5.0.5-py3-none-any.whl.metadata (9.3 kB)
#14 1.592 Collecting psycopg2-binary==2.9.9 (from -r saga/requirements.txt (line 3))
#14 1.611   Downloading psycopg2_binary-2.9.9-cp312-cp312-manylinux_2_17_aarch64.manylinux2014_aarch64.whl.metadata (4.4 kB)
#14 1.643 Collecting dnspython<3.0.0,>=1.16.0 (from pymongo==4.7.2->-r saga/requirements.txt (line 1))
#14 1.661   Downloading dnspython-2.8.0-py3-none-any.whl.metadata (5.7 kB)
#14 1.689 Downloading pymongo-4.7.2-cp312-cp312-manylinux_2_17_aarch64.manylinux2014_aarch64.whl (688 kB)
#14 1.989    ━━━━━━━━━━━━━━━━━━━━━━━━━━━━━━━━━━━━━━━━ 689.0/689.0 kB 2.6 MB/s eta 0:00:00
#14 2.014 Downloading redis-5.0.5-py3-none-any.whl (251 kB)
#14 2.123 Downloading psycopg2_binary-2.9.9-cp312-cp312-manylinux_2_17_aarch64.manylinux2014_aarch64.whl (2.9 MB)
#14 3.296    ━━━━━━━━━━━━━━━━━━━━━━━━━━━━━━━━━━━━━━━━ 2.9/2.9 MB 2.3 MB/s eta 0:00:00
#14 3.353 Downloading dnspython-2.8.0-py3-none-any.whl (331 kB)
#14 3.510 Installing collected packages: redis, psycopg2-binary, dnspython, pymongo
#14 3.820 Successfully installed dnspython-2.8.0 psycopg2-binary-2.9.9 pymongo-4.7.2 redis-5.0.5
#14 3.820 WARNING: Running pip as the 'root' user can result in broken permissions and conflicting behaviour with the system package manager, possibly rendering your system unusable. It is recommended to use a virtual environment instead: https://pip.pypa.io/warnings/venv. Use the --root-user-action option if you know what you are doing and want to suppress this warning.
#14 4.098 
#14 4.098 [notice] A new release of pip is available: 25.0.1 -> 26.0.1
#14 4.098 [notice] To update, run: pip install --upgrade pip
#14 DONE 4.2s

#15 [consumer 4/5] RUN pip install --no-cache-dir -r requirements.txt
#15 1.301 Collecting pymongo==4.7.2 (from -r requirements.txt (line 1))
#15 1.414   Downloading pymongo-4.7.2-cp312-cp312-manylinux_2_17_aarch64.manylinux2014_aarch64.whl.metadata (22 kB)
#15 1.502 Collecting redis==5.0.5 (from -r requirements.txt (line 2))
#15 1.520   Downloading redis-5.0.5-py3-none-any.whl.metadata (9.3 kB)
#15 1.596 Collecting psycopg2-binary==2.9.9 (from -r requirements.txt (line 3))
#15 1.615   Downloading psycopg2_binary-2.9.9-cp312-cp312-manylinux_2_17_aarch64.manylinux2014_aarch64.whl.metadata (4.4 kB)
#15 1.646 Collecting dnspython<3.0.0,>=1.16.0 (from pymongo==4.7.2->-r requirements.txt (line 1))
#15 1.666   Downloading dnspython-2.8.0-py3-none-any.whl.metadata (5.7 kB)
#15 1.709 Downloading pymongo-4.7.2-cp312-cp312-manylinux_2_17_aarch64.manylinux2014_aarch64.whl (688 kB)
#15 2.046    ━━━━━━━━━━━━━━━━━━━━━━━━━━━━━━━━━━━━━━━━ 689.0/689.0 kB 2.4 MB/s eta 0:00:00
#15 2.078 Downloading redis-5.0.5-py3-none-any.whl (251 kB)
#15 2.170 Downloading psycopg2_binary-2.9.9-cp312-cp312-manylinux_2_17_aarch64.manylinux2014_aarch64.whl (2.9 MB)
#15 3.652    ━━━━━━━━━━━━━━━━━━━━━━━━━━━━━━━━━━━━━━━━ 2.9/2.9 MB 1.9 MB/s eta 0:00:00
#15 3.673 Downloading dnspython-2.8.0-py3-none-any.whl (331 kB)
#15 3.750 Installing collected packages: redis, psycopg2-binary, dnspython, pymongo
#15 4.051 Successfully installed dnspython-2.8.0 psycopg2-binary-2.9.9 pymongo-4.7.2 redis-5.0.5
#15 4.051 WARNING: Running pip as the 'root' user can result in broken permissions and conflicting behaviour with the system package manager, possibly rendering your system unusable. It is recommended to use a virtual environment instead: https://pip.pypa.io/warnings/venv. Use the --root-user-action option if you know what you are doing and want to suppress this warning.
#15 4.196 
#15 4.196 [notice] A new release of pip is available: 25.0.1 -> 26.0.1
#15 4.196 [notice] To update, run: pip install --upgrade pip
#15 DONE 4.2s

#16 [saga 5/7] COPY write-api/events.py write-api/
#16 DONE 0.0s

#17 [saga 6/7] COPY saga/ saga/
#17 DONE 0.0s

#18 [saga 7/7] WORKDIR /service/saga
#18 DONE 0.0s

#19 [consumer 5/5] COPY . .
#19 DONE 0.0s

#20 [saga] exporting to image
#20 exporting layers
#20 exporting layers 0.6s done
#20 exporting manifest sha256:ddd96e2d1293a78740d0ce3898a85a04a3b33d975786dfaa4cd995c2ce75c654 done
#20 exporting config sha256:b5297634190379d89ab6f59588b44a4672e8509d0e6361a1c82e3539d3b72702 done
#20 exporting attestation manifest sha256:848ed32066c1f9d411666b39cf9d73a7f4539258d555e25789d787699e5b0636 done
#20 exporting manifest list sha256:fe1fc72ef1ee4ff983aa92560ba9d527578b82b3bedf2ffa02cc5cab9020f00f done
#20 naming to docker.io/library/cqrs-saga:latest done
#20 unpacking to docker.io/library/cqrs-saga:latest 0.1s done
#20 DONE 0.7s

#21 [saga] resolving provenance for metadata file
#21 DONE 0.0s

#22 [consumer] exporting to image
#22 exporting layers 0.5s done
#22 exporting manifest sha256:bb0eeb66f94e45ced5f5850076a75e26bc016f92170f3c838fbf7243c725862a done
#22 exporting config sha256:4b57c73119bc06bd9668e73c573dae5dd083b94bb449d0770cd176e32f1eaba3 done
#22 exporting attestation manifest sha256:7760874effce507114c8c8af822b69d9e66710a079195aa66da03d4606a6845b done
#22 exporting manifest list sha256:42d093910dcdad6c51a72acab9b9dd7c20bec40bf6fbf2644562546187bb30ca done
#22 naming to docker.io/library/cqrs-consumer:latest done
#22 unpacking to docker.io/library/cqrs-consumer:latest 0.1s done
#22 DONE 0.7s

#23 [consumer] resolving provenance for metadata file
#23 DONE 0.0s
 cqrs-saga  Built
 cqrs-consumer  Built
time="2026-04-26T03:08:37+05:30" level=warning msg="/Users/akankshawattamwar/Desktop/CS315/CQRS/docker-compose.yml: the attribute `version` is obsolete, it will be ignored, please remove it to avoid potential confusion"
#1 [internal] load local bake definitions
#1 reading from stdin 2.42kB done
#1 DONE 0.0s

#2 [saga internal] load build definition from Dockerfile
#2 transferring dockerfile: 365B done
#2 DONE 0.0s

#3 [write-api internal] load build definition from Dockerfile
#3 transferring dockerfile: 225B done
#3 DONE 0.0s

#4 [read-api internal] load build definition from Dockerfile
#4 transferring dockerfile: 225B done
#4 DONE 0.0s

#5 [frontend internal] load build definition from Dockerfile
#5 transferring dockerfile: 271B done
#5 DONE 0.0s

#6 [consumer internal] load build definition from Dockerfile
#6 transferring dockerfile: 186B done
#6 DONE 0.0s

#7 [consumer internal] load metadata for docker.io/library/python:3.12-slim
#7 DONE 0.5s

#8 [read-api internal] load .dockerignore
#8 transferring context: 2B done
#8 DONE 0.0s

#9 [saga internal] load .dockerignore
#9 transferring context: 2B done
#9 DONE 0.0s

#10 [consumer internal] load .dockerignore
#10 transferring context: 2B done
#10 DONE 0.0s

#11 [write-api internal] load .dockerignore
#11 transferring context: 2B done
#11 DONE 0.0s

#12 [read-api internal] load build context
#12 transferring context: 258B done
#12 DONE 0.0s

#13 [consumer internal] load build context
#13 transferring context: 308B done
#13 DONE 0.0s

#14 [write-api internal] load build context
#14 transferring context: 341B done
#14 DONE 0.0s

#15 [saga 1/5] FROM docker.io/library/python:3.12-slim@sha256:46cb7cc2877e60fbd5e21a9ae6115c30ace7a077b9f8772da879e4590c18c2e3
#15 resolve docker.io/library/python:3.12-slim@sha256:46cb7cc2877e60fbd5e21a9ae6115c30ace7a077b9f8772da879e4590c18c2e3 0.0s done
#15 DONE 0.0s

#16 [saga internal] load build context
#16 transferring context: 386B done
#16 DONE 0.0s

#17 [read-api 3/5] COPY requirements.txt .
#17 CACHED

#18 [read-api 4/5] RUN pip install --no-cache-dir -r requirements.txt
#18 CACHED

#19 [read-api 5/5] COPY . .
#19 CACHED

#20 [write-api 3/5] COPY requirements.txt .
#20 CACHED

#21 [write-api 4/5] RUN pip install --no-cache-dir -r requirements.txt
#21 CACHED

#22 [consumer 4/5] RUN pip install --no-cache-dir -r requirements.txt
#22 CACHED

#23 [consumer 3/5] COPY requirements.txt .
#23 CACHED

#24 [write-api 2/5] WORKDIR /app
#24 CACHED

#25 [write-api 5/5] COPY . .
#25 CACHED

#26 [consumer 5/5] COPY . .
#26 CACHED

#27 [write-api] exporting to image
#27 exporting layers done
#27 exporting manifest sha256:92a21a99b40b6531c5801222236f42d6aa7bbf8b65d7634fc566f9392602e764 done
#27 exporting config sha256:be9fb26fa271ebf0c525960e70f2e967c21bf78a1eb2b7a7dc06e6d3ff4d3f55 done
#27 ...

#28 [read-api] exporting to image
#28 exporting layers done
#28 exporting manifest sha256:c63ee61fb06e4bd063e843362129b868354c2f94e2566ad3c11bbd0548881470 done
#28 exporting config sha256:46bb870cf8127e2823c379c44ac9a3c0d6ee66fd1b3343341206f22ff23f7f62 done
#28 exporting attestation manifest sha256:40bf6e024173eec197d002a1a59922e9ad98a6b627972a1fb7da616ad9d50c8b done
#28 exporting manifest list sha256:bca01f012bf92765f9e7abd727e163303cd3a1449aac3a5b3a92e4ab81b6bf3b done
#28 naming to docker.io/library/cqrs-read-api:latest done
#28 unpacking to docker.io/library/cqrs-read-api:latest done
#28 DONE 0.1s

#29 [saga 2/7] WORKDIR /service
#29 CACHED

#30 [saga 4/7] RUN pip install --no-cache-dir -r saga/requirements.txt
#30 CACHED

#31 [saga 6/7] COPY saga/ saga/
#31 CACHED

#32 [saga 3/7] COPY saga/requirements.txt saga/
#32 CACHED

#33 [saga 5/7] COPY write-api/events.py write-api/
#33 CACHED

#27 [write-api] exporting to image
#27 exporting attestation manifest sha256:1e9af527acda891afda1724dd33c1dbd04dd119e15df277eefa67fc3f8740365 0.0s done
#27 exporting manifest list sha256:afc7f8344826de7b0bc3394012560aece8690502070535b6c40bec785a37dd4b done
#27 naming to docker.io/library/cqrs-write-api:latest done
#27 unpacking to docker.io/library/cqrs-write-api:latest 0.0s done
#27 DONE 0.1s

#34 [saga 7/7] WORKDIR /service/saga
#34 CACHED

#35 [consumer] exporting to image
#35 exporting layers done
#35 exporting manifest sha256:bb0eeb66f94e45ced5f5850076a75e26bc016f92170f3c838fbf7243c725862a done
#35 exporting config sha256:4b57c73119bc06bd9668e73c573dae5dd083b94bb449d0770cd176e32f1eaba3 done
#35 exporting attestation manifest sha256:c34333c493a31833700eb3bb9fc988ae9655cff3c6a4d98b15e9f655ff86179b 0.0s done
#35 exporting manifest list sha256:728479e80c95e839320ff28cb004e0ca1f4010d7a8a042b6b07802cc4586d919 done
#35 naming to docker.io/library/cqrs-consumer:latest done
#35 unpacking to docker.io/library/cqrs-consumer:latest 0.0s done
#35 DONE 0.1s

#36 [saga] exporting to image
#36 exporting layers done
#36 exporting manifest sha256:ddd96e2d1293a78740d0ce3898a85a04a3b33d975786dfaa4cd995c2ce75c654 done
#36 exporting config sha256:b5297634190379d89ab6f59588b44a4672e8509d0e6361a1c82e3539d3b72702 done
#36 exporting attestation manifest sha256:4232dc5fa49959a0797b98375692a12f1de56d09e88dab0b9cc0d6298777f596 0.0s done
#36 exporting manifest list sha256:8a76d26bbd4581f4d4bdbdb9f70b1ef25de104af97cf2946d7a51a40324d7123 done
#36 naming to docker.io/library/cqrs-saga:latest done
#36 unpacking to docker.io/library/cqrs-saga:latest done
#36 DONE 0.1s

#37 [write-api] resolving provenance for metadata file
#37 DONE 0.0s

#38 [read-api] resolving provenance for metadata file
#38 DONE 0.0s

#39 [consumer] resolving provenance for metadata file
#39 DONE 0.0s

#40 [saga] resolving provenance for metadata file
#40 DONE 0.0s

#41 [frontend internal] load metadata for docker.io/library/node:20-alpine
#41 DONE 0.8s

#42 [frontend internal] load metadata for docker.io/library/nginx:alpine
#42 DONE 0.8s

#43 [frontend internal] load .dockerignore
#43 transferring context: 2B done
#43 DONE 0.0s

#44 [frontend build 1/6] FROM docker.io/library/node:20-alpine@sha256:fb4cd12c85ee03686f6af5362a0b0d56d50c58a04632e6c0fb8363f609372293
#44 resolve docker.io/library/node:20-alpine@sha256:fb4cd12c85ee03686f6af5362a0b0d56d50c58a04632e6c0fb8363f609372293 done
#44 DONE 0.0s

#45 [frontend stage-1 1/3] FROM docker.io/library/nginx:alpine@sha256:5616878291a2eed594aee8db4dade5878cf7edcb475e59193904b198d9b830de
#45 resolve docker.io/library/nginx:alpine@sha256:5616878291a2eed594aee8db4dade5878cf7edcb475e59193904b198d9b830de done
#45 DONE 0.0s

#46 [frontend internal] load build context
#46 transferring context: 185.58kB 0.1s done
#46 DONE 0.1s

#47 [frontend build 4/6] RUN npm install
#47 CACHED

#48 [frontend stage-1 2/3] COPY --from=build /app/dist /usr/share/nginx/html
#48 CACHED

#49 [frontend build 5/6] COPY . .
#49 CACHED

#50 [frontend build 6/6] RUN npm run build
#50 CACHED

#51 [frontend build 3/6] COPY package.json ./
#51 CACHED

#52 [frontend build 2/6] WORKDIR /app
#52 CACHED

#53 [frontend stage-1 3/3] COPY nginx.conf /etc/nginx/conf.d/default.conf
#53 CACHED

#54 [frontend] exporting to image
#54 exporting layers done
#54 exporting manifest sha256:32782dd8e2053c61118ccbb621867087941de406675097f92803716fedafab00 done
#54 exporting config sha256:64d46ad231b32d64275256ac207db88e0b5dd078678dcdc752d464f80305d609 done
#54 exporting attestation manifest sha256:21281e6c17c45ebed36d7643e1f55922079cd3092a48e502917aa335d21d864d 0.0s done
#54 exporting manifest list sha256:9aeaade5af7be2463a3b33b5450e1f95ffd9d5f874ba0b76555bd719dbbee223 done
#54 naming to docker.io/library/cqrs-frontend:latest done
#54 unpacking to docker.io/library/cqrs-frontend:latest 0.0s done
#54 DONE 0.1s

#55 [frontend] resolving provenance for metadata file
#55 DONE 0.0s
 cqrs-write-api  Built
 cqrs-read-api  Built
 cqrs-saga  Built
 cqrs-consumer  Built
 cqrs-frontend  Built
 Network cqrs_default  Creating
 Network cqrs_default  Created
 Volume "cqrs_postgres_data"  Creating
 Volume "cqrs_postgres_data"  Created
 Volume "cqrs_mongo_data"  Creating
 Volume "cqrs_mongo_data"  Created
 Container cqrs-redis-stream-1  Creating
 Container cqrs-postgres-1  Creating
 Container cqrs-redis-cache-1  Creating
 Container cqrs-mongodb-1  Creating
 Container cqrs-mongodb-1  Created
 Container cqrs-redis-cache-1  Created
 Container cqrs-postgres-1  Created
 Container cqrs-read-api-1  Creating
 Container cqrs-redis-stream-1  Created
 Container cqrs-consumer-1  Creating
 Container cqrs-write-api-1  Creating
 Container cqrs-saga-1  Creating
 Container cqrs-read-api-1  Created
 Container cqrs-frontend-1  Creating
 Container cqrs-consumer-1  Created
 Container cqrs-saga-1  Created
 Container cqrs-write-api-1  Created
 Container cqrs-frontend-1  Created
 Container cqrs-redis-stream-1  Starting
 Container cqrs-postgres-1  Starting
 Container cqrs-mongodb-1  Starting
 Container cqrs-redis-cache-1  Starting
 Container cqrs-mongodb-1  Started
 Container cqrs-redis-cache-1  Started
 Container cqrs-postgres-1  Started
 Container cqrs-postgres-1  Waiting
 Container cqrs-redis-cache-1  Waiting
 Container cqrs-redis-stream-1  Started
 Container cqrs-mongodb-1  Waiting
 Container cqrs-redis-stream-1  Waiting
 Container cqrs-postgres-1  Waiting
 Container cqrs-postgres-1  Waiting
 Container cqrs-mongodb-1  Waiting
 Container cqrs-redis-stream-1  Waiting
 Container cqrs-redis-cache-1  Waiting
 Container cqrs-mongodb-1  Waiting
 Container cqrs-redis-stream-1  Waiting
 Container cqrs-postgres-1  Healthy
 Container cqrs-redis-cache-1  Healthy
 Container cqrs-read-api-1  Starting
 Container cqrs-postgres-1  Healthy
 Container cqrs-redis-cache-1  Healthy
 Container cqrs-postgres-1  Healthy
 Container cqrs-redis-stream-1  Healthy
 Container cqrs-redis-stream-1  Healthy
 Container cqrs-redis-stream-1  Healthy
 Container cqrs-read-api-1  Started
 Container cqrs-frontend-1  Starting
 Container cqrs-frontend-1  Started
 Container cqrs-mongodb-1  Healthy
 Container cqrs-mongodb-1  Healthy
 Container cqrs-write-api-1  Starting
 Container cqrs-consumer-1  Starting
 Container cqrs-mongodb-1  Healthy
 Container cqrs-saga-1  Starting
 Container cqrs-write-api-1  Started
 Container cqrs-saga-1  Started
 Container cqrs-consumer-1  Started
Waiting for APIs to be ready...
Clearing MongoDB events and sagas...
time="2026-04-26T03:08:51+05:30" level=warning msg="/Users/akankshawattamwar/Desktop/CS315/CQRS/docker-compose.yml: the attribute `version` is obsolete, it will be ignored, please remove it to avoid potential confusion"
MongoDB cleared
All services up.
Logs: docker compose logs -f [write-api|read-api|consumer|saga]
[32mDone. System back to default state.[0m
