
=======================================================

[1mPHASE 1 of 2 — NO CACHE + SLOW CONSUMER (baseline)[0m
  Restarting with --delay 0.05 --no-cache ...
Stopping services and wiping volumes...

  cache:    DISABLED
  consumer: SLOW (0.05s/event)
  saga:     fast
  stream:   redis-stream :6379  (no memory limit)

Starting services...
time="2026-04-26T02:36:19+05:30" level=warning msg="/Users/akankshawattamwar/Desktop/CS315/CQRS/docker-compose.yml: the attribute `version` is obsolete, it will be ignored, please remove it to avoid potential confusion"
#1 [internal] load local bake definitions
#1 reading from stdin 1.05kB done
#1 DONE 0.0s

#2 [saga internal] load build definition from Dockerfile
#2 transferring dockerfile: 365B done
#2 DONE 0.0s

#3 [consumer internal] load build definition from Dockerfile
#3 transferring dockerfile: 186B done
#3 DONE 0.0s

#4 [saga internal] load metadata for docker.io/library/python:3.12-slim
#4 DONE 0.5s

#5 [consumer internal] load .dockerignore
#5 transferring context: 2B done
#5 DONE 0.0s

#6 [saga internal] load .dockerignore
#6 transferring context: 2B done
#6 DONE 0.0s

#7 [consumer internal] load build context
#7 transferring context: 308B done
#7 DONE 0.0s

#8 [consumer 1/5] FROM docker.io/library/python:3.12-slim@sha256:46cb7cc2877e60fbd5e21a9ae6115c30ace7a077b9f8772da879e4590c18c2e3
#8 resolve docker.io/library/python:3.12-slim@sha256:46cb7cc2877e60fbd5e21a9ae6115c30ace7a077b9f8772da879e4590c18c2e3 done
#8 DONE 0.0s

#9 [saga 2/7] WORKDIR /service
#9 CACHED

#10 [consumer 2/5] WORKDIR /app
#10 CACHED

#11 [saga internal] load build context
#11 transferring context: 386B done
#11 DONE 0.0s

#12 [consumer 3/5] COPY requirements.txt .
#12 DONE 0.0s

#13 [saga 3/7] COPY saga/requirements.txt saga/
#13 DONE 0.0s

#14 [saga 4/7] RUN pip install --no-cache-dir -r saga/requirements.txt
#14 1.475 Collecting pymongo==4.7.2 (from -r saga/requirements.txt (line 1))
#14 1.588   Downloading pymongo-4.7.2-cp312-cp312-manylinux_2_17_aarch64.manylinux2014_aarch64.whl.metadata (22 kB)
#14 1.672 Collecting redis==5.0.5 (from -r saga/requirements.txt (line 2))
#14 1.690   Downloading redis-5.0.5-py3-none-any.whl.metadata (9.3 kB)
#14 1.790 Collecting psycopg2-binary==2.9.9 (from -r saga/requirements.txt (line 3))
#14 1.809   Downloading psycopg2_binary-2.9.9-cp312-cp312-manylinux_2_17_aarch64.manylinux2014_aarch64.whl.metadata (4.4 kB)
#14 1.835 Collecting dnspython<3.0.0,>=1.16.0 (from pymongo==4.7.2->-r saga/requirements.txt (line 1))
#14 1.861   Downloading dnspython-2.8.0-py3-none-any.whl.metadata (5.7 kB)
#14 1.887 Downloading pymongo-4.7.2-cp312-cp312-manylinux_2_17_aarch64.manylinux2014_aarch64.whl (688 kB)
#14 2.257    ━━━━━━━━━━━━━━━━━━━━━━━━━━━━━━━━━━━━━━━━ 689.0/689.0 kB 2.5 MB/s eta 0:00:00
#14 2.364 Downloading redis-5.0.5-py3-none-any.whl (251 kB)
#14 2.488 Downloading psycopg2_binary-2.9.9-cp312-cp312-manylinux_2_17_aarch64.manylinux2014_aarch64.whl (2.9 MB)
#14 3.847    ━━━━━━━━━━━━━━━━━━━━━━━━━━━━━━━━━━━━━━━━ 2.9/2.9 MB 2.0 MB/s eta 0:00:00
#14 4.026 Downloading dnspython-2.8.0-py3-none-any.whl (331 kB)
#14 4.122 Installing collected packages: redis, psycopg2-binary, dnspython, pymongo
#14 4.430 Successfully installed dnspython-2.8.0 psycopg2-binary-2.9.9 pymongo-4.7.2 redis-5.0.5
#14 4.430 WARNING: Running pip as the 'root' user can result in broken permissions and conflicting behaviour with the system package manager, possibly rendering your system unusable. It is recommended to use a virtual environment instead: https://pip.pypa.io/warnings/venv. Use the --root-user-action option if you know what you are doing and want to suppress this warning.
#14 4.566 
#14 4.566 [notice] A new release of pip is available: 25.0.1 -> 26.0.1
#14 4.566 [notice] To update, run: pip install --upgrade pip
#14 ...

#15 [consumer 4/5] RUN pip install --no-cache-dir -r requirements.txt
#15 1.478 Collecting pymongo==4.7.2 (from -r requirements.txt (line 1))
#15 1.590   Downloading pymongo-4.7.2-cp312-cp312-manylinux_2_17_aarch64.manylinux2014_aarch64.whl.metadata (22 kB)
#15 1.681 Collecting redis==5.0.5 (from -r requirements.txt (line 2))
#15 1.702   Downloading redis-5.0.5-py3-none-any.whl.metadata (9.3 kB)
#15 1.795 Collecting psycopg2-binary==2.9.9 (from -r requirements.txt (line 3))
#15 1.819   Downloading psycopg2_binary-2.9.9-cp312-cp312-manylinux_2_17_aarch64.manylinux2014_aarch64.whl.metadata (4.4 kB)
#15 1.843 Collecting dnspython<3.0.0,>=1.16.0 (from pymongo==4.7.2->-r requirements.txt (line 1))
#15 1.865   Downloading dnspython-2.8.0-py3-none-any.whl.metadata (5.7 kB)
#15 1.891 Downloading pymongo-4.7.2-cp312-cp312-manylinux_2_17_aarch64.manylinux2014_aarch64.whl (688 kB)
#15 2.249    ━━━━━━━━━━━━━━━━━━━━━━━━━━━━━━━━━━━━━━━━ 689.0/689.0 kB 2.6 MB/s eta 0:00:00
#15 2.279 Downloading redis-5.0.5-py3-none-any.whl (251 kB)
#15 2.455 Downloading psycopg2_binary-2.9.9-cp312-cp312-manylinux_2_17_aarch64.manylinux2014_aarch64.whl (2.9 MB)
#15 3.783    ━━━━━━━━━━━━━━━━━━━━━━━━━━━━━━━━━━━━━━━━ 2.9/2.9 MB 2.1 MB/s eta 0:00:00
#15 3.829 Downloading dnspython-2.8.0-py3-none-any.whl (331 kB)
#15 4.091 Installing collected packages: redis, psycopg2-binary, dnspython, pymongo
#15 4.434 Successfully installed dnspython-2.8.0 psycopg2-binary-2.9.9 pymongo-4.7.2 redis-5.0.5
#15 4.434 WARNING: Running pip as the 'root' user can result in broken permissions and conflicting behaviour with the system package manager, possibly rendering your system unusable. It is recommended to use a virtual environment instead: https://pip.pypa.io/warnings/venv. Use the --root-user-action option if you know what you are doing and want to suppress this warning.
#15 4.571 
#15 4.571 [notice] A new release of pip is available: 25.0.1 -> 26.0.1
#15 4.571 [notice] To update, run: pip install --upgrade pip
#15 DONE 4.7s

#14 [saga 4/7] RUN pip install --no-cache-dir -r saga/requirements.txt
#14 DONE 4.7s

#16 [saga 5/7] COPY write-api/events.py write-api/
#16 DONE 0.0s

#17 [consumer 5/5] COPY . .
#17 DONE 0.0s

#18 [saga 6/7] COPY saga/ saga/
#18 DONE 0.0s

#19 [saga 7/7] WORKDIR /service/saga
#19 DONE 0.0s

#20 [saga] exporting to image
#20 exporting layers
#20 exporting layers 0.5s done
#20 exporting manifest sha256:9965eca85ed1c5e7aee357ea6bacbec8e53a39d3df3d914c19cae57c7400dfda done
#20 exporting config sha256:b297327fd0c3391e6ea7cc0fcd2e2490571f3a3954bc08bf83749ecdd2dcdbe5 done
#20 exporting attestation manifest sha256:5b5b297f669e4e26abccde31653e26c4647802cbc00157e11d31a9d8b57e20e2 done
#20 exporting manifest list sha256:45d83c7c3413b6f2a43df781e1202cc8d71c61538ff0c9eb0ee88e5356fb3ece done
#20 naming to docker.io/library/cqrs-saga:latest done
#20 unpacking to docker.io/library/cqrs-saga:latest
#20 ...

#21 [consumer] exporting to image
#21 exporting layers 0.5s done
#21 exporting manifest sha256:afd80b4e590e67574de4f6528827eb99abddaae6c3353ee456fe5d80529f5537 done
#21 exporting config sha256:d6e5ed725e2cf6ae47726c0b57d2e1b73c152b837e69ad29cf078d9f443c071b done
#21 exporting attestation manifest sha256:be76212ff87309b665bf4314556da97d8ef0a1f9099db3099a2e8cb4b0ce0213 done
#21 exporting manifest list sha256:49a58887f2f386be6442327e7edc6e06eaca755a7421cce46dabe81fa0e2081b done
#21 naming to docker.io/library/cqrs-consumer:latest done
#21 unpacking to docker.io/library/cqrs-consumer:latest 0.1s done
#21 DONE 0.7s

#20 [saga] exporting to image
#20 unpacking to docker.io/library/cqrs-saga:latest 0.2s done
#20 DONE 0.7s

#22 [consumer] resolving provenance for metadata file
#22 DONE 0.0s

#23 [saga] resolving provenance for metadata file
#23 DONE 0.0s
 cqrs-saga  Built
 cqrs-consumer  Built
time="2026-04-26T02:36:25+05:30" level=warning msg="/Users/akankshawattamwar/Desktop/CS315/CQRS/docker-compose.yml: the attribute `version` is obsolete, it will be ignored, please remove it to avoid potential confusion"
#1 [internal] load local bake definitions
#1 reading from stdin 2.42kB done
#1 DONE 0.0s

#2 [frontend internal] load build definition from Dockerfile
#2 transferring dockerfile: 271B done
#2 DONE 0.0s

#3 [consumer internal] load build definition from Dockerfile
#3 transferring dockerfile: 186B done
#3 DONE 0.0s

#4 [write-api internal] load build definition from Dockerfile
#4 transferring dockerfile: 225B done
#4 DONE 0.0s

#5 [read-api internal] load build definition from Dockerfile
#5 transferring dockerfile: 225B done
#5 DONE 0.0s

#6 [saga internal] load build definition from Dockerfile
#6 transferring dockerfile: 365B done
#6 DONE 0.0s

#7 [write-api internal] load metadata for docker.io/library/python:3.12-slim
#7 DONE 0.4s

#8 [write-api internal] load .dockerignore
#8 transferring context: 2B done
#8 DONE 0.0s

#9 [saga internal] load .dockerignore
#9 transferring context: 2B done
#9 DONE 0.0s

#10 [consumer internal] load .dockerignore
#10 transferring context: 2B done
#10 DONE 0.0s

#11 [read-api internal] load .dockerignore
#11 transferring context: 2B done
#11 DONE 0.0s

#12 [write-api internal] load build context
#12 transferring context: 341B done
#12 DONE 0.0s

#13 [read-api internal] load build context
#13 transferring context: 258B done
#13 DONE 0.0s

#14 [consumer internal] load build context
#14 transferring context: 308B done
#14 DONE 0.0s

#15 [read-api 1/5] FROM docker.io/library/python:3.12-slim@sha256:46cb7cc2877e60fbd5e21a9ae6115c30ace7a077b9f8772da879e4590c18c2e3
#15 resolve docker.io/library/python:3.12-slim@sha256:46cb7cc2877e60fbd5e21a9ae6115c30ace7a077b9f8772da879e4590c18c2e3 0.0s done
#15 DONE 0.0s

#16 [saga internal] load build context
#16 transferring context: 386B done
#16 DONE 0.0s

#17 [write-api 4/5] RUN pip install --no-cache-dir -r requirements.txt
#17 CACHED

#18 [write-api 3/5] COPY requirements.txt .
#18 CACHED

#19 [read-api 4/5] RUN pip install --no-cache-dir -r requirements.txt
#19 CACHED

#20 [read-api 3/5] COPY requirements.txt .
#20 CACHED

#21 [write-api 5/5] COPY . .
#21 CACHED

#22 [read-api 5/5] COPY . .
#22 CACHED

#23 [consumer 4/5] RUN pip install --no-cache-dir -r requirements.txt
#23 CACHED

#24 [consumer 2/5] WORKDIR /app
#24 CACHED

#25 [consumer 3/5] COPY requirements.txt .
#25 CACHED

#26 [consumer 5/5] COPY . .
#26 CACHED

#27 [saga 2/7] WORKDIR /service
#27 CACHED

#28 [saga 3/7] COPY saga/requirements.txt saga/
#28 CACHED

#29 [saga 5/7] COPY write-api/events.py write-api/
#29 CACHED

#30 [saga 4/7] RUN pip install --no-cache-dir -r saga/requirements.txt
#30 CACHED

#31 [saga 6/7] COPY saga/ saga/
#31 CACHED

#32 [saga 7/7] WORKDIR /service/saga
#32 CACHED

#33 [saga] exporting to image
#33 exporting layers done
#33 exporting manifest sha256:9965eca85ed1c5e7aee357ea6bacbec8e53a39d3df3d914c19cae57c7400dfda done
#33 exporting config sha256:b297327fd0c3391e6ea7cc0fcd2e2490571f3a3954bc08bf83749ecdd2dcdbe5 done
#33 exporting attestation manifest sha256:9b791cbe996e771c8f07511fd9762771827c1ac53a537452e6a76e43625a46fe done
#33 exporting manifest list sha256:f4b63b7118cc50217ea80955b8d9b216e3396f89167aa9325c58d0d0d1ed9876 done
#33 naming to docker.io/library/cqrs-saga:latest done
#33 unpacking to docker.io/library/cqrs-saga:latest done
#33 DONE 0.1s

#34 [read-api] exporting to image
#34 exporting layers done
#34 exporting manifest sha256:c63ee61fb06e4bd063e843362129b868354c2f94e2566ad3c11bbd0548881470 done
#34 exporting config sha256:46bb870cf8127e2823c379c44ac9a3c0d6ee66fd1b3343341206f22ff23f7f62 done
#34 exporting attestation manifest sha256:eea6c79305f7860a133c691f366cf75e45d085785eca1572235b2c7fcaa202a7 0.0s done
#34 exporting manifest list sha256:c3ccffac535b6a052f0a73af1c163b18f1af6937ab86c1cd0b3fe0be91140ea2 done
#34 naming to docker.io/library/cqrs-read-api:latest done
#34 unpacking to docker.io/library/cqrs-read-api:latest done
#34 DONE 0.1s

#35 [write-api] exporting to image
#35 exporting layers done
#35 exporting manifest sha256:92a21a99b40b6531c5801222236f42d6aa7bbf8b65d7634fc566f9392602e764 done
#35 exporting config sha256:be9fb26fa271ebf0c525960e70f2e967c21bf78a1eb2b7a7dc06e6d3ff4d3f55 done
#35 exporting attestation manifest sha256:abd878922f3fab7aa526fef9386135796e1d377a96844ad931f26a4e1df412f8 0.0s done
#35 exporting manifest list sha256:0f32b996c327514d50cef1f02e0274376a73d2bf91687b988cbb737f062e8788 done
#35 naming to docker.io/library/cqrs-write-api:latest done
#35 unpacking to docker.io/library/cqrs-write-api:latest done
#35 DONE 0.1s

#36 [consumer] exporting to image
#36 exporting layers done
#36 exporting manifest sha256:afd80b4e590e67574de4f6528827eb99abddaae6c3353ee456fe5d80529f5537 done
#36 exporting config sha256:d6e5ed725e2cf6ae47726c0b57d2e1b73c152b837e69ad29cf078d9f443c071b done
#36 exporting attestation manifest sha256:a18080bd04ffab9f1c0c15ea4af474be62f5b9c48905c948f349c0999caa0803 0.0s done
#36 exporting manifest list sha256:149c55f6f9c47da1aa039034b36c2a740d7b7eb72e0246355d2333ba3b11e3b2 done
#36 naming to docker.io/library/cqrs-consumer:latest done
#36 unpacking to docker.io/library/cqrs-consumer:latest done
#36 DONE 0.1s

#37 [read-api] resolving provenance for metadata file
#37 DONE 0.0s

#38 [write-api] resolving provenance for metadata file
#38 DONE 0.0s

#39 [saga] resolving provenance for metadata file
#39 DONE 0.0s

#40 [consumer] resolving provenance for metadata file
#40 DONE 0.0s

#41 [frontend internal] load metadata for docker.io/library/node:20-alpine
#41 DONE 0.9s

#42 [frontend internal] load metadata for docker.io/library/nginx:alpine
#42 DONE 0.9s

#43 [frontend internal] load .dockerignore
#43 transferring context: 2B done
#43 DONE 0.0s

#44 [frontend stage-1 1/3] FROM docker.io/library/nginx:alpine@sha256:5616878291a2eed594aee8db4dade5878cf7edcb475e59193904b198d9b830de
#44 resolve docker.io/library/nginx:alpine@sha256:5616878291a2eed594aee8db4dade5878cf7edcb475e59193904b198d9b830de 0.0s done
#44 DONE 0.0s

#45 [frontend build 1/6] FROM docker.io/library/node:20-alpine@sha256:fb4cd12c85ee03686f6af5362a0b0d56d50c58a04632e6c0fb8363f609372293
#45 resolve docker.io/library/node:20-alpine@sha256:fb4cd12c85ee03686f6af5362a0b0d56d50c58a04632e6c0fb8363f609372293 0.0s done
#45 DONE 0.0s

#46 [frontend internal] load build context
#46 transferring context: 185.58kB 0.1s done
#46 DONE 0.1s

#47 [frontend build 6/6] RUN npm run build
#47 CACHED

#48 [frontend build 5/6] COPY . .
#48 CACHED

#49 [frontend stage-1 2/3] COPY --from=build /app/dist /usr/share/nginx/html
#49 CACHED

#50 [frontend build 2/6] WORKDIR /app
#50 CACHED

#51 [frontend build 4/6] RUN npm install
#51 CACHED

#52 [frontend build 3/6] COPY package.json ./
#52 CACHED

#53 [frontend stage-1 3/3] COPY nginx.conf /etc/nginx/conf.d/default.conf
#53 CACHED

#54 [frontend] exporting to image
#54 exporting layers done
#54 exporting manifest sha256:32782dd8e2053c61118ccbb621867087941de406675097f92803716fedafab00 done
#54 exporting config sha256:64d46ad231b32d64275256ac207db88e0b5dd078678dcdc752d464f80305d609 done
#54 exporting attestation manifest sha256:ff593e7a45cd3ff2c48e6ebb0e05401b5b6ca5ca1ee96dffaadb7dd2cfa84d5a done
#54 exporting manifest list sha256:85708413a06bb342cc0636a7b4853fc543107becae3db0ce3a6372f6de349a47 done
#54 naming to docker.io/library/cqrs-frontend:latest
#54 naming to docker.io/library/cqrs-frontend:latest done
#54 unpacking to docker.io/library/cqrs-frontend:latest done
#54 DONE 0.0s

#55 [frontend] resolving provenance for metadata file
#55 DONE 0.0s
 cqrs-read-api  Built
 cqrs-consumer  Built
 cqrs-frontend  Built
 cqrs-write-api  Built
 cqrs-saga  Built
 Network cqrs_default  Creating
 Network cqrs_default  Created
 Volume "cqrs_postgres_data"  Creating
 Volume "cqrs_postgres_data"  Created
 Volume "cqrs_mongo_data"  Creating
 Volume "cqrs_mongo_data"  Created
 Container cqrs-redis-stream-1  Creating
 Container cqrs-postgres-1  Creating
 Container cqrs-redis-cache-1  Creating
 Container cqrs-mongodb-1  Creating
 Container cqrs-mongodb-1  Created
 Container cqrs-postgres-1  Created
 Container cqrs-redis-cache-1  Created
 Container cqrs-redis-stream-1  Created
 Container cqrs-read-api-1  Creating
 Container cqrs-write-api-1  Creating
 Container cqrs-consumer-1  Creating
 Container cqrs-saga-1  Creating
 Container cqrs-write-api-1  Created
 Container cqrs-consumer-1  Created
 Container cqrs-read-api-1  Created
 Container cqrs-frontend-1  Creating
 Container cqrs-saga-1  Created
 Container cqrs-frontend-1  Created
 Container cqrs-redis-stream-1  Starting
 Container cqrs-postgres-1  Starting
 Container cqrs-redis-cache-1  Starting
 Container cqrs-mongodb-1  Starting
 Container cqrs-redis-cache-1  Started
 Container cqrs-postgres-1  Started
 Container cqrs-postgres-1  Waiting
 Container cqrs-redis-cache-1  Waiting
 Container cqrs-redis-stream-1  Started
 Container cqrs-mongodb-1  Started
 Container cqrs-mongodb-1  Waiting
 Container cqrs-redis-stream-1  Waiting
 Container cqrs-mongodb-1  Waiting
 Container cqrs-redis-stream-1  Waiting
 Container cqrs-postgres-1  Waiting
 Container cqrs-mongodb-1  Waiting
 Container cqrs-redis-stream-1  Waiting
 Container cqrs-postgres-1  Waiting
 Container cqrs-redis-cache-1  Waiting
 Container cqrs-redis-stream-1  Healthy
 Container cqrs-redis-stream-1  Healthy
 Container cqrs-redis-cache-1  Healthy
 Container cqrs-redis-stream-1  Healthy
 Container cqrs-postgres-1  Healthy
 Container cqrs-redis-cache-1  Healthy
 Container cqrs-read-api-1  Starting
 Container cqrs-postgres-1  Healthy
 Container cqrs-postgres-1  Healthy
 Container cqrs-read-api-1  Started
 Container cqrs-frontend-1  Starting
 Container cqrs-frontend-1  Started
 Container cqrs-mongodb-1  Healthy
 Container cqrs-mongodb-1  Healthy
 Container cqrs-mongodb-1  Healthy
 Container cqrs-write-api-1  Starting
 Container cqrs-saga-1  Starting
 Container cqrs-consumer-1  Starting
 Container cqrs-saga-1  Started
 Container cqrs-write-api-1  Started
 Container cqrs-consumer-1  Started
Waiting for APIs to be ready...
Clearing MongoDB events and sagas...
time="2026-04-26T02:36:39+05:30" level=warning msg="/Users/akankshawattamwar/Desktop/CS315/CQRS/docker-compose.yml: the attribute `version` is obsolete, it will be ignored, please remove it to avoid potential confusion"
MongoDB cleared
All services up.
Logs: docker compose logs -f [write-api|read-api|consumer|saga]

=======================================================

[34mRunning benchmark (N=100, consumer delay=0.05s/event) — no cache...[0m

[1m[94m=======================================================[0m
[1m[94m  READER BENCHMARK — Read-Your-Writes Lag (baseline)[0m
[1m[94m=======================================================[0m
  [93m→[0m  Placing 100 orders sequentially and measuring GET-after-POST lag
  [93m→[0m  Poll interval: 2ms (so floor resolution ≈ 2ms)
    ...10/100 orders placed & read
    ...20/100 orders placed & read
    ...30/100 orders placed & read
    ...40/100 orders placed & read
    ...50/100 orders placed & read
    ...60/100 orders placed & read
    ...70/100 orders placed & read
    ...80/100 orders placed & read
    ...90/100 orders placed & read
    ...100/100 orders placed & read

  [1mResults  (N=100, failures=0, wall=25.1s)[0m
  metric             p50       p95       p99       max      mean
  POST ms            3.2       3.7      13.0      13.0       3.2
  RYW lag ms       255.6     261.6     265.0     265.0     247.3
  polls               36        38        40        40      35.0

  [1mRYW lag distribution[0m
  [    0 –     5 ms]     0  
  [    5 –    10 ms]     0  
  [   10 –    20 ms]     0  
  [   20 –    50 ms]     0  
  [   50 –   100 ms]     1  
  [  100 –   250 ms]    14  ████
  [  250 –   500 ms]    85  ██████████████████████████████
  [  500 –  1000 ms]     0  
  [ 1000 – 10000 ms]     0  
  [92m✓[0m  Raw samples written to /tmp/reader_baseline.csv
  [93m→[0m  After implementing the cache, rerun the same command and diff the RYW lag.

=======================================================

[1mPHASE 2 of 2 — CACHE ENABLED + SLOW CONSUMER[0m
  Restarting with --delay 0.05 (cache on) ...
Stopping services and wiping volumes...

  cache:    enabled  (redis-cache :6380, 2MB allkeys-lru)
  consumer: SLOW (0.05s/event)
  saga:     fast
  stream:   redis-stream :6379  (no memory limit)

Starting services...
time="2026-04-26T02:37:16+05:30" level=warning msg="/Users/akankshawattamwar/Desktop/CS315/CQRS/docker-compose.yml: the attribute `version` is obsolete, it will be ignored, please remove it to avoid potential confusion"
#1 [internal] load local bake definitions
#1 reading from stdin 1.05kB done
#1 DONE 0.0s

#2 [consumer internal] load build definition from Dockerfile
#2 transferring dockerfile: 186B done
#2 DONE 0.0s

#3 [saga internal] load build definition from Dockerfile
#3 transferring dockerfile: 365B done
#3 DONE 0.0s

#4 [consumer internal] load metadata for docker.io/library/python:3.12-slim
#4 DONE 0.9s

#5 [consumer internal] load .dockerignore
#5 transferring context: 2B done
#5 DONE 0.0s

#6 [saga internal] load .dockerignore
#6 transferring context: 2B done
#6 DONE 0.0s

#7 [consumer internal] load build context
#7 transferring context: 308B done
#7 DONE 0.0s

#8 [consumer 1/7] FROM docker.io/library/python:3.12-slim@sha256:46cb7cc2877e60fbd5e21a9ae6115c30ace7a077b9f8772da879e4590c18c2e3
#8 resolve docker.io/library/python:3.12-slim@sha256:46cb7cc2877e60fbd5e21a9ae6115c30ace7a077b9f8772da879e4590c18c2e3 done
#8 DONE 0.0s

#9 [saga 2/7] WORKDIR /service
#9 CACHED

#10 [consumer 2/5] WORKDIR /app
#10 CACHED

#11 [saga internal] load build context
#11 transferring context: 386B done
#11 DONE 0.0s

#12 [consumer 3/5] COPY requirements.txt .
#12 DONE 0.0s

#13 [saga 3/7] COPY saga/requirements.txt saga/
#13 DONE 0.0s

#14 [saga 4/7] RUN pip install --no-cache-dir -r saga/requirements.txt
#14 1.835 Collecting pymongo==4.7.2 (from -r saga/requirements.txt (line 1))
#14 2.151   Downloading pymongo-4.7.2-cp312-cp312-manylinux_2_17_aarch64.manylinux2014_aarch64.whl.metadata (22 kB)
#14 2.279 Collecting redis==5.0.5 (from -r saga/requirements.txt (line 2))
#14 2.330   Downloading redis-5.0.5-py3-none-any.whl.metadata (9.3 kB)
#14 2.778 Collecting psycopg2-binary==2.9.9 (from -r saga/requirements.txt (line 3))
#14 2.819   Downloading psycopg2_binary-2.9.9-cp312-cp312-manylinux_2_17_aarch64.manylinux2014_aarch64.whl.metadata (4.4 kB)
#14 3.014 Collecting dnspython<3.0.0,>=1.16.0 (from pymongo==4.7.2->-r saga/requirements.txt (line 1))
#14 3.044   Downloading dnspython-2.8.0-py3-none-any.whl.metadata (5.7 kB)
#14 3.081 Downloading pymongo-4.7.2-cp312-cp312-manylinux_2_17_aarch64.manylinux2014_aarch64.whl (688 kB)
#14 3.529    ━━━━━━━━━━━━━━━━━━━━━━━━━━━━━━━━━━━━━━━━ 689.0/689.0 kB 1.8 MB/s eta 0:00:00
#14 3.563 Downloading redis-5.0.5-py3-none-any.whl (251 kB)
#14 3.873 Downloading psycopg2_binary-2.9.9-cp312-cp312-manylinux_2_17_aarch64.manylinux2014_aarch64.whl (2.9 MB)
#14 6.087    ━━━━━━━━━━━━━━━━━━━━━━━━━━━━━━━━━━━━━━━━ 2.9/2.9 MB 1.3 MB/s eta 0:00:00
#14 6.130 Downloading dnspython-2.8.0-py3-none-any.whl (331 kB)
#14 6.335 Installing collected packages: redis, psycopg2-binary, dnspython, pymongo
#14 6.654 Successfully installed dnspython-2.8.0 psycopg2-binary-2.9.9 pymongo-4.7.2 redis-5.0.5
#14 6.654 WARNING: Running pip as the 'root' user can result in broken permissions and conflicting behaviour with the system package manager, possibly rendering your system unusable. It is recommended to use a virtual environment instead: https://pip.pypa.io/warnings/venv. Use the --root-user-action option if you know what you are doing and want to suppress this warning.
#14 6.835 
#14 6.835 [notice] A new release of pip is available: 25.0.1 -> 26.0.1
#14 6.835 [notice] To update, run: pip install --upgrade pip
#14 ...

#15 [consumer 4/5] RUN pip install --no-cache-dir -r requirements.txt
#15 1.846 Collecting pymongo==4.7.2 (from -r requirements.txt (line 1))
#15 2.165   Downloading pymongo-4.7.2-cp312-cp312-manylinux_2_17_aarch64.manylinux2014_aarch64.whl.metadata (22 kB)
#15 2.289 Collecting redis==5.0.5 (from -r requirements.txt (line 2))
#15 2.343   Downloading redis-5.0.5-py3-none-any.whl.metadata (9.3 kB)
#15 2.789 Collecting psycopg2-binary==2.9.9 (from -r requirements.txt (line 3))
#15 2.832   Downloading psycopg2_binary-2.9.9-cp312-cp312-manylinux_2_17_aarch64.manylinux2014_aarch64.whl.metadata (4.4 kB)
#15 3.024 Collecting dnspython<3.0.0,>=1.16.0 (from pymongo==4.7.2->-r requirements.txt (line 1))
#15 3.054   Downloading dnspython-2.8.0-py3-none-any.whl.metadata (5.7 kB)
#15 3.095 Downloading pymongo-4.7.2-cp312-cp312-manylinux_2_17_aarch64.manylinux2014_aarch64.whl (688 kB)
#15 3.534    ━━━━━━━━━━━━━━━━━━━━━━━━━━━━━━━━━━━━━━━━ 689.0/689.0 kB 1.8 MB/s eta 0:00:00
#15 3.577 Downloading redis-5.0.5-py3-none-any.whl (251 kB)
#15 3.898 Downloading psycopg2_binary-2.9.9-cp312-cp312-manylinux_2_17_aarch64.manylinux2014_aarch64.whl (2.9 MB)
#15 6.120    ━━━━━━━━━━━━━━━━━━━━━━━━━━━━━━━━━━━━━━━━ 2.9/2.9 MB 1.3 MB/s eta 0:00:00
#15 6.142 Downloading dnspython-2.8.0-py3-none-any.whl (331 kB)
#15 6.345 Installing collected packages: redis, psycopg2-binary, dnspython, pymongo
#15 6.665 Successfully installed dnspython-2.8.0 psycopg2-binary-2.9.9 pymongo-4.7.2 redis-5.0.5
#15 6.665 WARNING: Running pip as the 'root' user can result in broken permissions and conflicting behaviour with the system package manager, possibly rendering your system unusable. It is recommended to use a virtual environment instead: https://pip.pypa.io/warnings/venv. Use the --root-user-action option if you know what you are doing and want to suppress this warning.
#15 6.847 
#15 6.847 [notice] A new release of pip is available: 25.0.1 -> 26.0.1
#15 6.847 [notice] To update, run: pip install --upgrade pip
#15 DONE 7.0s

#14 [saga 4/7] RUN pip install --no-cache-dir -r saga/requirements.txt
#14 DONE 7.0s

#16 [saga 5/7] COPY write-api/events.py write-api/
#16 DONE 0.0s

#17 [consumer 5/5] COPY . .
#17 DONE 0.0s

#18 [saga 6/7] COPY saga/ saga/
#18 DONE 0.0s

#19 [saga 7/7] WORKDIR /service/saga
#19 DONE 0.0s

#20 [saga] exporting to image
#20 exporting layers
#20 exporting layers 0.5s done
#20 exporting manifest sha256:b2424761362e115f8243d809ace47e8bd65ca9271d7e58a3691cc6d96cec2098 done
#20 exporting config sha256:6b43af61339741628fb1d4d54b002026cc3b459780d2fa805e0c1ef86601728a done
#20 exporting attestation manifest sha256:36a5fbff5896c9c8da3a051f09ac6084b4f5a67aa6ec64f554129b8fb4bf5943 done
#20 exporting manifest list sha256:ef8a314a20357c95c01e0ecc04cb054d7400a6f916dd948dcd171c1d13c3f643 done
#20 naming to docker.io/library/cqrs-saga:latest done
#20 unpacking to docker.io/library/cqrs-saga:latest
#20 unpacking to docker.io/library/cqrs-saga:latest 0.1s done
#20 DONE 0.7s

#21 [consumer] exporting to image
#21 exporting layers 0.5s done
#21 exporting manifest sha256:f02c0ded8ed24546a34ae3149deb421bbba9badc89cf1252d531f4c321abf426 done
#21 exporting config sha256:ac4b1b9323015e5af01b828427cddfcff7ecb86d11388a684d6a9f69eec8f50a done
#21 exporting attestation manifest sha256:f6b949febb54f944720e25e9fbd5527e7bf74aa9f873e8727d0ff765a3148316 done
#21 exporting manifest list sha256:cbd1ea648d9a9e2ca77667e7d52e4712b2e23dac623f67c83faa4b9d7d39848f done
#21 naming to docker.io/library/cqrs-consumer:latest done
#21 unpacking to docker.io/library/cqrs-consumer:latest 0.1s done
#21 DONE 0.7s

#22 [consumer] resolving provenance for metadata file
#22 DONE 0.0s

#23 [saga] resolving provenance for metadata file
#23 DONE 0.0s
 cqrs-consumer  Built
 cqrs-saga  Built
time="2026-04-26T02:37:25+05:30" level=warning msg="/Users/akankshawattamwar/Desktop/CS315/CQRS/docker-compose.yml: the attribute `version` is obsolete, it will be ignored, please remove it to avoid potential confusion"
#1 [internal] load local bake definitions
#1 reading from stdin 2.42kB done
#1 DONE 0.0s

#2 [write-api internal] load build definition from Dockerfile
#2 transferring dockerfile: 225B done
#2 DONE 0.0s

#3 [saga internal] load build definition from Dockerfile
#3 transferring dockerfile: 365B done
#3 DONE 0.0s

#4 [consumer internal] load build definition from Dockerfile
#4 transferring dockerfile: 186B done
#4 DONE 0.0s

#5 [frontend internal] load build definition from Dockerfile
#5 transferring dockerfile: 271B done
#5 DONE 0.0s

#6 [read-api internal] load build definition from Dockerfile
#6 transferring dockerfile: 225B done
#6 DONE 0.0s

#7 [read-api internal] load metadata for docker.io/library/python:3.12-slim
#7 DONE 0.4s

#8 [write-api internal] load .dockerignore
#8 transferring context: 2B done
#8 DONE 0.0s

#9 [saga internal] load .dockerignore
#9 transferring context: 2B done
#9 DONE 0.0s

#10 [read-api internal] load .dockerignore
#10 transferring context: 2B done
#10 DONE 0.0s

#11 [consumer internal] load .dockerignore
#11 transferring context: 2B done
#11 DONE 0.0s

#12 [write-api internal] load build context
#12 transferring context: 341B done
#12 DONE 0.0s

#13 [consumer internal] load build context
#13 transferring context: 308B done
#13 DONE 0.0s

#14 [read-api internal] load build context
#14 transferring context: 258B done
#14 DONE 0.0s

#15 [saga 1/7] FROM docker.io/library/python:3.12-slim@sha256:46cb7cc2877e60fbd5e21a9ae6115c30ace7a077b9f8772da879e4590c18c2e3
#15 resolve docker.io/library/python:3.12-slim@sha256:46cb7cc2877e60fbd5e21a9ae6115c30ace7a077b9f8772da879e4590c18c2e3 0.0s done
#15 DONE 0.0s

#16 [saga internal] load build context
#16 transferring context: 386B done
#16 DONE 0.0s

#17 [consumer 4/5] RUN pip install --no-cache-dir -r requirements.txt
#17 CACHED

#18 [consumer 3/5] COPY requirements.txt .
#18 CACHED

#19 [write-api 4/5] RUN pip install --no-cache-dir -r requirements.txt
#19 CACHED

#20 [write-api 3/5] COPY requirements.txt .
#20 CACHED

#21 [read-api 2/5] WORKDIR /app
#21 CACHED

#22 [read-api 4/5] RUN pip install --no-cache-dir -r requirements.txt
#22 CACHED

#23 [read-api 3/5] COPY requirements.txt .
#23 CACHED

#24 [consumer 5/5] COPY . .
#24 CACHED

#25 [write-api 5/5] COPY . .
#25 CACHED

#26 [read-api 5/5] COPY . .
#26 CACHED

#27 [saga 3/7] COPY saga/requirements.txt saga/
#27 CACHED

#28 [saga 4/7] RUN pip install --no-cache-dir -r saga/requirements.txt
#28 CACHED

#29 [saga 5/7] COPY write-api/events.py write-api/
#29 CACHED

#30 [saga 2/7] WORKDIR /service
#30 CACHED

#31 [saga 6/7] COPY saga/ saga/
#31 CACHED

#32 [saga 7/7] WORKDIR /service/saga
#32 CACHED

#33 [saga] exporting to image
#33 exporting layers done
#33 exporting manifest sha256:b2424761362e115f8243d809ace47e8bd65ca9271d7e58a3691cc6d96cec2098
#33 exporting manifest sha256:b2424761362e115f8243d809ace47e8bd65ca9271d7e58a3691cc6d96cec2098 done
#33 exporting config sha256:6b43af61339741628fb1d4d54b002026cc3b459780d2fa805e0c1ef86601728a done
#33 exporting attestation manifest sha256:99028339c89549fd0af0720152dbe0900589250d3169838ce252f6cdab44c498 done
#33 exporting manifest list sha256:ac0031cc77c53c890485356d8e53d634975f79564ecac305ad6961216b5e1789 done
#33 naming to docker.io/library/cqrs-saga:latest done
#33 unpacking to docker.io/library/cqrs-saga:latest done
#33 DONE 0.1s

#34 [write-api] exporting to image
#34 exporting layers done
#34 exporting manifest sha256:92a21a99b40b6531c5801222236f42d6aa7bbf8b65d7634fc566f9392602e764 done
#34 exporting config sha256:be9fb26fa271ebf0c525960e70f2e967c21bf78a1eb2b7a7dc06e6d3ff4d3f55 done
#34 exporting attestation manifest sha256:cf333394c33aeb6ea1ed518d1f993ebcaf394da42ea2da33345246e06a4ec6dc 0.0s done
#34 exporting manifest list sha256:0c6b19a616c980085a115989bb47dbd34e371a589ff6fc8a0747a759346604ae done
#34 naming to docker.io/library/cqrs-write-api:latest done
#34 unpacking to docker.io/library/cqrs-write-api:latest done
#34 DONE 0.1s

#35 [consumer] exporting to image
#35 exporting layers done
#35 exporting manifest sha256:f02c0ded8ed24546a34ae3149deb421bbba9badc89cf1252d531f4c321abf426 done
#35 exporting config sha256:ac4b1b9323015e5af01b828427cddfcff7ecb86d11388a684d6a9f69eec8f50a done
#35 exporting attestation manifest sha256:dee1ad8d2a67d730145f621b0716309f31a032c9795e459eebf8a6d3714ac218 0.0s done
#35 exporting manifest list sha256:55b990a22181e9e143ca33ac12840eef89a296453b6ae743a0172af48f811391 done
#35 naming to docker.io/library/cqrs-consumer:latest done
#35 unpacking to docker.io/library/cqrs-consumer:latest done
#35 DONE 0.1s

#36 [read-api] exporting to image
#36 exporting layers done
#36 exporting manifest sha256:c63ee61fb06e4bd063e843362129b868354c2f94e2566ad3c11bbd0548881470 done
#36 exporting config sha256:46bb870cf8127e2823c379c44ac9a3c0d6ee66fd1b3343341206f22ff23f7f62 done
#36 exporting attestation manifest sha256:35ab96ba3554b6c6b00607e0361c2cb92cc9925b21ab320d77257ee44350c61b 0.0s done
#36 exporting manifest list sha256:b8fc0d02fa0b18e5c6af188e3896970af7d17cf31e35e9288cc5b9b0e1b88757 done
#36 naming to docker.io/library/cqrs-read-api:latest done
#36 unpacking to docker.io/library/cqrs-read-api:latest done
#36 DONE 0.1s

#37 [read-api] resolving provenance for metadata file
#37 DONE 0.0s

#38 [consumer] resolving provenance for metadata file
#38 DONE 0.0s

#39 [write-api] resolving provenance for metadata file
#39 DONE 0.0s

#40 [saga] resolving provenance for metadata file
#40 DONE 0.0s

#41 [frontend internal] load metadata for docker.io/library/node:20-alpine
#41 ...

#42 [frontend internal] load metadata for docker.io/library/nginx:alpine
#42 DONE 0.9s

#41 [frontend internal] load metadata for docker.io/library/node:20-alpine
#41 DONE 0.9s

#43 [frontend internal] load .dockerignore
#43 transferring context: 2B done
#43 DONE 0.0s

#44 [frontend stage-1 1/3] FROM docker.io/library/nginx:alpine@sha256:5616878291a2eed594aee8db4dade5878cf7edcb475e59193904b198d9b830de
#44 resolve docker.io/library/nginx:alpine@sha256:5616878291a2eed594aee8db4dade5878cf7edcb475e59193904b198d9b830de 0.0s done
#44 DONE 0.0s

#45 [frontend build 1/6] FROM docker.io/library/node:20-alpine@sha256:fb4cd12c85ee03686f6af5362a0b0d56d50c58a04632e6c0fb8363f609372293
#45 resolve docker.io/library/node:20-alpine@sha256:fb4cd12c85ee03686f6af5362a0b0d56d50c58a04632e6c0fb8363f609372293 0.0s done
#45 DONE 0.0s

#46 [frontend internal] load build context
#46 transferring context: 185.58kB 0.1s done
#46 DONE 0.1s

#47 [frontend build 2/6] WORKDIR /app
#47 CACHED

#48 [frontend build 4/6] RUN npm install
#48 CACHED

#49 [frontend build 5/6] COPY . .
#49 CACHED

#50 [frontend build 3/6] COPY package.json ./
#50 CACHED

#51 [frontend build 6/6] RUN npm run build
#51 CACHED

#52 [frontend stage-1 2/3] COPY --from=build /app/dist /usr/share/nginx/html
#52 CACHED

#53 [frontend stage-1 3/3] COPY nginx.conf /etc/nginx/conf.d/default.conf
#53 CACHED

#54 [frontend] exporting to image
#54 exporting layers done
#54 exporting manifest sha256:32782dd8e2053c61118ccbb621867087941de406675097f92803716fedafab00 done
#54 exporting config sha256:64d46ad231b32d64275256ac207db88e0b5dd078678dcdc752d464f80305d609 done
#54 exporting attestation manifest sha256:9bb0484ab705af0d8cd960e4ac13d83bb8956aa8408cf54f4b61a493aa5bc0d6 done
#54 exporting manifest list sha256:06035b6eb70b393ceb7897d1f1b41ed907745e5cf0e767260350cf1e48c335ca done
#54 naming to docker.io/library/cqrs-frontend:latest done
#54 unpacking to docker.io/library/cqrs-frontend:latest done
#54 DONE 0.0s

#55 [frontend] resolving provenance for metadata file
#55 DONE 0.0s
 cqrs-read-api  Built
 cqrs-frontend  Built
 cqrs-consumer  Built
 cqrs-saga  Built
 cqrs-write-api  Built
 Network cqrs_default  Creating
 Network cqrs_default  Created
 Volume "cqrs_postgres_data"  Creating
 Volume "cqrs_postgres_data"  Created
 Volume "cqrs_mongo_data"  Creating
 Volume "cqrs_mongo_data"  Created
 Container cqrs-redis-cache-1  Creating
 Container cqrs-redis-stream-1  Creating
 Container cqrs-postgres-1  Creating
 Container cqrs-mongodb-1  Creating
 Container cqrs-mongodb-1  Created
 Container cqrs-redis-stream-1  Created
 Container cqrs-redis-cache-1  Created
 Container cqrs-write-api-1  Creating
 Container cqrs-postgres-1  Created
 Container cqrs-consumer-1  Creating
 Container cqrs-saga-1  Creating
 Container cqrs-read-api-1  Creating
 Container cqrs-write-api-1  Created
 Container cqrs-read-api-1  Created
 Container cqrs-frontend-1  Creating
 Container cqrs-consumer-1  Created
 Container cqrs-saga-1  Created
 Container cqrs-frontend-1  Created
 Container cqrs-redis-stream-1  Starting
 Container cqrs-postgres-1  Starting
 Container cqrs-mongodb-1  Starting
 Container cqrs-redis-cache-1  Starting
 Container cqrs-redis-cache-1  Started
 Container cqrs-mongodb-1  Started
 Container cqrs-postgres-1  Started
 Container cqrs-redis-cache-1  Waiting
 Container cqrs-postgres-1  Waiting
 Container cqrs-redis-stream-1  Started
 Container cqrs-redis-stream-1  Waiting
 Container cqrs-mongodb-1  Waiting
 Container cqrs-redis-stream-1  Waiting
 Container cqrs-postgres-1  Waiting
 Container cqrs-redis-cache-1  Waiting
 Container cqrs-redis-stream-1  Waiting
 Container cqrs-postgres-1  Waiting
 Container cqrs-mongodb-1  Waiting
 Container cqrs-mongodb-1  Waiting
 Container cqrs-redis-cache-1  Healthy
 Container cqrs-redis-cache-1  Healthy
 Container cqrs-postgres-1  Healthy
 Container cqrs-read-api-1  Starting
 Container cqrs-postgres-1  Healthy
 Container cqrs-redis-stream-1  Healthy
 Container cqrs-postgres-1  Healthy
 Container cqrs-redis-stream-1  Healthy
 Container cqrs-redis-stream-1  Healthy
 Container cqrs-read-api-1  Started
 Container cqrs-frontend-1  Starting
 Container cqrs-frontend-1  Started
 Container cqrs-mongodb-1  Healthy
 Container cqrs-mongodb-1  Healthy
 Container cqrs-write-api-1  Starting
 Container cqrs-consumer-1  Starting
 Container cqrs-mongodb-1  Healthy
 Container cqrs-saga-1  Starting
 Container cqrs-saga-1  Started
 Container cqrs-write-api-1  Started
 Container cqrs-consumer-1  Started
Waiting for APIs to be ready...
Clearing MongoDB events and sagas...
time="2026-04-26T02:37:39+05:30" level=warning msg="/Users/akankshawattamwar/Desktop/CS315/CQRS/docker-compose.yml: the attribute `version` is obsolete, it will be ignored, please remove it to avoid potential confusion"
MongoDB cleared
All services up.
Logs: docker compose logs -f [write-api|read-api|consumer|saga]

=======================================================

[34mRunning benchmark (N=100, consumer delay=0.05s/event) ...[0m

[1m[94m=======================================================[0m
[1m[94m  READER BENCHMARK — Read-Your-Writes Lag (baseline)[0m
[1m[94m=======================================================[0m
  [93m→[0m  Placing 100 orders sequentially and measuring GET-after-POST lag
  [93m→[0m  Poll interval: 2ms (so floor resolution ≈ 2ms)
    ...10/100 orders placed & read
    ...20/100 orders placed & read
    ...30/100 orders placed & read
    ...40/100 orders placed & read
    ...50/100 orders placed & read
    ...60/100 orders placed & read
    ...70/100 orders placed & read
    ...80/100 orders placed & read
    ...90/100 orders placed & read
    ...100/100 orders placed & read

  [1mResults  (N=100, failures=0, wall=0.2s)[0m
  metric             p50       p95       p99       max      mean
  POST ms            1.2       1.8      13.4      13.4       1.4
  RYW lag ms         0.8       1.2       3.1       3.1       0.9
  polls                1         1         1         1       1.0

  [1mRYW lag distribution[0m
  [    0 –     5 ms]   100  ██████████████████████████████
  [    5 –    10 ms]     0  
  [   10 –    20 ms]     0  
  [   20 –    50 ms]     0  
  [   50 –   100 ms]     0  
  [  100 –   250 ms]     0  
  [  250 –   500 ms]     0  
  [  500 –  1000 ms]     0  
  [ 1000 – 10000 ms]     0  
  [92m✓[0m  Raw samples written to /tmp/reader_baseline.csv
  [93m→[0m  After implementing the cache, rerun the same command and diff the RYW lag.

=======================================================

[1mRESULTS COMPARISON (N=100, consumer delay=0.05s/event)[0m

WITHOUT CACHE:
      metric             p50       p95       p99       max      mean
      POST ms            3.2       3.7      13.0      13.0       3.2
      RYW lag ms       255.6     261.6     265.0     265.0     247.3
      polls               36        38        40        40      35.0
    
      RYW lag distribution

WITH CACHE:
      metric             p50       p95       p99       max      mean
      POST ms            1.2       1.8      13.4      13.4       1.4
      RYW lag ms         0.8       1.2       3.1       3.1       0.9
      polls                1         1         1         1       1.0
    
      RYW lag distribution

[1mSpeedup:[0m
    p50        255.6 ms  →     0.8 ms   (319x faster)
    p95        261.6 ms  →     1.2 ms   (218x faster)
    p99        265.0 ms  →     3.1 ms   (85x faster)

[1mCache hit/miss stats (phase 2):[0m
    hits:     100
    misses:   0
    hit rate: 100.0%

[1mCache Redis :6380 — memory & eviction (allkeys-lru, cap=2.00M):[0m
    evicted keys:  0  (this run; lifetime=0)
    used memory:   1.20M / 2.00M
    order:* keys:  100 live in cache now

[32mResults saved to:[0m
  no-cache:  /Users/akankshawattamwar/Desktop/CS315/CQRS/results/nocache_slowconsumer_0.05_100.txt
  cached:    /Users/akankshawattamwar/Desktop/CS315/CQRS/results/cached_slowconsumer_0.05_100.txt

=======================================================

[1mCleaning up — restarting with defaults (fast consumer, cache on)...[0m
Stopping services and wiping volumes...

  cache:    enabled  (redis-cache :6380, 2MB allkeys-lru)
  consumer: fast
  saga:     fast
  stream:   redis-stream :6379  (no memory limit)

Starting services...
time="2026-04-26T02:37:51+05:30" level=warning msg="/Users/akankshawattamwar/Desktop/CS315/CQRS/docker-compose.yml: the attribute `version` is obsolete, it will be ignored, please remove it to avoid potential confusion"
#1 [internal] load local bake definitions
#1 reading from stdin 1.05kB done
#1 DONE 0.0s

#2 [consumer internal] load build definition from Dockerfile
#2 transferring dockerfile: 186B done
#2 DONE 0.0s

#3 [saga internal] load build definition from Dockerfile
#3 transferring dockerfile: 365B done
#3 DONE 0.0s

#4 [consumer internal] load metadata for docker.io/library/python:3.12-slim
#4 DONE 0.5s

#5 [saga internal] load .dockerignore
#5 transferring context: 2B done
#5 DONE 0.0s

#6 [consumer internal] load .dockerignore
#6 transferring context: 2B done
#6 DONE 0.0s

#7 [consumer internal] load build context
#7 transferring context: 308B done
#7 DONE 0.0s

#8 [consumer 1/5] FROM docker.io/library/python:3.12-slim@sha256:46cb7cc2877e60fbd5e21a9ae6115c30ace7a077b9f8772da879e4590c18c2e3
#8 resolve docker.io/library/python:3.12-slim@sha256:46cb7cc2877e60fbd5e21a9ae6115c30ace7a077b9f8772da879e4590c18c2e3 done
#8 DONE 0.0s

#9 [saga 2/7] WORKDIR /service
#9 CACHED

#10 [consumer 2/5] WORKDIR /app
#10 CACHED

#11 [saga internal] load build context
#11 transferring context: 386B done
#11 DONE 0.0s

#12 [consumer 3/5] COPY requirements.txt .
#12 DONE 0.0s

#13 [saga 3/7] COPY saga/requirements.txt saga/
#13 DONE 0.0s

#14 [saga 4/7] RUN pip install --no-cache-dir -r saga/requirements.txt
#14 1.334 Collecting pymongo==4.7.2 (from -r saga/requirements.txt (line 1))
#14 1.421   Downloading pymongo-4.7.2-cp312-cp312-manylinux_2_17_aarch64.manylinux2014_aarch64.whl.metadata (22 kB)
#14 1.490 Collecting redis==5.0.5 (from -r saga/requirements.txt (line 2))
#14 1.517   Downloading redis-5.0.5-py3-none-any.whl.metadata (9.3 kB)
#14 1.675 Collecting psycopg2-binary==2.9.9 (from -r saga/requirements.txt (line 3))
#14 1.696   Downloading psycopg2_binary-2.9.9-cp312-cp312-manylinux_2_17_aarch64.manylinux2014_aarch64.whl.metadata (4.4 kB)
#14 1.971 Collecting dnspython<3.0.0,>=1.16.0 (from pymongo==4.7.2->-r saga/requirements.txt (line 1))
#14 1.996   Downloading dnspython-2.8.0-py3-none-any.whl.metadata (5.7 kB)
#14 2.046 Downloading pymongo-4.7.2-cp312-cp312-manylinux_2_17_aarch64.manylinux2014_aarch64.whl (688 kB)
#14 2.942    ━━━━━━━━━━━━━━━━━━━━━━━━━━━━━━━━━━━━━━━ 689.0/689.0 kB 932.7 kB/s eta 0:00:00
#14 2.965 Downloading redis-5.0.5-py3-none-any.whl (251 kB)
#14 3.079 Downloading psycopg2_binary-2.9.9-cp312-cp312-manylinux_2_17_aarch64.manylinux2014_aarch64.whl (2.9 MB)
#14 ...

#15 [consumer 4/5] RUN pip install --no-cache-dir -r requirements.txt
#15 1.337 Collecting pymongo==4.7.2 (from -r requirements.txt (line 1))
#15 1.421   Downloading pymongo-4.7.2-cp312-cp312-manylinux_2_17_aarch64.manylinux2014_aarch64.whl.metadata (22 kB)
#15 1.491 Collecting redis==5.0.5 (from -r requirements.txt (line 2))
#15 1.520   Downloading redis-5.0.5-py3-none-any.whl.metadata (9.3 kB)
#15 1.676 Collecting psycopg2-binary==2.9.9 (from -r requirements.txt (line 3))
#15 1.697   Downloading psycopg2_binary-2.9.9-cp312-cp312-manylinux_2_17_aarch64.manylinux2014_aarch64.whl.metadata (4.4 kB)
#15 1.730 Collecting dnspython<3.0.0,>=1.16.0 (from pymongo==4.7.2->-r requirements.txt (line 1))
#15 1.749   Downloading dnspython-2.8.0-py3-none-any.whl.metadata (5.7 kB)
#15 1.785 Downloading pymongo-4.7.2-cp312-cp312-manylinux_2_17_aarch64.manylinux2014_aarch64.whl (688 kB)
#15 1.950    ━━━━━━━━━━━━━━━━━━━━━━━━━━━━━━━━━━━━━━━━ 689.0/689.0 kB 5.0 MB/s eta 0:00:00
#15 1.989 Downloading redis-5.0.5-py3-none-any.whl (251 kB)
#15 2.047 Downloading psycopg2_binary-2.9.9-cp312-cp312-manylinux_2_17_aarch64.manylinux2014_aarch64.whl (2.9 MB)
#15 2.754    ━━━━━━━━━━━━━━━━━━━━━━━━━━━━━━━━━━━━━━━━ 2.9/2.9 MB 4.0 MB/s eta 0:00:00
#15 2.795 Downloading dnspython-2.8.0-py3-none-any.whl (331 kB)
#15 2.940 Installing collected packages: redis, psycopg2-binary, dnspython, pymongo
#15 3.245 Successfully installed dnspython-2.8.0 psycopg2-binary-2.9.9 pymongo-4.7.2 redis-5.0.5
#15 3.246 WARNING: Running pip as the 'root' user can result in broken permissions and conflicting behaviour with the system package manager, possibly rendering your system unusable. It is recommended to use a virtual environment instead: https://pip.pypa.io/warnings/venv. Use the --root-user-action option if you know what you are doing and want to suppress this warning.
#15 3.575 
#15 3.575 [notice] A new release of pip is available: 25.0.1 -> 26.0.1
#15 3.575 [notice] To update, run: pip install --upgrade pip
#15 DONE 3.7s

#16 [consumer 5/5] COPY . .
#16 DONE 0.0s

#17 [consumer] exporting to image
#17 exporting layers
#17 exporting layers 0.5s done
#17 exporting manifest sha256:562cd96fda353bb47abf63f32fd211dacb1a05145901876b9573dab07aeaf082
#17 exporting manifest sha256:562cd96fda353bb47abf63f32fd211dacb1a05145901876b9573dab07aeaf082 done
#17 exporting config sha256:4b88e63de08d1258afe51f74ba8ba629da60b776388cbb9d9b7898889c370215 done
#17 exporting attestation manifest sha256:ff733909f5653d773cfc8dd2d704da6512cb3502bcd4b5a4d8044673f127bf25 done
#17 exporting manifest list sha256:04bf0b711e905937fb781cd4c45572c47bc6f24378cf563d0a3c8d497249c54b done
#17 naming to docker.io/library/cqrs-consumer:latest done
#17 unpacking to docker.io/library/cqrs-consumer:latest 0.1s done
#17 DONE 0.7s

#18 [consumer] resolving provenance for metadata file
#18 DONE 0.0s

#14 [saga 4/7] RUN pip install --no-cache-dir -r saga/requirements.txt
#14 3.971    ━━━━━━━━━━━━━━━━━━━━━━━━━━━━━━━━━━━━━━━━ 2.9/2.9 MB 3.3 MB/s eta 0:00:00
#14 3.995 Downloading dnspython-2.8.0-py3-none-any.whl (331 kB)
#14 4.054 Installing collected packages: redis, psycopg2-binary, dnspython, pymongo
#14 4.386 Successfully installed dnspython-2.8.0 psycopg2-binary-2.9.9 pymongo-4.7.2 redis-5.0.5
#14 4.386 WARNING: Running pip as the 'root' user can result in broken permissions and conflicting behaviour with the system package manager, possibly rendering your system unusable. It is recommended to use a virtual environment instead: https://pip.pypa.io/warnings/venv. Use the --root-user-action option if you know what you are doing and want to suppress this warning.
#14 4.588 
#14 4.588 [notice] A new release of pip is available: 25.0.1 -> 26.0.1
#14 4.588 [notice] To update, run: pip install --upgrade pip
#14 DONE 4.7s

#19 [saga 5/7] COPY write-api/events.py write-api/
#19 DONE 0.0s

#20 [saga 6/7] COPY saga/ saga/
#20 DONE 0.0s

#21 [saga 7/7] WORKDIR /service/saga
#21 DONE 0.0s

#22 [saga] exporting to image
#22 exporting layers 0.5s done
#22 exporting manifest sha256:12b9ee5d500884405345d48cb32e21987452e70373b53e40e243579e47a6ee34
#22 exporting manifest sha256:12b9ee5d500884405345d48cb32e21987452e70373b53e40e243579e47a6ee34 done
#22 exporting config sha256:0820efd42edb6307c576635847074eebfe645a0da27bdb75ab7340bc16c5448b done
#22 exporting attestation manifest sha256:b07b9eda40c9fd6c11a6a411ca04b7e974100332ead039731037e1c9e89f22c5 done
#22 exporting manifest list sha256:f648a60d0401c446fc8c6b9f73897f890bc43683a84214c0b0171c21adf574f4 done
#22 naming to docker.io/library/cqrs-saga:latest done
#22 unpacking to docker.io/library/cqrs-saga:latest 0.1s done
#22 DONE 0.7s

#23 [saga] resolving provenance for metadata file
#23 DONE 0.0s
 cqrs-saga  Built
 cqrs-consumer  Built
time="2026-04-26T02:37:57+05:30" level=warning msg="/Users/akankshawattamwar/Desktop/CS315/CQRS/docker-compose.yml: the attribute `version` is obsolete, it will be ignored, please remove it to avoid potential confusion"
#1 [internal] load local bake definitions
#1 reading from stdin 2.42kB done
#1 DONE 0.0s

#2 [saga internal] load build definition from Dockerfile
#2 transferring dockerfile: 365B done
#2 DONE 0.0s

#3 [write-api internal] load build definition from Dockerfile
#3 transferring dockerfile: 225B done
#3 DONE 0.0s

#4 [read-api internal] load build definition from Dockerfile
#4 transferring dockerfile: 225B done
#4 DONE 0.0s

#5 [consumer internal] load build definition from Dockerfile
#5 transferring dockerfile: 186B done
#5 DONE 0.0s

#6 [frontend internal] load build definition from Dockerfile
#6 transferring dockerfile: 271B done
#6 DONE 0.0s

#7 [consumer internal] load metadata for docker.io/library/python:3.12-slim
#7 DONE 0.4s

#8 [consumer internal] load .dockerignore
#8 transferring context: 2B done
#8 DONE 0.0s

#9 [read-api internal] load .dockerignore
#9 transferring context: 2B done
#9 DONE 0.0s

#10 [saga internal] load .dockerignore
#10 transferring context: 2B done
#10 DONE 0.0s

#11 [write-api internal] load .dockerignore
#11 transferring context: 2B done
#11 DONE 0.0s

#12 [consumer internal] load build context
#12 transferring context: 308B done
#12 DONE 0.0s

#13 [read-api internal] load build context
#13 transferring context: 258B done
#13 DONE 0.0s

#14 [write-api internal] load build context
#14 transferring context: 341B done
#14 DONE 0.0s

#15 [saga 1/5] FROM docker.io/library/python:3.12-slim@sha256:46cb7cc2877e60fbd5e21a9ae6115c30ace7a077b9f8772da879e4590c18c2e3
#15 resolve docker.io/library/python:3.12-slim@sha256:46cb7cc2877e60fbd5e21a9ae6115c30ace7a077b9f8772da879e4590c18c2e3 0.0s done
#15 DONE 0.0s

#16 [saga internal] load build context
#16 transferring context: 386B done
#16 DONE 0.0s

#17 [write-api 4/5] RUN pip install --no-cache-dir -r requirements.txt
#17 CACHED

#18 [write-api 3/5] COPY requirements.txt .
#18 CACHED

#19 [read-api 3/5] COPY requirements.txt .
#19 CACHED

#20 [read-api 4/5] RUN pip install --no-cache-dir -r requirements.txt
#20 CACHED

#21 [read-api 2/5] WORKDIR /app
#21 CACHED

#22 [consumer 3/5] COPY requirements.txt .
#22 CACHED

#23 [consumer 4/5] RUN pip install --no-cache-dir -r requirements.txt
#23 CACHED

#24 [consumer 5/5] COPY . .
#24 CACHED

#25 [read-api 5/5] COPY . .
#25 CACHED

#26 [write-api 5/5] COPY . .
#26 CACHED

#27 [saga 5/7] COPY write-api/events.py write-api/
#27 CACHED

#28 [saga 2/7] WORKDIR /service
#28 CACHED

#29 [saga 4/7] RUN pip install --no-cache-dir -r saga/requirements.txt
#29 CACHED

#30 [saga 6/7] COPY saga/ saga/
#30 CACHED

#31 [saga 3/7] COPY saga/requirements.txt saga/
#31 CACHED

#32 [saga 7/7] WORKDIR /service/saga
#32 CACHED

#33 [saga] exporting to image
#33 exporting layers done
#33 exporting manifest sha256:12b9ee5d500884405345d48cb32e21987452e70373b53e40e243579e47a6ee34
#33 exporting manifest sha256:12b9ee5d500884405345d48cb32e21987452e70373b53e40e243579e47a6ee34 done
#33 exporting config sha256:0820efd42edb6307c576635847074eebfe645a0da27bdb75ab7340bc16c5448b done
#33 exporting attestation manifest sha256:650431a1709ebe74582ac084601c48d4d587995500bd8411e3559d5f3cc6c21d done
#33 exporting manifest list sha256:ba47bc2737826dacd20e5e84aa6be6a6321f2028d0b09deef810d361905f28a7 done
#33 naming to docker.io/library/cqrs-saga:latest done
#33 unpacking to docker.io/library/cqrs-saga:latest done
#33 DONE 0.1s

#34 [write-api] exporting to image
#34 exporting layers done
#34 exporting manifest sha256:92a21a99b40b6531c5801222236f42d6aa7bbf8b65d7634fc566f9392602e764 done
#34 exporting config sha256:be9fb26fa271ebf0c525960e70f2e967c21bf78a1eb2b7a7dc06e6d3ff4d3f55 done
#34 exporting attestation manifest sha256:bf6514f71c3d6d23f94acfe5319f968b6e25bcf21dd0963e9d7b432ecc0f82be 0.0s done
#34 exporting manifest list sha256:bd9a7f06a9be6fe72d6c06f3334c4d4400763c2c24f52e05a598f86156ffee5e done
#34 naming to docker.io/library/cqrs-write-api:latest done
#34 unpacking to docker.io/library/cqrs-write-api:latest done
#34 DONE 0.1s

#35 [consumer] exporting to image
#35 exporting layers done
#35 exporting manifest sha256:562cd96fda353bb47abf63f32fd211dacb1a05145901876b9573dab07aeaf082 done
#35 exporting config sha256:4b88e63de08d1258afe51f74ba8ba629da60b776388cbb9d9b7898889c370215 done
#35 exporting attestation manifest sha256:e0cbcde1cf9f1f38cf08e61da3152203d7c9bf189d92e99c9f16656f7bcd6ac2 0.0s done
#35 exporting manifest list sha256:ba763c1b89785b69e11cc2ff6ea5b07d1f40ac797f3617ed1409e9660582525c done
#35 naming to docker.io/library/cqrs-consumer:latest done
#35 unpacking to docker.io/library/cqrs-consumer:latest done
#35 DONE 0.1s

#36 [read-api] exporting to image
#36 exporting layers done
#36 exporting manifest sha256:c63ee61fb06e4bd063e843362129b868354c2f94e2566ad3c11bbd0548881470 done
#36 exporting config sha256:46bb870cf8127e2823c379c44ac9a3c0d6ee66fd1b3343341206f22ff23f7f62 done
#36 exporting attestation manifest sha256:a69b72dbd8b080d67ae3a8e0de4cf9047308c14bcb9a4bae7432949cdd0e27d3 0.0s done
#36 exporting manifest list sha256:c1602f3b795ef1ebfe661695443797304a24daa7539259c0eb6ff01b15a5cecc done
#36 naming to docker.io/library/cqrs-read-api:latest done
#36 unpacking to docker.io/library/cqrs-read-api:latest done
#36 DONE 0.1s

#37 [write-api] resolving provenance for metadata file
#37 DONE 0.0s

#38 [read-api] resolving provenance for metadata file
#38 DONE 0.0s

#39 [consumer] resolving provenance for metadata file
#39 DONE 0.0s

#40 [saga] resolving provenance for metadata file
#40 DONE 0.0s

#41 [frontend internal] load metadata for docker.io/library/node:20-alpine
#41 DONE 0.9s

#42 [frontend internal] load metadata for docker.io/library/nginx:alpine
#42 DONE 1.0s

#43 [frontend internal] load .dockerignore
#43 transferring context: 2B done
#43 DONE 0.0s

#44 [frontend build 1/6] FROM docker.io/library/node:20-alpine@sha256:fb4cd12c85ee03686f6af5362a0b0d56d50c58a04632e6c0fb8363f609372293
#44 resolve docker.io/library/node:20-alpine@sha256:fb4cd12c85ee03686f6af5362a0b0d56d50c58a04632e6c0fb8363f609372293 0.0s done
#44 DONE 0.0s

#45 [frontend stage-1 1/3] FROM docker.io/library/nginx:alpine@sha256:5616878291a2eed594aee8db4dade5878cf7edcb475e59193904b198d9b830de
#45 resolve docker.io/library/nginx:alpine@sha256:5616878291a2eed594aee8db4dade5878cf7edcb475e59193904b198d9b830de 0.0s done
#45 DONE 0.0s

#46 [frontend internal] load build context
#46 transferring context: 185.58kB 0.1s done
#46 DONE 0.1s

#47 [frontend build 4/6] RUN npm install
#47 CACHED

#48 [frontend build 6/6] RUN npm run build
#48 CACHED

#49 [frontend build 2/6] WORKDIR /app
#49 CACHED

#50 [frontend stage-1 2/3] COPY --from=build /app/dist /usr/share/nginx/html
#50 CACHED

#51 [frontend build 5/6] COPY . .
#51 CACHED

#52 [frontend build 3/6] COPY package.json ./
#52 CACHED

#53 [frontend stage-1 3/3] COPY nginx.conf /etc/nginx/conf.d/default.conf
#53 CACHED

#54 [frontend] exporting to image
#54 exporting layers done
#54 exporting manifest sha256:32782dd8e2053c61118ccbb621867087941de406675097f92803716fedafab00 done
#54 exporting config sha256:64d46ad231b32d64275256ac207db88e0b5dd078678dcdc752d464f80305d609 done
#54 exporting attestation manifest sha256:348052b85c9bff5280931af8b3c39168154bc8ec0e89617a6b62f53d51ea9831 done
#54 exporting manifest list sha256:80d187205a4efc81f7d9b67d8b08d34aac093253dbbfaac05808d012b23ebc96 done
#54 naming to docker.io/library/cqrs-frontend:latest done
#54 unpacking to docker.io/library/cqrs-frontend:latest done
#54 DONE 0.0s

#55 [frontend] resolving provenance for metadata file
#55 DONE 0.0s
 cqrs-saga  Built
 cqrs-read-api  Built
 cqrs-frontend  Built
 cqrs-consumer  Built
 cqrs-write-api  Built
 Network cqrs_default  Creating
 Network cqrs_default  Created
 Volume "cqrs_postgres_data"  Creating
 Volume "cqrs_postgres_data"  Created
 Volume "cqrs_mongo_data"  Creating
 Volume "cqrs_mongo_data"  Created
 Container cqrs-mongodb-1  Creating
 Container cqrs-redis-stream-1  Creating
 Container cqrs-postgres-1  Creating
 Container cqrs-redis-cache-1  Creating
 Container cqrs-mongodb-1  Created
 Container cqrs-postgres-1  Created
 Container cqrs-redis-cache-1  Created
 Container cqrs-read-api-1  Creating
 Container cqrs-redis-stream-1  Created
 Container cqrs-consumer-1  Creating
 Container cqrs-write-api-1  Creating
 Container cqrs-saga-1  Creating
 Container cqrs-write-api-1  Created
 Container cqrs-consumer-1  Created
 Container cqrs-read-api-1  Created
 Container cqrs-frontend-1  Creating
 Container cqrs-saga-1  Created
 Container cqrs-frontend-1  Created
 Container cqrs-redis-cache-1  Starting
 Container cqrs-postgres-1  Starting
 Container cqrs-mongodb-1  Starting
 Container cqrs-redis-stream-1  Starting
 Container cqrs-mongodb-1  Started
 Container cqrs-redis-stream-1  Started
 Container cqrs-redis-cache-1  Started
 Container cqrs-redis-stream-1  Waiting
 Container cqrs-redis-cache-1  Waiting
 Container cqrs-mongodb-1  Waiting
 Container cqrs-postgres-1  Started
 Container cqrs-postgres-1  Waiting
 Container cqrs-mongodb-1  Waiting
 Container cqrs-postgres-1  Waiting
 Container cqrs-redis-stream-1  Waiting
 Container cqrs-mongodb-1  Waiting
 Container cqrs-redis-cache-1  Waiting
 Container cqrs-redis-stream-1  Waiting
 Container cqrs-postgres-1  Waiting
 Container cqrs-redis-stream-1  Healthy
 Container cqrs-redis-cache-1  Healthy
 Container cqrs-postgres-1  Healthy
 Container cqrs-redis-cache-1  Healthy
 Container cqrs-postgres-1  Healthy
 Container cqrs-read-api-1  Starting
 Container cqrs-postgres-1  Healthy
 Container cqrs-redis-stream-1  Healthy
 Container cqrs-redis-stream-1  Healthy
 Container cqrs-read-api-1  Started
 Container cqrs-frontend-1  Starting
 Container cqrs-frontend-1  Started
 Container cqrs-mongodb-1  Healthy
 Container cqrs-write-api-1  Starting
 Container cqrs-mongodb-1  Healthy
 Container cqrs-mongodb-1  Healthy
 Container cqrs-saga-1  Starting
 Container cqrs-consumer-1  Starting
 Container cqrs-write-api-1  Started
 Container cqrs-consumer-1  Started
 Container cqrs-saga-1  Started
Waiting for APIs to be ready...
Clearing MongoDB events and sagas...
time="2026-04-26T02:38:11+05:30" level=warning msg="/Users/akankshawattamwar/Desktop/CS315/CQRS/docker-compose.yml: the attribute `version` is obsolete, it will be ignored, please remove it to avoid potential confusion"
MongoDB cleared
All services up.
Logs: docker compose logs -f [write-api|read-api|consumer|saga]
[32mDone. System back to default state.[0m
