
=======================================================

[1mPHASE 1 of 2 — NO CACHE + SLOW CONSUMER (baseline)[0m
  Restarting with --delay 0.01 --no-cache ...
Stopping services and wiping volumes...

  cache:    DISABLED
  consumer: SLOW (0.01s/event)
  saga:     fast
  stream:   redis-stream :6379  (no memory limit)

Starting services...
time="2026-04-26T03:09:02+05:30" level=warning msg="/Users/akankshawattamwar/Desktop/CS315/CQRS/docker-compose.yml: the attribute `version` is obsolete, it will be ignored, please remove it to avoid potential confusion"
#1 [internal] load local bake definitions
#1 reading from stdin 1.05kB done
#1 DONE 0.0s

#2 [saga internal] load build definition from Dockerfile
#2 transferring dockerfile:
#2 transferring dockerfile: 365B done
#2 DONE 0.0s

#3 [consumer internal] load build definition from Dockerfile
#3 transferring dockerfile: 186B done
#3 DONE 0.0s

#4 [consumer internal] load metadata for docker.io/library/python:3.12-slim
#4 DONE 0.5s

#5 [consumer internal] load .dockerignore
#5 transferring context: 2B done
#5 DONE 0.0s

#6 [saga internal] load .dockerignore
#6 transferring context: 2B done
#6 DONE 0.0s

#7 [consumer internal] load build context
#7 transferring context: 308B done
#7 DONE 0.0s

#8 [consumer 1/5] FROM docker.io/library/python:3.12-slim@sha256:46cb7cc2877e60fbd5e21a9ae6115c30ace7a077b9f8772da879e4590c18c2e3
#8 resolve docker.io/library/python:3.12-slim@sha256:46cb7cc2877e60fbd5e21a9ae6115c30ace7a077b9f8772da879e4590c18c2e3 done
#8 DONE 0.0s

#9 [consumer 2/5] WORKDIR /app
#9 CACHED

#10 [saga 2/7] WORKDIR /service
#10 CACHED

#11 [saga internal] load build context
#11 transferring context: 386B done
#11 DONE 0.0s

#12 [consumer 3/5] COPY requirements.txt .
#12 DONE 0.0s

#13 [saga 3/7] COPY saga/requirements.txt saga/
#13 DONE 0.0s

#14 [saga 4/7] RUN pip install --no-cache-dir -r saga/requirements.txt
#14 1.283 Collecting pymongo==4.7.2 (from -r saga/requirements.txt (line 1))
#14 1.360   Downloading pymongo-4.7.2-cp312-cp312-manylinux_2_17_aarch64.manylinux2014_aarch64.whl.metadata (22 kB)
#14 1.426 Collecting redis==5.0.5 (from -r saga/requirements.txt (line 2))
#14 1.447   Downloading redis-5.0.5-py3-none-any.whl.metadata (9.3 kB)
#14 1.519 Collecting psycopg2-binary==2.9.9 (from -r saga/requirements.txt (line 3))
#14 1.542   Downloading psycopg2_binary-2.9.9-cp312-cp312-manylinux_2_17_aarch64.manylinux2014_aarch64.whl.metadata (4.4 kB)
#14 1.575 Collecting dnspython<3.0.0,>=1.16.0 (from pymongo==4.7.2->-r saga/requirements.txt (line 1))
#14 1.597   Downloading dnspython-2.8.0-py3-none-any.whl.metadata (5.7 kB)
#14 1.623 Downloading pymongo-4.7.2-cp312-cp312-manylinux_2_17_aarch64.manylinux2014_aarch64.whl (688 kB)
#14 1.849    ━━━━━━━━━━━━━━━━━━━━━━━━━━━━━━━━━━━━━━━━ 689.0/689.0 kB 4.0 MB/s eta 0:00:00
#14 1.894 Downloading redis-5.0.5-py3-none-any.whl (251 kB)
#14 2.014 Downloading psycopg2_binary-2.9.9-cp312-cp312-manylinux_2_17_aarch64.manylinux2014_aarch64.whl (2.9 MB)
#14 2.833    ━━━━━━━━━━━━━━━━━━━━━━━━━━━━━━━━━━━━━━━━ 2.9/2.9 MB 3.6 MB/s eta 0:00:00
#14 2.858 Downloading dnspython-2.8.0-py3-none-any.whl (331 kB)
#14 ...

#15 [consumer 4/5] RUN pip install --no-cache-dir -r requirements.txt
#15 1.291 Collecting pymongo==4.7.2 (from -r requirements.txt (line 1))
#15 1.365   Downloading pymongo-4.7.2-cp312-cp312-manylinux_2_17_aarch64.manylinux2014_aarch64.whl.metadata (22 kB)
#15 1.432 Collecting redis==5.0.5 (from -r requirements.txt (line 2))
#15 1.451   Downloading redis-5.0.5-py3-none-any.whl.metadata (9.3 kB)
#15 1.526 Collecting psycopg2-binary==2.9.9 (from -r requirements.txt (line 3))
#15 1.546   Downloading psycopg2_binary-2.9.9-cp312-cp312-manylinux_2_17_aarch64.manylinux2014_aarch64.whl.metadata (4.4 kB)
#15 1.580 Collecting dnspython<3.0.0,>=1.16.0 (from pymongo==4.7.2->-r requirements.txt (line 1))
#15 1.597   Downloading dnspython-2.8.0-py3-none-any.whl.metadata (5.7 kB)
#15 1.622 Downloading pymongo-4.7.2-cp312-cp312-manylinux_2_17_aarch64.manylinux2014_aarch64.whl (688 kB)
#15 1.784    ━━━━━━━━━━━━━━━━━━━━━━━━━━━━━━━━━━━━━━━━ 689.0/689.0 kB 6.4 MB/s eta 0:00:00
#15 1.807 Downloading redis-5.0.5-py3-none-any.whl (251 kB)
#15 1.850 Downloading psycopg2_binary-2.9.9-cp312-cp312-manylinux_2_17_aarch64.manylinux2014_aarch64.whl (2.9 MB)
#15 2.207    ━━━━━━━━━━━━━━━━━━━━━━━━━━━━━━━━━━━━━━━━ 2.9/2.9 MB 7.7 MB/s eta 0:00:00
#15 2.229 Downloading dnspython-2.8.0-py3-none-any.whl (331 kB)
#15 2.338 Installing collected packages: redis, psycopg2-binary, dnspython, pymongo
#15 2.660 Successfully installed dnspython-2.8.0 psycopg2-binary-2.9.9 pymongo-4.7.2 redis-5.0.5
#15 2.660 WARNING: Running pip as the 'root' user can result in broken permissions and conflicting behaviour with the system package manager, possibly rendering your system unusable. It is recommended to use a virtual environment instead: https://pip.pypa.io/warnings/venv. Use the --root-user-action option if you know what you are doing and want to suppress this warning.
#15 2.938 
#15 2.938 [notice] A new release of pip is available: 25.0.1 -> 26.0.1
#15 2.938 [notice] To update, run: pip install --upgrade pip
#15 DONE 3.1s

#14 [saga 4/7] RUN pip install --no-cache-dir -r saga/requirements.txt
#14 2.935 Installing collected packages: redis, psycopg2-binary, dnspython, pymongo
#14 ...

#16 [consumer 5/5] COPY . .
#16 DONE 0.0s

#14 [saga 4/7] RUN pip install --no-cache-dir -r saga/requirements.txt
#14 3.281 Successfully installed dnspython-2.8.0 psycopg2-binary-2.9.9 pymongo-4.7.2 redis-5.0.5
#14 3.281 WARNING: Running pip as the 'root' user can result in broken permissions and conflicting behaviour with the system package manager, possibly rendering your system unusable. It is recommended to use a virtual environment instead: https://pip.pypa.io/warnings/venv. Use the --root-user-action option if you know what you are doing and want to suppress this warning.
#14 3.460 
#14 3.460 [notice] A new release of pip is available: 25.0.1 -> 26.0.1
#14 3.460 [notice] To update, run: pip install --upgrade pip
#14 DONE 3.5s

#17 [saga 5/7] COPY write-api/events.py write-api/
#17 DONE 0.0s

#18 [saga 6/7] COPY saga/ saga/
#18 DONE 0.0s

#19 [saga 7/7] WORKDIR /service/saga
#19 DONE 0.0s

#20 [saga] exporting to image
#20 exporting layers
#20 ...

#21 [consumer] exporting to image
#21 exporting layers 0.5s done
#21 exporting manifest sha256:817b44048008285ed12e302ec5c91bedca73e39fc72dc54bb5ba0db522c82a69 done
#21 exporting config sha256:bed46d7502549753358f1b2c04924df2e254900ea6451a1e035b5030ef537811 done
#21 exporting attestation manifest sha256:ad8dcd4b6cea04f0b03bf0e606f0f30c0c549952fa4b2478952c9b7683b086b1 done
#21 exporting manifest list sha256:3c12153e33d6270c766bf4320cc60630bd16ef9868688e7de824388babc1ff89 done
#21 naming to docker.io/library/cqrs-consumer:latest done
#21 unpacking to docker.io/library/cqrs-consumer:latest 0.1s done
#21 DONE 0.7s

#22 [consumer] resolving provenance for metadata file
#22 DONE 0.0s

#20 [saga] exporting to image
#20 exporting layers 0.6s done
#20 exporting manifest sha256:724360582ff2362f9ecf0823df20131d5a40b0a650b756c6593c47a9720939d8
#20 exporting manifest sha256:724360582ff2362f9ecf0823df20131d5a40b0a650b756c6593c47a9720939d8 done
#20 exporting config sha256:ad20c0085327da38278e8554a1d28fa4933663899a74adc4a4d9ef577fd8273e done
#20 exporting attestation manifest sha256:9cb20b30370b763fb021dc98b5a763c54088c43a2a85c1a819a4557b7eec8fc1 0.0s done
#20 exporting manifest list sha256:8570a50c2d21925c4db3384fd2c4958dde4da53fcf916683630c6d44688e73f7 done
#20 naming to docker.io/library/cqrs-saga:latest done
#20 unpacking to docker.io/library/cqrs-saga:latest 0.1s done
#20 DONE 0.7s

#23 [saga] resolving provenance for metadata file
#23 DONE 0.0s
 cqrs-consumer  Built
 cqrs-saga  Built
time="2026-04-26T03:09:07+05:30" level=warning msg="/Users/akankshawattamwar/Desktop/CS315/CQRS/docker-compose.yml: the attribute `version` is obsolete, it will be ignored, please remove it to avoid potential confusion"
#1 [internal] load local bake definitions
#1 reading from stdin 2.42kB done
#1 DONE 0.0s

#2 [saga internal] load build definition from Dockerfile
#2 transferring dockerfile: 365B done
#2 DONE 0.0s

#3 [consumer internal] load build definition from Dockerfile
#3 transferring dockerfile: 186B done
#3 DONE 0.0s

#4 [read-api internal] load build definition from Dockerfile
#4 transferring dockerfile: 225B done
#4 DONE 0.0s

#5 [write-api internal] load build definition from Dockerfile
#5 transferring dockerfile: 225B done
#5 DONE 0.0s

#6 [frontend internal] load build definition from Dockerfile
#6 transferring dockerfile: 271B done
#6 DONE 0.0s

#7 [read-api internal] load metadata for docker.io/library/python:3.12-slim
#7 ...

#8 [frontend internal] load metadata for docker.io/library/node:20-alpine
#8 DONE 0.4s

#9 [frontend internal] load metadata for docker.io/library/nginx:alpine
#9 DONE 0.4s

#7 [consumer internal] load metadata for docker.io/library/python:3.12-slim
#7 DONE 0.4s

#10 [frontend internal] load .dockerignore
#10 transferring context: 2B done
#10 DONE 0.0s

#11 [consumer internal] load .dockerignore
#11 transferring context: 2B done
#11 DONE 0.0s

#12 [saga internal] load .dockerignore
#12 transferring context: 2B done
#12 DONE 0.0s

#13 [write-api internal] load .dockerignore
#13 transferring context: 2B done
#13 DONE 0.0s

#14 [read-api internal] load .dockerignore
#14 transferring context: 2B done
#14 DONE 0.0s

#15 [write-api internal] load build context
#15 transferring context: 341B done
#15 DONE 0.0s

#16 [read-api internal] load build context
#16 transferring context: 258B done
#16 DONE 0.0s

#17 [consumer internal] load build context
#17 transferring context: 308B done
#17 DONE 0.0s

#18 [frontend build 1/6] FROM docker.io/library/node:20-alpine@sha256:fb4cd12c85ee03686f6af5362a0b0d56d50c58a04632e6c0fb8363f609372293
#18 resolve docker.io/library/node:20-alpine@sha256:fb4cd12c85ee03686f6af5362a0b0d56d50c58a04632e6c0fb8363f609372293 0.0s done
#18 DONE 0.0s

#19 [frontend stage-1 1/3] FROM docker.io/library/nginx:alpine@sha256:5616878291a2eed594aee8db4dade5878cf7edcb475e59193904b198d9b830de
#19 resolve docker.io/library/nginx:alpine@sha256:5616878291a2eed594aee8db4dade5878cf7edcb475e59193904b198d9b830de 0.0s done
#19 DONE 0.0s

#20 [write-api 1/5] FROM docker.io/library/python:3.12-slim@sha256:46cb7cc2877e60fbd5e21a9ae6115c30ace7a077b9f8772da879e4590c18c2e3
#20 resolve docker.io/library/python:3.12-slim@sha256:46cb7cc2877e60fbd5e21a9ae6115c30ace7a077b9f8772da879e4590c18c2e3 0.0s done
#20 DONE 0.0s

#21 [saga internal] load build context
#21 transferring context: 386B done
#21 DONE 0.0s

#22 [frontend internal] load build context
#22 transferring context: 185.58kB 0.1s done
#22 DONE 0.1s

#23 [write-api 4/5] RUN pip install --no-cache-dir -r requirements.txt
#23 CACHED

#24 [write-api 3/5] COPY requirements.txt .
#24 CACHED

#25 [write-api 2/5] WORKDIR /app
#25 CACHED

#26 [write-api 5/5] COPY . .
#26 CACHED

#27 [read-api 4/5] RUN pip install --no-cache-dir -r requirements.txt
#27 CACHED

#28 [read-api 3/5] COPY requirements.txt .
#28 CACHED

#29 [read-api 5/5] COPY . .
#29 CACHED

#25 [consumer 2/5] WORKDIR /app
#25 CACHED

#30 [consumer 3/5] COPY requirements.txt .
#30 CACHED

#31 [consumer 4/5] RUN pip install --no-cache-dir -r requirements.txt
#31 CACHED

#32 [consumer 5/5] COPY . .
#32 CACHED

#33 [write-api] exporting to image
#33 exporting layers done
#33 exporting manifest sha256:92a21a99b40b6531c5801222236f42d6aa7bbf8b65d7634fc566f9392602e764 done
#33 exporting config sha256:be9fb26fa271ebf0c525960e70f2e967c21bf78a1eb2b7a7dc06e6d3ff4d3f55 done
#33 exporting attestation manifest sha256:5e6d2be5a7a10611d5739120b914969fc505f2803b9a2369720fd16b982ff22b done
#33 exporting manifest list sha256:3a4383f751f55e921c37d3ecf769fb7d16f498512ef521519b7c2e5b8d23a745 done
#33 naming to docker.io/library/cqrs-write-api:latest done
#33 unpacking to docker.io/library/cqrs-write-api:latest 0.0s done
#33 DONE 0.1s

#34 [frontend build 5/6] COPY . .
#34 CACHED

#35 [frontend build 2/6] WORKDIR /app
#35 CACHED

#36 [frontend build 4/6] RUN npm install
#36 CACHED

#37 [frontend stage-1 2/3] COPY --from=build /app/dist /usr/share/nginx/html
#37 CACHED

#38 [frontend build 3/6] COPY package.json ./
#38 CACHED

#39 [frontend build 6/6] RUN npm run build
#39 CACHED

#40 [frontend stage-1 3/3] COPY nginx.conf /etc/nginx/conf.d/default.conf
#40 CACHED

#41 [saga 5/7] COPY write-api/events.py write-api/
#41 CACHED

#42 [saga 2/7] WORKDIR /service
#42 CACHED

#43 [saga 4/7] RUN pip install --no-cache-dir -r saga/requirements.txt
#43 CACHED

#44 [saga 3/7] COPY saga/requirements.txt saga/
#44 CACHED

#45 [saga 6/7] COPY saga/ saga/
#45 CACHED

#46 [saga 7/7] WORKDIR /service/saga
#46 CACHED

#47 [read-api] exporting to image
#47 exporting layers done
#47 exporting manifest sha256:c63ee61fb06e4bd063e843362129b868354c2f94e2566ad3c11bbd0548881470 done
#47 exporting config sha256:46bb870cf8127e2823c379c44ac9a3c0d6ee66fd1b3343341206f22ff23f7f62 done
#47 exporting attestation manifest sha256:9f17e67f985efe2dedbe1c46f3e4e057db5814267f27141d57745f23e73964c1 0.0s done
#47 exporting manifest list sha256:e636c8b492775c5f7cd40bbec5850cf9821674f450905489ed1282d237785fdd done
#47 naming to docker.io/library/cqrs-read-api:latest done
#47 unpacking to docker.io/library/cqrs-read-api:latest done
#47 DONE 0.1s

#48 [consumer] exporting to image
#48 exporting layers done
#48 exporting manifest sha256:817b44048008285ed12e302ec5c91bedca73e39fc72dc54bb5ba0db522c82a69 done
#48 exporting config sha256:bed46d7502549753358f1b2c04924df2e254900ea6451a1e035b5030ef537811 done
#48 exporting attestation manifest sha256:ba9ec3ec11e9cf610e02ff3d28134f5a88fdd97a3921b7f326ffddeb675503cc 0.0s done
#48 exporting manifest list sha256:d6282496c9e1b7fc7b45499fdd03cbe87dddd5d1b14b635c8cbc916f620e76e7 done
#48 naming to docker.io/library/cqrs-consumer:latest done
#48 unpacking to docker.io/library/cqrs-consumer:latest done
#48 DONE 0.1s

#49 [saga] exporting to image
#49 exporting layers done
#49 exporting manifest sha256:724360582ff2362f9ecf0823df20131d5a40b0a650b756c6593c47a9720939d8 done
#49 exporting config sha256:ad20c0085327da38278e8554a1d28fa4933663899a74adc4a4d9ef577fd8273e done
#49 exporting attestation manifest sha256:dca5bf4eb597375e589c4641c9790f7b4a373a7d4345b54c2aeabe199b6c72ae 0.0s done
#49 exporting manifest list sha256:19a17d331068c86280855980e8db6cae56188411dce0ad5d866d7bae77be43d4 done
#49 naming to docker.io/library/cqrs-saga:latest done
#49 unpacking to docker.io/library/cqrs-saga:latest 0.0s done
#49 DONE 0.1s

#50 [frontend] exporting to image
#50 exporting layers done
#50 exporting manifest sha256:32782dd8e2053c61118ccbb621867087941de406675097f92803716fedafab00 done
#50 exporting config sha256:64d46ad231b32d64275256ac207db88e0b5dd078678dcdc752d464f80305d609 done
#50 exporting attestation manifest sha256:fce84c6662c3de0ac86d620563fcf5552853075900846cf33daa4fadc5f896ff 0.0s done
#50 exporting manifest list sha256:ed8e019fde6eb6e65807ed35f2409f21646ef08d34a5b6ef5abfcd22d6740479 done
#50 naming to docker.io/library/cqrs-frontend:latest done
#50 unpacking to docker.io/library/cqrs-frontend:latest 0.1s done
#50 DONE 0.1s

#51 [read-api] resolving provenance for metadata file
#51 DONE 0.0s

#52 [write-api] resolving provenance for metadata file
#52 DONE 0.0s

#53 [saga] resolving provenance for metadata file
#53 DONE 0.0s

#54 [frontend] resolving provenance for metadata file
#54 DONE 0.0s

#55 [consumer] resolving provenance for metadata file
#55 DONE 0.0s
 cqrs-saga  Built
 cqrs-write-api  Built
 cqrs-consumer  Built
 cqrs-read-api  Built
 cqrs-frontend  Built
 Network cqrs_default  Creating
 Network cqrs_default  Created
 Volume "cqrs_mongo_data"  Creating
 Volume "cqrs_mongo_data"  Created
 Volume "cqrs_postgres_data"  Creating
 Volume "cqrs_postgres_data"  Created
 Container cqrs-redis-stream-1  Creating
 Container cqrs-redis-cache-1  Creating
 Container cqrs-postgres-1  Creating
 Container cqrs-mongodb-1  Creating
 Container cqrs-mongodb-1  Created
 Container cqrs-postgres-1  Created
 Container cqrs-redis-cache-1  Created
 Container cqrs-read-api-1  Creating
 Container cqrs-redis-stream-1  Created
 Container cqrs-consumer-1  Creating
 Container cqrs-saga-1  Creating
 Container cqrs-write-api-1  Creating
 Container cqrs-read-api-1  Created
 Container cqrs-frontend-1  Creating
 Container cqrs-saga-1  Created
 Container cqrs-consumer-1  Created
 Container cqrs-write-api-1  Created
 Container cqrs-frontend-1  Created
 Container cqrs-redis-cache-1  Starting
 Container cqrs-postgres-1  Starting
 Container cqrs-mongodb-1  Starting
 Container cqrs-redis-stream-1  Starting
 Container cqrs-mongodb-1  Started
 Container cqrs-postgres-1  Started
 Container cqrs-redis-cache-1  Started
 Container cqrs-postgres-1  Waiting
 Container cqrs-redis-cache-1  Waiting
 Container cqrs-redis-stream-1  Started
 Container cqrs-redis-stream-1  Waiting
 Container cqrs-postgres-1  Waiting
 Container cqrs-mongodb-1  Waiting
 Container cqrs-redis-stream-1  Waiting
 Container cqrs-redis-cache-1  Waiting
 Container cqrs-redis-stream-1  Waiting
 Container cqrs-mongodb-1  Waiting
 Container cqrs-postgres-1  Waiting
 Container cqrs-mongodb-1  Waiting
 Container cqrs-postgres-1  Healthy
 Container cqrs-redis-cache-1  Healthy
 Container cqrs-read-api-1  Starting
 Container cqrs-redis-stream-1  Healthy
 Container cqrs-redis-stream-1  Healthy
 Container cqrs-redis-cache-1  Healthy
 Container cqrs-postgres-1  Healthy
 Container cqrs-postgres-1  Healthy
 Container cqrs-redis-stream-1  Healthy
 Container cqrs-read-api-1  Started
 Container cqrs-frontend-1  Starting
 Container cqrs-frontend-1  Started
 Container cqrs-mongodb-1  Healthy
 Container cqrs-consumer-1  Starting
 Container cqrs-mongodb-1  Healthy
 Container cqrs-write-api-1  Starting
 Container cqrs-mongodb-1  Healthy
 Container cqrs-saga-1  Starting
 Container cqrs-saga-1  Started
 Container cqrs-write-api-1  Started
 Container cqrs-consumer-1  Started
Waiting for APIs to be ready...
Clearing MongoDB events and sagas...
time="2026-04-26T03:09:21+05:30" level=warning msg="/Users/akankshawattamwar/Desktop/CS315/CQRS/docker-compose.yml: the attribute `version` is obsolete, it will be ignored, please remove it to avoid potential confusion"
MongoDB cleared
All services up.
Logs: docker compose logs -f [write-api|read-api|consumer|saga]

=======================================================

[34mRunning benchmark (N=1000, consumer delay=0.01s/event) — no cache...[0m

[1m[94m=======================================================[0m
[1m[94m  READER BENCHMARK — Read-Your-Writes Lag (baseline)[0m
[1m[94m=======================================================[0m
  [93m→[0m  Placing 1000 orders sequentially and measuring GET-after-POST lag
  [93m→[0m  Poll interval: 2ms (so floor resolution ≈ 2ms)
    ...10/1000 orders placed & read
    ...20/1000 orders placed & read
    ...30/1000 orders placed & read
    ...40/1000 orders placed & read
    ...50/1000 orders placed & read
    ...60/1000 orders placed & read
    ...70/1000 orders placed & read
    ...80/1000 orders placed & read
    ...90/1000 orders placed & read
    ...100/1000 orders placed & read
    ...110/1000 orders placed & read
    ...120/1000 orders placed & read
    ...130/1000 orders placed & read
    ...140/1000 orders placed & read
    ...150/1000 orders placed & read
    ...160/1000 orders placed & read
    ...170/1000 orders placed & read
    ...180/1000 orders placed & read
    ...190/1000 orders placed & read
    ...200/1000 orders placed & read
    ...210/1000 orders placed & read
    ...220/1000 orders placed & read
    ...230/1000 orders placed & read
    ...240/1000 orders placed & read
    ...250/1000 orders placed & read
    ...260/1000 orders placed & read
    ...270/1000 orders placed & read
    ...280/1000 orders placed & read
    ...290/1000 orders placed & read
    ...300/1000 orders placed & read
    ...310/1000 orders placed & read
    ...320/1000 orders placed & read
    ...330/1000 orders placed & read
    ...340/1000 orders placed & read
    ...350/1000 orders placed & read
    ...360/1000 orders placed & read
    ...370/1000 orders placed & read
    ...380/1000 orders placed & read
    ...390/1000 orders placed & read
    ...400/1000 orders placed & read
    ...410/1000 orders placed & read
    ...420/1000 orders placed & read
    ...430/1000 orders placed & read
    ...440/1000 orders placed & read
    ...450/1000 orders placed & read
    ...460/1000 orders placed & read
    ...470/1000 orders placed & read
    ...480/1000 orders placed & read
    ...490/1000 orders placed & read
    ...500/1000 orders placed & read
    ...510/1000 orders placed & read
    ...520/1000 orders placed & read
    ...530/1000 orders placed & read
    ...540/1000 orders placed & read
    ...550/1000 orders placed & read
    ...560/1000 orders placed & read
    ...570/1000 orders placed & read
    ...580/1000 orders placed & read
    ...590/1000 orders placed & read
    ...600/1000 orders placed & read
    ...610/1000 orders placed & read
    ...620/1000 orders placed & read
    ...630/1000 orders placed & read
    ...640/1000 orders placed & read
    ...650/1000 orders placed & read
    ...660/1000 orders placed & read
    ...670/1000 orders placed & read
    ...680/1000 orders placed & read
    ...690/1000 orders placed & read
    ...700/1000 orders placed & read
    ...710/1000 orders placed & read
    ...720/1000 orders placed & read
    ...730/1000 orders placed & read
    ...740/1000 orders placed & read
    ...750/1000 orders placed & read
    ...760/1000 orders placed & read
    ...770/1000 orders placed & read
    ...780/1000 orders placed & read
    ...790/1000 orders placed & read
    ...800/1000 orders placed & read
    ...810/1000 orders placed & read
    ...820/1000 orders placed & read
    ...830/1000 orders placed & read
    ...840/1000 orders placed & read
    ...850/1000 orders placed & read
    ...860/1000 orders placed & read
    ...870/1000 orders placed & read
    ...880/1000 orders placed & read
    ...890/1000 orders placed & read
    ...900/1000 orders placed & read
    ...910/1000 orders placed & read
    ...920/1000 orders placed & read
    ...930/1000 orders placed & read
    ...940/1000 orders placed & read
    ...950/1000 orders placed & read
    ...960/1000 orders placed & read
    ...970/1000 orders placed & read
    ...980/1000 orders placed & read
    ...990/1000 orders placed & read
    ...1000/1000 orders placed & read

  [1mResults  (N=1000, failures=0, wall=55.3s)[0m
  metric             p50       p95       p99       max      mean
  POST ms            2.8       3.9       5.3      25.3       2.9
  RYW lag ms        53.8      58.3      67.9     104.7      52.4
  polls                9         9        10        14       8.4

  [1mRYW lag distribution[0m
  [    0 –     5 ms]     0  
  [    5 –    10 ms]     0  
  [   10 –    20 ms]     1  
  [   20 –    50 ms]   237  █████████
  [   50 –   100 ms]   761  ██████████████████████████████
  [  100 –   250 ms]     1  
  [  250 –   500 ms]     0  
  [  500 –  1000 ms]     0  
  [ 1000 – 10000 ms]     0  
  [92m✓[0m  Raw samples written to /tmp/reader_baseline.csv
  [93m→[0m  After implementing the cache, rerun the same command and diff the RYW lag.

=======================================================

[1mPHASE 2 of 2 — CACHE ENABLED + SLOW CONSUMER[0m
  Restarting with --delay 0.01 (cache on) ...
Stopping services and wiping volumes...

  cache:    enabled  (redis-cache :6380, 2MB allkeys-lru)
  consumer: SLOW (0.01s/event)
  saga:     fast
  stream:   redis-stream :6379  (no memory limit)

Starting services...
time="2026-04-26T03:10:28+05:30" level=warning msg="/Users/akankshawattamwar/Desktop/CS315/CQRS/docker-compose.yml: the attribute `version` is obsolete, it will be ignored, please remove it to avoid potential confusion"
#1 [internal] load local bake definitions
#1 reading from stdin 1.05kB done
#1 DONE 0.0s

#2 [consumer internal] load build definition from Dockerfile
#2 transferring dockerfile: 186B done
#2 DONE 0.0s

#3 [saga internal] load build definition from Dockerfile
#3 transferring dockerfile: 365B done
#3 DONE 0.0s

#4 [consumer internal] load metadata for docker.io/library/python:3.12-slim
#4 DONE 1.0s

#5 [consumer internal] load .dockerignore
#5 transferring context: 2B done
#5 DONE 0.0s

#6 [saga internal] load .dockerignore
#6 transferring context: 2B done
#6 DONE 0.0s

#7 [consumer internal] load build context
#7 transferring context: 308B done
#7 DONE 0.0s

#8 [consumer 1/5] FROM docker.io/library/python:3.12-slim@sha256:46cb7cc2877e60fbd5e21a9ae6115c30ace7a077b9f8772da879e4590c18c2e3
#8 resolve docker.io/library/python:3.12-slim@sha256:46cb7cc2877e60fbd5e21a9ae6115c30ace7a077b9f8772da879e4590c18c2e3 done
#8 DONE 0.0s

#9 [saga 2/7] WORKDIR /service
#9 CACHED

#10 [consumer 2/5] WORKDIR /app
#10 CACHED

#11 [saga internal] load build context
#11 transferring context: 386B done
#11 DONE 0.0s

#12 [consumer 3/5] COPY requirements.txt .
#12 DONE 0.0s

#13 [saga 3/7] COPY saga/requirements.txt saga/
#13 DONE 0.0s

#14 [saga 4/7] RUN pip install --no-cache-dir -r saga/requirements.txt
#14 1.381 Collecting pymongo==4.7.2 (from -r saga/requirements.txt (line 1))
#14 1.524   Downloading pymongo-4.7.2-cp312-cp312-manylinux_2_17_aarch64.manylinux2014_aarch64.whl.metadata (22 kB)
#14 1.597 Collecting redis==5.0.5 (from -r saga/requirements.txt (line 2))
#14 1.614   Downloading redis-5.0.5-py3-none-any.whl.metadata (9.3 kB)
#14 1.689 Collecting psycopg2-binary==2.9.9 (from -r saga/requirements.txt (line 3))
#14 1.706   Downloading psycopg2_binary-2.9.9-cp312-cp312-manylinux_2_17_aarch64.manylinux2014_aarch64.whl.metadata (4.4 kB)
#14 1.733 Collecting dnspython<3.0.0,>=1.16.0 (from pymongo==4.7.2->-r saga/requirements.txt (line 1))
#14 1.752   Downloading dnspython-2.8.0-py3-none-any.whl.metadata (5.7 kB)
#14 1.776 Downloading pymongo-4.7.2-cp312-cp312-manylinux_2_17_aarch64.manylinux2014_aarch64.whl (688 kB)
#14 2.074    ━━━━━━━━━━━━━━━━━━━━━━━━━━━━━━━━━━━━━━━━ 689.0/689.0 kB 3.3 MB/s eta 0:00:00
#14 2.097 Downloading redis-5.0.5-py3-none-any.whl (251 kB)
#14 2.173 Downloading psycopg2_binary-2.9.9-cp312-cp312-manylinux_2_17_aarch64.manylinux2014_aarch64.whl (2.9 MB)
#14 2.919    ━━━━━━━━━━━━━━━━━━━━━━━━━━━━━━━━━━━━━━━━ 2.9/2.9 MB 3.7 MB/s eta 0:00:00
#14 2.948 Downloading dnspython-2.8.0-py3-none-any.whl (331 kB)
#14 3.044 Installing collected packages: redis, psycopg2-binary, dnspython, pymongo
#14 3.389 Successfully installed dnspython-2.8.0 psycopg2-binary-2.9.9 pymongo-4.7.2 redis-5.0.5
#14 3.389 WARNING: Running pip as the 'root' user can result in broken permissions and conflicting behaviour with the system package manager, possibly rendering your system unusable. It is recommended to use a virtual environment instead: https://pip.pypa.io/warnings/venv. Use the --root-user-action option if you know what you are doing and want to suppress this warning.
#14 3.498 
#14 3.498 [notice] A new release of pip is available: 25.0.1 -> 26.0.1
#14 3.498 [notice] To update, run: pip install --upgrade pip
#14 DONE 3.6s

#15 [saga 5/7] COPY write-api/events.py write-api/
#15 DONE 0.0s

#16 [saga 6/7] COPY saga/ saga/
#16 DONE 0.0s

#17 [consumer 4/5] RUN pip install --no-cache-dir -r requirements.txt
#17 1.387 Collecting pymongo==4.7.2 (from -r requirements.txt (line 1))
#17 1.539   Downloading pymongo-4.7.2-cp312-cp312-manylinux_2_17_aarch64.manylinux2014_aarch64.whl.metadata (22 kB)
#17 1.615 Collecting redis==5.0.5 (from -r requirements.txt (line 2))
#17 1.636   Downloading redis-5.0.5-py3-none-any.whl.metadata (9.3 kB)
#17 1.706 Collecting psycopg2-binary==2.9.9 (from -r requirements.txt (line 3))
#17 1.724   Downloading psycopg2_binary-2.9.9-cp312-cp312-manylinux_2_17_aarch64.manylinux2014_aarch64.whl.metadata (4.4 kB)
#17 1.751 Collecting dnspython<3.0.0,>=1.16.0 (from pymongo==4.7.2->-r requirements.txt (line 1))
#17 1.769   Downloading dnspython-2.8.0-py3-none-any.whl.metadata (5.7 kB)
#17 1.792 Downloading pymongo-4.7.2-cp312-cp312-manylinux_2_17_aarch64.manylinux2014_aarch64.whl (688 kB)
#17 2.097    ━━━━━━━━━━━━━━━━━━━━━━━━━━━━━━━━━━━━━━━━ 689.0/689.0 kB 2.6 MB/s eta 0:00:00
#17 2.120 Downloading redis-5.0.5-py3-none-any.whl (251 kB)
#17 2.193 Downloading psycopg2_binary-2.9.9-cp312-cp312-manylinux_2_17_aarch64.manylinux2014_aarch64.whl (2.9 MB)
#17 3.083    ━━━━━━━━━━━━━━━━━━━━━━━━━━━━━━━━━━━━━━━━ 2.9/2.9 MB 3.2 MB/s eta 0:00:00
#17 3.101 Downloading dnspython-2.8.0-py3-none-any.whl (331 kB)
#17 3.156 Installing collected packages: redis, psycopg2-binary, dnspython, pymongo
#17 3.487 Successfully installed dnspython-2.8.0 psycopg2-binary-2.9.9 pymongo-4.7.2 redis-5.0.5
#17 3.488 WARNING: Running pip as the 'root' user can result in broken permissions and conflicting behaviour with the system package manager, possibly rendering your system unusable. It is recommended to use a virtual environment instead: https://pip.pypa.io/warnings/venv. Use the --root-user-action option if you know what you are doing and want to suppress this warning.
#17 3.618 
#17 3.618 [notice] A new release of pip is available: 25.0.1 -> 26.0.1
#17 3.618 [notice] To update, run: pip install --upgrade pip
#17 DONE 3.7s

#18 [saga 7/7] WORKDIR /service/saga
#18 DONE 0.0s

#19 [consumer 5/5] COPY . .
#19 DONE 0.0s

#20 [consumer] exporting to image
#20 exporting layers
#20 exporting layers 0.5s done
#20 exporting manifest sha256:935accbac8d5b2e98cfef7aec5e742dc305e6efc79842f3f162e0add9c6f8973 done
#20 exporting config sha256:f79054e05a51da8c9233f2d4a1bcb3d29c5ab2e89748d215bd988dd2c7d03461 done
#20 exporting attestation manifest sha256:d92b8fb0bd0bd12adbc50d18109a16526cc1fd746582c9609d6b6c6b7b3b4a93 done
#20 exporting manifest list sha256:022d9f68b247d3bfcdcec09f7b9822bc0c26bfc5be3de8acf88acf527cd48f6e done
#20 naming to docker.io/library/cqrs-consumer:latest done
#20 unpacking to docker.io/library/cqrs-consumer:latest
#20 ...

#21 [saga] exporting to image
#21 exporting layers 0.6s done
#21 exporting manifest sha256:33124ccf9238a35fd5975ef844733d647069befbcb42c565f7fe0c856c400e05 done
#21 exporting config sha256:d96b92dad8593a2026c0faa662723642af02b823af699f570db51cc7d5116eac done
#21 exporting attestation manifest sha256:d00f21373c5ffa68b556930ef52d94e4d5f8110148c73f92d99460d85bceac42 done
#21 exporting manifest list sha256:a185bc3418963067d7f5577de1c6aa1eb24fbbe899709b13d56ed174ba1df509 done
#21 naming to docker.io/library/cqrs-saga:latest done
#21 unpacking to docker.io/library/cqrs-saga:latest 0.1s done
#21 DONE 0.7s

#20 [consumer] exporting to image
#20 unpacking to docker.io/library/cqrs-consumer:latest 0.2s done
#20 DONE 0.7s

#22 [saga] resolving provenance for metadata file
#22 DONE 0.0s

#23 [consumer] resolving provenance for metadata file
#23 DONE 0.0s
 cqrs-consumer  Built
 cqrs-saga  Built
time="2026-04-26T03:10:34+05:30" level=warning msg="/Users/akankshawattamwar/Desktop/CS315/CQRS/docker-compose.yml: the attribute `version` is obsolete, it will be ignored, please remove it to avoid potential confusion"
#1 [internal] load local bake definitions
#1 reading from stdin 2.42kB done
#1 DONE 0.0s

#2 [frontend internal] load build definition from Dockerfile
#2 transferring dockerfile: 271B done
#2 DONE 0.0s

#3 [saga internal] load build definition from Dockerfile
#3 transferring dockerfile: 365B done
#3 DONE 0.0s

#4 [read-api internal] load build definition from Dockerfile
#4 transferring dockerfile: 225B done
#4 DONE 0.0s

#5 [consumer internal] load build definition from Dockerfile
#5 transferring dockerfile: 186B done
#5 DONE 0.0s

#6 [write-api internal] load build definition from Dockerfile
#6 transferring dockerfile: 225B done
#6 DONE 0.0s

#7 [consumer internal] load metadata for docker.io/library/python:3.12-slim
#7 DONE 0.4s

#8 [saga internal] load .dockerignore
#8 transferring context: 2B done
#8 DONE 0.0s

#9 [write-api internal] load .dockerignore
#9 transferring context: 2B done
#9 DONE 0.0s

#10 [consumer internal] load .dockerignore
#10 transferring context: 2B done
#10 DONE 0.0s

#11 [read-api internal] load .dockerignore
#11 transferring context: 2B done
#11 DONE 0.0s

#12 [write-api internal] load build context
#12 transferring context: 341B done
#12 DONE 0.0s

#13 [consumer internal] load build context
#13 transferring context: 308B done
#13 DONE 0.0s

#14 [read-api internal] load build context
#14 transferring context: 258B done
#14 DONE 0.0s

#15 [read-api 1/5] FROM docker.io/library/python:3.12-slim@sha256:46cb7cc2877e60fbd5e21a9ae6115c30ace7a077b9f8772da879e4590c18c2e3
#15 resolve docker.io/library/python:3.12-slim@sha256:46cb7cc2877e60fbd5e21a9ae6115c30ace7a077b9f8772da879e4590c18c2e3 0.0s done
#15 DONE 0.0s

#16 [saga internal] load build context
#16 transferring context: 386B done
#16 DONE 0.0s

#17 [write-api 3/5] COPY requirements.txt .
#17 CACHED

#18 [write-api 4/5] RUN pip install --no-cache-dir -r requirements.txt
#18 CACHED

#19 [read-api 4/5] RUN pip install --no-cache-dir -r requirements.txt
#19 CACHED

#20 [read-api 3/5] COPY requirements.txt .
#20 CACHED

#21 [consumer 4/5] RUN pip install --no-cache-dir -r requirements.txt
#21 CACHED

#22 [write-api 2/5] WORKDIR /app
#22 CACHED

#23 [consumer 3/5] COPY requirements.txt .
#23 CACHED

#24 [read-api 5/5] COPY . .
#24 CACHED

#25 [write-api 5/5] COPY . .
#25 CACHED

#26 [consumer 5/5] COPY . .
#26 CACHED

#27 [read-api] exporting to image
#27 exporting layers done
#27 exporting manifest sha256:c63ee61fb06e4bd063e843362129b868354c2f94e2566ad3c11bbd0548881470 done
#27 exporting config sha256:46bb870cf8127e2823c379c44ac9a3c0d6ee66fd1b3343341206f22ff23f7f62 done
#27 exporting attestation manifest sha256:73b8dd08baafc0932e75d93ada359be02e320e7bbd219bf7148e3404421a5cdf
#27 exporting attestation manifest sha256:73b8dd08baafc0932e75d93ada359be02e320e7bbd219bf7148e3404421a5cdf 0.0s done
#27 exporting manifest list sha256:e8468453ac10cea7712c8f6d66444970090d64af92916fda07a7803133b40f35 done
#27 naming to docker.io/library/cqrs-read-api:latest done
#27 unpacking to docker.io/library/cqrs-read-api:latest done
#27 DONE 0.1s

#28 [saga 6/7] COPY saga/ saga/
#28 CACHED

#29 [saga 3/7] COPY saga/requirements.txt saga/
#29 CACHED

#30 [saga 5/7] COPY write-api/events.py write-api/
#30 CACHED

#31 [saga 2/7] WORKDIR /service
#31 CACHED

#32 [saga 4/7] RUN pip install --no-cache-dir -r saga/requirements.txt
#32 CACHED

#33 [saga 7/7] WORKDIR /service/saga
#33 CACHED

#34 [write-api] exporting to image
#34 exporting layers done
#34 exporting manifest sha256:92a21a99b40b6531c5801222236f42d6aa7bbf8b65d7634fc566f9392602e764 done
#34 exporting config sha256:be9fb26fa271ebf0c525960e70f2e967c21bf78a1eb2b7a7dc06e6d3ff4d3f55 done
#34 exporting attestation manifest sha256:56993bc9929ae87686d1ae12c1baf8ac41db433a27fc6ae10b5e2c13254ccf2f 0.0s done
#34 exporting manifest list sha256:a8e190fee0506c0ec8a3867fd9108847d97c57e8976189320e8d7552f6051180 done
#34 naming to docker.io/library/cqrs-write-api:latest done
#34 unpacking to docker.io/library/cqrs-write-api:latest done
#34 DONE 0.1s

#35 [consumer] exporting to image
#35 exporting layers done
#35 exporting manifest sha256:935accbac8d5b2e98cfef7aec5e742dc305e6efc79842f3f162e0add9c6f8973 done
#35 exporting config sha256:f79054e05a51da8c9233f2d4a1bcb3d29c5ab2e89748d215bd988dd2c7d03461 done
#35 exporting attestation manifest sha256:f4c726222a92c9a3c13b2ad420d1f7e93cf4ce63990f4a95ef5a5a5a1f81bca9 0.0s done
#35 exporting manifest list sha256:63d46909cea0a15d8d3da69b5754c95c8fc6cb6e3c287c957dbf8d825e3f6ca3 done
#35 naming to docker.io/library/cqrs-consumer:latest done
#35 unpacking to docker.io/library/cqrs-consumer:latest done
#35 DONE 0.1s

#36 [saga] exporting to image
#36 exporting layers done
#36 exporting manifest sha256:33124ccf9238a35fd5975ef844733d647069befbcb42c565f7fe0c856c400e05 done
#36 exporting config sha256:d96b92dad8593a2026c0faa662723642af02b823af699f570db51cc7d5116eac done
#36 exporting attestation manifest sha256:78b710b5d7fe7f7ae8ae191f7902292df59430ef0f5679161cec722782345823 0.0s done
#36 exporting manifest list sha256:639648cccd6834e8647e00d84c3992027ef9f7359b53bf311c2c3e05d60160e5
#36 exporting manifest list sha256:639648cccd6834e8647e00d84c3992027ef9f7359b53bf311c2c3e05d60160e5 done
#36 naming to docker.io/library/cqrs-saga:latest done
#36 unpacking to docker.io/library/cqrs-saga:latest done
#36 DONE 0.1s

#37 [consumer] resolving provenance for metadata file
#37 DONE 0.0s

#38 [write-api] resolving provenance for metadata file
#38 DONE 0.1s

#39 [read-api] resolving provenance for metadata file
#39 DONE 0.1s

#40 [saga] resolving provenance for metadata file
#40 DONE 0.0s

#41 [frontend internal] load metadata for docker.io/library/node:20-alpine
#41 DONE 1.0s

#42 [frontend internal] load metadata for docker.io/library/nginx:alpine
#42 DONE 1.0s

#43 [frontend internal] load .dockerignore
#43 transferring context: 2B done
#43 DONE 0.0s

#44 [frontend stage-1 1/3] FROM docker.io/library/nginx:alpine@sha256:5616878291a2eed594aee8db4dade5878cf7edcb475e59193904b198d9b830de
#44 resolve docker.io/library/nginx:alpine@sha256:5616878291a2eed594aee8db4dade5878cf7edcb475e59193904b198d9b830de 0.0s done
#44 DONE 0.1s

#45 [frontend build 1/6] FROM docker.io/library/node:20-alpine@sha256:fb4cd12c85ee03686f6af5362a0b0d56d50c58a04632e6c0fb8363f609372293
#45 resolve docker.io/library/node:20-alpine@sha256:fb4cd12c85ee03686f6af5362a0b0d56d50c58a04632e6c0fb8363f609372293 0.0s done
#45 DONE 0.1s

#46 [frontend internal] load build context
#46 transferring context: 185.58kB 0.1s done
#46 DONE 0.1s

#47 [frontend build 4/6] RUN npm install
#47 CACHED

#48 [frontend build 6/6] RUN npm run build
#48 CACHED

#49 [frontend build 3/6] COPY package.json ./
#49 CACHED

#50 [frontend build 2/6] WORKDIR /app
#50 CACHED

#51 [frontend build 5/6] COPY . .
#51 CACHED

#52 [frontend stage-1 2/3] COPY --from=build /app/dist /usr/share/nginx/html
#52 CACHED

#53 [frontend stage-1 3/3] COPY nginx.conf /etc/nginx/conf.d/default.conf
#53 CACHED

#54 [frontend] exporting to image
#54 exporting layers done
#54 exporting manifest sha256:32782dd8e2053c61118ccbb621867087941de406675097f92803716fedafab00 done
#54 exporting config sha256:64d46ad231b32d64275256ac207db88e0b5dd078678dcdc752d464f80305d609 done
#54 exporting attestation manifest sha256:006be4008568bd7d208d0fbdaf29376a3e7243394cb0b13289049920caf36965 done
#54 exporting manifest list sha256:b0b42cbd6ba6a3bc9be3391909b6bcd0dd0aec257c481db0ef98080fddd18b91 done
#54 naming to docker.io/library/cqrs-frontend:latest done
#54 unpacking to docker.io/library/cqrs-frontend:latest done
#54 DONE 0.0s

#55 [frontend] resolving provenance for metadata file
#55 DONE 0.0s
 cqrs-consumer  Built
 cqrs-read-api  Built
 cqrs-frontend  Built
 cqrs-write-api  Built
 cqrs-saga  Built
 Network cqrs_default  Creating
 Network cqrs_default  Created
 Volume "cqrs_mongo_data"  Creating
 Volume "cqrs_mongo_data"  Created
 Volume "cqrs_postgres_data"  Creating
 Volume "cqrs_postgres_data"  Created
 Container cqrs-postgres-1  Creating
 Container cqrs-mongodb-1  Creating
 Container cqrs-redis-cache-1  Creating
 Container cqrs-redis-stream-1  Creating
 Container cqrs-mongodb-1  Created
 Container cqrs-redis-cache-1  Created
 Container cqrs-redis-stream-1  Created
 Container cqrs-write-api-1  Creating
 Container cqrs-postgres-1  Created
 Container cqrs-read-api-1  Creating
 Container cqrs-saga-1  Creating
 Container cqrs-consumer-1  Creating
 Container cqrs-write-api-1  Created
 Container cqrs-consumer-1  Created
 Container cqrs-read-api-1  Created
 Container cqrs-frontend-1  Creating
 Container cqrs-saga-1  Created
 Container cqrs-frontend-1  Created
 Container cqrs-redis-cache-1  Starting
 Container cqrs-mongodb-1  Starting
 Container cqrs-redis-stream-1  Starting
 Container cqrs-postgres-1  Starting
 Container cqrs-redis-stream-1  Started
 Container cqrs-mongodb-1  Started
 Container cqrs-postgres-1  Started
 Container cqrs-mongodb-1  Waiting
 Container cqrs-redis-stream-1  Waiting
 Container cqrs-postgres-1  Waiting
 Container cqrs-postgres-1  Waiting
 Container cqrs-mongodb-1  Waiting
 Container cqrs-redis-stream-1  Waiting
 Container cqrs-redis-cache-1  Started
 Container cqrs-postgres-1  Waiting
 Container cqrs-redis-cache-1  Waiting
 Container cqrs-redis-stream-1  Waiting
 Container cqrs-redis-cache-1  Waiting
 Container cqrs-mongodb-1  Waiting
 Container cqrs-redis-stream-1  Healthy
 Container cqrs-redis-stream-1  Healthy
 Container cqrs-redis-stream-1  Healthy
 Container cqrs-postgres-1  Healthy
 Container cqrs-postgres-1  Healthy
 Container cqrs-postgres-1  Healthy
 Container cqrs-redis-cache-1  Healthy
 Container cqrs-redis-cache-1  Healthy
 Container cqrs-read-api-1  Starting
 Container cqrs-read-api-1  Started
 Container cqrs-frontend-1  Starting
 Container cqrs-frontend-1  Started
 Container cqrs-mongodb-1  Healthy
 Container cqrs-saga-1  Starting
 Container cqrs-mongodb-1  Healthy
 Container cqrs-consumer-1  Starting
 Container cqrs-mongodb-1  Healthy
 Container cqrs-write-api-1  Starting
 Container cqrs-consumer-1  Started
 Container cqrs-saga-1  Started
 Container cqrs-write-api-1  Started
Waiting for APIs to be ready...
Clearing MongoDB events and sagas...
time="2026-04-26T03:10:48+05:30" level=warning msg="/Users/akankshawattamwar/Desktop/CS315/CQRS/docker-compose.yml: the attribute `version` is obsolete, it will be ignored, please remove it to avoid potential confusion"
MongoDB cleared
All services up.
Logs: docker compose logs -f [write-api|read-api|consumer|saga]

=======================================================

[34mRunning benchmark (N=1000, consumer delay=0.01s/event) ...[0m

[1m[94m=======================================================[0m
[1m[94m  READER BENCHMARK — Read-Your-Writes Lag (baseline)[0m
[1m[94m=======================================================[0m
  [93m→[0m  Placing 1000 orders sequentially and measuring GET-after-POST lag
  [93m→[0m  Poll interval: 2ms (so floor resolution ≈ 2ms)
    ...10/1000 orders placed & read
    ...20/1000 orders placed & read
    ...30/1000 orders placed & read
    ...40/1000 orders placed & read
    ...50/1000 orders placed & read
    ...60/1000 orders placed & read
    ...70/1000 orders placed & read
    ...80/1000 orders placed & read
    ...90/1000 orders placed & read
    ...100/1000 orders placed & read
    ...110/1000 orders placed & read
    ...120/1000 orders placed & read
    ...130/1000 orders placed & read
    ...140/1000 orders placed & read
    ...150/1000 orders placed & read
    ...160/1000 orders placed & read
    ...170/1000 orders placed & read
    ...180/1000 orders placed & read
    ...190/1000 orders placed & read
    ...200/1000 orders placed & read
    ...210/1000 orders placed & read
    ...220/1000 orders placed & read
    ...230/1000 orders placed & read
    ...240/1000 orders placed & read
    ...250/1000 orders placed & read
    ...260/1000 orders placed & read
    ...270/1000 orders placed & read
    ...280/1000 orders placed & read
    ...290/1000 orders placed & read
    ...300/1000 orders placed & read
    ...310/1000 orders placed & read
    ...320/1000 orders placed & read
    ...330/1000 orders placed & read
    ...340/1000 orders placed & read
    ...350/1000 orders placed & read
    ...360/1000 orders placed & read
    ...370/1000 orders placed & read
    ...380/1000 orders placed & read
    ...390/1000 orders placed & read
    ...400/1000 orders placed & read
    ...410/1000 orders placed & read
    ...420/1000 orders placed & read
    ...430/1000 orders placed & read
    ...440/1000 orders placed & read
    ...450/1000 orders placed & read
    ...460/1000 orders placed & read
    ...470/1000 orders placed & read
    ...480/1000 orders placed & read
    ...490/1000 orders placed & read
    ...500/1000 orders placed & read
    ...510/1000 orders placed & read
    ...520/1000 orders placed & read
    ...530/1000 orders placed & read
    ...540/1000 orders placed & read
    ...550/1000 orders placed & read
    ...560/1000 orders placed & read
    ...570/1000 orders placed & read
    ...580/1000 orders placed & read
    ...590/1000 orders placed & read
    ...600/1000 orders placed & read
    ...610/1000 orders placed & read
    ...620/1000 orders placed & read
    ...630/1000 orders placed & read
    ...640/1000 orders placed & read
    ...650/1000 orders placed & read
    ...660/1000 orders placed & read
    ...670/1000 orders placed & read
    ...680/1000 orders placed & read
    ...690/1000 orders placed & read
    ...700/1000 orders placed & read
    ...710/1000 orders placed & read
    ...720/1000 orders placed & read
    ...730/1000 orders placed & read
    ...740/1000 orders placed & read
    ...750/1000 orders placed & read
    ...760/1000 orders placed & read
    ...770/1000 orders placed & read
    ...780/1000 orders placed & read
    ...790/1000 orders placed & read
    ...800/1000 orders placed & read
    ...810/1000 orders placed & read
    ...820/1000 orders placed & read
    ...830/1000 orders placed & read
    ...840/1000 orders placed & read
    ...850/1000 orders placed & read
    ...860/1000 orders placed & read
    ...870/1000 orders placed & read
    ...880/1000 orders placed & read
    ...890/1000 orders placed & read
    ...900/1000 orders placed & read
    ...910/1000 orders placed & read
    ...920/1000 orders placed & read
    ...930/1000 orders placed & read
    ...940/1000 orders placed & read
    ...950/1000 orders placed & read
    ...960/1000 orders placed & read
    ...970/1000 orders placed & read
    ...980/1000 orders placed & read
    ...990/1000 orders placed & read
    ...1000/1000 orders placed & read

  [1mResults  (N=1000, failures=0, wall=2.7s)[0m
  metric             p50       p95       p99       max      mean
  POST ms            1.6       2.3       2.7      16.0       1.6
  RYW lag ms         1.0       1.7       2.0       4.9       1.1
  polls                1         1         1         1       1.0

  [1mRYW lag distribution[0m
  [    0 –     5 ms]  1000  ██████████████████████████████
  [    5 –    10 ms]     0  
  [   10 –    20 ms]     0  
  [   20 –    50 ms]     0  
  [   50 –   100 ms]     0  
  [  100 –   250 ms]     0  
  [  250 –   500 ms]     0  
  [  500 –  1000 ms]     0  
  [ 1000 – 10000 ms]     0  
  [92m✓[0m  Raw samples written to /tmp/reader_baseline.csv
  [93m→[0m  After implementing the cache, rerun the same command and diff the RYW lag.

=======================================================

[1mRESULTS COMPARISON (N=1000, consumer delay=0.01s/event)[0m

WITHOUT CACHE:
      metric             p50       p95       p99       max      mean
      POST ms            2.8       3.9       5.3      25.3       2.9
      RYW lag ms        53.8      58.3      67.9     104.7      52.4
      polls                9         9        10        14       8.4
    
      RYW lag distribution

WITH CACHE:
      metric             p50       p95       p99       max      mean
      POST ms            1.6       2.3       2.7      16.0       1.6
      RYW lag ms         1.0       1.7       2.0       4.9       1.1
      polls                1         1         1         1       1.0
    
      RYW lag distribution

[1mSpeedup:[0m
    p50         53.8 ms  →     1.0 ms   (53x faster)
    p95         58.3 ms  →     1.7 ms   (34x faster)
    p99         67.9 ms  →     2.0 ms   (33x faster)

[1mCache hit/miss stats (phase 2):[0m
    hits:     1000
    misses:   0
    hit rate: 100.0%

[1mCache Redis :6380 — memory & eviction (allkeys-lru, cap=2.00M):[0m
    evicted keys:  0  (this run; lifetime=0)
    used memory:   1.77M / 2.00M
    order:* keys:  1000 live in cache now

[32mResults saved to:[0m
  no-cache:  /Users/akankshawattamwar/Desktop/CS315/CQRS/results/nocache_slowconsumer_0.01_1000.txt
  cached:    /Users/akankshawattamwar/Desktop/CS315/CQRS/results/cached_slowconsumer_0.01_1000.txt

=======================================================

[1mCleaning up — restarting with defaults (fast consumer, cache on)...[0m
Stopping services and wiping volumes...

  cache:    enabled  (redis-cache :6380, 2MB allkeys-lru)
  consumer: fast
  saga:     fast
  stream:   redis-stream :6379  (no memory limit)

Starting services...
time="2026-04-26T03:11:02+05:30" level=warning msg="/Users/akankshawattamwar/Desktop/CS315/CQRS/docker-compose.yml: the attribute `version` is obsolete, it will be ignored, please remove it to avoid potential confusion"
#1 [internal] load local bake definitions
#1 reading from stdin 1.05kB done
#1 DONE 0.0s

#2 [saga internal] load build definition from Dockerfile
#2 transferring dockerfile: 365B done
#2 DONE 0.0s

#3 [consumer internal] load build definition from Dockerfile
#3 transferring dockerfile: 186B done
#3 DONE 0.0s

#4 [saga internal] load metadata for docker.io/library/python:3.12-slim
#4 DONE 0.5s

#5 [saga internal] load .dockerignore
#5 transferring context: 2B done
#5 DONE 0.0s

#6 [consumer internal] load .dockerignore
#6 transferring context: 2B done
#6 DONE 0.0s

#7 [consumer internal] load build context
#7 transferring context: 308B done
#7 DONE 0.0s

#8 [saga 1/7] FROM docker.io/library/python:3.12-slim@sha256:46cb7cc2877e60fbd5e21a9ae6115c30ace7a077b9f8772da879e4590c18c2e3
#8 resolve docker.io/library/python:3.12-slim@sha256:46cb7cc2877e60fbd5e21a9ae6115c30ace7a077b9f8772da879e4590c18c2e3 0.0s done
#8 DONE 0.0s

#9 [saga 2/7] WORKDIR /service
#9 CACHED

#10 [consumer 2/5] WORKDIR /app
#10 CACHED

#11 [saga internal] load build context
#11 transferring context: 386B done
#11 DONE 0.0s

#12 [consumer 3/5] COPY requirements.txt .
#12 DONE 0.0s

#13 [saga 3/7] COPY saga/requirements.txt saga/
#13 DONE 0.0s

#14 [saga 4/7] RUN pip install --no-cache-dir -r saga/requirements.txt
#14 1.643 Collecting pymongo==4.7.2 (from -r saga/requirements.txt (line 1))
#14 1.725   Downloading pymongo-4.7.2-cp312-cp312-manylinux_2_17_aarch64.manylinux2014_aarch64.whl.metadata (22 kB)
#14 1.787 Collecting redis==5.0.5 (from -r saga/requirements.txt (line 2))
#14 1.818   Downloading redis-5.0.5-py3-none-any.whl.metadata (9.3 kB)
#14 1.949 Collecting psycopg2-binary==2.9.9 (from -r saga/requirements.txt (line 3))
#14 1.966   Downloading psycopg2_binary-2.9.9-cp312-cp312-manylinux_2_17_aarch64.manylinux2014_aarch64.whl.metadata (4.4 kB)
#14 2.003 Collecting dnspython<3.0.0,>=1.16.0 (from pymongo==4.7.2->-r saga/requirements.txt (line 1))
#14 2.029   Downloading dnspython-2.8.0-py3-none-any.whl.metadata (5.7 kB)
#14 2.068 Downloading pymongo-4.7.2-cp312-cp312-manylinux_2_17_aarch64.manylinux2014_aarch64.whl (688 kB)
#14 2.549    ━━━━━━━━━━━━━━━━━━━━━━━━━━━━━━━━━━━━━━━━ 689.0/689.0 kB 1.3 MB/s eta 0:00:00
#14 2.570 Downloading redis-5.0.5-py3-none-any.whl (251 kB)
#14 2.653 Downloading psycopg2_binary-2.9.9-cp312-cp312-manylinux_2_17_aarch64.manylinux2014_aarch64.whl (2.9 MB)
#14 4.646    ━━━━━━━━━━━━━━━━━━━━━━━━━━━━━━━━━━━━━━━━ 2.9/2.9 MB 1.3 MB/s eta 0:00:00
#14 4.695 Downloading dnspython-2.8.0-py3-none-any.whl (331 kB)
#14 4.767 Installing collected packages: redis, psycopg2-binary, dnspython, pymongo
#14 ...

#15 [consumer 4/5] RUN pip install --no-cache-dir -r requirements.txt
#15 1.647 Collecting pymongo==4.7.2 (from -r requirements.txt (line 1))
#15 1.734   Downloading pymongo-4.7.2-cp312-cp312-manylinux_2_17_aarch64.manylinux2014_aarch64.whl.metadata (22 kB)
#15 1.814 Collecting redis==5.0.5 (from -r requirements.txt (line 2))
#15 1.858   Downloading redis-5.0.5-py3-none-any.whl.metadata (9.3 kB)
#15 1.954 Collecting psycopg2-binary==2.9.9 (from -r requirements.txt (line 3))
#15 1.972   Downloading psycopg2_binary-2.9.9-cp312-cp312-manylinux_2_17_aarch64.manylinux2014_aarch64.whl.metadata (4.4 kB)
#15 2.008 Collecting dnspython<3.0.0,>=1.16.0 (from pymongo==4.7.2->-r requirements.txt (line 1))
#15 2.037   Downloading dnspython-2.8.0-py3-none-any.whl.metadata (5.7 kB)
#15 2.073 Downloading pymongo-4.7.2-cp312-cp312-manylinux_2_17_aarch64.manylinux2014_aarch64.whl (688 kB)
#15 2.467    ━━━━━━━━━━━━━━━━━━━━━━━━━━━━━━━━━━━━━━━━ 689.0/689.0 kB 1.6 MB/s eta 0:00:00
#15 2.518 Downloading redis-5.0.5-py3-none-any.whl (251 kB)
#15 2.610 Downloading psycopg2_binary-2.9.9-cp312-cp312-manylinux_2_17_aarch64.manylinux2014_aarch64.whl (2.9 MB)
#15 4.143    ━━━━━━━━━━━━━━━━━━━━━━━━━━━━━━━━━━━━━━━━ 2.9/2.9 MB 1.7 MB/s eta 0:00:00
#15 4.173 Downloading dnspython-2.8.0-py3-none-any.whl (331 kB)
#15 4.406 Installing collected packages: redis, psycopg2-binary, dnspython, pymongo
#15 4.734 Successfully installed dnspython-2.8.0 psycopg2-binary-2.9.9 pymongo-4.7.2 redis-5.0.5
#15 4.734 WARNING: Running pip as the 'root' user can result in broken permissions and conflicting behaviour with the system package manager, possibly rendering your system unusable. It is recommended to use a virtual environment instead: https://pip.pypa.io/warnings/venv. Use the --root-user-action option if you know what you are doing and want to suppress this warning.
#15 4.890 
#15 4.890 [notice] A new release of pip is available: 25.0.1 -> 26.0.1
#15 4.890 [notice] To update, run: pip install --upgrade pip
#15 DONE 5.0s

#16 [consumer 5/5] COPY . .
#16 DONE 0.0s

#14 [saga 4/7] RUN pip install --no-cache-dir -r saga/requirements.txt
#14 5.106 Successfully installed dnspython-2.8.0 psycopg2-binary-2.9.9 pymongo-4.7.2 redis-5.0.5
#14 5.106 WARNING: Running pip as the 'root' user can result in broken permissions and conflicting behaviour with the system package manager, possibly rendering your system unusable. It is recommended to use a virtual environment instead: https://pip.pypa.io/warnings/venv. Use the --root-user-action option if you know what you are doing and want to suppress this warning.
#14 5.229 
#14 5.229 [notice] A new release of pip is available: 25.0.1 -> 26.0.1
#14 5.229 [notice] To update, run: pip install --upgrade pip
#14 DONE 5.3s

#17 [saga 5/7] COPY write-api/events.py write-api/
#17 DONE 0.0s

#18 [saga 6/7] COPY saga/ saga/
#18 DONE 0.0s

#19 [saga 7/7] WORKDIR /service/saga
#19 DONE 0.0s

#20 [saga] exporting to image
#20 exporting layers
#20 ...

#21 [consumer] exporting to image
#21 exporting layers 0.5s done
#21 exporting manifest sha256:6ff3aa18c6f6a67e2036b33b5b23c4cc20995e27791ed618125661c349aec0cd done
#21 exporting config sha256:13b7e3af803a2b7af7c613f76ed8914bd458e341230b85b9c12c3c0024663c8f done
#21 exporting attestation manifest sha256:f6dddba3bc52fec8fb5a0976f262585a26b5f8c1660181b45164af1a83469d8b done
#21 exporting manifest list sha256:4e65de254af1842aa74d89433a3fa864d9a4ed65c84f4192e1a68fbe90cce9d1 done
#21 naming to docker.io/library/cqrs-consumer:latest done
#21 unpacking to docker.io/library/cqrs-consumer:latest 0.2s done
#21 DONE 0.8s

#22 [consumer] resolving provenance for metadata file
#22 DONE 0.0s

#20 [saga] exporting to image
#20 exporting layers 0.7s done
#20 exporting manifest sha256:dbaac70ca531c996517ef74a5e4b266ea6521b5441a29189baf485fa47d8c7e8 done
#20 exporting config sha256:e450ca0cda5762f78fac982726ebd07a01039c6e8009c726132229b48cf80209 done
#20 exporting attestation manifest sha256:85f9b47ab6358f8254870eae3c46accedf2464ee156fc32520f5de5a06cfb0e9 done
#20 exporting manifest list sha256:38b9a8677b54d83a03471f604cf43955ac8434b8e449145d4fac26542cad58d5 done
#20 naming to docker.io/library/cqrs-saga:latest done
#20 unpacking to docker.io/library/cqrs-saga:latest 0.1s done
#20 DONE 0.8s

#23 [saga] resolving provenance for metadata file
#23 DONE 0.0s
 cqrs-saga  Built
 cqrs-consumer  Built
time="2026-04-26T03:11:10+05:30" level=warning msg="/Users/akankshawattamwar/Desktop/CS315/CQRS/docker-compose.yml: the attribute `version` is obsolete, it will be ignored, please remove it to avoid potential confusion"
#1 [internal] load local bake definitions
#1 reading from stdin 2.42kB done
#1 DONE 0.0s

#2 [read-api internal] load build definition from Dockerfile
#2 transferring dockerfile: 225B done
#2 DONE 0.0s

#3 [write-api internal] load build definition from Dockerfile
#3 transferring dockerfile: 225B done
#3 DONE 0.0s

#4 [frontend internal] load build definition from Dockerfile
#4 transferring dockerfile: 271B done
#4 DONE 0.0s

#5 [consumer internal] load build definition from Dockerfile
#5 transferring dockerfile: 186B done
#5 DONE 0.0s

#6 [saga internal] load build definition from Dockerfile
#6 transferring dockerfile: 365B done
#6 DONE 0.0s

#7 [saga internal] load metadata for docker.io/library/python:3.12-slim
#7 DONE 0.4s

#8 [consumer internal] load .dockerignore
#8 transferring context: 2B done
#8 DONE 0.0s

#9 [read-api internal] load .dockerignore
#9 transferring context: 2B done
#9 DONE 0.0s

#10 [saga internal] load .dockerignore
#10 transferring context: 2B done
#10 DONE 0.0s

#11 [write-api internal] load .dockerignore
#11 transferring context: 2B done
#11 DONE 0.0s

#12 [consumer internal] load build context
#12 transferring context: 308B done
#12 DONE 0.0s

#13 [read-api internal] load build context
#13 transferring context: 258B done
#13 DONE 0.0s

#14 [write-api internal] load build context
#14 transferring context: 341B done
#14 DONE 0.0s

#15 [write-api 1/5] FROM docker.io/library/python:3.12-slim@sha256:46cb7cc2877e60fbd5e21a9ae6115c30ace7a077b9f8772da879e4590c18c2e3
#15 resolve docker.io/library/python:3.12-slim@sha256:46cb7cc2877e60fbd5e21a9ae6115c30ace7a077b9f8772da879e4590c18c2e3 0.0s done
#15 DONE 0.0s

#16 [saga internal] load build context
#16 transferring context: 386B done
#16 DONE 0.0s

#17 [write-api 4/5] RUN pip install --no-cache-dir -r requirements.txt
#17 CACHED

#18 [write-api 3/5] COPY requirements.txt .
#18 CACHED

#19 [read-api 3/5] COPY requirements.txt .
#19 CACHED

#20 [read-api 4/5] RUN pip install --no-cache-dir -r requirements.txt
#20 CACHED

#21 [write-api 5/5] COPY . .
#21 CACHED

#22 [read-api 5/5] COPY . .
#22 CACHED

#23 [consumer 2/5] WORKDIR /app
#23 CACHED

#24 [consumer 3/5] COPY requirements.txt .
#24 CACHED

#25 [consumer 4/5] RUN pip install --no-cache-dir -r requirements.txt
#25 CACHED

#26 [consumer 5/5] COPY . .
#26 CACHED

#27 [consumer] exporting to image
#27 exporting layers done
#27 exporting manifest sha256:6ff3aa18c6f6a67e2036b33b5b23c4cc20995e27791ed618125661c349aec0cd done
#27 exporting config sha256:13b7e3af803a2b7af7c613f76ed8914bd458e341230b85b9c12c3c0024663c8f done
#27 exporting attestation manifest sha256:651079ef3ddc35012730aa477057b82380c075e6e53b3d7bdcca7c77d815d75b 0.0s done
#27 exporting manifest list sha256:3f3514dfa724200e3979af091fb58eba4b7e4cdc469dbfb6ff43b1fea3914937 done
#27 naming to docker.io/library/cqrs-consumer:latest done
#27 unpacking to docker.io/library/cqrs-consumer:latest done
#27 DONE 0.1s

#28 [write-api] exporting to image
#28 exporting layers done
#28 exporting manifest sha256:92a21a99b40b6531c5801222236f42d6aa7bbf8b65d7634fc566f9392602e764 done
#28 exporting config sha256:be9fb26fa271ebf0c525960e70f2e967c21bf78a1eb2b7a7dc06e6d3ff4d3f55 done
#28 exporting attestation manifest sha256:3420bf74401e82b6ad02d260e320819893a648102814213532d1ef53f34eb0b3 0.0s done
#28 exporting manifest list sha256:a7d0dc1110df0d9e7e327174ce2629651d13599933162c2ebe132da1c3ce6dd7 done
#28 naming to docker.io/library/cqrs-write-api:latest done
#28 unpacking to docker.io/library/cqrs-write-api:latest done
#28 DONE 0.1s

#29 [read-api] exporting to image
#29 exporting layers done
#29 exporting manifest sha256:c63ee61fb06e4bd063e843362129b868354c2f94e2566ad3c11bbd0548881470 done
#29 exporting config sha256:46bb870cf8127e2823c379c44ac9a3c0d6ee66fd1b3343341206f22ff23f7f62 done
#29 exporting attestation manifest sha256:b59e1c859b4512070a474620570e6a63d2c5bd572a5698627ade445fffedafc9 0.0s done
#29 exporting manifest list sha256:65fb37399efb6644a2e6b3eb782d0c09fbb372c247f4a6e59fd67751e891bd87 done
#29 naming to docker.io/library/cqrs-read-api:latest done
#29 unpacking to docker.io/library/cqrs-read-api:latest done
#29 DONE 0.1s

#30 [saga 5/7] COPY write-api/events.py write-api/
#30 CACHED

#31 [saga 4/7] RUN pip install --no-cache-dir -r saga/requirements.txt
#31 CACHED

#32 [saga 6/7] COPY saga/ saga/
#32 CACHED

#33 [saga 2/7] WORKDIR /service
#33 CACHED

#34 [saga 3/7] COPY saga/requirements.txt saga/
#34 CACHED

#35 [saga 7/7] WORKDIR /service/saga
#35 CACHED

#36 [saga] exporting to image
#36 exporting layers done
#36 exporting manifest sha256:dbaac70ca531c996517ef74a5e4b266ea6521b5441a29189baf485fa47d8c7e8 done
#36 exporting config sha256:e450ca0cda5762f78fac982726ebd07a01039c6e8009c726132229b48cf80209 done
#36 exporting attestation manifest sha256:8b98262ece3e950796df67936100b9ab3916254426b6f204472489cfbe004fe4 0.0s done
#36 exporting manifest list sha256:27a26fa0055aa9126862b9a5d8df2261eca0a9dfd6b8d6ec63464290b92852f7 done
#36 naming to docker.io/library/cqrs-saga:latest done
#36 unpacking to docker.io/library/cqrs-saga:latest done
#36 DONE 0.1s

#37 [write-api] resolving provenance for metadata file
#37 DONE 0.0s

#38 [read-api] resolving provenance for metadata file
#38 DONE 0.0s

#39 [consumer] resolving provenance for metadata file
#39 DONE 0.0s

#40 [saga] resolving provenance for metadata file
#40 DONE 0.0s

#41 [frontend internal] load metadata for docker.io/library/node:20-alpine
#41 DONE 0.9s

#42 [frontend internal] load metadata for docker.io/library/nginx:alpine
#42 DONE 0.9s

#43 [frontend internal] load .dockerignore
#43 transferring context: 2B done
#43 DONE 0.0s

#44 [frontend internal] load build context
#44 transferring context: 185.58kB 0.1s done
#44 DONE 0.1s

#45 [frontend stage-1 1/3] FROM docker.io/library/nginx:alpine@sha256:5616878291a2eed594aee8db4dade5878cf7edcb475e59193904b198d9b830de
#45 resolve docker.io/library/nginx:alpine@sha256:5616878291a2eed594aee8db4dade5878cf7edcb475e59193904b198d9b830de 0.0s done
#45 DONE 0.1s

#46 [frontend build 1/6] FROM docker.io/library/node:20-alpine@sha256:fb4cd12c85ee03686f6af5362a0b0d56d50c58a04632e6c0fb8363f609372293
#46 resolve docker.io/library/node:20-alpine@sha256:fb4cd12c85ee03686f6af5362a0b0d56d50c58a04632e6c0fb8363f609372293 0.0s done
#46 DONE 0.1s

#47 [frontend build 2/6] WORKDIR /app
#47 CACHED

#48 [frontend build 6/6] RUN npm run build
#48 CACHED

#49 [frontend build 3/6] COPY package.json ./
#49 CACHED

#50 [frontend stage-1 2/3] COPY --from=build /app/dist /usr/share/nginx/html
#50 CACHED

#51 [frontend build 4/6] RUN npm install
#51 CACHED

#52 [frontend build 5/6] COPY . .
#52 CACHED

#53 [frontend stage-1 3/3] COPY nginx.conf /etc/nginx/conf.d/default.conf
#53 CACHED

#54 [frontend] exporting to image
#54 exporting layers done
#54 exporting manifest sha256:32782dd8e2053c61118ccbb621867087941de406675097f92803716fedafab00 done
#54 exporting config sha256:64d46ad231b32d64275256ac207db88e0b5dd078678dcdc752d464f80305d609 done
#54 exporting attestation manifest sha256:9e6399507545b6e5af961276489b84599c2fc49ca860c1c7f709ee77c24f30d9 done
#54 exporting manifest list sha256:5af44290db191ad28ca9b2ab02fa65e375b3fe642d00a5f038c39c986b35ed72 done
#54 naming to docker.io/library/cqrs-frontend:latest done
#54 unpacking to docker.io/library/cqrs-frontend:latest done
#54 DONE 0.0s

#55 [frontend] resolving provenance for metadata file
#55 DONE 0.0s
 cqrs-consumer  Built
 cqrs-write-api  Built
 cqrs-read-api  Built
 cqrs-frontend  Built
 cqrs-saga  Built
 Network cqrs_default  Creating
 Network cqrs_default  Created
 Volume "cqrs_postgres_data"  Creating
 Volume "cqrs_postgres_data"  Created
 Volume "cqrs_mongo_data"  Creating
 Volume "cqrs_mongo_data"  Created
 Container cqrs-postgres-1  Creating
 Container cqrs-redis-stream-1  Creating
 Container cqrs-mongodb-1  Creating
 Container cqrs-redis-cache-1  Creating
 Container cqrs-mongodb-1  Created
 Container cqrs-redis-cache-1  Created
 Container cqrs-postgres-1  Created
 Container cqrs-read-api-1  Creating
 Container cqrs-redis-stream-1  Created
 Container cqrs-write-api-1  Creating
 Container cqrs-consumer-1  Creating
 Container cqrs-saga-1  Creating
 Container cqrs-read-api-1  Created
 Container cqrs-frontend-1  Creating
 Container cqrs-saga-1  Created
 Container cqrs-write-api-1  Created
 Container cqrs-consumer-1  Created
 Container cqrs-frontend-1  Created
 Container cqrs-redis-cache-1  Starting
 Container cqrs-mongodb-1  Starting
 Container cqrs-postgres-1  Starting
 Container cqrs-redis-stream-1  Starting
 Container cqrs-redis-cache-1  Started
 Container cqrs-postgres-1  Started
 Container cqrs-postgres-1  Waiting
 Container cqrs-redis-cache-1  Waiting
 Container cqrs-mongodb-1  Started
 Container cqrs-redis-stream-1  Started
 Container cqrs-mongodb-1  Waiting
 Container cqrs-redis-stream-1  Waiting
 Container cqrs-redis-stream-1  Waiting
 Container cqrs-postgres-1  Waiting
 Container cqrs-postgres-1  Waiting
 Container cqrs-redis-cache-1  Waiting
 Container cqrs-mongodb-1  Waiting
 Container cqrs-redis-stream-1  Waiting
 Container cqrs-mongodb-1  Waiting
 Container cqrs-redis-cache-1  Healthy
 Container cqrs-postgres-1  Healthy
 Container cqrs-read-api-1  Starting
 Container cqrs-redis-cache-1  Healthy
 Container cqrs-redis-stream-1  Healthy
 Container cqrs-redis-stream-1  Healthy
 Container cqrs-postgres-1  Healthy
 Container cqrs-postgres-1  Healthy
 Container cqrs-redis-stream-1  Healthy
 Container cqrs-read-api-1  Started
 Container cqrs-frontend-1  Starting
 Container cqrs-frontend-1  Started
 Container cqrs-mongodb-1  Healthy
 Container cqrs-mongodb-1  Healthy
 Container cqrs-saga-1  Starting
 Container cqrs-write-api-1  Starting
 Container cqrs-mongodb-1  Healthy
 Container cqrs-consumer-1  Starting
 Container cqrs-write-api-1  Started
 Container cqrs-saga-1  Started
 Container cqrs-consumer-1  Started
Waiting for APIs to be ready...
Clearing MongoDB events and sagas...
time="2026-04-26T03:11:24+05:30" level=warning msg="/Users/akankshawattamwar/Desktop/CS315/CQRS/docker-compose.yml: the attribute `version` is obsolete, it will be ignored, please remove it to avoid potential confusion"
MongoDB cleared
All services up.
Logs: docker compose logs -f [write-api|read-api|consumer|saga]
[32mDone. System back to default state.[0m
