Stopping services and wiping volumes...

  cache:    DISABLED
  consumer: SLOW (0.10s/event)
  saga:     fast
  stream:   redis-stream :6379  (no memory limit)

Starting services...
time="2026-04-26T03:48:57+05:30" level=warning msg="/Users/akankshawattamwar/Desktop/CS315/CQRS/docker-compose.yml: the attribute `version` is obsolete, it will be ignored, please remove it to avoid potential confusion"
#1 [internal] load local bake definitions
#1 reading from stdin 1.05kB done
#1 DONE 0.0s

#2 [saga internal] load build definition from Dockerfile
#2 transferring dockerfile: 365B done
#2 DONE 0.0s

#3 [consumer internal] load build definition from Dockerfile
#3 transferring dockerfile: 186B 0.0s done
#3 DONE 0.0s

#4 [consumer internal] load metadata for docker.io/library/python:3.12-slim
#4 DONE 1.1s

#5 [consumer internal] load .dockerignore
#5 transferring context: 2B done
#5 DONE 0.0s

#6 [saga internal] load .dockerignore
#6 transferring context: 2B done
#6 DONE 0.0s

#7 [consumer internal] load build context
#7 transferring context: 308B done
#7 DONE 0.0s

#8 [consumer 1/5] FROM docker.io/library/python:3.12-slim@sha256:46cb7cc2877e60fbd5e21a9ae6115c30ace7a077b9f8772da879e4590c18c2e3
#8 resolve docker.io/library/python:3.12-slim@sha256:46cb7cc2877e60fbd5e21a9ae6115c30ace7a077b9f8772da879e4590c18c2e3 done
#8 DONE 0.0s

#9 [saga 2/7] WORKDIR /service
#9 CACHED

#10 [consumer 2/5] WORKDIR /app
#10 CACHED

#11 [saga internal] load build context
#11 transferring context: 386B done
#11 DONE 0.0s

#12 [saga 3/7] COPY saga/requirements.txt saga/
#12 DONE 0.0s

#13 [consumer 3/5] COPY requirements.txt .
#13 DONE 0.0s

#14 [saga 4/7] RUN pip install --no-cache-dir -r saga/requirements.txt
#14 1.639 Collecting pymongo==4.7.2 (from -r saga/requirements.txt (line 1))
#14 1.713   Downloading pymongo-4.7.2-cp312-cp312-manylinux_2_17_aarch64.manylinux2014_aarch64.whl.metadata (22 kB)
#14 1.784 Collecting redis==5.0.5 (from -r saga/requirements.txt (line 2))
#14 1.805   Downloading redis-5.0.5-py3-none-any.whl.metadata (9.3 kB)
#14 1.921 Collecting psycopg2-binary==2.9.9 (from -r saga/requirements.txt (line 3))
#14 1.953   Downloading psycopg2_binary-2.9.9-cp312-cp312-manylinux_2_17_aarch64.manylinux2014_aarch64.whl.metadata (4.4 kB)
#14 2.051 Collecting dnspython<3.0.0,>=1.16.0 (from pymongo==4.7.2->-r saga/requirements.txt (line 1))
#14 2.088   Downloading dnspython-2.8.0-py3-none-any.whl.metadata (5.7 kB)
#14 2.152 Downloading pymongo-4.7.2-cp312-cp312-manylinux_2_17_aarch64.manylinux2014_aarch64.whl (688 kB)
#14 3.231    ━━━━━━━━━━━━━━━━━━━━━━━━━━━━━━━━━━━━━━━ 689.0/689.0 kB 677.3 kB/s eta 0:00:00
#14 3.375 Downloading redis-5.0.5-py3-none-any.whl (251 kB)
#14 3.675 Downloading psycopg2_binary-2.9.9-cp312-cp312-manylinux_2_17_aarch64.manylinux2014_aarch64.whl (2.9 MB)
#14 ...

#15 [consumer 4/5] RUN pip install --no-cache-dir -r requirements.txt
#15 1.498 Collecting pymongo==4.7.2 (from -r requirements.txt (line 1))
#15 1.614   Downloading pymongo-4.7.2-cp312-cp312-manylinux_2_17_aarch64.manylinux2014_aarch64.whl.metadata (22 kB)
#15 1.673 Collecting redis==5.0.5 (from -r requirements.txt (line 2))
#15 1.691   Downloading redis-5.0.5-py3-none-any.whl.metadata (9.3 kB)
#15 1.741 Collecting psycopg2-binary==2.9.9 (from -r requirements.txt (line 3))
#15 1.766   Downloading psycopg2_binary-2.9.9-cp312-cp312-manylinux_2_17_aarch64.manylinux2014_aarch64.whl.metadata (4.4 kB)
#15 1.800 Collecting dnspython<3.0.0,>=1.16.0 (from pymongo==4.7.2->-r requirements.txt (line 1))
#15 1.823   Downloading dnspython-2.8.0-py3-none-any.whl.metadata (5.7 kB)
#15 1.901 Downloading pymongo-4.7.2-cp312-cp312-manylinux_2_17_aarch64.manylinux2014_aarch64.whl (688 kB)
#15 2.211    ━━━━━━━━━━━━━━━━━━━━━━━━━━━━━━━━━━━━━━━━ 689.0/689.0 kB 2.7 MB/s eta 0:00:00
#15 2.235 Downloading redis-5.0.5-py3-none-any.whl (251 kB)
#15 2.344 Downloading psycopg2_binary-2.9.9-cp312-cp312-manylinux_2_17_aarch64.manylinux2014_aarch64.whl (2.9 MB)
#15 3.466    ━━━━━━━━━━━━━━━━━━━━━━━━━━━━━━━━━━━━━━━━ 2.9/2.9 MB 2.7 MB/s eta 0:00:00
#15 3.535 Downloading dnspython-2.8.0-py3-none-any.whl (331 kB)
#15 3.636 Installing collected packages: redis, psycopg2-binary, dnspython, pymongo
#15 3.979 Successfully installed dnspython-2.8.0 psycopg2-binary-2.9.9 pymongo-4.7.2 redis-5.0.5
#15 3.979 WARNING: Running pip as the 'root' user can result in broken permissions and conflicting behaviour with the system package manager, possibly rendering your system unusable. It is recommended to use a virtual environment instead: https://pip.pypa.io/warnings/venv. Use the --root-user-action option if you know what you are doing and want to suppress this warning.
#15 4.270 
#15 4.270 [notice] A new release of pip is available: 25.0.1 -> 26.0.1
#15 4.270 [notice] To update, run: pip install --upgrade pip
#15 DONE 4.4s

#16 [consumer 5/5] COPY . .
#16 DONE 0.0s

#17 [consumer] exporting to image
#17 exporting layers
#17 exporting layers 0.7s done
#17 exporting manifest sha256:84e93ee6865c9046997f74bbc34cc7e4efcb8d3305e8a92d5e73a5eb582ee75c
#17 exporting manifest sha256:84e93ee6865c9046997f74bbc34cc7e4efcb8d3305e8a92d5e73a5eb582ee75c done
#17 exporting config sha256:fbc8bc7879199c7164cbe8499daf0e95c767395580ab34ac4d07ad832f4fc99f done
#17 exporting attestation manifest sha256:ddb59a09f499aace9a9aede13960241be909b75948440042e9bf8e551ed8a7b5 done
#17 exporting manifest list sha256:b666c8ca928838448c9cbe29923a2ae965a902d2a1a4eb52a4378066d7df14c4 done
#17 naming to docker.io/library/cqrs-consumer:latest done
#17 unpacking to docker.io/library/cqrs-consumer:latest 0.1s done
#17 DONE 0.8s

#18 [consumer] resolving provenance for metadata file
#18 DONE 0.0s

#14 [saga 4/7] RUN pip install --no-cache-dir -r saga/requirements.txt
#14 4.742    ━━━━━━━━━━━━━━━━━━━━━━━━━━━━━━━━━━━━━━━━ 2.9/2.9 MB 2.7 MB/s eta 0:00:00
#14 4.762 Downloading dnspython-2.8.0-py3-none-any.whl (331 kB)
#14 4.831 Installing collected packages: redis, psycopg2-binary, dnspython, pymongo
#14 5.166 Successfully installed dnspython-2.8.0 psycopg2-binary-2.9.9 pymongo-4.7.2 redis-5.0.5
#14 5.166 WARNING: Running pip as the 'root' user can result in broken permissions and conflicting behaviour with the system package manager, possibly rendering your system unusable. It is recommended to use a virtual environment instead: https://pip.pypa.io/warnings/venv. Use the --root-user-action option if you know what you are doing and want to suppress this warning.
#14 5.315 
#14 5.315 [notice] A new release of pip is available: 25.0.1 -> 26.0.1
#14 5.315 [notice] To update, run: pip install --upgrade pip
#14 DONE 5.4s

#19 [saga 5/7] COPY write-api/events.py write-api/
#19 DONE 0.0s

#20 [saga 6/7] COPY saga/ saga/
#20 DONE 0.0s

#21 [saga 7/7] WORKDIR /service/saga
#21 DONE 0.0s

#22 [saga] exporting to image
#22 exporting layers 0.6s done
#22 exporting manifest sha256:a87d5e2c18a03391f83bc5ae38145e170b14823effa7425d7dc45d81c3f84e56 done
#22 exporting config sha256:60917afad2e46bc9209a72389afdb350c0026a3f6b761403cf4b527dae407a3b done
#22 exporting attestation manifest sha256:d911b3b42c778a12b60e082e8bd2f74fd76713235387f358135bf7f35ff7e8ed done
#22 exporting manifest list sha256:d56dfb668fe6262494a7fc13dd6ae6e84180a69d1663ad0f24496a2df810812a done
#22 naming to docker.io/library/cqrs-saga:latest done
#22 unpacking to docker.io/library/cqrs-saga:latest 0.1s done
#22 DONE 0.8s

#23 [saga] resolving provenance for metadata file
#23 DONE 0.0s
 cqrs-saga  Built
 cqrs-consumer  Built
time="2026-04-26T03:49:05+05:30" level=warning msg="/Users/akankshawattamwar/Desktop/CS315/CQRS/docker-compose.yml: the attribute `version` is obsolete, it will be ignored, please remove it to avoid potential confusion"
#1 [internal] load local bake definitions
#1 reading from stdin 2.42kB done
#1 DONE 0.0s

#2 [saga internal] load build definition from Dockerfile
#2 transferring dockerfile: 365B done
#2 DONE 0.0s

#3 [read-api internal] load build definition from Dockerfile
#3 transferring dockerfile: 225B done
#3 DONE 0.0s

#4 [frontend internal] load build definition from Dockerfile
#4 transferring dockerfile: 271B done
#4 DONE 0.0s

#5 [write-api internal] load build definition from Dockerfile
#5 transferring dockerfile: 225B done
#5 DONE 0.0s

#6 [consumer internal] load build definition from Dockerfile
#6 transferring dockerfile: 186B done
#6 DONE 0.0s

#7 [consumer internal] load metadata for docker.io/library/python:3.12-slim
#7 DONE 0.4s

#8 [read-api internal] load .dockerignore
#8 transferring context: 2B done
#8 DONE 0.0s

#9 [write-api internal] load .dockerignore
#9 transferring context: 2B done
#9 DONE 0.0s

#10 [consumer internal] load .dockerignore
#10 transferring context: 2B done
#10 DONE 0.0s

#11 [saga internal] load .dockerignore
#11 transferring context: 2B done
#11 DONE 0.0s

#12 [read-api internal] load build context
#12 transferring context: 258B done
#12 DONE 0.0s

#13 [write-api internal] load build context
#13 transferring context: 341B done
#13 DONE 0.0s

#14 [consumer internal] load build context
#14 transferring context: 308B done
#14 DONE 0.0s

#15 [write-api 1/5] FROM docker.io/library/python:3.12-slim@sha256:46cb7cc2877e60fbd5e21a9ae6115c30ace7a077b9f8772da879e4590c18c2e3
#15 resolve docker.io/library/python:3.12-slim@sha256:46cb7cc2877e60fbd5e21a9ae6115c30ace7a077b9f8772da879e4590c18c2e3 done
#15 DONE 0.0s

#16 [saga internal] load build context
#16 transferring context: 386B done
#16 DONE 0.0s

#17 [write-api 4/5] RUN pip install --no-cache-dir -r requirements.txt
#17 CACHED

#18 [write-api 3/5] COPY requirements.txt .
#18 CACHED

#19 [read-api 3/5] COPY requirements.txt .
#19 CACHED

#20 [read-api 4/5] RUN pip install --no-cache-dir -r requirements.txt
#20 CACHED

#21 [write-api 5/5] COPY . .
#21 CACHED

#22 [read-api 5/5] COPY . .
#22 CACHED

#23 [consumer 2/5] WORKDIR /app
#23 CACHED

#24 [consumer 4/5] RUN pip install --no-cache-dir -r requirements.txt
#24 CACHED

#25 [consumer 3/5] COPY requirements.txt .
#25 CACHED

#26 [consumer 5/5] COPY . .
#26 CACHED

#27 [consumer] exporting to image
#27 exporting layers done
#27 exporting manifest sha256:84e93ee6865c9046997f74bbc34cc7e4efcb8d3305e8a92d5e73a5eb582ee75c done
#27 exporting config sha256:fbc8bc7879199c7164cbe8499daf0e95c767395580ab34ac4d07ad832f4fc99f done
#27 exporting attestation manifest sha256:564f8c355b8184363ab780a43a0a4455974128f3b1f7727e50481399730f5f90 0.0s done
#27 exporting manifest list sha256:99ab228375a83f7cab2410069096133403f6e97c86830fcdb8dafcb322a7965a done
#27 naming to docker.io/library/cqrs-consumer:latest done
#27 unpacking to docker.io/library/cqrs-consumer:latest 0.0s done
#27 DONE 0.1s

#28 [write-api] exporting to image
#28 exporting layers done
#28 exporting manifest sha256:92a21a99b40b6531c5801222236f42d6aa7bbf8b65d7634fc566f9392602e764 done
#28 exporting config sha256:be9fb26fa271ebf0c525960e70f2e967c21bf78a1eb2b7a7dc06e6d3ff4d3f55 done
#28 exporting attestation manifest sha256:7355ea0008d7bf49c429ddbf71fe70a8c29fef01bd8e9b7c73db861eb06aa8c2 0.0s done
#28 exporting manifest list sha256:a4c5442ff5cd1bdab44a9c4d370da6b77e01a8fddf5af2c1a34819ceaa486544 0.0s done
#28 naming to docker.io/library/cqrs-write-api:latest done
#28 unpacking to docker.io/library/cqrs-write-api:latest done
#28 DONE 0.1s

#29 [read-api] exporting to image
#29 exporting layers done
#29 exporting manifest sha256:c63ee61fb06e4bd063e843362129b868354c2f94e2566ad3c11bbd0548881470 done
#29 exporting config sha256:46bb870cf8127e2823c379c44ac9a3c0d6ee66fd1b3343341206f22ff23f7f62 done
#29 exporting attestation manifest sha256:06a482f27b2fda6fbb083c26e019c6a9477cefebd8c828085b7b0f6ae4b04548 0.0s done
#29 exporting manifest list sha256:3657ee01ed6f41f7fed0dbf1a2f6a471726861be03162c9afd7afe7f45ce1813 done
#29 naming to docker.io/library/cqrs-read-api:latest done
#29 unpacking to docker.io/library/cqrs-read-api:latest 0.0s done
#29 DONE 0.1s

#30 [saga 2/7] WORKDIR /service
#30 CACHED

#31 [saga 6/7] COPY saga/ saga/
#31 CACHED

#32 [saga 5/7] COPY write-api/events.py write-api/
#32 CACHED

#33 [saga 3/7] COPY saga/requirements.txt saga/
#33 CACHED

#34 [saga 4/7] RUN pip install --no-cache-dir -r saga/requirements.txt
#34 CACHED

#35 [saga 7/7] WORKDIR /service/saga
#35 CACHED

#36 [saga] exporting to image
#36 exporting layers done
#36 exporting manifest sha256:a87d5e2c18a03391f83bc5ae38145e170b14823effa7425d7dc45d81c3f84e56 done
#36 exporting config sha256:60917afad2e46bc9209a72389afdb350c0026a3f6b761403cf4b527dae407a3b done
#36 exporting attestation manifest sha256:e0fb4ed81b330b780021bc12d37c56cae035625f10e0ce9441cfa11785e9f3bf 0.0s done
#36 exporting manifest list sha256:17d443d0e867efab7e13117e241501be0a2aba6d55455ec29dd085a26c8bf6c7
#36 exporting manifest list sha256:17d443d0e867efab7e13117e241501be0a2aba6d55455ec29dd085a26c8bf6c7 done
#36 naming to docker.io/library/cqrs-saga:latest done
#36 unpacking to docker.io/library/cqrs-saga:latest done
#36 DONE 0.0s

#37 [write-api] resolving provenance for metadata file
#37 DONE 0.0s

#38 [read-api] resolving provenance for metadata file
#38 DONE 0.0s

#39 [consumer] resolving provenance for metadata file
#39 DONE 0.0s

#40 [saga] resolving provenance for metadata file
#40 DONE 0.0s

#41 [frontend internal] load metadata for docker.io/library/node:20-alpine
#41 ...

#42 [frontend internal] load metadata for docker.io/library/nginx:alpine
#42 DONE 1.0s

#41 [frontend internal] load metadata for docker.io/library/node:20-alpine
#41 DONE 1.0s

#43 [frontend internal] load .dockerignore
#43 transferring context: 2B done
#43 DONE 0.0s

#44 [frontend stage-1 1/3] FROM docker.io/library/nginx:alpine@sha256:5616878291a2eed594aee8db4dade5878cf7edcb475e59193904b198d9b830de
#44 resolve docker.io/library/nginx:alpine@sha256:5616878291a2eed594aee8db4dade5878cf7edcb475e59193904b198d9b830de 0.0s done
#44 DONE 0.0s

#45 [frontend build 1/6] FROM docker.io/library/node:20-alpine@sha256:fb4cd12c85ee03686f6af5362a0b0d56d50c58a04632e6c0fb8363f609372293
#45 resolve docker.io/library/node:20-alpine@sha256:fb4cd12c85ee03686f6af5362a0b0d56d50c58a04632e6c0fb8363f609372293 0.0s done
#45 DONE 0.0s

#46 [frontend internal] load build context
#46 transferring context: 185.58kB 0.1s done
#46 DONE 0.1s

#47 [frontend build 3/6] COPY package.json ./
#47 CACHED

#48 [frontend build 4/6] RUN npm install
#48 CACHED

#49 [frontend build 5/6] COPY . .
#49 CACHED

#50 [frontend stage-1 2/3] COPY --from=build /app/dist /usr/share/nginx/html
#50 CACHED

#51 [frontend build 2/6] WORKDIR /app
#51 CACHED

#52 [frontend build 6/6] RUN npm run build
#52 CACHED

#53 [frontend stage-1 3/3] COPY nginx.conf /etc/nginx/conf.d/default.conf
#53 CACHED

#54 [frontend] exporting to image
#54 exporting layers done
#54 exporting manifest sha256:32782dd8e2053c61118ccbb621867087941de406675097f92803716fedafab00 done
#54 exporting config sha256:64d46ad231b32d64275256ac207db88e0b5dd078678dcdc752d464f80305d609 done
#54 exporting attestation manifest sha256:df5d725d746f2cadf93845f44182ae681a196b4dc8e54394736475a622f807d4
#54 exporting attestation manifest sha256:df5d725d746f2cadf93845f44182ae681a196b4dc8e54394736475a622f807d4 done
#54 exporting manifest list sha256:49f2df4eee1415f4aeaae097a16f35691e795f29c55880e649c4cee23b45a4cc done
#54 naming to docker.io/library/cqrs-frontend:latest done
#54 unpacking to docker.io/library/cqrs-frontend:latest done
#54 DONE 0.0s

#55 [frontend] resolving provenance for metadata file
#55 DONE 0.0s
 cqrs-read-api  Built
 cqrs-frontend  Built
 cqrs-consumer  Built
 cqrs-saga  Built
 cqrs-write-api  Built
 Network cqrs_default  Creating
 Network cqrs_default  Created
 Volume "cqrs_postgres_data"  Creating
 Volume "cqrs_postgres_data"  Created
 Volume "cqrs_mongo_data"  Creating
 Volume "cqrs_mongo_data"  Created
 Container cqrs-redis-stream-1  Creating
 Container cqrs-redis-cache-1  Creating
 Container cqrs-mongodb-1  Creating
 Container cqrs-postgres-1  Creating
 Container cqrs-mongodb-1  Created
 Container cqrs-redis-stream-1  Created
 Container cqrs-postgres-1  Created
 Container cqrs-saga-1  Creating
 Container cqrs-consumer-1  Creating
 Container cqrs-redis-cache-1  Created
 Container cqrs-write-api-1  Creating
 Container cqrs-read-api-1  Creating
 Container cqrs-saga-1  Created
 Container cqrs-consumer-1  Created
 Container cqrs-write-api-1  Created
 Container cqrs-read-api-1  Created
 Container cqrs-frontend-1  Creating
 Container cqrs-frontend-1  Created
 Container cqrs-redis-stream-1  Starting
 Container cqrs-mongodb-1  Starting
 Container cqrs-postgres-1  Starting
 Container cqrs-redis-cache-1  Starting
 Container cqrs-redis-cache-1  Started
 Container cqrs-redis-stream-1  Started
 Container cqrs-postgres-1  Started
 Container cqrs-postgres-1  Waiting
 Container cqrs-redis-cache-1  Waiting
 Container cqrs-mongodb-1  Started
 Container cqrs-redis-stream-1  Waiting
 Container cqrs-redis-cache-1  Waiting
 Container cqrs-redis-stream-1  Waiting
 Container cqrs-postgres-1  Waiting
 Container cqrs-mongodb-1  Waiting
 Container cqrs-mongodb-1  Waiting
 Container cqrs-postgres-1  Waiting
 Container cqrs-mongodb-1  Waiting
 Container cqrs-redis-stream-1  Waiting
 Container cqrs-redis-cache-1  Healthy
 Container cqrs-postgres-1  Healthy
 Container cqrs-read-api-1  Starting
 Container cqrs-redis-stream-1  Healthy
 Container cqrs-redis-cache-1  Healthy
 Container cqrs-redis-stream-1  Healthy
 Container cqrs-postgres-1  Healthy
 Container cqrs-postgres-1  Healthy
 Container cqrs-redis-stream-1  Healthy
 Container cqrs-read-api-1  Started
 Container cqrs-frontend-1  Starting
 Container cqrs-frontend-1  Started
 Container cqrs-mongodb-1  Healthy
 Container cqrs-write-api-1  Starting
 Container cqrs-mongodb-1  Healthy
 Container cqrs-consumer-1  Starting
 Container cqrs-mongodb-1  Healthy
 Container cqrs-saga-1  Starting
 Container cqrs-write-api-1  Started
 Container cqrs-consumer-1  Started
 Container cqrs-saga-1  Started
Waiting for APIs to be ready...
Clearing MongoDB events and sagas...
time="2026-04-26T03:49:19+05:30" level=warning msg="/Users/akankshawattamwar/Desktop/CS315/CQRS/docker-compose.yml: the attribute `version` is obsolete, it will be ignored, please remove it to avoid potential confusion"
MongoDB cleared
All services up.
Logs: docker compose logs -f [write-api|read-api|consumer|saga]

[1m=======================================================[0m
[1m  EVENTUAL CONSISTENCY DEMO — 100 orders[0m
[1m=======================================================[0m

  Write path:  Write API → MongoDB → Redis Stream
  Read path:   Consumer → PostgreSQL ← Read API
  Cache:       DISABLED (DISABLE_CACHE set)

[96mOrder 1/100:[0m
  [     13ms]  [91mstale[0m    (poll #1)  order=cbcf1bff
  [     73ms]  [91mstale[0m    (poll #2)  order=cbcf1bff
  [    131ms]  [92mVISIBLE[0m  (poll #3, X-Cache: MISS)  order=cbcf1bff

[96mOrder 2/100:[0m
  [      5ms]  [91mstale[0m    (poll #1)  order=67a4db35
  [     62ms]  [91mstale[0m    (poll #2)  order=67a4db35
  [    127ms]  [91mstale[0m    (poll #3)  order=67a4db35
  [    190ms]  [91mstale[0m    (poll #4)  order=67a4db35
  [    255ms]  [91mstale[0m    (poll #5)  order=67a4db35
  [    325ms]  [91mstale[0m    (poll #6)  order=67a4db35
  [    390ms]  [91mstale[0m    (poll #7)  order=67a4db35
  [    462ms]  [91mstale[0m    (poll #8)  order=67a4db35
  [    534ms]  [92mVISIBLE[0m  (poll #9, X-Cache: MISS)  order=67a4db35

[96mOrder 3/100:[0m
  [      9ms]  [91mstale[0m    (poll #1)  order=422663f0
  [     70ms]  [91mstale[0m    (poll #2)  order=422663f0
  [    127ms]  [91mstale[0m    (poll #3)  order=422663f0
  [    186ms]  [91mstale[0m    (poll #4)  order=422663f0
  [    249ms]  [91mstale[0m    (poll #5)  order=422663f0
  [    316ms]  [91mstale[0m    (poll #6)  order=422663f0
  [    384ms]  [91mstale[0m    (poll #7)  order=422663f0
  [    454ms]  [92mVISIBLE[0m  (poll #8, X-Cache: MISS)  order=422663f0

[96mOrder 4/100:[0m
  [      4ms]  [91mstale[0m    (poll #1)  order=a9a9503e
  [     66ms]  [91mstale[0m    (poll #2)  order=a9a9503e
  [    132ms]  [91mstale[0m    (poll #3)  order=a9a9503e
  [    200ms]  [91mstale[0m    (poll #4)  order=a9a9503e
  [    269ms]  [91mstale[0m    (poll #5)  order=a9a9503e
  [    339ms]  [91mstale[0m    (poll #6)  order=a9a9503e
  [    410ms]  [91mstale[0m    (poll #7)  order=a9a9503e
  [    484ms]  [91mstale[0m    (poll #8)  order=a9a9503e
  [    554ms]  [92mVISIBLE[0m  (poll #9, X-Cache: MISS)  order=a9a9503e

[96mOrder 5/100:[0m
  [     10ms]  [91mstale[0m    (poll #1)  order=43a85980
  [     75ms]  [91mstale[0m    (poll #2)  order=43a85980
  [    141ms]  [91mstale[0m    (poll #3)  order=43a85980
  [    205ms]  [91mstale[0m    (poll #4)  order=43a85980
  [    276ms]  [91mstale[0m    (poll #5)  order=43a85980
  [    345ms]  [91mstale[0m    (poll #6)  order=43a85980
  [    416ms]  [91mstale[0m    (poll #7)  order=43a85980
  [    485ms]  [92mVISIBLE[0m  (poll #8, X-Cache: MISS)  order=43a85980

[96mOrder 6/100:[0m
  [      8ms]  [91mstale[0m    (poll #1)  order=e887d975
  [     72ms]  [91mstale[0m    (poll #2)  order=e887d975
  [    139ms]  [91mstale[0m    (poll #3)  order=e887d975
  [    206ms]  [91mstale[0m    (poll #4)  order=e887d975
  [    277ms]  [91mstale[0m    (poll #5)  order=e887d975
  [    346ms]  [91mstale[0m    (poll #6)  order=e887d975
  [    416ms]  [91mstale[0m    (poll #7)  order=e887d975
  [    482ms]  [92mVISIBLE[0m  (poll #8, X-Cache: MISS)  order=e887d975

[96mOrder 7/100:[0m
  [      7ms]  [91mstale[0m    (poll #1)  order=b641a93f
  [     71ms]  [91mstale[0m    (poll #2)  order=b641a93f
  [    137ms]  [91mstale[0m    (poll #3)  order=b641a93f
  [    197ms]  [91mstale[0m    (poll #4)  order=b641a93f
  [    257ms]  [91mstale[0m    (poll #5)  order=b641a93f
  [    319ms]  [91mstale[0m    (poll #6)  order=b641a93f
  [    386ms]  [91mstale[0m    (poll #7)  order=b641a93f
  [    458ms]  [91mstale[0m    (poll #8)  order=b641a93f
  [    531ms]  [92mVISIBLE[0m  (poll #9, X-Cache: MISS)  order=b641a93f

[96mOrder 8/100:[0m
  [      9ms]  [91mstale[0m    (poll #1)  order=57e82b5a
  [     72ms]  [91mstale[0m    (poll #2)  order=57e82b5a
  [    135ms]  [91mstale[0m    (poll #3)  order=57e82b5a
  [    204ms]  [91mstale[0m    (poll #4)  order=57e82b5a
  [    274ms]  [91mstale[0m    (poll #5)  order=57e82b5a
  [    345ms]  [91mstale[0m    (poll #6)  order=57e82b5a
  [    414ms]  [91mstale[0m    (poll #7)  order=57e82b5a
  [    486ms]  [92mVISIBLE[0m  (poll #8, X-Cache: MISS)  order=57e82b5a

[96mOrder 9/100:[0m
  [      8ms]  [91mstale[0m    (poll #1)  order=cd09f6e5
  [     72ms]  [91mstale[0m    (poll #2)  order=cd09f6e5
  [    140ms]  [91mstale[0m    (poll #3)  order=cd09f6e5
  [    207ms]  [91mstale[0m    (poll #4)  order=cd09f6e5
  [    276ms]  [91mstale[0m    (poll #5)  order=cd09f6e5
  [    345ms]  [91mstale[0m    (poll #6)  order=cd09f6e5
  [    416ms]  [92mVISIBLE[0m  (poll #7, X-Cache: MISS)  order=cd09f6e5

[96mOrder 10/100:[0m
  [      8ms]  [91mstale[0m    (poll #1)  order=c8cff265
  [     72ms]  [91mstale[0m    (poll #2)  order=c8cff265
  [    137ms]  [91mstale[0m    (poll #3)  order=c8cff265
  [    207ms]  [91mstale[0m    (poll #4)  order=c8cff265
  [    276ms]  [91mstale[0m    (poll #5)  order=c8cff265
  [    344ms]  [91mstale[0m    (poll #6)  order=c8cff265
  [    411ms]  [91mstale[0m    (poll #7)  order=c8cff265
  [    481ms]  [92mVISIBLE[0m  (poll #8, X-Cache: MISS)  order=c8cff265

[96mOrder 11/100:[0m
  [      8ms]  [91mstale[0m    (poll #1)  order=d9b7189a
  [     72ms]  [91mstale[0m    (poll #2)  order=d9b7189a
  [    138ms]  [91mstale[0m    (poll #3)  order=d9b7189a
  [    204ms]  [91mstale[0m    (poll #4)  order=d9b7189a
  [    272ms]  [91mstale[0m    (poll #5)  order=d9b7189a
  [    338ms]  [91mstale[0m    (poll #6)  order=d9b7189a
  [    408ms]  [92mVISIBLE[0m  (poll #7, X-Cache: MISS)  order=d9b7189a

[96mOrder 12/100:[0m
  [      9ms]  [91mstale[0m    (poll #1)  order=d3d40cde
  [     74ms]  [91mstale[0m    (poll #2)  order=d3d40cde
  [    140ms]  [91mstale[0m    (poll #3)  order=d3d40cde
  [    205ms]  [91mstale[0m    (poll #4)  order=d3d40cde
  [    273ms]  [91mstale[0m    (poll #5)  order=d3d40cde
  [    344ms]  [91mstale[0m    (poll #6)  order=d3d40cde
  [    416ms]  [92mVISIBLE[0m  (poll #7, X-Cache: MISS)  order=d3d40cde

[96mOrder 13/100:[0m
  [      9ms]  [91mstale[0m    (poll #1)  order=0292fd15
  [     68ms]  [91mstale[0m    (poll #2)  order=0292fd15
  [    128ms]  [91mstale[0m    (poll #3)  order=0292fd15
  [    198ms]  [91mstale[0m    (poll #4)  order=0292fd15
  [    269ms]  [91mstale[0m    (poll #5)  order=0292fd15
  [    339ms]  [91mstale[0m    (poll #6)  order=0292fd15
  [    410ms]  [91mstale[0m    (poll #7)  order=0292fd15
  [    479ms]  [92mVISIBLE[0m  (poll #8, X-Cache: MISS)  order=0292fd15

[96mOrder 14/100:[0m
  [      6ms]  [91mstale[0m    (poll #1)  order=69f7cab3
  [     67ms]  [91mstale[0m    (poll #2)  order=69f7cab3
  [    132ms]  [91mstale[0m    (poll #3)  order=69f7cab3
  [    200ms]  [91mstale[0m    (poll #4)  order=69f7cab3
  [    272ms]  [91mstale[0m    (poll #5)  order=69f7cab3
  [    338ms]  [91mstale[0m    (poll #6)  order=69f7cab3
  [    407ms]  [91mstale[0m    (poll #7)  order=69f7cab3
  [    479ms]  [91mstale[0m    (poll #8)  order=69f7cab3
  [    550ms]  [92mVISIBLE[0m  (poll #9, X-Cache: MISS)  order=69f7cab3

[96mOrder 15/100:[0m
  [      7ms]  [91mstale[0m    (poll #1)  order=1de3a9f1
  [     67ms]  [91mstale[0m    (poll #2)  order=1de3a9f1
  [    127ms]  [91mstale[0m    (poll #3)  order=1de3a9f1
  [    185ms]  [91mstale[0m    (poll #4)  order=1de3a9f1
  [    245ms]  [91mstale[0m    (poll #5)  order=1de3a9f1
  [    311ms]  [91mstale[0m    (poll #6)  order=1de3a9f1
  [    381ms]  [91mstale[0m    (poll #7)  order=1de3a9f1
  [    452ms]  [92mVISIBLE[0m  (poll #8, X-Cache: MISS)  order=1de3a9f1

[96mOrder 16/100:[0m
  [      8ms]  [91mstale[0m    (poll #1)  order=a504a755
  [     73ms]  [91mstale[0m    (poll #2)  order=a504a755
  [    136ms]  [91mstale[0m    (poll #3)  order=a504a755
  [    203ms]  [91mstale[0m    (poll #4)  order=a504a755
  [    274ms]  [91mstale[0m    (poll #5)  order=a504a755
  [    346ms]  [91mstale[0m    (poll #6)  order=a504a755
  [    415ms]  [91mstale[0m    (poll #7)  order=a504a755
  [    486ms]  [91mstale[0m    (poll #8)  order=a504a755
  [    560ms]  [92mVISIBLE[0m  (poll #9, X-Cache: MISS)  order=a504a755

[96mOrder 17/100:[0m
  [      6ms]  [91mstale[0m    (poll #1)  order=0c2dbb2d
  [     68ms]  [91mstale[0m    (poll #2)  order=0c2dbb2d
  [    131ms]  [91mstale[0m    (poll #3)  order=0c2dbb2d
  [    198ms]  [91mstale[0m    (poll #4)  order=0c2dbb2d
  [    265ms]  [91mstale[0m    (poll #5)  order=0c2dbb2d
  [    326ms]  [91mstale[0m    (poll #6)  order=0c2dbb2d
  [    385ms]  [91mstale[0m    (poll #7)  order=0c2dbb2d
  [    447ms]  [92mVISIBLE[0m  (poll #8, X-Cache: MISS)  order=0c2dbb2d

[96mOrder 18/100:[0m
  [      3ms]  [91mstale[0m    (poll #1)  order=87874cf2
  [     61ms]  [91mstale[0m    (poll #2)  order=87874cf2
  [    121ms]  [91mstale[0m    (poll #3)  order=87874cf2
  [    182ms]  [91mstale[0m    (poll #4)  order=87874cf2
  [    245ms]  [91mstale[0m    (poll #5)  order=87874cf2
  [    309ms]  [91mstale[0m    (poll #6)  order=87874cf2
  [    370ms]  [91mstale[0m    (poll #7)  order=87874cf2
  [    428ms]  [91mstale[0m    (poll #8)  order=87874cf2
  [    488ms]  [91mstale[0m    (poll #9)  order=87874cf2
  [    550ms]  [92mVISIBLE[0m  (poll #10, X-Cache: MISS)  order=87874cf2

[96mOrder 19/100:[0m
  [      5ms]  [91mstale[0m    (poll #1)  order=dc24546e
  [     67ms]  [91mstale[0m    (poll #2)  order=dc24546e
  [    132ms]  [91mstale[0m    (poll #3)  order=dc24546e
  [    201ms]  [91mstale[0m    (poll #4)  order=dc24546e
  [    275ms]  [91mstale[0m    (poll #5)  order=dc24546e
  [    357ms]  [91mstale[0m    (poll #6)  order=dc24546e
  [    430ms]  [91mstale[0m    (poll #7)  order=dc24546e
  [    495ms]  [92mVISIBLE[0m  (poll #8, X-Cache: MISS)  order=dc24546e

[96mOrder 20/100:[0m
  [      7ms]  [91mstale[0m    (poll #1)  order=5b4088ec
  [     65ms]  [91mstale[0m    (poll #2)  order=5b4088ec
  [    130ms]  [91mstale[0m    (poll #3)  order=5b4088ec
  [    199ms]  [91mstale[0m    (poll #4)  order=5b4088ec
  [    267ms]  [91mstale[0m    (poll #5)  order=5b4088ec
  [    336ms]  [91mstale[0m    (poll #6)  order=5b4088ec
  [    404ms]  [92mVISIBLE[0m  (poll #7, X-Cache: MISS)  order=5b4088ec

[96mOrder 21/100:[0m
  [      8ms]  [91mstale[0m    (poll #1)  order=727ae976
  [     72ms]  [91mstale[0m    (poll #2)  order=727ae976
  [    137ms]  [91mstale[0m    (poll #3)  order=727ae976
  [    200ms]  [91mstale[0m    (poll #4)  order=727ae976
  [    262ms]  [91mstale[0m    (poll #5)  order=727ae976
  [    331ms]  [91mstale[0m    (poll #6)  order=727ae976
  [    403ms]  [91mstale[0m    (poll #7)  order=727ae976
  [    474ms]  [92mVISIBLE[0m  (poll #8, X-Cache: MISS)  order=727ae976

[96mOrder 22/100:[0m
  [      8ms]  [91mstale[0m    (poll #1)  order=df3a28ff
  [     69ms]  [91mstale[0m    (poll #2)  order=df3a28ff
  [    132ms]  [91mstale[0m    (poll #3)  order=df3a28ff
  [    198ms]  [91mstale[0m    (poll #4)  order=df3a28ff
  [    266ms]  [91mstale[0m    (poll #5)  order=df3a28ff
  [    335ms]  [91mstale[0m    (poll #6)  order=df3a28ff
  [    407ms]  [91mstale[0m    (poll #7)  order=df3a28ff
  [    475ms]  [91mstale[0m    (poll #8)  order=df3a28ff
  [    546ms]  [92mVISIBLE[0m  (poll #9, X-Cache: MISS)  order=df3a28ff

[96mOrder 23/100:[0m
  [      4ms]  [91mstale[0m    (poll #1)  order=45c94562
  [     59ms]  [91mstale[0m    (poll #2)  order=45c94562
  [    120ms]  [91mstale[0m    (poll #3)  order=45c94562
  [    182ms]  [91mstale[0m    (poll #4)  order=45c94562
  [    246ms]  [91mstale[0m    (poll #5)  order=45c94562
  [    309ms]  [91mstale[0m    (poll #6)  order=45c94562
  [    374ms]  [91mstale[0m    (poll #7)  order=45c94562
  [    447ms]  [92mVISIBLE[0m  (poll #8, X-Cache: MISS)  order=45c94562

[96mOrder 24/100:[0m
  [      9ms]  [91mstale[0m    (poll #1)  order=bf905fa7
  [     70ms]  [91mstale[0m    (poll #2)  order=bf905fa7
  [    136ms]  [91mstale[0m    (poll #3)  order=bf905fa7
  [    202ms]  [91mstale[0m    (poll #4)  order=bf905fa7
  [    272ms]  [91mstale[0m    (poll #5)  order=bf905fa7
  [    341ms]  [91mstale[0m    (poll #6)  order=bf905fa7
  [    412ms]  [91mstale[0m    (poll #7)  order=bf905fa7
  [    482ms]  [91mstale[0m    (poll #8)  order=bf905fa7
  [    554ms]  [92mVISIBLE[0m  (poll #9, X-Cache: MISS)  order=bf905fa7

[96mOrder 25/100:[0m
  [      8ms]  [91mstale[0m    (poll #1)  order=f51f669a
  [     73ms]  [91mstale[0m    (poll #2)  order=f51f669a
  [    135ms]  [91mstale[0m    (poll #3)  order=f51f669a
  [    204ms]  [91mstale[0m    (poll #4)  order=f51f669a
  [    274ms]  [91mstale[0m    (poll #5)  order=f51f669a
  [    346ms]  [91mstale[0m    (poll #6)  order=f51f669a
  [    415ms]  [91mstale[0m    (poll #7)  order=f51f669a
  [    487ms]  [92mVISIBLE[0m  (poll #8, X-Cache: MISS)  order=f51f669a

[96mOrder 26/100:[0m
  [      6ms]  [91mstale[0m    (poll #1)  order=6edf14b3
  [     68ms]  [91mstale[0m    (poll #2)  order=6edf14b3
  [    130ms]  [91mstale[0m    (poll #3)  order=6edf14b3
  [    197ms]  [91mstale[0m    (poll #4)  order=6edf14b3
  [    268ms]  [91mstale[0m    (poll #5)  order=6edf14b3
  [    333ms]  [91mstale[0m    (poll #6)  order=6edf14b3
  [    400ms]  [92mVISIBLE[0m  (poll #7, X-Cache: MISS)  order=6edf14b3

[96mOrder 27/100:[0m
  [      9ms]  [91mstale[0m    (poll #1)  order=ae06d29b
  [     74ms]  [91mstale[0m    (poll #2)  order=ae06d29b
  [    138ms]  [91mstale[0m    (poll #3)  order=ae06d29b
  [    207ms]  [91mstale[0m    (poll #4)  order=ae06d29b
  [    277ms]  [91mstale[0m    (poll #5)  order=ae06d29b
  [    346ms]  [91mstale[0m    (poll #6)  order=ae06d29b
  [    406ms]  [92mVISIBLE[0m  (poll #7, X-Cache: MISS)  order=ae06d29b

[96mOrder 28/100:[0m
  [      4ms]  [91mstale[0m    (poll #1)  order=dd26ff5c
  [     65ms]  [91mstale[0m    (poll #2)  order=dd26ff5c
  [    129ms]  [91mstale[0m    (poll #3)  order=dd26ff5c
  [    195ms]  [91mstale[0m    (poll #4)  order=dd26ff5c
  [    265ms]  [91mstale[0m    (poll #5)  order=dd26ff5c
  [    334ms]  [91mstale[0m    (poll #6)  order=dd26ff5c
  [    405ms]  [91mstale[0m    (poll #7)  order=dd26ff5c
  [    474ms]  [92mVISIBLE[0m  (poll #8, X-Cache: MISS)  order=dd26ff5c

[96mOrder 29/100:[0m
  [      8ms]  [91mstale[0m    (poll #1)  order=bf1e181d
  [     74ms]  [91mstale[0m    (poll #2)  order=bf1e181d
  [    139ms]  [91mstale[0m    (poll #3)  order=bf1e181d
  [    205ms]  [91mstale[0m    (poll #4)  order=bf1e181d
  [    273ms]  [91mstale[0m    (poll #5)  order=bf1e181d
  [    342ms]  [91mstale[0m    (poll #6)  order=bf1e181d
  [    413ms]  [91mstale[0m    (poll #7)  order=bf1e181d
  [    483ms]  [91mstale[0m    (poll #8)  order=bf1e181d
  [    554ms]  [92mVISIBLE[0m  (poll #9, X-Cache: MISS)  order=bf1e181d

[96mOrder 30/100:[0m
  [      9ms]  [91mstale[0m    (poll #1)  order=10dd15ea
  [     73ms]  [91mstale[0m    (poll #2)  order=10dd15ea
  [    137ms]  [91mstale[0m    (poll #3)  order=10dd15ea
  [    203ms]  [91mstale[0m    (poll #4)  order=10dd15ea
  [    273ms]  [91mstale[0m    (poll #5)  order=10dd15ea
  [    341ms]  [91mstale[0m    (poll #6)  order=10dd15ea
  [    414ms]  [91mstale[0m    (poll #7)  order=10dd15ea
  [    486ms]  [92mVISIBLE[0m  (poll #8, X-Cache: MISS)  order=10dd15ea

[96mOrder 31/100:[0m
  [      8ms]  [91mstale[0m    (poll #1)  order=e71eea4b
  [     68ms]  [91mstale[0m    (poll #2)  order=e71eea4b
  [    136ms]  [91mstale[0m    (poll #3)  order=e71eea4b
  [    199ms]  [91mstale[0m    (poll #4)  order=e71eea4b
  [    269ms]  [91mstale[0m    (poll #5)  order=e71eea4b
  [    341ms]  [91mstale[0m    (poll #6)  order=e71eea4b
  [    407ms]  [91mstale[0m    (poll #7)  order=e71eea4b
  [    477ms]  [92mVISIBLE[0m  (poll #8, X-Cache: MISS)  order=e71eea4b

[96mOrder 32/100:[0m
  [      8ms]  [91mstale[0m    (poll #1)  order=9534f1ce
  [     71ms]  [91mstale[0m    (poll #2)  order=9534f1ce
  [    134ms]  [91mstale[0m    (poll #3)  order=9534f1ce
  [    201ms]  [91mstale[0m    (poll #4)  order=9534f1ce
  [    273ms]  [91mstale[0m    (poll #5)  order=9534f1ce
  [    345ms]  [91mstale[0m    (poll #6)  order=9534f1ce
  [    414ms]  [91mstale[0m    (poll #7)  order=9534f1ce
  [    486ms]  [91mstale[0m    (poll #8)  order=9534f1ce
  [    553ms]  [92mVISIBLE[0m  (poll #9, X-Cache: MISS)  order=9534f1ce

[96mOrder 33/100:[0m
  [      8ms]  [91mstale[0m    (poll #1)  order=43920151
  [     72ms]  [91mstale[0m    (poll #2)  order=43920151
  [    136ms]  [91mstale[0m    (poll #3)  order=43920151
  [    206ms]  [91mstale[0m    (poll #4)  order=43920151
  [    275ms]  [91mstale[0m    (poll #5)  order=43920151
  [    344ms]  [91mstale[0m    (poll #6)  order=43920151
  [    414ms]  [91mstale[0m    (poll #7)  order=43920151
  [    487ms]  [92mVISIBLE[0m  (poll #8, X-Cache: MISS)  order=43920151

[96mOrder 34/100:[0m
  [      7ms]  [91mstale[0m    (poll #1)  order=af10f665
  [     71ms]  [91mstale[0m    (poll #2)  order=af10f665
  [    134ms]  [91mstale[0m    (poll #3)  order=af10f665
  [    200ms]  [91mstale[0m    (poll #4)  order=af10f665
  [    271ms]  [91mstale[0m    (poll #5)  order=af10f665
  [    342ms]  [91mstale[0m    (poll #6)  order=af10f665
  [    413ms]  [91mstale[0m    (poll #7)  order=af10f665
  [    485ms]  [92mVISIBLE[0m  (poll #8, X-Cache: MISS)  order=af10f665

[96mOrder 35/100:[0m
  [      7ms]  [91mstale[0m    (poll #1)  order=c8fb2f8c
  [     71ms]  [91mstale[0m    (poll #2)  order=c8fb2f8c
  [    136ms]  [91mstale[0m    (poll #3)  order=c8fb2f8c
  [    205ms]  [91mstale[0m    (poll #4)  order=c8fb2f8c
  [    272ms]  [91mstale[0m    (poll #5)  order=c8fb2f8c
  [    339ms]  [91mstale[0m    (poll #6)  order=c8fb2f8c
  [    414ms]  [91mstale[0m    (poll #7)  order=c8fb2f8c
  [    483ms]  [91mstale[0m    (poll #8)  order=c8fb2f8c
  [    555ms]  [92mVISIBLE[0m  (poll #9, X-Cache: MISS)  order=c8fb2f8c

[96mOrder 36/100:[0m
  [      9ms]  [91mstale[0m    (poll #1)  order=717bf176
  [     74ms]  [91mstale[0m    (poll #2)  order=717bf176
  [    139ms]  [91mstale[0m    (poll #3)  order=717bf176
  [    204ms]  [91mstale[0m    (poll #4)  order=717bf176
  [    273ms]  [91mstale[0m    (poll #5)  order=717bf176
  [    344ms]  [91mstale[0m    (poll #6)  order=717bf176
  [    416ms]  [91mstale[0m    (poll #7)  order=717bf176
  [    484ms]  [92mVISIBLE[0m  (poll #8, X-Cache: MISS)  order=717bf176

[96mOrder 37/100:[0m
  [      6ms]  [91mstale[0m    (poll #1)  order=5e4978e4
  [     69ms]  [91mstale[0m    (poll #2)  order=5e4978e4
  [    134ms]  [91mstale[0m    (poll #3)  order=5e4978e4
  [    199ms]  [91mstale[0m    (poll #4)  order=5e4978e4
  [    268ms]  [91mstale[0m    (poll #5)  order=5e4978e4
  [    328ms]  [91mstale[0m    (poll #6)  order=5e4978e4
  [    395ms]  [91mstale[0m    (poll #7)  order=5e4978e4
  [    457ms]  [91mstale[0m    (poll #8)  order=5e4978e4
  [    515ms]  [92mVISIBLE[0m  (poll #9, X-Cache: MISS)  order=5e4978e4

[96mOrder 38/100:[0m
  [      4ms]  [91mstale[0m    (poll #1)  order=adb0087f
  [     61ms]  [91mstale[0m    (poll #2)  order=adb0087f
  [    123ms]  [91mstale[0m    (poll #3)  order=adb0087f
  [    181ms]  [91mstale[0m    (poll #4)  order=adb0087f
  [    238ms]  [91mstale[0m    (poll #5)  order=adb0087f
  [    296ms]  [91mstale[0m    (poll #6)  order=adb0087f
  [    359ms]  [91mstale[0m    (poll #7)  order=adb0087f
  [    418ms]  [91mstale[0m    (poll #8)  order=adb0087f
  [    480ms]  [92mVISIBLE[0m  (poll #9, X-Cache: MISS)  order=adb0087f

[96mOrder 39/100:[0m
  [      5ms]  [91mstale[0m    (poll #1)  order=189b2075
  [     66ms]  [91mstale[0m    (poll #2)  order=189b2075
  [    126ms]  [91mstale[0m    (poll #3)  order=189b2075
  [    194ms]  [91mstale[0m    (poll #4)  order=189b2075
  [    264ms]  [91mstale[0m    (poll #5)  order=189b2075
  [    335ms]  [91mstale[0m    (poll #6)  order=189b2075
  [    405ms]  [91mstale[0m    (poll #7)  order=189b2075
  [    472ms]  [91mstale[0m    (poll #8)  order=189b2075
  [    543ms]  [92mVISIBLE[0m  (poll #9, X-Cache: MISS)  order=189b2075

[96mOrder 40/100:[0m
  [      9ms]  [91mstale[0m    (poll #1)  order=8d534a24
  [     73ms]  [91mstale[0m    (poll #2)  order=8d534a24
  [    137ms]  [91mstale[0m    (poll #3)  order=8d534a24
  [    203ms]  [91mstale[0m    (poll #4)  order=8d534a24
  [    273ms]  [91mstale[0m    (poll #5)  order=8d534a24
  [    348ms]  [91mstale[0m    (poll #6)  order=8d534a24
  [    419ms]  [91mstale[0m    (poll #7)  order=8d534a24
  [    489ms]  [92mVISIBLE[0m  (poll #8, X-Cache: MISS)  order=8d534a24

[96mOrder 41/100:[0m
  [      8ms]  [91mstale[0m    (poll #1)  order=3cc93325
  [     72ms]  [91mstale[0m    (poll #2)  order=3cc93325
  [    133ms]  [91mstale[0m    (poll #3)  order=3cc93325
  [    199ms]  [91mstale[0m    (poll #4)  order=3cc93325
  [    268ms]  [91mstale[0m    (poll #5)  order=3cc93325
  [    347ms]  [91mstale[0m    (poll #6)  order=3cc93325
  [    413ms]  [91mstale[0m    (poll #7)  order=3cc93325
  [    480ms]  [92mVISIBLE[0m  (poll #8, X-Cache: MISS)  order=3cc93325

[96mOrder 42/100:[0m
  [      8ms]  [91mstale[0m    (poll #1)  order=8c82c40c
  [     71ms]  [91mstale[0m    (poll #2)  order=8c82c40c
  [    136ms]  [91mstale[0m    (poll #3)  order=8c82c40c
  [    203ms]  [91mstale[0m    (poll #4)  order=8c82c40c
  [    276ms]  [91mstale[0m    (poll #5)  order=8c82c40c
  [    347ms]  [91mstale[0m    (poll #6)  order=8c82c40c
  [    410ms]  [91mstale[0m    (poll #7)  order=8c82c40c
  [    473ms]  [91mstale[0m    (poll #8)  order=8c82c40c
  [    531ms]  [92mVISIBLE[0m  (poll #9, X-Cache: MISS)  order=8c82c40c

[96mOrder 43/100:[0m
  [      4ms]  [91mstale[0m    (poll #1)  order=c0d56117
  [     60ms]  [91mstale[0m    (poll #2)  order=c0d56117
  [    122ms]  [91mstale[0m    (poll #3)  order=c0d56117
  [    184ms]  [91mstale[0m    (poll #4)  order=c0d56117
  [    253ms]  [91mstale[0m    (poll #5)  order=c0d56117
  [    321ms]  [91mstale[0m    (poll #6)  order=c0d56117
  [    392ms]  [91mstale[0m    (poll #7)  order=c0d56117
  [    465ms]  [92mVISIBLE[0m  (poll #8, X-Cache: MISS)  order=c0d56117

[96mOrder 44/100:[0m
  [      8ms]  [91mstale[0m    (poll #1)  order=e409908d
  [     70ms]  [91mstale[0m    (poll #2)  order=e409908d
  [    132ms]  [91mstale[0m    (poll #3)  order=e409908d
  [    199ms]  [91mstale[0m    (poll #4)  order=e409908d
  [    270ms]  [91mstale[0m    (poll #5)  order=e409908d
  [    338ms]  [91mstale[0m    (poll #6)  order=e409908d
  [    410ms]  [91mstale[0m    (poll #7)  order=e409908d
  [    478ms]  [91mstale[0m    (poll #8)  order=e409908d
  [    550ms]  [92mVISIBLE[0m  (poll #9, X-Cache: MISS)  order=e409908d

[96mOrder 45/100:[0m
  [      9ms]  [91mstale[0m    (poll #1)  order=1f77c7ab
  [     69ms]  [91mstale[0m    (poll #2)  order=1f77c7ab
  [    135ms]  [91mstale[0m    (poll #3)  order=1f77c7ab
  [    200ms]  [91mstale[0m    (poll #4)  order=1f77c7ab
  [    270ms]  [91mstale[0m    (poll #5)  order=1f77c7ab
  [    339ms]  [91mstale[0m    (poll #6)  order=1f77c7ab
  [    411ms]  [91mstale[0m    (poll #7)  order=1f77c7ab
  [    485ms]  [92mVISIBLE[0m  (poll #8, X-Cache: MISS)  order=1f77c7ab

[96mOrder 46/100:[0m
  [      9ms]  [91mstale[0m    (poll #1)  order=4206197d
  [     70ms]  [91mstale[0m    (poll #2)  order=4206197d
  [    135ms]  [91mstale[0m    (poll #3)  order=4206197d
  [    203ms]  [91mstale[0m    (poll #4)  order=4206197d
  [    273ms]  [91mstale[0m    (poll #5)  order=4206197d
  [    341ms]  [91mstale[0m    (poll #6)  order=4206197d
  [    413ms]  [91mstale[0m    (poll #7)  order=4206197d
  [    487ms]  [92mVISIBLE[0m  (poll #8, X-Cache: MISS)  order=4206197d

[96mOrder 47/100:[0m
  [      9ms]  [91mstale[0m    (poll #1)  order=9377ac24
  [     73ms]  [91mstale[0m    (poll #2)  order=9377ac24
  [    137ms]  [91mstale[0m    (poll #3)  order=9377ac24
  [    200ms]  [91mstale[0m    (poll #4)  order=9377ac24
  [    262ms]  [91mstale[0m    (poll #5)  order=9377ac24
  [    325ms]  [91mstale[0m    (poll #6)  order=9377ac24
  [    392ms]  [91mstale[0m    (poll #7)  order=9377ac24
  [    463ms]  [91mstale[0m    (poll #8)  order=9377ac24
  [    538ms]  [92mVISIBLE[0m  (poll #9, X-Cache: MISS)  order=9377ac24

[96mOrder 48/100:[0m
  [      8ms]  [91mstale[0m    (poll #1)  order=01518e58
  [     73ms]  [91mstale[0m    (poll #2)  order=01518e58
  [    137ms]  [91mstale[0m    (poll #3)  order=01518e58
  [    203ms]  [91mstale[0m    (poll #4)  order=01518e58
  [    272ms]  [91mstale[0m    (poll #5)  order=01518e58
  [    342ms]  [91mstale[0m    (poll #6)  order=01518e58
  [    412ms]  [91mstale[0m    (poll #7)  order=01518e58
  [    482ms]  [92mVISIBLE[0m  (poll #8, X-Cache: MISS)  order=01518e58

[96mOrder 49/100:[0m
  [      5ms]  [91mstale[0m    (poll #1)  order=c1a8ca5d
  [     66ms]  [91mstale[0m    (poll #2)  order=c1a8ca5d
  [    131ms]  [91mstale[0m    (poll #3)  order=c1a8ca5d
  [    198ms]  [91mstale[0m    (poll #4)  order=c1a8ca5d
  [    270ms]  [91mstale[0m    (poll #5)  order=c1a8ca5d
  [    338ms]  [91mstale[0m    (poll #6)  order=c1a8ca5d
  [    406ms]  [92mVISIBLE[0m  (poll #7, X-Cache: MISS)  order=c1a8ca5d

[96mOrder 50/100:[0m
  [      9ms]  [91mstale[0m    (poll #1)  order=3b7137af
  [     69ms]  [91mstale[0m    (poll #2)  order=3b7137af
  [    137ms]  [91mstale[0m    (poll #3)  order=3b7137af
  [    201ms]  [91mstale[0m    (poll #4)  order=3b7137af
  [    267ms]  [91mstale[0m    (poll #5)  order=3b7137af
  [    328ms]  [91mstale[0m    (poll #6)  order=3b7137af
  [    392ms]  [91mstale[0m    (poll #7)  order=3b7137af
  [    458ms]  [91mstale[0m    (poll #8)  order=3b7137af
  [    526ms]  [92mVISIBLE[0m  (poll #9, X-Cache: MISS)  order=3b7137af

[96mOrder 51/100:[0m
  [      9ms]  [91mstale[0m    (poll #1)  order=d32c4cc4
  [     75ms]  [91mstale[0m    (poll #2)  order=d32c4cc4
  [    138ms]  [91mstale[0m    (poll #3)  order=d32c4cc4
  [    206ms]  [91mstale[0m    (poll #4)  order=d32c4cc4
  [    274ms]  [91mstale[0m    (poll #5)  order=d32c4cc4
  [    345ms]  [91mstale[0m    (poll #6)  order=d32c4cc4
  [    417ms]  [92mVISIBLE[0m  (poll #7, X-Cache: MISS)  order=d32c4cc4

[96mOrder 52/100:[0m
  [      8ms]  [91mstale[0m    (poll #1)  order=a5828075
  [     71ms]  [91mstale[0m    (poll #2)  order=a5828075
  [    132ms]  [91mstale[0m    (poll #3)  order=a5828075
  [    200ms]  [91mstale[0m    (poll #4)  order=a5828075
  [    268ms]  [91mstale[0m    (poll #5)  order=a5828075
  [    340ms]  [91mstale[0m    (poll #6)  order=a5828075
  [    410ms]  [91mstale[0m    (poll #7)  order=a5828075
  [    477ms]  [92mVISIBLE[0m  (poll #8, X-Cache: MISS)  order=a5828075

[96mOrder 53/100:[0m
  [      9ms]  [91mstale[0m    (poll #1)  order=67a3bc77
  [     74ms]  [91mstale[0m    (poll #2)  order=67a3bc77
  [    136ms]  [91mstale[0m    (poll #3)  order=67a3bc77
  [    205ms]  [91mstale[0m    (poll #4)  order=67a3bc77
  [    277ms]  [91mstale[0m    (poll #5)  order=67a3bc77
  [    349ms]  [91mstale[0m    (poll #6)  order=67a3bc77
  [    419ms]  [91mstale[0m    (poll #7)  order=67a3bc77
  [    490ms]  [92mVISIBLE[0m  (poll #8, X-Cache: MISS)  order=67a3bc77

[96mOrder 54/100:[0m
  [      5ms]  [91mstale[0m    (poll #1)  order=e0db7a1f
  [     68ms]  [91mstale[0m    (poll #2)  order=e0db7a1f
  [    132ms]  [91mstale[0m    (poll #3)  order=e0db7a1f
  [    201ms]  [91mstale[0m    (poll #4)  order=e0db7a1f
  [    277ms]  [91mstale[0m    (poll #5)  order=e0db7a1f
  [    345ms]  [91mstale[0m    (poll #6)  order=e0db7a1f
  [    413ms]  [91mstale[0m    (poll #7)  order=e0db7a1f
  [    481ms]  [91mstale[0m    (poll #8)  order=e0db7a1f
  [    549ms]  [92mVISIBLE[0m  (poll #9, X-Cache: MISS)  order=e0db7a1f

[96mOrder 55/100:[0m
  [      8ms]  [91mstale[0m    (poll #1)  order=284a1080
  [     69ms]  [91mstale[0m    (poll #2)  order=284a1080
  [    134ms]  [91mstale[0m    (poll #3)  order=284a1080
  [    198ms]  [91mstale[0m    (poll #4)  order=284a1080
  [    273ms]  [91mstale[0m    (poll #5)  order=284a1080
  [    341ms]  [92mVISIBLE[0m  (poll #6, X-Cache: MISS)  order=284a1080

[96mOrder 56/100:[0m
  [      9ms]  [91mstale[0m    (poll #1)  order=43a262ee
  [     72ms]  [91mstale[0m    (poll #2)  order=43a262ee
  [    136ms]  [91mstale[0m    (poll #3)  order=43a262ee
  [    201ms]  [91mstale[0m    (poll #4)  order=43a262ee
  [    271ms]  [91mstale[0m    (poll #5)  order=43a262ee
  [    340ms]  [91mstale[0m    (poll #6)  order=43a262ee
  [    410ms]  [91mstale[0m    (poll #7)  order=43a262ee
  [    480ms]  [91mstale[0m    (poll #8)  order=43a262ee
  [    550ms]  [92mVISIBLE[0m  (poll #9, X-Cache: MISS)  order=43a262ee

[96mOrder 57/100:[0m
  [      9ms]  [91mstale[0m    (poll #1)  order=e6a7819d
  [     72ms]  [91mstale[0m    (poll #2)  order=e6a7819d
  [    135ms]  [91mstale[0m    (poll #3)  order=e6a7819d
  [    196ms]  [91mstale[0m    (poll #4)  order=e6a7819d
  [    260ms]  [91mstale[0m    (poll #5)  order=e6a7819d
  [    321ms]  [91mstale[0m    (poll #6)  order=e6a7819d
  [    383ms]  [91mstale[0m    (poll #7)  order=e6a7819d
  [    446ms]  [91mstale[0m    (poll #8)  order=e6a7819d
  [    506ms]  [92mVISIBLE[0m  (poll #9, X-Cache: MISS)  order=e6a7819d

[96mOrder 58/100:[0m
  [      7ms]  [91mstale[0m    (poll #1)  order=ef046c05
  [     67ms]  [91mstale[0m    (poll #2)  order=ef046c05
  [    128ms]  [91mstale[0m    (poll #3)  order=ef046c05
  [    195ms]  [91mstale[0m    (poll #4)  order=ef046c05
  [    262ms]  [91mstale[0m    (poll #5)  order=ef046c05
  [    325ms]  [91mstale[0m    (poll #6)  order=ef046c05
  [    383ms]  [91mstale[0m    (poll #7)  order=ef046c05
  [    444ms]  [91mstale[0m    (poll #8)  order=ef046c05
  [    505ms]  [92mVISIBLE[0m  (poll #9, X-Cache: MISS)  order=ef046c05

[96mOrder 59/100:[0m
  [      4ms]  [91mstale[0m    (poll #1)  order=c66e7b94
  [     64ms]  [91mstale[0m    (poll #2)  order=c66e7b94
  [    125ms]  [91mstale[0m    (poll #3)  order=c66e7b94
  [    189ms]  [91mstale[0m    (poll #4)  order=c66e7b94
  [    253ms]  [91mstale[0m    (poll #5)  order=c66e7b94
  [    320ms]  [91mstale[0m    (poll #6)  order=c66e7b94
  [    391ms]  [92mVISIBLE[0m  (poll #7, X-Cache: MISS)  order=c66e7b94

[96mOrder 60/100:[0m
  [     12ms]  [91mstale[0m    (poll #1)  order=d15ac943
  [     74ms]  [91mstale[0m    (poll #2)  order=d15ac943
  [    142ms]  [91mstale[0m    (poll #3)  order=d15ac943
  [    217ms]  [91mstale[0m    (poll #4)  order=d15ac943
  [    287ms]  [91mstale[0m    (poll #5)  order=d15ac943
  [    358ms]  [91mstale[0m    (poll #6)  order=d15ac943
  [    429ms]  [91mstale[0m    (poll #7)  order=d15ac943
  [    504ms]  [92mVISIBLE[0m  (poll #8, X-Cache: MISS)  order=d15ac943

[96mOrder 61/100:[0m
  [     10ms]  [91mstale[0m    (poll #1)  order=f65c4cd9
  [     75ms]  [91mstale[0m    (poll #2)  order=f65c4cd9
  [    137ms]  [91mstale[0m    (poll #3)  order=f65c4cd9
  [    203ms]  [91mstale[0m    (poll #4)  order=f65c4cd9
  [    268ms]  [91mstale[0m    (poll #5)  order=f65c4cd9
  [    330ms]  [91mstale[0m    (poll #6)  order=f65c4cd9
  [    395ms]  [91mstale[0m    (poll #7)  order=f65c4cd9
  [    463ms]  [91mstale[0m    (poll #8)  order=f65c4cd9
  [    535ms]  [92mVISIBLE[0m  (poll #9, X-Cache: MISS)  order=f65c4cd9

[96mOrder 62/100:[0m
  [      9ms]  [91mstale[0m    (poll #1)  order=bd94a44e
  [     74ms]  [91mstale[0m    (poll #2)  order=bd94a44e
  [    137ms]  [91mstale[0m    (poll #3)  order=bd94a44e
  [    200ms]  [91mstale[0m    (poll #4)  order=bd94a44e
  [    273ms]  [91mstale[0m    (poll #5)  order=bd94a44e
  [    332ms]  [91mstale[0m    (poll #6)  order=bd94a44e
  [    395ms]  [91mstale[0m    (poll #7)  order=bd94a44e
  [    455ms]  [91mstale[0m    (poll #8)  order=bd94a44e
  [    519ms]  [92mVISIBLE[0m  (poll #9, X-Cache: MISS)  order=bd94a44e

[96mOrder 63/100:[0m
  [      6ms]  [91mstale[0m    (poll #1)  order=816a4db5
  [     69ms]  [91mstale[0m    (poll #2)  order=816a4db5
  [    131ms]  [91mstale[0m    (poll #3)  order=816a4db5
  [    200ms]  [91mstale[0m    (poll #4)  order=816a4db5
  [    269ms]  [91mstale[0m    (poll #5)  order=816a4db5
  [    339ms]  [91mstale[0m    (poll #6)  order=816a4db5
  [    409ms]  [91mstale[0m    (poll #7)  order=816a4db5
  [    478ms]  [92mVISIBLE[0m  (poll #8, X-Cache: MISS)  order=816a4db5

[96mOrder 64/100:[0m
  [      9ms]  [91mstale[0m    (poll #1)  order=d4e5bc66
  [     73ms]  [91mstale[0m    (poll #2)  order=d4e5bc66
  [    139ms]  [91mstale[0m    (poll #3)  order=d4e5bc66
  [    209ms]  [91mstale[0m    (poll #4)  order=d4e5bc66
  [    278ms]  [91mstale[0m    (poll #5)  order=d4e5bc66
  [    344ms]  [91mstale[0m    (poll #6)  order=d4e5bc66
  [    415ms]  [92mVISIBLE[0m  (poll #7, X-Cache: MISS)  order=d4e5bc66

[96mOrder 65/100:[0m
  [      8ms]  [91mstale[0m    (poll #1)  order=01e8c258
  [     70ms]  [91mstale[0m    (poll #2)  order=01e8c258
  [    137ms]  [91mstale[0m    (poll #3)  order=01e8c258
  [    201ms]  [91mstale[0m    (poll #4)  order=01e8c258
  [    270ms]  [91mstale[0m    (poll #5)  order=01e8c258
  [    337ms]  [91mstale[0m    (poll #6)  order=01e8c258
  [    405ms]  [91mstale[0m    (poll #7)  order=01e8c258
  [    473ms]  [92mVISIBLE[0m  (poll #8, X-Cache: MISS)  order=01e8c258

[96mOrder 66/100:[0m
  [      8ms]  [91mstale[0m    (poll #1)  order=4c5fb366
  [     72ms]  [91mstale[0m    (poll #2)  order=4c5fb366
  [    134ms]  [91mstale[0m    (poll #3)  order=4c5fb366
  [    201ms]  [91mstale[0m    (poll #4)  order=4c5fb366
  [    266ms]  [91mstale[0m    (poll #5)  order=4c5fb366
  [    336ms]  [91mstale[0m    (poll #6)  order=4c5fb366
  [    406ms]  [91mstale[0m    (poll #7)  order=4c5fb366
  [    475ms]  [91mstale[0m    (poll #8)  order=4c5fb366
  [    549ms]  [92mVISIBLE[0m  (poll #9, X-Cache: MISS)  order=4c5fb366

[96mOrder 67/100:[0m
  [      9ms]  [91mstale[0m    (poll #1)  order=794d81d7
  [     73ms]  [91mstale[0m    (poll #2)  order=794d81d7
  [    141ms]  [91mstale[0m    (poll #3)  order=794d81d7
  [    212ms]  [91mstale[0m    (poll #4)  order=794d81d7
  [    274ms]  [91mstale[0m    (poll #5)  order=794d81d7
  [    335ms]  [91mstale[0m    (poll #6)  order=794d81d7
  [    397ms]  [91mstale[0m    (poll #7)  order=794d81d7
  [    468ms]  [92mVISIBLE[0m  (poll #8, X-Cache: MISS)  order=794d81d7

[96mOrder 68/100:[0m
  [      7ms]  [91mstale[0m    (poll #1)  order=0d4bec99
  [     72ms]  [91mstale[0m    (poll #2)  order=0d4bec99
  [    136ms]  [91mstale[0m    (poll #3)  order=0d4bec99
  [    211ms]  [91mstale[0m    (poll #4)  order=0d4bec99
  [    281ms]  [91mstale[0m    (poll #5)  order=0d4bec99
  [    350ms]  [91mstale[0m    (poll #6)  order=0d4bec99
  [    419ms]  [91mstale[0m    (poll #7)  order=0d4bec99
  [    491ms]  [92mVISIBLE[0m  (poll #8, X-Cache: MISS)  order=0d4bec99

[96mOrder 69/100:[0m
  [     10ms]  [91mstale[0m    (poll #1)  order=f34cf96f
  [     75ms]  [91mstale[0m    (poll #2)  order=f34cf96f
  [    137ms]  [91mstale[0m    (poll #3)  order=f34cf96f
  [    205ms]  [91mstale[0m    (poll #4)  order=f34cf96f
  [    273ms]  [91mstale[0m    (poll #5)  order=f34cf96f
  [    344ms]  [91mstale[0m    (poll #6)  order=f34cf96f
  [    413ms]  [91mstale[0m    (poll #7)  order=f34cf96f
  [    484ms]  [91mstale[0m    (poll #8)  order=f34cf96f
  [    555ms]  [92mVISIBLE[0m  (poll #9, X-Cache: MISS)  order=f34cf96f

[96mOrder 70/100:[0m
  [      9ms]  [91mstale[0m    (poll #1)  order=94a29d2d
  [     74ms]  [91mstale[0m    (poll #2)  order=94a29d2d
  [    140ms]  [91mstale[0m    (poll #3)  order=94a29d2d
  [    209ms]  [91mstale[0m    (poll #4)  order=94a29d2d
  [    281ms]  [91mstale[0m    (poll #5)  order=94a29d2d
  [    349ms]  [91mstale[0m    (poll #6)  order=94a29d2d
  [    421ms]  [91mstale[0m    (poll #7)  order=94a29d2d
  [    491ms]  [92mVISIBLE[0m  (poll #8, X-Cache: MISS)  order=94a29d2d

[96mOrder 71/100:[0m
  [     10ms]  [91mstale[0m    (poll #1)  order=93e7ce26
  [     75ms]  [91mstale[0m    (poll #2)  order=93e7ce26
  [    142ms]  [91mstale[0m    (poll #3)  order=93e7ce26
  [    211ms]  [91mstale[0m    (poll #4)  order=93e7ce26
  [    284ms]  [91mstale[0m    (poll #5)  order=93e7ce26
  [    353ms]  [91mstale[0m    (poll #6)  order=93e7ce26
  [    421ms]  [91mstale[0m    (poll #7)  order=93e7ce26
  [    489ms]  [92mVISIBLE[0m  (poll #8, X-Cache: MISS)  order=93e7ce26

[96mOrder 72/100:[0m
  [      8ms]  [91mstale[0m    (poll #1)  order=c0aaec16
  [     72ms]  [91mstale[0m    (poll #2)  order=c0aaec16
  [    138ms]  [91mstale[0m    (poll #3)  order=c0aaec16
  [    205ms]  [91mstale[0m    (poll #4)  order=c0aaec16
  [    274ms]  [91mstale[0m    (poll #5)  order=c0aaec16
  [    342ms]  [91mstale[0m    (poll #6)  order=c0aaec16
  [    413ms]  [91mstale[0m    (poll #7)  order=c0aaec16
  [    484ms]  [92mVISIBLE[0m  (poll #8, X-Cache: MISS)  order=c0aaec16

[96mOrder 73/100:[0m
  [      9ms]  [91mstale[0m    (poll #1)  order=c0ba56cc
  [     70ms]  [91mstale[0m    (poll #2)  order=c0ba56cc
  [    132ms]  [91mstale[0m    (poll #3)  order=c0ba56cc
  [    200ms]  [91mstale[0m    (poll #4)  order=c0ba56cc
  [    269ms]  [91mstale[0m    (poll #5)  order=c0ba56cc
  [    338ms]  [91mstale[0m    (poll #6)  order=c0ba56cc
  [    410ms]  [91mstale[0m    (poll #7)  order=c0ba56cc
  [    478ms]  [91mstale[0m    (poll #8)  order=c0ba56cc
  [    546ms]  [92mVISIBLE[0m  (poll #9, X-Cache: MISS)  order=c0ba56cc

[96mOrder 74/100:[0m
  [      9ms]  [91mstale[0m    (poll #1)  order=9e266d61
  [     69ms]  [91mstale[0m    (poll #2)  order=9e266d61
  [    131ms]  [91mstale[0m    (poll #3)  order=9e266d61
  [    198ms]  [91mstale[0m    (poll #4)  order=9e266d61
  [    264ms]  [91mstale[0m    (poll #5)  order=9e266d61
  [    335ms]  [91mstale[0m    (poll #6)  order=9e266d61
  [    402ms]  [91mstale[0m    (poll #7)  order=9e266d61
  [    470ms]  [91mstale[0m    (poll #8)  order=9e266d61
  [    541ms]  [92mVISIBLE[0m  (poll #9, X-Cache: MISS)  order=9e266d61

[96mOrder 75/100:[0m
  [      9ms]  [91mstale[0m    (poll #1)  order=e9e7950d
  [     72ms]  [91mstale[0m    (poll #2)  order=e9e7950d
  [    137ms]  [91mstale[0m    (poll #3)  order=e9e7950d
  [    204ms]  [91mstale[0m    (poll #4)  order=e9e7950d
  [    277ms]  [91mstale[0m    (poll #5)  order=e9e7950d
  [    348ms]  [92mVISIBLE[0m  (poll #6, X-Cache: MISS)  order=e9e7950d

[96mOrder 76/100:[0m
  [      8ms]  [91mstale[0m    (poll #1)  order=ebd90e41
  [     71ms]  [91mstale[0m    (poll #2)  order=ebd90e41
  [    136ms]  [91mstale[0m    (poll #3)  order=ebd90e41
  [    204ms]  [91mstale[0m    (poll #4)  order=ebd90e41
  [    275ms]  [91mstale[0m    (poll #5)  order=ebd90e41
  [    347ms]  [91mstale[0m    (poll #6)  order=ebd90e41
  [    419ms]  [91mstale[0m    (poll #7)  order=ebd90e41
  [    490ms]  [91mstale[0m    (poll #8)  order=ebd90e41
  [    549ms]  [92mVISIBLE[0m  (poll #9, X-Cache: MISS)  order=ebd90e41

[96mOrder 77/100:[0m
  [      4ms]  [91mstale[0m    (poll #1)  order=cefd1a50
  [     62ms]  [91mstale[0m    (poll #2)  order=cefd1a50
  [    155ms]  [91mstale[0m    (poll #3)  order=cefd1a50
  [    214ms]  [91mstale[0m    (poll #4)  order=cefd1a50
  [    275ms]  [91mstale[0m    (poll #5)  order=cefd1a50
  [    338ms]  [91mstale[0m    (poll #6)  order=cefd1a50
  [    398ms]  [91mstale[0m    (poll #7)  order=cefd1a50
  [    464ms]  [92mVISIBLE[0m  (poll #8, X-Cache: MISS)  order=cefd1a50

[96mOrder 78/100:[0m
  [      7ms]  [91mstale[0m    (poll #1)  order=b032540e
  [     70ms]  [91mstale[0m    (poll #2)  order=b032540e
  [    133ms]  [91mstale[0m    (poll #3)  order=b032540e
  [    200ms]  [91mstale[0m    (poll #4)  order=b032540e
  [    265ms]  [91mstale[0m    (poll #5)  order=b032540e
  [    336ms]  [91mstale[0m    (poll #6)  order=b032540e
  [    394ms]  [91mstale[0m    (poll #7)  order=b032540e
  [    454ms]  [91mstale[0m    (poll #8)  order=b032540e
  [    516ms]  [92mVISIBLE[0m  (poll #9, X-Cache: MISS)  order=b032540e

[96mOrder 79/100:[0m
  [      3ms]  [91mstale[0m    (poll #1)  order=3ee86182
  [     63ms]  [91mstale[0m    (poll #2)  order=3ee86182
  [    125ms]  [91mstale[0m    (poll #3)  order=3ee86182
  [    188ms]  [91mstale[0m    (poll #4)  order=3ee86182
  [    247ms]  [91mstale[0m    (poll #5)  order=3ee86182
  [    312ms]  [91mstale[0m    (poll #6)  order=3ee86182
  [    382ms]  [92mVISIBLE[0m  (poll #7, X-Cache: MISS)  order=3ee86182

[96mOrder 80/100:[0m
  [      8ms]  [91mstale[0m    (poll #1)  order=46e51a38
  [     72ms]  [91mstale[0m    (poll #2)  order=46e51a38
  [    138ms]  [91mstale[0m    (poll #3)  order=46e51a38
  [    204ms]  [91mstale[0m    (poll #4)  order=46e51a38
  [    274ms]  [91mstale[0m    (poll #5)  order=46e51a38
  [    344ms]  [91mstale[0m    (poll #6)  order=46e51a38
  [    417ms]  [91mstale[0m    (poll #7)  order=46e51a38
  [    488ms]  [91mstale[0m    (poll #8)  order=46e51a38
  [    562ms]  [92mVISIBLE[0m  (poll #9, X-Cache: MISS)  order=46e51a38

[96mOrder 81/100:[0m
  [     11ms]  [91mstale[0m    (poll #1)  order=1685d9f1
  [     76ms]  [91mstale[0m    (poll #2)  order=1685d9f1
  [    143ms]  [91mstale[0m    (poll #3)  order=1685d9f1
  [    206ms]  [91mstale[0m    (poll #4)  order=1685d9f1
  [    273ms]  [91mstale[0m    (poll #5)  order=1685d9f1
  [    344ms]  [91mstale[0m    (poll #6)  order=1685d9f1
  [    416ms]  [91mstale[0m    (poll #7)  order=1685d9f1
  [    485ms]  [92mVISIBLE[0m  (poll #8, X-Cache: MISS)  order=1685d9f1

[96mOrder 82/100:[0m
  [      8ms]  [91mstale[0m    (poll #1)  order=2598d226
  [     72ms]  [91mstale[0m    (poll #2)  order=2598d226
  [    138ms]  [91mstale[0m    (poll #3)  order=2598d226
  [    200ms]  [91mstale[0m    (poll #4)  order=2598d226
  [    262ms]  [91mstale[0m    (poll #5)  order=2598d226
  [    322ms]  [91mstale[0m    (poll #6)  order=2598d226
  [    385ms]  [92mVISIBLE[0m  (poll #7, X-Cache: MISS)  order=2598d226

[96mOrder 83/100:[0m
  [      5ms]  [91mstale[0m    (poll #1)  order=44692985
  [     63ms]  [91mstale[0m    (poll #2)  order=44692985
  [    127ms]  [91mstale[0m    (poll #3)  order=44692985
  [    192ms]  [91mstale[0m    (poll #4)  order=44692985
  [    259ms]  [91mstale[0m    (poll #5)  order=44692985
  [    331ms]  [91mstale[0m    (poll #6)  order=44692985
  [    400ms]  [91mstale[0m    (poll #7)  order=44692985
  [    470ms]  [91mstale[0m    (poll #8)  order=44692985
  [    537ms]  [92mVISIBLE[0m  (poll #9, X-Cache: MISS)  order=44692985

[96mOrder 84/100:[0m
  [      9ms]  [91mstale[0m    (poll #1)  order=16ff2b87
  [     74ms]  [91mstale[0m    (poll #2)  order=16ff2b87
  [    140ms]  [91mstale[0m    (poll #3)  order=16ff2b87
  [    206ms]  [91mstale[0m    (poll #4)  order=16ff2b87
  [    277ms]  [91mstale[0m    (poll #5)  order=16ff2b87
  [    349ms]  [91mstale[0m    (poll #6)  order=16ff2b87
  [    413ms]  [91mstale[0m    (poll #7)  order=16ff2b87
  [    483ms]  [92mVISIBLE[0m  (poll #8, X-Cache: MISS)  order=16ff2b87

[96mOrder 85/100:[0m
  [      9ms]  [91mstale[0m    (poll #1)  order=896ad79d
  [     68ms]  [91mstale[0m    (poll #2)  order=896ad79d
  [    135ms]  [91mstale[0m    (poll #3)  order=896ad79d
  [    201ms]  [91mstale[0m    (poll #4)  order=896ad79d
  [    271ms]  [91mstale[0m    (poll #5)  order=896ad79d
  [    340ms]  [91mstale[0m    (poll #6)  order=896ad79d
  [    412ms]  [91mstale[0m    (poll #7)  order=896ad79d
  [    482ms]  [92mVISIBLE[0m  (poll #8, X-Cache: MISS)  order=896ad79d

[96mOrder 86/100:[0m
  [      9ms]  [91mstale[0m    (poll #1)  order=61ccb7a1
  [     73ms]  [91mstale[0m    (poll #2)  order=61ccb7a1
  [    135ms]  [91mstale[0m    (poll #3)  order=61ccb7a1
  [    203ms]  [91mstale[0m    (poll #4)  order=61ccb7a1
  [    273ms]  [91mstale[0m    (poll #5)  order=61ccb7a1
  [    343ms]  [91mstale[0m    (poll #6)  order=61ccb7a1
  [    406ms]  [91mstale[0m    (poll #7)  order=61ccb7a1
  [    463ms]  [91mstale[0m    (poll #8)  order=61ccb7a1
  [    525ms]  [92mVISIBLE[0m  (poll #9, X-Cache: MISS)  order=61ccb7a1

[96mOrder 87/100:[0m
  [      3ms]  [91mstale[0m    (poll #1)  order=c581c6a0
  [     60ms]  [91mstale[0m    (poll #2)  order=c581c6a0
  [    123ms]  [91mstale[0m    (poll #3)  order=c581c6a0
  [    186ms]  [91mstale[0m    (poll #4)  order=c581c6a0
  [    247ms]  [91mstale[0m    (poll #5)  order=c581c6a0
  [    310ms]  [91mstale[0m    (poll #6)  order=c581c6a0
  [    374ms]  [91mstale[0m    (poll #7)  order=c581c6a0
  [    442ms]  [91mstale[0m    (poll #8)  order=c581c6a0
  [    514ms]  [92mVISIBLE[0m  (poll #9, X-Cache: MISS)  order=c581c6a0

[96mOrder 88/100:[0m
  [      9ms]  [91mstale[0m    (poll #1)  order=f7180472
  [     73ms]  [91mstale[0m    (poll #2)  order=f7180472
  [    138ms]  [91mstale[0m    (poll #3)  order=f7180472
  [    203ms]  [91mstale[0m    (poll #4)  order=f7180472
  [    274ms]  [91mstale[0m    (poll #5)  order=f7180472
  [    343ms]  [91mstale[0m    (poll #6)  order=f7180472
  [    414ms]  [91mstale[0m    (poll #7)  order=f7180472
  [    485ms]  [92mVISIBLE[0m  (poll #8, X-Cache: MISS)  order=f7180472

[96mOrder 89/100:[0m
  [      9ms]  [91mstale[0m    (poll #1)  order=98a8e5ee
  [     69ms]  [91mstale[0m    (poll #2)  order=98a8e5ee
  [    134ms]  [91mstale[0m    (poll #3)  order=98a8e5ee
  [    200ms]  [91mstale[0m    (poll #4)  order=98a8e5ee
  [    267ms]  [91mstale[0m    (poll #5)  order=98a8e5ee
  [    338ms]  [91mstale[0m    (poll #6)  order=98a8e5ee
  [    410ms]  [91mstale[0m    (poll #7)  order=98a8e5ee
  [    480ms]  [92mVISIBLE[0m  (poll #8, X-Cache: MISS)  order=98a8e5ee

[96mOrder 90/100:[0m
  [      8ms]  [91mstale[0m    (poll #1)  order=e72127ba
  [     66ms]  [91mstale[0m    (poll #2)  order=e72127ba
  [    132ms]  [91mstale[0m    (poll #3)  order=e72127ba
  [    204ms]  [91mstale[0m    (poll #4)  order=e72127ba
  [    271ms]  [91mstale[0m    (poll #5)  order=e72127ba
  [    338ms]  [91mstale[0m    (poll #6)  order=e72127ba
  [    410ms]  [91mstale[0m    (poll #7)  order=e72127ba
  [    478ms]  [91mstale[0m    (poll #8)  order=e72127ba
  [    548ms]  [92mVISIBLE[0m  (poll #9, X-Cache: MISS)  order=e72127ba

[96mOrder 91/100:[0m
  [      8ms]  [91mstale[0m    (poll #1)  order=8114225f
  [     72ms]  [91mstale[0m    (poll #2)  order=8114225f
  [    136ms]  [91mstale[0m    (poll #3)  order=8114225f
  [    204ms]  [91mstale[0m    (poll #4)  order=8114225f
  [    276ms]  [91mstale[0m    (poll #5)  order=8114225f
  [    344ms]  [91mstale[0m    (poll #6)  order=8114225f
  [    415ms]  [91mstale[0m    (poll #7)  order=8114225f
  [    485ms]  [92mVISIBLE[0m  (poll #8, X-Cache: MISS)  order=8114225f

[96mOrder 92/100:[0m
  [      8ms]  [91mstale[0m    (poll #1)  order=7d276c9b
  [     70ms]  [91mstale[0m    (poll #2)  order=7d276c9b
  [    135ms]  [91mstale[0m    (poll #3)  order=7d276c9b
  [    201ms]  [91mstale[0m    (poll #4)  order=7d276c9b
  [    270ms]  [91mstale[0m    (poll #5)  order=7d276c9b
  [    339ms]  [91mstale[0m    (poll #6)  order=7d276c9b
  [    411ms]  [91mstale[0m    (poll #7)  order=7d276c9b
  [    481ms]  [92mVISIBLE[0m  (poll #8, X-Cache: MISS)  order=7d276c9b

[96mOrder 93/100:[0m
  [      7ms]  [91mstale[0m    (poll #1)  order=2f43cef8
  [     70ms]  [91mstale[0m    (poll #2)  order=2f43cef8
  [    133ms]  [91mstale[0m    (poll #3)  order=2f43cef8
  [    198ms]  [91mstale[0m    (poll #4)  order=2f43cef8
  [    273ms]  [91mstale[0m    (poll #5)  order=2f43cef8
  [    342ms]  [91mstale[0m    (poll #6)  order=2f43cef8
  [    414ms]  [91mstale[0m    (poll #7)  order=2f43cef8
  [    483ms]  [91mstale[0m    (poll #8)  order=2f43cef8
  [    554ms]  [92mVISIBLE[0m  (poll #9, X-Cache: MISS)  order=2f43cef8

[96mOrder 94/100:[0m
  [      9ms]  [91mstale[0m    (poll #1)  order=8bd88b5a
  [     69ms]  [91mstale[0m    (poll #2)  order=8bd88b5a
  [    134ms]  [91mstale[0m    (poll #3)  order=8bd88b5a
  [    202ms]  [91mstale[0m    (poll #4)  order=8bd88b5a
  [    276ms]  [91mstale[0m    (poll #5)  order=8bd88b5a
  [    344ms]  [91mstale[0m    (poll #6)  order=8bd88b5a
  [    401ms]  [91mstale[0m    (poll #7)  order=8bd88b5a
  [    462ms]  [92mVISIBLE[0m  (poll #8, X-Cache: MISS)  order=8bd88b5a

[96mOrder 95/100:[0m
  [      4ms]  [91mstale[0m    (poll #1)  order=87f2f41e
  [     63ms]  [91mstale[0m    (poll #2)  order=87f2f41e
  [    122ms]  [91mstale[0m    (poll #3)  order=87f2f41e
  [    185ms]  [91mstale[0m    (poll #4)  order=87f2f41e
  [    246ms]  [91mstale[0m    (poll #5)  order=87f2f41e
  [    314ms]  [91mstale[0m    (poll #6)  order=87f2f41e
  [    378ms]  [91mstale[0m    (poll #7)  order=87f2f41e
  [    437ms]  [91mstale[0m    (poll #8)  order=87f2f41e
  [    497ms]  [92mVISIBLE[0m  (poll #9, X-Cache: MISS)  order=87f2f41e

[96mOrder 96/100:[0m
  [      5ms]  [91mstale[0m    (poll #1)  order=f39c6d54
  [     66ms]  [91mstale[0m    (poll #2)  order=f39c6d54
  [    130ms]  [91mstale[0m    (poll #3)  order=f39c6d54
  [    192ms]  [91mstale[0m    (poll #4)  order=f39c6d54
  [    266ms]  [91mstale[0m    (poll #5)  order=f39c6d54
  [    334ms]  [91mstale[0m    (poll #6)  order=f39c6d54
  [    390ms]  [91mstale[0m    (poll #7)  order=f39c6d54
  [    446ms]  [92mVISIBLE[0m  (poll #8, X-Cache: MISS)  order=f39c6d54

[96mOrder 97/100:[0m
  [      3ms]  [91mstale[0m    (poll #1)  order=9cf0b6c4
  [     59ms]  [91mstale[0m    (poll #2)  order=9cf0b6c4
  [    117ms]  [91mstale[0m    (poll #3)  order=9cf0b6c4
  [    177ms]  [91mstale[0m    (poll #4)  order=9cf0b6c4
  [    238ms]  [91mstale[0m    (poll #5)  order=9cf0b6c4
  [    302ms]  [91mstale[0m    (poll #6)  order=9cf0b6c4
  [    364ms]  [91mstale[0m    (poll #7)  order=9cf0b6c4
  [    428ms]  [91mstale[0m    (poll #8)  order=9cf0b6c4
  [    496ms]  [92mVISIBLE[0m  (poll #9, X-Cache: MISS)  order=9cf0b6c4

[96mOrder 98/100:[0m
  [      7ms]  [91mstale[0m    (poll #1)  order=78791447
  [     68ms]  [91mstale[0m    (poll #2)  order=78791447
  [    131ms]  [91mstale[0m    (poll #3)  order=78791447
  [    193ms]  [91mstale[0m    (poll #4)  order=78791447
  [    259ms]  [91mstale[0m    (poll #5)  order=78791447
  [    334ms]  [91mstale[0m    (poll #6)  order=78791447
  [    406ms]  [91mstale[0m    (poll #7)  order=78791447
  [    473ms]  [91mstale[0m    (poll #8)  order=78791447
  [    538ms]  [92mVISIBLE[0m  (poll #9, X-Cache: MISS)  order=78791447

[96mOrder 99/100:[0m
  [      4ms]  [91mstale[0m    (poll #1)  order=e24aa5c7
  [     64ms]  [91mstale[0m    (poll #2)  order=e24aa5c7
  [    124ms]  [91mstale[0m    (poll #3)  order=e24aa5c7
  [    186ms]  [91mstale[0m    (poll #4)  order=e24aa5c7
  [    248ms]  [91mstale[0m    (poll #5)  order=e24aa5c7
  [    311ms]  [91mstale[0m    (poll #6)  order=e24aa5c7
  [    375ms]  [91mstale[0m    (poll #7)  order=e24aa5c7
  [    439ms]  [92mVISIBLE[0m  (poll #8, X-Cache: MISS)  order=e24aa5c7

[96mOrder 100/100:[0m
  [      9ms]  [91mstale[0m    (poll #1)  order=893870b9
  [     70ms]  [91mstale[0m    (poll #2)  order=893870b9
  [    136ms]  [91mstale[0m    (poll #3)  order=893870b9
  [    202ms]  [91mstale[0m    (poll #4)  order=893870b9
  [    272ms]  [91mstale[0m    (poll #5)  order=893870b9
  [    347ms]  [91mstale[0m    (poll #6)  order=893870b9
  [    419ms]  [91mstale[0m    (poll #7)  order=893870b9
  [    491ms]  [91mstale[0m    (poll #8)  order=893870b9
  [    558ms]  [92mVISIBLE[0m  (poll #9, X-Cache: MISS)  order=893870b9

[1m=======================================================[0m
[1m  RESULTS  (N=100)[0m
[1m=======================================================[0m

  metric                    value
  --------------------------------
  consistency lag ms  
    p50                    485.7
    p95                    554.6
    p99                    561.8
    min                    131.4
    max                    561.8
  avg polls/read             8.2

  [93mWhat this means:[0m
  A user who placed an order and immediately refreshed
  would have seen no order for up to 562ms.
  During this window the read side is STALE — MongoDB has
  the event, but PostgreSQL has not projected it yet.

  [92mThe RYW cache fixes this:[0m
    bash restart.sh --delay 2   # same consumer lag, cache ON
    python scripts/consistency_demo.py
  → Every read returns in ~1ms (cache HIT, no PG needed).

