Stopping services and wiping volumes...

  cache:    DISABLED
  consumer: SLOW (0.20s/event)
  saga:     fast
  stream:   redis-stream :6379  (no memory limit)

Starting services...
time="2026-04-26T03:47:00+05:30" level=warning msg="/Users/akankshawattamwar/Desktop/CS315/CQRS/docker-compose.yml: the attribute `version` is obsolete, it will be ignored, please remove it to avoid potential confusion"
#1 [internal] load local bake definitions
#1 reading from stdin 1.05kB done
#1 DONE 0.0s

#2 [consumer internal] load build definition from Dockerfile
#2 DONE 0.0s

#3 [saga internal] load build definition from Dockerfile
#3 transferring dockerfile: 365B done
#3 DONE 0.0s

#2 [consumer internal] load build definition from Dockerfile
#2 transferring dockerfile: 186B done
#2 DONE 0.0s

#4 [saga internal] load metadata for docker.io/library/python:3.12-slim
#4 DONE 1.6s

#5 [consumer internal] load .dockerignore
#5 transferring context: 2B done
#5 DONE 0.0s

#6 [saga internal] load .dockerignore
#6 transferring context: 2B done
#6 DONE 0.0s

#7 [consumer internal] load build context
#7 transferring context: 308B done
#7 DONE 0.0s

#8 [consumer 1/5] FROM docker.io/library/python:3.12-slim@sha256:46cb7cc2877e60fbd5e21a9ae6115c30ace7a077b9f8772da879e4590c18c2e3
#8 resolve docker.io/library/python:3.12-slim@sha256:46cb7cc2877e60fbd5e21a9ae6115c30ace7a077b9f8772da879e4590c18c2e3 done
#8 DONE 0.0s

#9 [saga 2/7] WORKDIR /service
#9 CACHED

#10 [consumer 2/5] WORKDIR /app
#10 CACHED

#11 [saga internal] load build context
#11 transferring context: 386B done
#11 DONE 0.0s

#12 [consumer 3/5] COPY requirements.txt .
#12 DONE 0.0s

#13 [saga 3/7] COPY saga/requirements.txt saga/
#13 DONE 0.0s

#14 [saga 4/7] RUN pip install --no-cache-dir -r saga/requirements.txt
#14 1.674 Collecting pymongo==4.7.2 (from -r saga/requirements.txt (line 1))
#14 1.749   Downloading pymongo-4.7.2-cp312-cp312-manylinux_2_17_aarch64.manylinux2014_aarch64.whl.metadata (22 kB)
#14 2.076 Collecting redis==5.0.5 (from -r saga/requirements.txt (line 2))
#14 2.096   Downloading redis-5.0.5-py3-none-any.whl.metadata (9.3 kB)
#14 2.530 Collecting psycopg2-binary==2.9.9 (from -r saga/requirements.txt (line 3))
#14 2.547   Downloading psycopg2_binary-2.9.9-cp312-cp312-manylinux_2_17_aarch64.manylinux2014_aarch64.whl.metadata (4.4 kB)
#14 2.883 Collecting dnspython<3.0.0,>=1.16.0 (from pymongo==4.7.2->-r saga/requirements.txt (line 1))
#14 2.906   Downloading dnspython-2.8.0-py3-none-any.whl.metadata (5.7 kB)
#14 2.935 Downloading pymongo-4.7.2-cp312-cp312-manylinux_2_17_aarch64.manylinux2014_aarch64.whl (688 kB)
#14 3.507    ━━━━━━━━━━━━━━━━━━━━━━━━━━━━━━━━━━━━━━━━ 689.0/689.0 kB 1.2 MB/s eta 0:00:00
#14 3.561 Downloading redis-5.0.5-py3-none-any.whl (251 kB)
#14 3.774 Downloading psycopg2_binary-2.9.9-cp312-cp312-manylinux_2_17_aarch64.manylinux2014_aarch64.whl (2.9 MB)
#14 4.832    ━━━━━━━━━━━━━━━━━━━━━━━━━━━━━━━━━━━━━━━━ 2.9/2.9 MB 3.2 MB/s eta 0:00:00
#14 4.857 Downloading dnspython-2.8.0-py3-none-any.whl (331 kB)
#14 4.943 Installing collected packages: redis, psycopg2-binary, dnspython, pymongo
#14 5.309 Successfully installed dnspython-2.8.0 psycopg2-binary-2.9.9 pymongo-4.7.2 redis-5.0.5
#14 5.309 WARNING: Running pip as the 'root' user can result in broken permissions and conflicting behaviour with the system package manager, possibly rendering your system unusable. It is recommended to use a virtual environment instead: https://pip.pypa.io/warnings/venv. Use the --root-user-action option if you know what you are doing and want to suppress this warning.
#14 5.684 
#14 5.684 [notice] A new release of pip is available: 25.0.1 -> 26.0.1
#14 5.684 [notice] To update, run: pip install --upgrade pip
#14 ...

#15 [consumer 4/5] RUN pip install --no-cache-dir -r requirements.txt
#15 1.698 Collecting pymongo==4.7.2 (from -r requirements.txt (line 1))
#15 1.767   Downloading pymongo-4.7.2-cp312-cp312-manylinux_2_17_aarch64.manylinux2014_aarch64.whl.metadata (22 kB)
#15 2.093 Collecting redis==5.0.5 (from -r requirements.txt (line 2))
#15 2.113   Downloading redis-5.0.5-py3-none-any.whl.metadata (9.3 kB)
#15 2.549 Collecting psycopg2-binary==2.9.9 (from -r requirements.txt (line 3))
#15 2.566   Downloading psycopg2_binary-2.9.9-cp312-cp312-manylinux_2_17_aarch64.manylinux2014_aarch64.whl.metadata (4.4 kB)
#15 2.900 Collecting dnspython<3.0.0,>=1.16.0 (from pymongo==4.7.2->-r requirements.txt (line 1))
#15 2.923   Downloading dnspython-2.8.0-py3-none-any.whl.metadata (5.7 kB)
#15 2.952 Downloading pymongo-4.7.2-cp312-cp312-manylinux_2_17_aarch64.manylinux2014_aarch64.whl (688 kB)
#15 3.497    ━━━━━━━━━━━━━━━━━━━━━━━━━━━━━━━━━━━━━━━━ 689.0/689.0 kB 1.2 MB/s eta 0:00:00
#15 3.571 Downloading redis-5.0.5-py3-none-any.whl (251 kB)
#15 3.792 Downloading psycopg2_binary-2.9.9-cp312-cp312-manylinux_2_17_aarch64.manylinux2014_aarch64.whl (2.9 MB)
#15 4.823    ━━━━━━━━━━━━━━━━━━━━━━━━━━━━━━━━━━━━━━━━ 2.9/2.9 MB 3.0 MB/s eta 0:00:00
#15 4.862 Downloading dnspython-2.8.0-py3-none-any.whl (331 kB)
#15 4.959 Installing collected packages: redis, psycopg2-binary, dnspython, pymongo
#15 5.326 Successfully installed dnspython-2.8.0 psycopg2-binary-2.9.9 pymongo-4.7.2 redis-5.0.5
#15 5.326 WARNING: Running pip as the 'root' user can result in broken permissions and conflicting behaviour with the system package manager, possibly rendering your system unusable. It is recommended to use a virtual environment instead: https://pip.pypa.io/warnings/venv. Use the --root-user-action option if you know what you are doing and want to suppress this warning.
#15 5.702 
#15 5.702 [notice] A new release of pip is available: 25.0.1 -> 26.0.1
#15 5.702 [notice] To update, run: pip install --upgrade pip
#15 DONE 5.9s

#14 [saga 4/7] RUN pip install --no-cache-dir -r saga/requirements.txt
#14 DONE 5.9s

#16 [consumer 5/5] COPY . .
#16 DONE 0.0s

#17 [saga 5/7] COPY write-api/events.py write-api/
#17 DONE 0.0s

#18 [saga 6/7] COPY saga/ saga/
#18 DONE 0.0s

#19 [saga 7/7] WORKDIR /service/saga
#19 DONE 0.0s

#20 [saga] exporting to image
#20 exporting layers
#20 exporting layers 0.6s done
#20 exporting manifest sha256:9736e8e2b1946ab6af0c7b293d2bcb16a111e92cfec8d9452600539b09d809a3 done
#20 exporting config sha256:d3c6dc125e497ecd2bd75f109be899366324e7e2c51eda8dda566f0424242c77 done
#20 exporting attestation manifest sha256:c30ad61fba7a0410a50f234992d2fc92e4b711f602dbde93cfffa057a7b357f9 done
#20 exporting manifest list sha256:68513d9feb37a6fe9ce731b6ec7bb67bc95715ee5452aac0bc55c24a182084da done
#20 naming to docker.io/library/cqrs-saga:latest done
#20 unpacking to docker.io/library/cqrs-saga:latest
#20 unpacking to docker.io/library/cqrs-saga:latest 0.2s done
#20 DONE 0.8s

#21 [consumer] exporting to image
#21 exporting layers 0.5s done
#21 exporting manifest sha256:af8ee386cbc6120243a40b2ac07e904640821d8d7f38d2ec3d996957f83879b1 done
#21 exporting config sha256:a4c6b88eebdd814705031de62672bc8a8e49d3e29bbd6508f34e1ea58aea59c7 done
#21 exporting attestation manifest sha256:8a51e11825f8ef322f541e279722fd7de88d251d74dff866e207520e59ca858c done
#21 exporting manifest list sha256:6e77b47a2500ce570b9e17f5c31a7dfbdcc913a1cccd4feda6b4b1f9af97362a done
#21 naming to docker.io/library/cqrs-consumer:latest done
#21 unpacking to docker.io/library/cqrs-consumer:latest 0.2s done
#21 DONE 0.8s

#22 [consumer] resolving provenance for metadata file
#22 DONE 0.0s

#23 [saga] resolving provenance for metadata file
#23 DONE 0.0s
 cqrs-saga  Built
 cqrs-consumer  Built
time="2026-04-26T03:47:09+05:30" level=warning msg="/Users/akankshawattamwar/Desktop/CS315/CQRS/docker-compose.yml: the attribute `version` is obsolete, it will be ignored, please remove it to avoid potential confusion"
#1 [internal] load local bake definitions
#1 reading from stdin 2.42kB done
#1 DONE 0.0s

#2 [frontend internal] load build definition from Dockerfile
#2 transferring dockerfile: 271B done
#2 DONE 0.0s

#3 [consumer internal] load build definition from Dockerfile
#3 transferring dockerfile: 186B done
#3 DONE 0.0s

#4 [saga internal] load build definition from Dockerfile
#4 transferring dockerfile: 365B done
#4 DONE 0.0s

#5 [write-api internal] load build definition from Dockerfile
#5 transferring dockerfile: 225B done
#5 DONE 0.0s

#6 [read-api internal] load build definition from Dockerfile
#6 transferring dockerfile: 225B done
#6 DONE 0.0s

#7 [read-api internal] load metadata for docker.io/library/python:3.12-slim
#7 DONE 0.4s

#8 [write-api internal] load .dockerignore
#8 transferring context: 2B done
#8 DONE 0.0s

#9 [read-api internal] load .dockerignore
#9 transferring context: 2B done
#9 DONE 0.0s

#10 [saga internal] load .dockerignore
#10 transferring context: 2B done
#10 DONE 0.0s

#11 [consumer internal] load .dockerignore
#11 transferring context: 2B done
#11 DONE 0.0s

#12 [write-api internal] load build context
#12 transferring context: 341B done
#12 DONE 0.0s

#13 [read-api internal] load build context
#13 transferring context: 258B done
#13 DONE 0.0s

#14 [consumer internal] load build context
#14 transferring context: 308B done
#14 DONE 0.0s

#15 [saga 1/5] FROM docker.io/library/python:3.12-slim@sha256:46cb7cc2877e60fbd5e21a9ae6115c30ace7a077b9f8772da879e4590c18c2e3
#15 resolve docker.io/library/python:3.12-slim@sha256:46cb7cc2877e60fbd5e21a9ae6115c30ace7a077b9f8772da879e4590c18c2e3 0.0s done
#15 DONE 0.0s

#16 [saga internal] load build context
#16 transferring context: 386B done
#16 DONE 0.0s

#17 [write-api 4/5] RUN pip install --no-cache-dir -r requirements.txt
#17 CACHED

#18 [write-api 3/5] COPY requirements.txt .
#18 CACHED

#19 [read-api 4/5] RUN pip install --no-cache-dir -r requirements.txt
#19 CACHED

#20 [read-api 3/5] COPY requirements.txt .
#20 CACHED

#21 [write-api 5/5] COPY . .
#21 CACHED

#22 [read-api 5/5] COPY . .
#22 CACHED

#23 [consumer 4/5] RUN pip install --no-cache-dir -r requirements.txt
#23 CACHED

#24 [consumer 2/5] WORKDIR /app
#24 CACHED

#25 [consumer 3/5] COPY requirements.txt .
#25 CACHED

#26 [consumer 5/5] COPY . .
#26 CACHED

#27 [consumer] exporting to image
#27 exporting layers
#27 exporting layers done
#27 exporting manifest sha256:af8ee386cbc6120243a40b2ac07e904640821d8d7f38d2ec3d996957f83879b1 done
#27 exporting config sha256:a4c6b88eebdd814705031de62672bc8a8e49d3e29bbd6508f34e1ea58aea59c7 done
#27 exporting attestation manifest sha256:26deac83abf705d16a87da27753a842e8cfbec2592771079291bcec5efbbefea done
#27 exporting manifest list sha256:cf6ef75b1a0c349c7667946febb0b8f97ce0c6f7534bc5294bc6f398db538549 done
#27 naming to docker.io/library/cqrs-consumer:latest done
#27 unpacking to docker.io/library/cqrs-consumer:latest done
#27 DONE 0.1s

#28 [write-api] exporting to image
#28 exporting layers done
#28 exporting manifest sha256:92a21a99b40b6531c5801222236f42d6aa7bbf8b65d7634fc566f9392602e764 done
#28 exporting config sha256:be9fb26fa271ebf0c525960e70f2e967c21bf78a1eb2b7a7dc06e6d3ff4d3f55 done
#28 exporting attestation manifest sha256:3a30f1348cfebd410e44013421882e43fd33422c5cae4aaaba387fab58587b67 done
#28 exporting manifest list sha256:1291b3c06f0456937fc3a37eac905827467c5499bc6005ab5d1941d9d5db9e6c done
#28 naming to docker.io/library/cqrs-write-api:latest done
#28 unpacking to docker.io/library/cqrs-write-api:latest done
#28 DONE 0.1s

#29 [read-api] exporting to image
#29 exporting layers done
#29 exporting manifest sha256:c63ee61fb06e4bd063e843362129b868354c2f94e2566ad3c11bbd0548881470 done
#29 exporting config sha256:46bb870cf8127e2823c379c44ac9a3c0d6ee66fd1b3343341206f22ff23f7f62 done
#29 exporting attestation manifest sha256:051d91c5019972ad3738bfaad49fa2044773f0936d7cc8018dcac9a543fa42d0 0.0s done
#29 exporting manifest list sha256:d9933f0fedd336b9ed0f4409c2300b8eb2ef5fe752ff39e283ad458c9223a045 done
#29 naming to docker.io/library/cqrs-read-api:latest done
#29 unpacking to docker.io/library/cqrs-read-api:latest done
#29 DONE 0.1s

#30 [saga 5/7] COPY write-api/events.py write-api/
#30 CACHED

#31 [saga 2/7] WORKDIR /service
#31 CACHED

#32 [saga 6/7] COPY saga/ saga/
#32 CACHED

#33 [saga 3/7] COPY saga/requirements.txt saga/
#33 CACHED

#34 [saga 4/7] RUN pip install --no-cache-dir -r saga/requirements.txt
#34 CACHED

#35 [saga 7/7] WORKDIR /service/saga
#35 CACHED

#36 [saga] exporting to image
#36 exporting layers done
#36 exporting manifest sha256:9736e8e2b1946ab6af0c7b293d2bcb16a111e92cfec8d9452600539b09d809a3 done
#36 exporting config sha256:d3c6dc125e497ecd2bd75f109be899366324e7e2c51eda8dda566f0424242c77 done
#36 exporting attestation manifest sha256:368311697340d54e6bee5c067651ce7909f1c3f9c996a935ee991b071186d238 0.0s done
#36 exporting manifest list sha256:c67aa63f77e0bc7112f9e75d8346b58770a77ea036f839d18b67967ba57ffc42 done
#36 naming to docker.io/library/cqrs-saga:latest done
#36 unpacking to docker.io/library/cqrs-saga:latest done
#36 DONE 0.0s

#37 [write-api] resolving provenance for metadata file
#37 DONE 0.0s

#38 [read-api] resolving provenance for metadata file
#38 DONE 0.0s

#39 [consumer] resolving provenance for metadata file
#39 DONE 0.0s

#40 [saga] resolving provenance for metadata file
#40 DONE 0.0s

#41 [frontend internal] load metadata for docker.io/library/nginx:alpine
#41 DONE 1.6s

#42 [frontend internal] load metadata for docker.io/library/node:20-alpine
#42 DONE 3.8s

#43 [frontend internal] load .dockerignore
#43 transferring context: 2B done
#43 DONE 0.0s

#44 [frontend build 1/6] FROM docker.io/library/node:20-alpine@sha256:fb4cd12c85ee03686f6af5362a0b0d56d50c58a04632e6c0fb8363f609372293
#44 resolve docker.io/library/node:20-alpine@sha256:fb4cd12c85ee03686f6af5362a0b0d56d50c58a04632e6c0fb8363f609372293 done
#44 DONE 0.0s

#45 [frontend stage-1 1/3] FROM docker.io/library/nginx:alpine@sha256:5616878291a2eed594aee8db4dade5878cf7edcb475e59193904b198d9b830de
#45 resolve docker.io/library/nginx:alpine@sha256:5616878291a2eed594aee8db4dade5878cf7edcb475e59193904b198d9b830de done
#45 DONE 0.0s

#46 [frontend internal] load build context
#46 transferring context: 185.58kB 0.1s done
#46 DONE 0.1s

#47 [frontend build 2/6] WORKDIR /app
#47 CACHED

#48 [frontend build 4/6] RUN npm install
#48 CACHED

#49 [frontend build 5/6] COPY . .
#49 CACHED

#50 [frontend stage-1 2/3] COPY --from=build /app/dist /usr/share/nginx/html
#50 CACHED

#51 [frontend build 3/6] COPY package.json ./
#51 CACHED

#52 [frontend build 6/6] RUN npm run build
#52 CACHED

#53 [frontend stage-1 3/3] COPY nginx.conf /etc/nginx/conf.d/default.conf
#53 CACHED

#54 [frontend] exporting to image
#54 exporting layers done
#54 exporting manifest sha256:32782dd8e2053c61118ccbb621867087941de406675097f92803716fedafab00 done
#54 exporting config sha256:64d46ad231b32d64275256ac207db88e0b5dd078678dcdc752d464f80305d609 done
#54 exporting attestation manifest sha256:64307b84225e102251f4de405429ba0a9ca7b97645dffda5338629055db5a7b1 done
#54 exporting manifest list sha256:57cf10e11856c1bfbfa621a7253166f23715f81b6a310649ffbd906fafa2577f done
#54 naming to docker.io/library/cqrs-frontend:latest
#54 naming to docker.io/library/cqrs-frontend:latest done
#54 unpacking to docker.io/library/cqrs-frontend:latest done
#54 DONE 0.0s

#55 [frontend] resolving provenance for metadata file
#55 DONE 0.0s
 cqrs-consumer  Built
 cqrs-read-api  Built
 cqrs-write-api  Built
 cqrs-frontend  Built
 cqrs-saga  Built
 Network cqrs_default  Creating
 Network cqrs_default  Created
 Volume "cqrs_mongo_data"  Creating
 Volume "cqrs_mongo_data"  Created
 Volume "cqrs_postgres_data"  Creating
 Volume "cqrs_postgres_data"  Created
 Container cqrs-mongodb-1  Creating
 Container cqrs-postgres-1  Creating
 Container cqrs-redis-cache-1  Creating
 Container cqrs-redis-stream-1  Creating
 Container cqrs-mongodb-1  Created
 Container cqrs-postgres-1  Created
 Container cqrs-redis-stream-1  Created
 Container cqrs-saga-1  Creating
 Container cqrs-consumer-1  Creating
 Container cqrs-redis-cache-1  Created
 Container cqrs-write-api-1  Creating
 Container cqrs-read-api-1  Creating
 Container cqrs-read-api-1  Created
 Container cqrs-frontend-1  Creating
 Container cqrs-write-api-1  Created
 Container cqrs-consumer-1  Created
 Container cqrs-saga-1  Created
 Container cqrs-frontend-1  Created
 Container cqrs-redis-stream-1  Starting
 Container cqrs-postgres-1  Starting
 Container cqrs-redis-cache-1  Starting
 Container cqrs-mongodb-1  Starting
 Container cqrs-redis-cache-1  Started
 Container cqrs-mongodb-1  Started
 Container cqrs-postgres-1  Started
 Container cqrs-redis-cache-1  Waiting
 Container cqrs-postgres-1  Waiting
 Container cqrs-redis-stream-1  Started
 Container cqrs-postgres-1  Waiting
 Container cqrs-mongodb-1  Waiting
 Container cqrs-redis-stream-1  Waiting
 Container cqrs-redis-stream-1  Waiting
 Container cqrs-postgres-1  Waiting
 Container cqrs-mongodb-1  Waiting
 Container cqrs-redis-cache-1  Waiting
 Container cqrs-mongodb-1  Waiting
 Container cqrs-redis-stream-1  Waiting
 Container cqrs-redis-cache-1  Healthy
 Container cqrs-postgres-1  Healthy
 Container cqrs-redis-cache-1  Healthy
 Container cqrs-read-api-1  Starting
 Container cqrs-redis-stream-1  Healthy
 Container cqrs-redis-stream-1  Healthy
 Container cqrs-postgres-1  Healthy
 Container cqrs-redis-stream-1  Healthy
 Container cqrs-postgres-1  Healthy
 Container cqrs-read-api-1  Started
 Container cqrs-frontend-1  Starting
 Container cqrs-frontend-1  Started
 Container cqrs-mongodb-1  Healthy
 Container cqrs-mongodb-1  Healthy
 Container cqrs-consumer-1  Starting
 Container cqrs-saga-1  Starting
 Container cqrs-mongodb-1  Healthy
 Container cqrs-write-api-1  Starting
 Container cqrs-consumer-1  Started
 Container cqrs-write-api-1  Started
 Container cqrs-saga-1  Started
Waiting for APIs to be ready...
Clearing MongoDB events and sagas...
time="2026-04-26T03:47:26+05:30" level=warning msg="/Users/akankshawattamwar/Desktop/CS315/CQRS/docker-compose.yml: the attribute `version` is obsolete, it will be ignored, please remove it to avoid potential confusion"
MongoDB cleared
All services up.
Logs: docker compose logs -f [write-api|read-api|consumer|saga]
